2026-10-03T15:29:20.2370449Z Current runner version: '2.337.0'
2026-10-03T15:29:20.2396043Z ##[group]Runner Image Provisioner
2026-10-03T15:29:20.2396939Z Hosted Compute Agent
2026-10-03T15:29:20.2397607Z Version: 20260901.588
2026-10-03T15:29:20.2398277Z Commit: f88ec8081b781fac6c440065ac7ff9e710ce3d0b
2026-10-03T15:29:20.2399022Z Build Date: 2026-09-01T19:56:44Z
2026-10-03T15:29:20.2399780Z Worker ID: {f31d8c14-63a3-4f9c-9f94-eb370a99f8fb}
2026-10-03T15:29:20.2400560Z Azure Region: westus2
2026-10-03T15:29:20.2401127Z ##[endgroup]
2026-10-03T15:29:20.2402847Z ##[group]Operating System
2026-10-03T15:29:20.2403571Z Ubuntu
2026-10-03T15:29:20.2404174Z 24.04.5
2026-10-03T15:29:20.2404942Z LTS
2026-10-03T15:29:20.2405463Z ##[endgroup]
2026-10-03T15:29:20.2406113Z ##[group]Runner Image
2026-10-03T15:29:20.2406735Z Image: ubuntu-24.04
2026-10-03T15:29:20.2407345Z Version: 20260927.320.1
2026-10-03T15:29:20.2408677Z Included Software: https://github.com/actions/runner-images/blob/ubuntu24/20260927.320/images/ubuntu/Ubuntu2404-Readme.md
2026-10-03T15:29:20.2410327Z Image Release: https://github.com/actions/runner-images/releases/tag/ubuntu24%2F20260927.320
2026-10-03T15:29:20.2411363Z ##[endgroup]
2026-10-03T15:29:20.2412567Z ##[group]GITHUB_TOKEN Permissions
2026-10-03T15:29:20.2414451Z Metadata: read
2026-10-03T15:29:20.2415442Z Pages: write
2026-10-03T15:29:20.2416039Z ##[endgroup]
2026-10-03T15:29:20.2418108Z Secret source: Actions
2026-10-03T15:29:20.2419181Z Cache mode: write
2026-10-03T15:29:20.2419878Z Prepare workflow directory
2026-10-03T15:29:20.2819471Z Prepare all required actions
2026-10-03T15:29:20.2869408Z Getting action download info
2026-10-03T15:29:20.6347424Z Download action repository 'actions/deploy-pages@d6db90164ac5ed86f2b6aed7e0febac5b3c0c03e' (SHA:d6db90164ac5ed86f2b6aed7e0febac5b3c0c03e)
2026-10-03T15:29:21.0547505Z Complete job name: deploy
2026-10-03T15:29:21.1343790Z ##[group]Run actions/deploy-pages@d6db90164ac5ed86f2b6aed7e0febac5b3c0c03e
2026-10-03T15:29:21.1345186Z with:
2026-10-03T15:29:21.1349178Z   token: ***
2026-10-03T15:29:21.1349642Z   timeout: 600000
2026-10-03T15:29:21.1350093Z   error_count: 10
2026-10-03T15:29:21.1350553Z   reporting_interval: 5000
2026-10-03T15:29:21.1351080Z   artifact_name: github-pages
2026-10-03T15:29:21.1351599Z   preview: false
2026-10-03T15:29:21.1352286Z ##[endgroup]
2026-10-03T15:29:21.3371960Z (node:2218) [DEP0040] DeprecationWarning: The `punycode` module is deprecated. Please use a userland alternative instead.
2026-10-03T15:29:21.3374368Z (Use `node --trace-deprecation ...` to show where the warning was created)
2026-10-03T15:29:21.5893522Z Fetching artifact metadata for "github-pages" in this workflow run
2026-10-03T15:29:21.8288829Z Found 6 artifact(s)
2026-10-03T15:29:21.8301840Z Creating Pages deployment with payload:
2026-10-03T15:29:21.8302652Z {
2026-10-03T15:29:21.8303189Z 	"artifact_id": 11277607052,
2026-10-03T15:29:21.8303943Z 	"pages_build_version": "20bf019061db5c73e663e0a4bc28d71445891762",
2026-10-03T15:29:21.8348423Z 	"oidc_token": "***"
2026-10-03T15:29:21.8348976Z }
2026-10-03T15:29:22.4635504Z Created deployment for 20bf019061db5c73e663e0a4bc28d71445891762, ID: 20bf019061db5c73e663e0a4bc28d71445891762
2026-10-03T15:29:27.4650274Z Getting Pages deployment status...
2026-10-03T15:29:27.6473762Z Reported success!
2026-10-03T15:29:27.6779466Z Evaluate and set environment url
2026-10-03T15:29:27.6784031Z Evaluated environment url: https://mjodshamrani-ux.github.io/accounting/
2026-10-03T15:29:27.6785547Z Cleaning up orphan processes
2026-10-03T15:29:27.7097085Z ##[warning]Node.js 20 is deprecated. The following actions target Node.js 20 but are being forced to run on Node.js 24: actions/deploy-pages@d6db90164ac5ed86f2b6aed7e0febac5b3c0c03e. For more information see: https://github.blog/changelog/2025-09-19-deprecation-of-node-20-on-github-actions-runners/
