2026-10-03T15:12:00.1868806Z Current runner version: '2.337.0'
2026-10-03T15:12:00.1908191Z ##[group]Runner Image Provisioner
2026-10-03T15:12:00.1909673Z Hosted Compute Agent
2026-10-03T15:12:00.1910862Z Version: 20260901.588
2026-10-03T15:12:00.1912144Z Commit: f88ec8081b781fac6c440065ac7ff9e710ce3d0b
2026-10-03T15:12:00.1913549Z Build Date: 2026-09-01T19:56:44Z
2026-10-03T15:12:00.1914953Z Worker ID: {a3c5d69c-d082-4244-a434-f0c241bbc3d3}
2026-10-03T15:12:00.1916298Z Azure Region: eastus2
2026-10-03T15:12:00.1917591Z ##[endgroup]
2026-10-03T15:12:00.1920138Z ##[group]Operating System
2026-10-03T15:12:00.1921267Z Ubuntu
2026-10-03T15:12:00.1922207Z 24.04.5
2026-10-03T15:12:00.1923296Z LTS
2026-10-03T15:12:00.1924197Z ##[endgroup]
2026-10-03T15:12:00.1925259Z ##[group]Runner Image
2026-10-03T15:12:00.1926427Z Image: ubuntu-24.04
2026-10-03T15:12:00.1927932Z Version: 20260927.320.1
2026-10-03T15:12:00.1930011Z Included Software: https://github.com/actions/runner-images/blob/ubuntu24/20260927.320/images/ubuntu/Ubuntu2404-Readme.md
2026-10-03T15:12:00.1933515Z Image Release: https://github.com/actions/runner-images/releases/tag/ubuntu24%2F20260927.320
2026-10-03T15:12:00.1935317Z ##[endgroup]
2026-10-03T15:12:00.1937931Z ##[group]GITHUB_TOKEN Permissions
2026-10-03T15:12:00.1941630Z Contents: read
2026-10-03T15:12:00.1942938Z Metadata: read
2026-10-03T15:12:00.1944082Z ##[endgroup]
2026-10-03T15:12:00.1947056Z Secret source: Actions
2026-10-03T15:12:00.1948856Z Cache mode: write
2026-10-03T15:12:00.1950093Z Prepare workflow directory
2026-10-03T15:12:00.2460835Z Prepare all required actions
2026-10-03T15:12:00.2533569Z Getting action download info
2026-10-03T15:12:00.4865700Z Download action repository 'actions/checkout@11d5960a326750d5838078e36cf38b85af677262' (SHA:11d5960a326750d5838078e36cf38b85af677262)
2026-10-03T15:12:00.6296231Z Download action repository 'pnpm/action-setup@b906affcce14559ad1aafd4ab0e942779e9f58b1' (SHA:b906affcce14559ad1aafd4ab0e942779e9f58b1)
2026-10-03T15:12:00.8630083Z Download action repository 'actions/setup-node@49933ea5288caeca8642d1e84afbd3f7d6820020' (SHA:49933ea5288caeca8642d1e84afbd3f7d6820020)
2026-10-03T15:12:01.0862687Z Complete job name: Accounting mutation gate (1/3)
2026-10-03T15:12:01.1840140Z ##[group]Run actions/checkout@11d5960a326750d5838078e36cf38b85af677262
2026-10-03T15:12:01.1841826Z with:
2026-10-03T15:12:01.1842581Z   repository: mjodshamrani-ux/accounting
2026-10-03T15:12:01.1850709Z   token: ***
2026-10-03T15:12:01.1851396Z   ssh-strict: true
2026-10-03T15:12:01.1852119Z   ssh-user: git
2026-10-03T15:12:01.1852828Z   persist-credentials: true
2026-10-03T15:12:01.1853620Z   clean: true
2026-10-03T15:12:01.1854330Z   sparse-checkout-cone-mode: true
2026-10-03T15:12:01.1855200Z   fetch-depth: 1
2026-10-03T15:12:01.1855888Z   fetch-tags: false
2026-10-03T15:12:01.1856595Z   show-progress: true
2026-10-03T15:12:01.1857759Z   lfs: false
2026-10-03T15:12:01.1858479Z   submodules: false
2026-10-03T15:12:01.1859230Z   set-safe-directory: true
2026-10-03T15:12:01.1860074Z   allow-unsafe-pr-checkout: false
2026-10-03T15:12:01.1861332Z ##[endgroup]
2026-10-03T15:12:01.3072472Z Syncing repository: mjodshamrani-ux/accounting
2026-10-03T15:12:01.3076340Z ##[group]Getting Git version info
2026-10-03T15:12:01.3078561Z Working directory is '/home/runner/work/accounting/accounting'
2026-10-03T15:12:01.3081299Z [command]/usr/bin/git version
2026-10-03T15:12:01.3160064Z git version 2.55.0
2026-10-03T15:12:01.3173928Z ##[endgroup]
2026-10-03T15:12:01.3192045Z Temporarily overriding HOME='/home/runner/work/_temp/4079eb6d-810b-4509-8152-101da2958c06' before making global git config changes
2026-10-03T15:12:01.3196204Z Adding repository directory to the temporary git global config as a safe directory
2026-10-03T15:12:01.3199784Z [command]/usr/bin/git config --global --add safe.directory /home/runner/work/accounting/accounting
2026-10-03T15:12:01.3260769Z Deleting the contents of '/home/runner/work/accounting/accounting'
2026-10-03T15:12:01.3265823Z ##[group]Initializing the repository
2026-10-03T15:12:01.3272352Z [command]/usr/bin/git init /home/runner/work/accounting/accounting
2026-10-03T15:12:01.3402689Z hint: Using 'master' as the name for the initial branch. This default branch name
2026-10-03T15:12:01.3407375Z hint: will change to "main" in Git 3.0. To configure the initial branch name
2026-10-03T15:12:01.3410127Z hint: to use in all of your new repositories, which will suppress this warning,
2026-10-03T15:12:01.3412215Z hint: call:
2026-10-03T15:12:01.3413572Z hint:
2026-10-03T15:12:01.3414847Z hint: 	git config --global init.defaultBranch <name>
2026-10-03T15:12:01.3416531Z hint:
2026-10-03T15:12:01.3418353Z hint: Names commonly chosen instead of 'master' are 'main', 'trunk' and
2026-10-03T15:12:01.3421066Z hint: 'development'. The just-created branch can be renamed via this command:
2026-10-03T15:12:01.3423158Z hint:
2026-10-03T15:12:01.3424156Z hint: 	git branch -m <name>
2026-10-03T15:12:01.3425657Z hint:
2026-10-03T15:12:01.3427777Z hint: Disable this message with "git config set advice.defaultBranchName false"
2026-10-03T15:12:01.3430898Z Initialized empty Git repository in /home/runner/work/accounting/accounting/.git/
2026-10-03T15:12:01.3435869Z [command]/usr/bin/git remote add origin https://github.com/mjodshamrani-ux/accounting
2026-10-03T15:12:01.3480795Z ##[endgroup]
2026-10-03T15:12:01.3482804Z ##[group]Disabling automatic garbage collection
2026-10-03T15:12:01.3484699Z [command]/usr/bin/git config --local gc.auto 0
2026-10-03T15:12:01.3550037Z ##[endgroup]
2026-10-03T15:12:01.3551299Z ##[group]Setting up auth
2026-10-03T15:12:01.3552546Z [command]/usr/bin/git config --local --name-only --get-regexp core\.sshCommand
2026-10-03T15:12:01.3570734Z [command]/usr/bin/git submodule foreach --recursive sh -c "git config --local --name-only --get-regexp 'core\.sshCommand' && git config --local --unset-all 'core.sshCommand' || :"
2026-10-03T15:12:01.3976620Z [command]/usr/bin/git config --local --name-only --get-regexp http\.https\:\/\/github\.com\/\.extraheader
2026-10-03T15:12:01.4015798Z [command]/usr/bin/git submodule foreach --recursive sh -c "git config --local --name-only --get-regexp 'http\.https\:\/\/github\.com\/\.extraheader' && git config --local --unset-all 'http.https://github.com/.extraheader' || :"
2026-10-03T15:12:01.4251675Z [command]/usr/bin/git config --local --name-only --get-regexp ^includeIf\.gitdir:
2026-10-03T15:12:01.4295015Z [command]/usr/bin/git submodule foreach --recursive git config --local --show-origin --name-only --get-regexp remote.origin.url
2026-10-03T15:12:01.4539388Z [command]/usr/bin/git config --local http.https://github.com/.extraheader AUTHORIZATION: basic ***
2026-10-03T15:12:01.4585351Z ##[endgroup]
2026-10-03T15:12:01.4586774Z ##[group]Fetching the repository
2026-10-03T15:12:01.4596189Z [command]/usr/bin/git -c protocol.version=2 fetch --no-tags --prune --no-recurse-submodules --depth=1 origin +20bf019061db5c73e663e0a4bc28d71445891762:refs/remotes/origin/main
2026-10-03T15:12:05.9917855Z From https://github.com/mjodshamrani-ux/accounting
2026-10-03T15:12:05.9919384Z  * [new ref]         20bf019061db5c73e663e0a4bc28d71445891762 -> origin/main
2026-10-03T15:12:05.9922425Z ##[endgroup]
2026-10-03T15:12:05.9923145Z ##[group]Determining the checkout info
2026-10-03T15:12:05.9925533Z ##[endgroup]
2026-10-03T15:12:05.9931498Z [command]/usr/bin/git sparse-checkout disable
2026-10-03T15:12:05.9989647Z [command]/usr/bin/git config --local --unset-all extensions.worktreeConfig
2026-10-03T15:12:06.0024963Z ##[group]Checking out the ref
2026-10-03T15:12:06.0029937Z [command]/usr/bin/git checkout --progress --force -B main refs/remotes/origin/main
2026-10-03T15:12:06.3761731Z Switched to a new branch 'main'
2026-10-03T15:12:06.3768199Z branch 'main' set up to track 'origin/main'.
2026-10-03T15:12:06.3794065Z ##[endgroup]
2026-10-03T15:12:06.3848578Z [command]/usr/bin/git log -1 --format=%H
2026-10-03T15:12:06.3879507Z 20bf019061db5c73e663e0a4bc28d71445891762
2026-10-03T15:12:06.4144401Z ##[group]Run pnpm/action-setup@b906affcce14559ad1aafd4ab0e942779e9f58b1
2026-10-03T15:12:06.4144869Z with:
2026-10-03T15:12:06.4145315Z   version: 11.19.0
2026-10-03T15:12:06.4145529Z   dest: ~/setup-pnpm
2026-10-03T15:12:06.4145744Z   run_install: null
2026-10-03T15:12:06.4145953Z   cache: false
2026-10-03T15:12:06.4146173Z   cache_dependency_path: pnpm-lock.yaml
2026-10-03T15:12:06.4146468Z   package_json_file: package.json
2026-10-03T15:12:06.4146726Z   standalone: false
2026-10-03T15:12:06.4146935Z ##[endgroup]
2026-10-03T15:12:06.5678988Z ##[group]Running self-installer...
2026-10-03T15:12:06.9820050Z (node:2343) [DEP0169] DeprecationWarning: `url.parse()` behavior is not standardized and prone to errors that have security implications. Use the WHATWG URL API instead. CVEs are not issued for `url.parse()` vulnerabilities.
2026-10-03T15:12:06.9821951Z (Use `node --trace-deprecation ...` to show where the warning was created)
2026-10-03T15:12:07.1498775Z Progress: resolved 1, reused 0, downloaded 0, added 0
2026-10-03T15:12:07.1598627Z Packages: +1
2026-10-03T15:12:07.1599458Z +
2026-10-03T15:12:07.6095077Z Progress: resolved 1, reused 0, downloaded 1, added 1, done
2026-10-03T15:12:07.6375263Z 
2026-10-03T15:12:07.6376005Z dependencies:
2026-10-03T15:12:07.6379054Z + pnpm 11.19.0 (12.8.1 is available)
2026-10-03T15:12:07.6379481Z 
2026-10-03T15:12:07.6406800Z Done in 896ms
2026-10-03T15:12:07.7636021Z ##[endgroup]
2026-10-03T15:12:07.7636467Z Installation Completed!
2026-10-03T15:12:07.7838084Z ##[group]Run actions/setup-node@49933ea5288caeca8642d1e84afbd3f7d6820020
2026-10-03T15:12:07.7838524Z with:
2026-10-03T15:12:07.7838723Z   node-version: 24
2026-10-03T15:12:07.7838932Z   cache: pnpm
2026-10-03T15:12:07.7839145Z   always-auth: false
2026-10-03T15:12:07.7839371Z   check-latest: false
2026-10-03T15:12:07.7841718Z   token: ***
2026-10-03T15:12:07.7841929Z env:
2026-10-03T15:12:07.7842189Z   PNPM_HOME: /home/runner/setup-pnpm/node_modules/.bin
2026-10-03T15:12:07.7842513Z ##[endgroup]
2026-10-03T15:12:07.9297596Z Found in cache @ /opt/hostedtoolcache/node/24.21.0/x64
2026-10-03T15:12:07.9301769Z (node:2358) [DEP0040] DeprecationWarning: The `punycode` module is deprecated. Please use a userland alternative instead.
2026-10-03T15:12:07.9302761Z (Use `node --trace-deprecation ...` to show where the warning was created)
2026-10-03T15:12:07.9304585Z ##[group]Environment details
2026-10-03T15:12:08.3794614Z node: v24.21.0
2026-10-03T15:12:08.3794933Z npm: 11.19.0
2026-10-03T15:12:08.3795356Z yarn: 1.22.22
2026-10-03T15:12:08.3796810Z ##[endgroup]
2026-10-03T15:12:08.3839446Z [command]/home/runner/setup-pnpm/node_modules/.bin/pnpm store path --silent
2026-10-03T15:12:09.0199512Z /home/runner/setup-pnpm/node_modules/.bin/store/v11
2026-10-03T15:12:09.1096407Z Cache hit for: node-cache-Linux-x64-pnpm-970ff90c8c5b62d936b78a56179f81cdf02982feb14381f8bba791078d20d9fe
2026-10-03T15:12:09.1242571Z (node:2358) [DEP0169] DeprecationWarning: `url.parse()` behavior is not standardized and prone to errors that have security implications. Use the WHATWG URL API instead. CVEs are not issued for `url.parse()` vulnerabilities.
2026-10-03T15:12:09.6961393Z Received 118816928 of 118816928 (100.0%), 212.2 MBs/sec
2026-10-03T15:12:09.6962546Z Cache Size: ~113 MB (118816928 B)
2026-10-03T15:12:09.7001150Z [command]/usr/bin/tar -xf /home/runner/work/_temp/96bd48d2-b9fa-4d18-946d-284596e795b2/cache.tzst -P -C /home/runner/work/accounting/accounting --use-compress-program unzstd
2026-10-03T15:12:10.8931646Z Cache restored successfully
2026-10-03T15:12:10.8992227Z Cache restored from key: node-cache-Linux-x64-pnpm-970ff90c8c5b62d936b78a56179f81cdf02982feb14381f8bba791078d20d9fe
2026-10-03T15:12:10.9223221Z ##[group]Run pnpm install --frozen-lockfile
2026-10-03T15:12:10.9223652Z [36;1mpnpm install --frozen-lockfile[0m
2026-10-03T15:12:10.9588052Z shell: /usr/bin/bash -e {0}
2026-10-03T15:12:10.9588575Z env:
2026-10-03T15:12:10.9589189Z   PNPM_HOME: /home/runner/setup-pnpm/node_modules/.bin
2026-10-03T15:12:10.9589646Z ##[endgroup]
2026-10-03T15:12:11.5076341Z ? Verifying lockfile against supply-chain policies (367 entries)...
2026-10-03T15:12:11.5162915Z Lockfile is up to date, resolution step is skipped
2026-10-03T15:12:11.6338257Z Progress: resolved 1, reused 0, downloaded 0, added 0
2026-10-03T15:12:11.6923060Z Packages: +249
2026-10-03T15:12:11.6926706Z ++++++++++++++++++++++++++++++++++++++++++++++++++++++++++++++++++++++++++++++++
2026-10-03T15:12:12.5535565Z Packages are hard linked from the content-addressable store to the virtual store.
2026-10-03T15:12:12.5537428Z   Content-addressable store is at: /home/runner/setup-pnpm/node_modules/.bin/store/v11
2026-10-03T15:12:12.5539156Z   Virtual store is at:             node_modules/.pnpm
2026-10-03T15:12:12.6469281Z Progress: resolved 249, reused 249, downloaded 0, added 9
2026-10-03T15:12:13.2800785Z Progress: resolved 249, reused 249, downloaded 0, added 249, done
2026-10-03T15:12:14.4770013Z ✓ Lockfile passes supply-chain policies (367 entries in 2.9s)
2026-10-03T15:12:14.5512821Z 
2026-10-03T15:12:14.5513665Z dependencies:
2026-10-03T15:12:14.5514022Z + @base-ui/react 1.7.0
2026-10-03T15:12:14.5514368Z + @shadcn/react 0.3.0
2026-10-03T15:12:14.5514914Z + @tesseract.js-data/ara 1.0.0
2026-10-03T15:12:14.5515504Z + @tesseract.js-data/eng 1.0.0
2026-10-03T15:12:14.5516133Z + class-variance-authority 0.7.1
2026-10-03T15:12:14.5516629Z + clsx 2.1.1
2026-10-03T15:12:14.5516987Z + cmdk 1.1.1
2026-10-03T15:12:14.5517706Z + date-fns 4.1.0
2026-10-03T15:12:14.5518165Z + embla-carousel-react 8.5.2
2026-10-03T15:12:14.5518615Z + exceljs 4.4.0
2026-10-03T15:12:14.5519012Z + input-otp 1.4.2
2026-10-03T15:12:14.5519376Z + jszip 3.10.1
2026-10-03T15:12:14.5519787Z + lucide-react 1.31.0
2026-10-03T15:12:14.5520177Z + react 19.2.6
2026-10-03T15:12:14.5520647Z + react-day-picker 9.8.1
2026-10-03T15:12:14.5521074Z + react-dom 19.2.6
2026-10-03T15:12:14.5521548Z + react-resizable-panels 4.5.8
2026-10-03T15:12:14.5521990Z + recharts 3.8.0
2026-10-03T15:12:14.5522244Z + saxes 5.0.1
2026-10-03T15:12:14.5522488Z + tailwind-merge 3.6.0
2026-10-03T15:12:14.5522756Z + tesseract.js 7.0.0
2026-10-03T15:12:14.5523025Z + tw-animate-css 1.4.0
2026-10-03T15:12:14.5523342Z + unpdf 1.8.1
2026-10-03T15:12:14.5523478Z 
2026-10-03T15:12:14.5523587Z devDependencies:
2026-10-03T15:12:14.5523879Z + @tailwindcss/postcss 4.2.1
2026-10-03T15:12:14.5524179Z + @types/node 22.19.19
2026-10-03T15:12:14.5524442Z + @types/react 19.2.14
2026-10-03T15:12:14.5524731Z + @types/react-dom 19.2.3
2026-10-03T15:12:14.5525023Z + @vitejs/plugin-react 6.0.2
2026-10-03T15:12:14.5525292Z + oxfmt 0.61.0
2026-10-03T15:12:14.5525520Z + oxlint 1.76.0
2026-10-03T15:12:14.5525797Z + oxlint-tsgolint 7.0.2001
2026-10-03T15:12:14.5526089Z + playwright 1.62.1
2026-10-03T15:12:14.5526556Z + tailwindcss 4.2.1
2026-10-03T15:12:14.5526889Z + typescript 5.9.3
2026-10-03T15:12:14.5527450Z + vite 8.0.16
2026-10-03T15:12:14.5527689Z 
2026-10-03T15:12:14.5900856Z Done in 3.5s using pnpm v11.19.0
2026-10-03T15:12:14.6496950Z ##[group]Run pnpm test:mutations
2026-10-03T15:12:14.6497619Z [36;1mpnpm test:mutations[0m
2026-10-03T15:12:14.6561424Z shell: /usr/bin/bash -e {0}
2026-10-03T15:12:14.6561711Z env:
2026-10-03T15:12:14.6561965Z   PNPM_HOME: /home/runner/setup-pnpm/node_modules/.bin
2026-10-03T15:12:14.6562282Z   MUTATION_SHARD: 1/3
2026-10-03T15:12:14.6562497Z ##[endgroup]
2026-10-03T15:12:15.5745414Z Already up to date
2026-10-03T15:12:15.5753425Z Done in 429ms using pnpm v11.19.0
2026-10-03T15:12:15.5924921Z $ node scripts/test-mutations.mjs
2026-10-03T15:13:04.5185361Z Detected deliberate fault: p6-table-retain-coverage-after-row-edit
2026-10-03T15:13:28.7603076Z Detected deliberate fault: p6-table-skip-coverage-fingerprint
2026-10-03T15:13:53.1170804Z Detected deliberate fault: p6-ignore-manual-region-observations
2026-10-03T15:14:17.2659602Z Detected deliberate fault: p6-ignore-png-chunk-crc
2026-10-03T15:14:41.5993145Z Detected deliberate fault: p6-skip-cell-fingerprint-on-restore
2026-10-03T15:15:05.7603989Z Detected deliberate fault: f02-ignore-unknown-excluded-identity
2026-10-03T15:15:30.0812326Z Detected deliberate fault: partial-treat-untrusted-cells-as-format-proof
2026-10-03T15:15:54.1910039Z Detected deliberate fault: partial-drop-transitive-error-impact
2026-10-03T15:16:18.3525063Z Detected deliberate fault: p2-reject-explicit-numeric-payment-identities
2026-10-03T15:16:42.7093202Z Detected deliberate fault: p2-ignore-overlapping-payment-identity-memberships
2026-10-03T15:17:06.8295372Z Detected deliberate fault: p2-accept-inferred-payment-role-as-explicit-proof
2026-10-03T15:17:31.0623436Z Detected deliberate fault: p2-approve-groups-beyond-the-member-limit
2026-10-03T15:17:55.2704269Z Detected deliberate fault: p1-accept-placeholder-category-or-zero-as-a-discriminator
2026-10-03T15:18:19.4295821Z Detected deliberate fault: p1-grant-document-role-to-another-selected-column
2026-10-03T15:18:43.5329564Z Detected deliberate fault: p1-use-normalized-document-identity
2026-10-03T15:19:07.7032568Z Detected deliberate fault: 047-accept-unanswered-format-ambiguity
2026-10-03T15:19:29.6613163Z Detected deliberate fault: 046-disable-all-supported-groups
2026-10-03T15:19:53.8715991Z Detected deliberate fault: v11-read-carried-forward-as-a-transaction
2026-10-03T15:20:18.2164663Z Detected deliberate fault: v11-approve-a-source-compared-with-itself
2026-10-03T15:20:42.5481960Z Detected deliberate fault: hard-r01-rank-own-voucher-before-chosen-reference
2026-10-03T15:21:06.9436517Z Detected deliberate fault: v11-approve-on-a-voucher-with-no-chosen-reference
2026-10-03T15:21:31.0751341Z Detected deliberate fault: h03-let-a-document-number-outvote-unselected-references
2026-10-03T15:21:55.3304337Z Detected deliberate fault: hard-g08-accept-payment-parts-beyond-the-date-window
2026-10-03T15:22:19.5465206Z Detected deliberate fault: 045-skip-generic-account-scope-evidence
2026-10-03T15:22:43.9623485Z Detected deliberate fault: accept-a-partial-pdf-operator-stream
2026-10-03T15:23:08.3532705Z Detected deliberate fault: trust-stale-case-member-evidence
2026-10-03T15:23:32.4754542Z Detected deliberate fault: ignore-known-document-evidence-conflicts
2026-10-03T15:23:56.7578028Z Detected deliberate fault: silently-round-original-xlsx-numeric-lexemes
2026-10-03T15:24:21.1806348Z Detected deliberate fault: reject-unused-helper-formulas
2026-10-03T15:24:45.6375449Z Detected deliberate fault: drop-classified-rows-without-a-reason
2026-10-03T15:25:09.8271335Z Detected deliberate fault: classify-any-summary-word-as-a-nontransaction
2026-10-03T15:25:34.1330493Z Detected deliberate fault: reverse-proven-ap-direction
2026-10-03T15:25:58.5788743Z Detected deliberate fault: fuzzy-reference-auto-match
2026-10-03T15:26:22.9848389Z Detected deliberate fault: allow-unconfirmed-coverage
2026-10-03T15:26:47.1822854Z Detected deliberate fault: typed-short-infer-type-without-explicit-label
2026-10-03T15:27:11.3862376Z Detected deliberate fault: typed-short-allow-neighbouring-dates
2026-10-03T15:27:35.5816090Z Detected deliberate fault: f03-ignore-related-credit-invoice-conflict
2026-10-03T15:27:59.9711084Z Detected deliberate fault: f03-ai-ignore-related-invoice-contradiction
2026-10-03T15:28:23.9286410Z Detected deliberate fault: unknown-credit-remove-role-review-gate
2026-10-03T15:28:48.1151540Z Detected deliberate fault: p5-drop-audit-identifier-lookup
2026-10-03T15:29:12.5586860Z Detected deliberate fault: p5-invent-model-case-total
2026-10-03T15:29:12.6304626Z {
2026-10-03T15:29:12.6305074Z   "baselinePassed": true,
2026-10-03T15:29:12.6305536Z   "detected": 41,
2026-10-03T15:29:12.6305916Z   "total": 41,
2026-10-03T15:29:12.6306279Z   "available": 123,
2026-10-03T15:29:12.6306611Z   "shard": {
2026-10-03T15:29:12.6306918Z     "index": 1,
2026-10-03T15:29:12.6307486Z     "count": 3
2026-10-03T15:29:12.6307860Z   },
2026-10-03T15:29:12.6308212Z   "mutations": [
2026-10-03T15:29:12.6308546Z     {
2026-10-03T15:29:12.6309051Z       "mutation": "p6-table-retain-coverage-after-row-edit",
2026-10-03T15:29:12.6309699Z       "detected": true
2026-10-03T15:29:12.6310099Z     },
2026-10-03T15:29:12.6310406Z     {
2026-10-03T15:29:12.6310975Z       "mutation": "p6-table-skip-coverage-fingerprint",
2026-10-03T15:29:12.6311572Z       "detected": true
2026-10-03T15:29:12.6312376Z     },
2026-10-03T15:29:12.6312722Z     {
2026-10-03T15:29:12.6313272Z       "mutation": "p6-ignore-manual-region-observations",
2026-10-03T15:29:12.6313970Z       "detected": true
2026-10-03T15:29:12.6314399Z     },
2026-10-03T15:29:12.6314746Z     {
2026-10-03T15:29:12.6315101Z       "mutation": "p6-ignore-png-chunk-crc",
2026-10-03T15:29:12.6315449Z       "detected": true
2026-10-03T15:29:12.6315691Z     },
2026-10-03T15:29:12.6315887Z     {
2026-10-03T15:29:12.6316194Z       "mutation": "p6-skip-cell-fingerprint-on-restore",
2026-10-03T15:29:12.6316548Z       "detected": true
2026-10-03T15:29:12.6316772Z     },
2026-10-03T15:29:12.6316955Z     {
2026-10-03T15:29:12.6317531Z       "mutation": "f02-ignore-unknown-excluded-identity",
2026-10-03T15:29:12.6317920Z       "detected": true
2026-10-03T15:29:12.6318134Z     },
2026-10-03T15:29:12.6318383Z     {
2026-10-03T15:29:12.6318729Z       "mutation": "partial-treat-untrusted-cells-as-format-proof",
2026-10-03T15:29:12.6319125Z       "detected": true
2026-10-03T15:29:12.6319347Z     },
2026-10-03T15:29:12.6319529Z     {
2026-10-03T15:29:12.6319824Z       "mutation": "partial-drop-transitive-error-impact",
2026-10-03T15:29:12.6320163Z       "detected": true
2026-10-03T15:29:12.6320386Z     },
2026-10-03T15:29:12.6320560Z     {
2026-10-03T15:29:12.6320894Z       "mutation": "p2-reject-explicit-numeric-payment-identities",
2026-10-03T15:29:12.6321270Z       "detected": true
2026-10-03T15:29:12.6321498Z     },
2026-10-03T15:29:12.6321695Z     {
2026-10-03T15:29:12.6322058Z       "mutation": "p2-ignore-overlapping-payment-identity-memberships",
2026-10-03T15:29:12.6322486Z       "detected": true
2026-10-03T15:29:12.6322725Z     },
2026-10-03T15:29:12.6322921Z     {
2026-10-03T15:29:12.6323282Z       "mutation": "p2-accept-inferred-payment-role-as-explicit-proof",
2026-10-03T15:29:12.6323690Z       "detected": true
2026-10-03T15:29:12.6323909Z     },
2026-10-03T15:29:12.6324089Z     {
2026-10-03T15:29:12.6324397Z       "mutation": "p2-approve-groups-beyond-the-member-limit",
2026-10-03T15:29:12.6324784Z       "detected": true
2026-10-03T15:29:12.6324988Z     },
2026-10-03T15:29:12.6325185Z     {
2026-10-03T15:29:12.6325591Z       "mutation": "p1-accept-placeholder-category-or-zero-as-a-discriminator",
2026-10-03T15:29:12.6326023Z       "detected": true
2026-10-03T15:29:12.6326252Z     },
2026-10-03T15:29:12.6326439Z     {
2026-10-03T15:29:12.6326779Z       "mutation": "p1-grant-document-role-to-another-selected-column",
2026-10-03T15:29:12.6327500Z       "detected": true
2026-10-03T15:29:12.6327783Z     },
2026-10-03T15:29:12.6327991Z     {
2026-10-03T15:29:12.6328297Z       "mutation": "p1-use-normalized-document-identity",
2026-10-03T15:29:12.6328653Z       "detected": true
2026-10-03T15:29:12.6328880Z     },
2026-10-03T15:29:12.6329347Z     {
2026-10-03T15:29:12.6329672Z       "mutation": "047-accept-unanswered-format-ambiguity",
2026-10-03T15:29:12.6330025Z       "detected": true
2026-10-03T15:29:12.6330258Z     },
2026-10-03T15:29:12.6330457Z     {
2026-10-03T15:29:12.6330737Z       "mutation": "046-disable-all-supported-groups",
2026-10-03T15:29:12.6331103Z       "detected": true
2026-10-03T15:29:12.6331333Z     },
2026-10-03T15:29:12.6331504Z     {
2026-10-03T15:29:12.6332198Z       "mutation": "v11-read-carried-forward-as-a-transaction",
2026-10-03T15:29:12.6332893Z       "detected": true
2026-10-03T15:29:12.6333308Z     },
2026-10-03T15:29:12.6333634Z     {
2026-10-03T15:29:12.6334231Z       "mutation": "v11-approve-a-source-compared-with-itself",
2026-10-03T15:29:12.6334985Z       "detected": true
2026-10-03T15:29:12.6335351Z     },
2026-10-03T15:29:12.6335677Z     {
2026-10-03T15:29:12.6336037Z       "mutation": "hard-r01-rank-own-voucher-before-chosen-reference",
2026-10-03T15:29:12.6336415Z       "detected": true
2026-10-03T15:29:12.6336666Z     },
2026-10-03T15:29:12.6337018Z     {
2026-10-03T15:29:12.6337913Z       "mutation": "v11-approve-on-a-voucher-with-no-chosen-reference",
2026-10-03T15:29:12.6338553Z       "detected": true
2026-10-03T15:29:12.6339177Z     },
2026-10-03T15:29:12.6339443Z     {
2026-10-03T15:29:12.6340013Z       "mutation": "h03-let-a-document-number-outvote-unselected-references",
2026-10-03T15:29:12.6340680Z       "detected": true
2026-10-03T15:29:12.6341031Z     },
2026-10-03T15:29:12.6341315Z     {
2026-10-03T15:29:12.6341935Z       "mutation": "hard-g08-accept-payment-parts-beyond-the-date-window",
2026-10-03T15:29:12.6342536Z       "detected": true
2026-10-03T15:29:12.6342858Z     },
2026-10-03T15:29:12.6343143Z     {
2026-10-03T15:29:12.6343600Z       "mutation": "045-skip-generic-account-scope-evidence",
2026-10-03T15:29:12.6344141Z       "detected": true
2026-10-03T15:29:12.6344467Z     },
2026-10-03T15:29:12.6344748Z     {
2026-10-03T15:29:12.6345194Z       "mutation": "accept-a-partial-pdf-operator-stream",
2026-10-03T15:29:12.6345704Z       "detected": true
2026-10-03T15:29:12.6346033Z     },
2026-10-03T15:29:12.6346335Z     {
2026-10-03T15:29:12.6346866Z       "mutation": "trust-stale-case-member-evidence",
2026-10-03T15:29:12.6347813Z       "detected": true
2026-10-03T15:29:12.6348049Z     },
2026-10-03T15:29:12.6348230Z     {
2026-10-03T15:29:12.6348539Z       "mutation": "ignore-known-document-evidence-conflicts",
2026-10-03T15:29:12.6348895Z       "detected": true
2026-10-03T15:29:12.6349107Z     },
2026-10-03T15:29:12.6349292Z     {
2026-10-03T15:29:12.6349608Z       "mutation": "silently-round-original-xlsx-numeric-lexemes",
2026-10-03T15:29:12.6349974Z       "detected": true
2026-10-03T15:29:12.6350179Z     },
2026-10-03T15:29:12.6350356Z     {
2026-10-03T15:29:12.6350613Z       "mutation": "reject-unused-helper-formulas",
2026-10-03T15:29:12.6350920Z       "detected": true
2026-10-03T15:29:12.6351122Z     },
2026-10-03T15:29:12.6351298Z     {
2026-10-03T15:29:12.6351584Z       "mutation": "drop-classified-rows-without-a-reason",
2026-10-03T15:29:12.6351915Z       "detected": true
2026-10-03T15:29:12.6352118Z     },
2026-10-03T15:29:12.6352292Z     {
2026-10-03T15:29:12.6352598Z       "mutation": "classify-any-summary-word-as-a-nontransaction",
2026-10-03T15:29:12.6352956Z       "detected": true
2026-10-03T15:29:12.6353162Z     },
2026-10-03T15:29:12.6353341Z     {
2026-10-03T15:29:12.6353590Z       "mutation": "reverse-proven-ap-direction",
2026-10-03T15:29:12.6353892Z       "detected": true
2026-10-03T15:29:12.6354091Z     },
2026-10-03T15:29:12.6354262Z     {
2026-10-03T15:29:12.6354498Z       "mutation": "fuzzy-reference-auto-match",
2026-10-03T15:29:12.6354792Z       "detected": true
2026-10-03T15:29:12.6354992Z     },
2026-10-03T15:29:12.6355162Z     {
2026-10-03T15:29:12.6355401Z       "mutation": "allow-unconfirmed-coverage",
2026-10-03T15:29:12.6355684Z       "detected": true
2026-10-03T15:29:12.6355884Z     },
2026-10-03T15:29:12.6356061Z     {
2026-10-03T15:29:12.6356539Z       "mutation": "typed-short-infer-type-without-explicit-label",
2026-10-03T15:29:12.6356906Z       "detected": true
2026-10-03T15:29:12.6357322Z     },
2026-10-03T15:29:12.6357555Z     {
2026-10-03T15:29:12.6357851Z       "mutation": "typed-short-allow-neighbouring-dates",
2026-10-03T15:29:12.6358200Z       "detected": true
2026-10-03T15:29:12.6358414Z     },
2026-10-03T15:29:12.6358588Z     {
2026-10-03T15:29:12.6358882Z       "mutation": "f03-ignore-related-credit-invoice-conflict",
2026-10-03T15:29:12.6359228Z       "detected": true
2026-10-03T15:29:12.6359434Z     },
2026-10-03T15:29:12.6359607Z     {
2026-10-03T15:29:12.6359911Z       "mutation": "f03-ai-ignore-related-invoice-contradiction",
2026-10-03T15:29:12.6360252Z       "detected": true
2026-10-03T15:29:12.6360454Z     },
2026-10-03T15:29:12.6360623Z     {
2026-10-03T15:29:12.6360910Z       "mutation": "unknown-credit-remove-role-review-gate",
2026-10-03T15:29:12.6361237Z       "detected": true
2026-10-03T15:29:12.6361444Z     },
2026-10-03T15:29:12.6361625Z     {
2026-10-03T15:29:12.6361883Z       "mutation": "p5-drop-audit-identifier-lookup",
2026-10-03T15:29:12.6362188Z       "detected": true
2026-10-03T15:29:12.6362396Z     },
2026-10-03T15:29:12.6362757Z     {
2026-10-03T15:29:12.6363000Z       "mutation": "p5-invent-model-case-total",
2026-10-03T15:29:12.6363304Z       "detected": true
2026-10-03T15:29:12.6363510Z     }
2026-10-03T15:29:12.6363692Z   ]
2026-10-03T15:29:12.6363868Z }
2026-10-03T15:29:12.6549695Z Post job cleanup.
2026-10-03T15:29:12.7832366Z (node:24889) [DEP0040] DeprecationWarning: The `punycode` module is deprecated. Please use a userland alternative instead.
2026-10-03T15:29:12.7833774Z (Use `node --trace-deprecation ...` to show where the warning was created)
2026-10-03T15:29:12.7836750Z Cache hit occurred on the primary key node-cache-Linux-x64-pnpm-970ff90c8c5b62d936b78a56179f81cdf02982feb14381f8bba791078d20d9fe, not saving cache.
2026-10-03T15:29:12.7963224Z Post job cleanup.
2026-10-03T15:29:12.9426723Z Pruning is unnecessary.
2026-10-03T15:29:12.9608972Z Post job cleanup.
2026-10-03T15:29:13.0503524Z [command]/usr/bin/git version
2026-10-03T15:29:13.0548429Z git version 2.55.0
2026-10-03T15:29:13.0595154Z Temporarily overriding HOME='/home/runner/work/_temp/1e58a547-71fb-4f6c-a09c-f02fad2eb560' before making global git config changes
2026-10-03T15:29:13.0596654Z Adding repository directory to the temporary git global config as a safe directory
2026-10-03T15:29:13.0601702Z [command]/usr/bin/git config --global --add safe.directory /home/runner/work/accounting/accounting
2026-10-03T15:29:13.0645767Z [command]/usr/bin/git config --local --name-only --get-regexp core\.sshCommand
2026-10-03T15:29:13.0687647Z [command]/usr/bin/git submodule foreach --recursive sh -c "git config --local --name-only --get-regexp 'core\.sshCommand' && git config --local --unset-all 'core.sshCommand' || :"
2026-10-03T15:29:13.0973153Z [command]/usr/bin/git config --local --name-only --get-regexp http\.https\:\/\/github\.com\/\.extraheader
2026-10-03T15:29:13.1029280Z http.https://github.com/.extraheader
2026-10-03T15:29:13.1038948Z [command]/usr/bin/git config --local --unset-all http.https://github.com/.extraheader
2026-10-03T15:29:13.1066976Z [command]/usr/bin/git submodule foreach --recursive sh -c "git config --local --name-only --get-regexp 'http\.https\:\/\/github\.com\/\.extraheader' && git config --local --unset-all 'http.https://github.com/.extraheader' || :"
2026-10-03T15:29:13.1318875Z [command]/usr/bin/git config --local --name-only --get-regexp ^includeIf\.gitdir:
2026-10-03T15:29:13.1362987Z [command]/usr/bin/git submodule foreach --recursive git config --local --show-origin --name-only --get-regexp remote.origin.url
2026-10-03T15:29:13.1752408Z Cleaning up orphan processes
2026-10-03T15:29:13.2087781Z ##[warning]Node.js 20 is deprecated. The following actions target Node.js 20 but are being forced to run on Node.js 24: actions/checkout@11d5960a326750d5838078e36cf38b85af677262, actions/setup-node@49933ea5288caeca8642d1e84afbd3f7d6820020, pnpm/action-setup@b906affcce14559ad1aafd4ab0e942779e9f58b1. For more information see: https://github.blog/changelog/2025-09-19-deprecation-of-node-20-on-github-actions-runners/
