2026-10-03T15:11:23.4878502Z Current runner version: '2.337.0'
2026-10-03T15:11:23.4899237Z ##[group]Runner Image Provisioner
2026-10-03T15:11:23.4900043Z Hosted Compute Agent
2026-10-03T15:11:23.4900622Z Version: 20260901.588
2026-10-03T15:11:23.4901137Z Commit: f88ec8081b781fac6c440065ac7ff9e710ce3d0b
2026-10-03T15:11:23.4901750Z Build Date: 2026-09-01T19:56:44Z
2026-10-03T15:11:23.4902466Z Worker ID: {008e67cd-b026-4215-92e9-01af98cca6ce}
2026-10-03T15:11:23.4903083Z Azure Region: westus3
2026-10-03T15:11:23.4903600Z ##[endgroup]
2026-10-03T15:11:23.4904815Z ##[group]Operating System
2026-10-03T15:11:23.4905320Z Ubuntu
2026-10-03T15:11:23.4905816Z 24.04.5
2026-10-03T15:11:23.4906292Z LTS
2026-10-03T15:11:23.4906746Z ##[endgroup]
2026-10-03T15:11:23.4907242Z ##[group]Runner Image
2026-10-03T15:11:23.4907713Z Image: ubuntu-24.04
2026-10-03T15:11:23.4908237Z Version: 20260927.320.1
2026-10-03T15:11:23.4909254Z Included Software: https://github.com/actions/runner-images/blob/ubuntu24/20260927.320/images/ubuntu/Ubuntu2404-Readme.md
2026-10-03T15:11:23.4910534Z Image Release: https://github.com/actions/runner-images/releases/tag/ubuntu24%2F20260927.320
2026-10-03T15:11:23.4911624Z ##[endgroup]
2026-10-03T15:11:23.4912721Z ##[group]GITHUB_TOKEN Permissions
2026-10-03T15:11:23.4914511Z Contents: read
2026-10-03T15:11:23.4915019Z Metadata: read
2026-10-03T15:11:23.4915492Z ##[endgroup]
2026-10-03T15:11:23.4917232Z Secret source: Actions
2026-10-03T15:11:23.4918001Z Cache mode: write
2026-10-03T15:11:23.4918619Z Prepare workflow directory
2026-10-03T15:11:23.5480501Z Prepare all required actions
2026-10-03T15:11:23.5519008Z Getting action download info
2026-10-03T15:11:23.8369221Z Download action repository 'actions/checkout@11d5960a326750d5838078e36cf38b85af677262' (SHA:11d5960a326750d5838078e36cf38b85af677262)
2026-10-03T15:11:24.2740900Z Download action repository 'pnpm/action-setup@b906affcce14559ad1aafd4ab0e942779e9f58b1' (SHA:b906affcce14559ad1aafd4ab0e942779e9f58b1)
2026-10-03T15:11:25.0674757Z Download action repository 'actions/setup-node@49933ea5288caeca8642d1e84afbd3f7d6820020' (SHA:49933ea5288caeca8642d1e84afbd3f7d6820020)
2026-10-03T15:11:25.5967433Z Complete job name: Accounting mutation gate (3/3)
2026-10-03T15:11:25.6520408Z ##[group]Run actions/checkout@11d5960a326750d5838078e36cf38b85af677262
2026-10-03T15:11:25.6520982Z with:
2026-10-03T15:11:25.6521217Z   repository: mjodshamrani-ux/accounting
2026-10-03T15:11:25.6523463Z   token: ***
2026-10-03T15:11:25.6523688Z   ssh-strict: true
2026-10-03T15:11:25.6523907Z   ssh-user: git
2026-10-03T15:11:25.6524131Z   persist-credentials: true
2026-10-03T15:11:25.6524380Z   clean: true
2026-10-03T15:11:25.6524600Z   sparse-checkout-cone-mode: true
2026-10-03T15:11:25.6524853Z   fetch-depth: 1
2026-10-03T15:11:25.6525075Z   fetch-tags: false
2026-10-03T15:11:25.6525299Z   show-progress: true
2026-10-03T15:11:25.6525532Z   lfs: false
2026-10-03T15:11:25.6525733Z   submodules: false
2026-10-03T15:11:25.6526036Z   set-safe-directory: true
2026-10-03T15:11:25.6526286Z   allow-unsafe-pr-checkout: false
2026-10-03T15:11:25.6526713Z ##[endgroup]
2026-10-03T15:11:25.7310878Z Syncing repository: mjodshamrani-ux/accounting
2026-10-03T15:11:25.7312184Z ##[group]Getting Git version info
2026-10-03T15:11:25.7312761Z Working directory is '/home/runner/work/accounting/accounting'
2026-10-03T15:11:25.7313337Z [command]/usr/bin/git version
2026-10-03T15:11:25.8406475Z git version 2.55.0
2026-10-03T15:11:25.8423021Z ##[endgroup]
2026-10-03T15:11:25.8436123Z Temporarily overriding HOME='/home/runner/work/_temp/5b77b563-8dec-4d75-96c3-d40dafdc774d' before making global git config changes
2026-10-03T15:11:25.8437224Z Adding repository directory to the temporary git global config as a safe directory
2026-10-03T15:11:25.8441089Z [command]/usr/bin/git config --global --add safe.directory /home/runner/work/accounting/accounting
2026-10-03T15:11:25.8484070Z Deleting the contents of '/home/runner/work/accounting/accounting'
2026-10-03T15:11:25.8487672Z ##[group]Initializing the repository
2026-10-03T15:11:25.8491213Z [command]/usr/bin/git init /home/runner/work/accounting/accounting
2026-10-03T15:11:25.8561227Z hint: Using 'master' as the name for the initial branch. This default branch name
2026-10-03T15:11:25.8561746Z hint: will change to "main" in Git 3.0. To configure the initial branch name
2026-10-03T15:11:25.8562226Z hint: to use in all of your new repositories, which will suppress this warning,
2026-10-03T15:11:25.8562818Z hint: call:
2026-10-03T15:11:25.8563120Z hint:
2026-10-03T15:11:25.8563582Z hint: 	git config --global init.defaultBranch <name>
2026-10-03T15:11:25.8564054Z hint:
2026-10-03T15:11:25.8564509Z hint: Names commonly chosen instead of 'master' are 'main', 'trunk' and
2026-10-03T15:11:25.8565311Z hint: 'development'. The just-created branch can be renamed via this command:
2026-10-03T15:11:25.8565919Z hint:
2026-10-03T15:11:25.8566256Z hint: 	git branch -m <name>
2026-10-03T15:11:25.8566626Z hint:
2026-10-03T15:11:25.8567135Z hint: Disable this message with "git config set advice.defaultBranchName false"
2026-10-03T15:11:25.8568004Z Initialized empty Git repository in /home/runner/work/accounting/accounting/.git/
2026-10-03T15:11:25.8572908Z [command]/usr/bin/git remote add origin https://github.com/mjodshamrani-ux/accounting
2026-10-03T15:11:25.8611893Z ##[endgroup]
2026-10-03T15:11:25.8612538Z ##[group]Disabling automatic garbage collection
2026-10-03T15:11:25.8614957Z [command]/usr/bin/git config --local gc.auto 0
2026-10-03T15:11:25.8643056Z ##[endgroup]
2026-10-03T15:11:25.8643625Z ##[group]Setting up auth
2026-10-03T15:11:25.8648169Z [command]/usr/bin/git config --local --name-only --get-regexp core\.sshCommand
2026-10-03T15:11:25.8676445Z [command]/usr/bin/git submodule foreach --recursive sh -c "git config --local --name-only --get-regexp 'core\.sshCommand' && git config --local --unset-all 'core.sshCommand' || :"
2026-10-03T15:11:25.8938046Z [command]/usr/bin/git config --local --name-only --get-regexp http\.https\:\/\/github\.com\/\.extraheader
2026-10-03T15:11:25.8969339Z [command]/usr/bin/git submodule foreach --recursive sh -c "git config --local --name-only --get-regexp 'http\.https\:\/\/github\.com\/\.extraheader' && git config --local --unset-all 'http.https://github.com/.extraheader' || :"
2026-10-03T15:11:25.9156423Z [command]/usr/bin/git config --local --name-only --get-regexp ^includeIf\.gitdir:
2026-10-03T15:11:25.9187377Z [command]/usr/bin/git submodule foreach --recursive git config --local --show-origin --name-only --get-regexp remote.origin.url
2026-10-03T15:11:25.9375620Z [command]/usr/bin/git config --local http.https://github.com/.extraheader AUTHORIZATION: basic ***
2026-10-03T15:11:25.9409866Z ##[endgroup]
2026-10-03T15:11:25.9410477Z ##[group]Fetching the repository
2026-10-03T15:11:25.9417629Z [command]/usr/bin/git -c protocol.version=2 fetch --no-tags --prune --no-recurse-submodules --depth=1 origin +20bf019061db5c73e663e0a4bc28d71445891762:refs/remotes/origin/main
2026-10-03T15:11:31.4764438Z From https://github.com/mjodshamrani-ux/accounting
2026-10-03T15:11:31.4764972Z  * [new ref]         20bf019061db5c73e663e0a4bc28d71445891762 -> origin/main
2026-10-03T15:11:31.4794837Z ##[endgroup]
2026-10-03T15:11:31.4796297Z ##[group]Determining the checkout info
2026-10-03T15:11:31.4796836Z ##[endgroup]
2026-10-03T15:11:31.4797229Z [command]/usr/bin/git sparse-checkout disable
2026-10-03T15:11:31.5065838Z [command]/usr/bin/git config --local --unset-all extensions.worktreeConfig
2026-10-03T15:11:31.5100554Z ##[group]Checking out the ref
2026-10-03T15:11:31.5104192Z [command]/usr/bin/git checkout --progress --force -B main refs/remotes/origin/main
2026-10-03T15:11:31.8313572Z Switched to a new branch 'main'
2026-10-03T15:11:31.9407258Z branch 'main' set up to track 'origin/main'.
2026-10-03T15:11:31.9427698Z ##[endgroup]
2026-10-03T15:11:31.9473080Z [command]/usr/bin/git log -1 --format=%H
2026-10-03T15:11:31.9492095Z 20bf019061db5c73e663e0a4bc28d71445891762
2026-10-03T15:11:31.9689699Z ##[group]Run pnpm/action-setup@b906affcce14559ad1aafd4ab0e942779e9f58b1
2026-10-03T15:11:31.9690055Z with:
2026-10-03T15:11:31.9690373Z   version: 11.19.0
2026-10-03T15:11:31.9690549Z   dest: ~/setup-pnpm
2026-10-03T15:11:31.9690724Z   run_install: null
2026-10-03T15:11:31.9690904Z   cache: false
2026-10-03T15:11:31.9691088Z   cache_dependency_path: pnpm-lock.yaml
2026-10-03T15:11:31.9691330Z   package_json_file: package.json
2026-10-03T15:11:31.9691537Z   standalone: false
2026-10-03T15:11:31.9691702Z ##[endgroup]
2026-10-03T15:11:32.0823436Z ##[group]Running self-installer...
2026-10-03T15:11:32.3925835Z (node:2097) [DEP0169] DeprecationWarning: `url.parse()` behavior is not standardized and prone to errors that have security implications. Use the WHATWG URL API instead. CVEs are not issued for `url.parse()` vulnerabilities.
2026-10-03T15:11:32.3927053Z (Use `node --trace-deprecation ...` to show where the warning was created)
2026-10-03T15:11:32.5652165Z Progress: resolved 1, reused 0, downloaded 0, added 0
2026-10-03T15:11:32.5721418Z Packages: +1
2026-10-03T15:11:32.5721864Z +
2026-10-03T15:11:32.9546893Z Progress: resolved 1, reused 0, downloaded 1, added 1, done
2026-10-03T15:11:33.2484034Z 
2026-10-03T15:11:33.2484502Z dependencies:
2026-10-03T15:11:33.2484799Z + pnpm 11.19.0 (12.8.1 is available)
2026-10-03T15:11:33.2485019Z 
2026-10-03T15:11:33.2504715Z Done in 1s
2026-10-03T15:11:33.2669850Z ##[endgroup]
2026-10-03T15:11:33.2670172Z Installation Completed!
2026-10-03T15:11:33.2831005Z ##[group]Run actions/setup-node@49933ea5288caeca8642d1e84afbd3f7d6820020
2026-10-03T15:11:33.2831329Z with:
2026-10-03T15:11:33.2831498Z   node-version: 24
2026-10-03T15:11:33.2831681Z   cache: pnpm
2026-10-03T15:11:33.2831855Z   always-auth: false
2026-10-03T15:11:33.2832045Z   check-latest: false
2026-10-03T15:11:33.2834238Z   token: ***
2026-10-03T15:11:33.2834407Z env:
2026-10-03T15:11:33.2834635Z   PNPM_HOME: /home/runner/setup-pnpm/node_modules/.bin
2026-10-03T15:11:33.2834894Z ##[endgroup]
2026-10-03T15:11:33.4153044Z Found in cache @ /opt/hostedtoolcache/node/24.21.0/x64
2026-10-03T15:11:33.4157048Z (node:2111) [DEP0040] DeprecationWarning: The `punycode` module is deprecated. Please use a userland alternative instead.
2026-10-03T15:11:33.4157951Z (Use `node --trace-deprecation ...` to show where the warning was created)
2026-10-03T15:11:33.4159706Z ##[group]Environment details
2026-10-03T15:11:37.4564706Z node: v24.21.0
2026-10-03T15:11:37.4564932Z npm: 11.19.0
2026-10-03T15:11:37.4565339Z yarn: 1.22.22
2026-10-03T15:11:37.4566420Z ##[endgroup]
2026-10-03T15:11:37.4599684Z [command]/home/runner/setup-pnpm/node_modules/.bin/pnpm store path --silent
2026-10-03T15:11:38.1528370Z /home/runner/setup-pnpm/node_modules/.bin/store/v11
2026-10-03T15:11:38.4116017Z Cache hit for: node-cache-Linux-x64-pnpm-970ff90c8c5b62d936b78a56179f81cdf02982feb14381f8bba791078d20d9fe
2026-10-03T15:11:38.4197208Z (node:2111) [DEP0169] DeprecationWarning: `url.parse()` behavior is not standardized and prone to errors that have security implications. Use the WHATWG URL API instead. CVEs are not issued for `url.parse()` vulnerabilities.
2026-10-03T15:11:39.6347611Z Received 25165824 of 118816928 (21.2%), 24.0 MBs/sec
2026-10-03T15:11:40.1590292Z Received 118816928 of 118816928 (100.0%), 74.4 MBs/sec
2026-10-03T15:11:40.1591033Z Cache Size: ~113 MB (118816928 B)
2026-10-03T15:11:40.1640323Z [command]/usr/bin/tar -xf /home/runner/work/_temp/7ae4a33d-24ad-4780-b6c4-9c8d527583fe/cache.tzst -P -C /home/runner/work/accounting/accounting --use-compress-program unzstd
2026-10-03T15:11:41.0813118Z Cache restored successfully
2026-10-03T15:11:41.0874514Z Cache restored from key: node-cache-Linux-x64-pnpm-970ff90c8c5b62d936b78a56179f81cdf02982feb14381f8bba791078d20d9fe
2026-10-03T15:11:41.1025370Z ##[group]Run pnpm install --frozen-lockfile
2026-10-03T15:11:41.1025738Z [36;1mpnpm install --frozen-lockfile[0m
2026-10-03T15:11:41.1255086Z shell: /usr/bin/bash -e {0}
2026-10-03T15:11:41.1255310Z env:
2026-10-03T15:11:41.1255544Z   PNPM_HOME: /home/runner/setup-pnpm/node_modules/.bin
2026-10-03T15:11:41.1255814Z ##[endgroup]
2026-10-03T15:11:41.8320590Z ? Verifying lockfile against supply-chain policies (367 entries)...
2026-10-03T15:11:41.8377702Z Lockfile is up to date, resolution step is skipped
2026-10-03T15:11:41.9352951Z Progress: resolved 1, reused 0, downloaded 0, added 0
2026-10-03T15:11:41.9707596Z Packages: +249
2026-10-03T15:11:41.9712435Z ++++++++++++++++++++++++++++++++++++++++++++++++++++++++++++++++++++++++++++++++
2026-10-03T15:11:42.9397933Z Progress: resolved 249, reused 231, downloaded 0, added 0
2026-10-03T15:11:42.9699555Z Packages are hard linked from the content-addressable store to the virtual store.
2026-10-03T15:11:42.9700645Z   Content-addressable store is at: /home/runner/setup-pnpm/node_modules/.bin/store/v11
2026-10-03T15:11:42.9701523Z   Virtual store is at:             node_modules/.pnpm
2026-10-03T15:11:43.7844067Z Progress: resolved 249, reused 249, downloaded 0, added 249, done
2026-10-03T15:11:44.7846515Z ✓ Lockfile passes supply-chain policies (367 entries in 2.9s)
2026-10-03T15:11:44.8553712Z 
2026-10-03T15:11:44.8554487Z dependencies:
2026-10-03T15:11:44.8554970Z + @base-ui/react 1.7.0
2026-10-03T15:11:44.8555330Z + @shadcn/react 0.3.0
2026-10-03T15:11:44.8555706Z + @tesseract.js-data/ara 1.0.0
2026-10-03T15:11:44.8556107Z + @tesseract.js-data/eng 1.0.0
2026-10-03T15:11:44.8556481Z + class-variance-authority 0.7.1
2026-10-03T15:11:44.8556861Z + clsx 2.1.1
2026-10-03T15:11:44.8557120Z + cmdk 1.1.1
2026-10-03T15:11:44.8557376Z + date-fns 4.1.0
2026-10-03T15:11:44.8557683Z + embla-carousel-react 8.5.2
2026-10-03T15:11:44.8557998Z + exceljs 4.4.0
2026-10-03T15:11:44.8558288Z + input-otp 1.4.2
2026-10-03T15:11:44.8558565Z + jszip 3.10.1
2026-10-03T15:11:44.8558873Z + lucide-react 1.31.0
2026-10-03T15:11:44.8559158Z + react 19.2.6
2026-10-03T15:11:44.8559521Z + react-day-picker 9.8.1
2026-10-03T15:11:44.8559846Z + react-dom 19.2.6
2026-10-03T15:11:44.8560183Z + react-resizable-panels 4.5.8
2026-10-03T15:11:44.8560511Z + recharts 3.8.0
2026-10-03T15:11:44.8560788Z + saxes 5.0.1
2026-10-03T15:11:44.8560995Z + tailwind-merge 3.6.0
2026-10-03T15:11:44.8561203Z + tesseract.js 7.0.0
2026-10-03T15:11:44.8561406Z + tw-animate-css 1.4.0
2026-10-03T15:11:44.8561654Z + unpdf 1.8.1
2026-10-03T15:11:44.8561755Z 
2026-10-03T15:11:44.8561836Z devDependencies:
2026-10-03T15:11:44.8562040Z + @tailwindcss/postcss 4.2.1
2026-10-03T15:11:44.8562459Z + @types/node 22.19.19
2026-10-03T15:11:44.8562710Z + @types/react 19.2.14
2026-10-03T15:11:44.8562904Z + @types/react-dom 19.2.3
2026-10-03T15:11:44.8563124Z + @vitejs/plugin-react 6.0.2
2026-10-03T15:11:44.8563330Z + oxfmt 0.61.0
2026-10-03T15:11:44.8563499Z + oxlint 1.76.0
2026-10-03T15:11:44.8563701Z + oxlint-tsgolint 7.0.2001
2026-10-03T15:11:44.8563906Z + playwright 1.62.1
2026-10-03T15:11:44.8564094Z + tailwindcss 4.2.1
2026-10-03T15:11:44.8564273Z + typescript 5.9.3
2026-10-03T15:11:44.8564453Z + vite 8.0.16
2026-10-03T15:11:44.8564545Z 
2026-10-03T15:11:44.8891460Z Done in 3.7s using pnpm v11.19.0
2026-10-03T15:11:44.9371744Z ##[group]Run pnpm test:mutations
2026-10-03T15:11:44.9372022Z [36;1mpnpm test:mutations[0m
2026-10-03T15:11:44.9427848Z shell: /usr/bin/bash -e {0}
2026-10-03T15:11:44.9428069Z env:
2026-10-03T15:11:44.9428289Z   PNPM_HOME: /home/runner/setup-pnpm/node_modules/.bin
2026-10-03T15:11:44.9428591Z   MUTATION_SHARD: 3/3
2026-10-03T15:11:44.9428772Z ##[endgroup]
2026-10-03T15:11:45.6411459Z Already up to date
2026-10-03T15:11:45.6417515Z Done in 329ms using pnpm v11.19.0
2026-10-03T15:11:45.6537598Z $ node scripts/test-mutations.mjs
2026-10-03T15:12:22.0375095Z Detected deliberate fault: p6-table-ignore-known-unassigned-crops
2026-10-03T15:12:40.0728247Z Detected deliberate fault: p6-retain-manual-region-review-after-edit
2026-10-03T15:12:57.9273869Z Detected deliberate fault: p6-accept-outside-image-manual-region
2026-10-03T15:13:16.3953108Z Detected deliberate fault: p6-retain-reviewed-status-after-value-edit
2026-10-03T15:13:34.2701450Z Detected deliberate fault: f02-discard-excluded-movement-membership
2026-10-03T15:13:52.1148183Z Detected deliberate fault: partial-drop-reading-issue-details-from-export
2026-10-03T15:14:11.6864693Z Detected deliberate fault: partial-ignore-isolated-error-membership
2026-10-03T15:14:30.2193373Z Detected deliberate fault: p4-silently-stop-after-twenty-pages
2026-10-03T15:14:48.9363834Z Detected deliberate fault: p2-waive-voucher-conflicts-without-a-certified-document-partition
2026-10-03T15:15:07.3813048Z Detected deliberate fault: p2-let-an-exact-payment-consume-a-group-member-first
2026-10-03T15:15:25.7413543Z Detected deliberate fault: p2-ignore-whole-group-date-span
2026-10-03T15:15:43.7904292Z Detected deliberate fault: p1-accept-formula-or-spreadsheet-error-reference-text
2026-10-03T15:16:02.2236328Z Detected deliberate fault: p1-disable-document-pair-resolution
2026-10-03T15:16:20.1181175Z Detected deliberate fault: p1-ignore-unsafe-discriminator-competitors
2026-10-03T15:16:38.1099506Z Detected deliberate fault: p1-restore-a-rejected-document-pair
2026-10-03T15:16:56.2310208Z Detected deliberate fault: 047-reuse-format-choice-across-context
2026-10-03T15:17:14.3352500Z Detected deliberate fault: hard-t01-read-any-label-ending-in-invoice
2026-10-03T15:17:32.7569913Z Detected deliberate fault: v11-let-stripes-hide-text
2026-10-03T15:17:51.1411265Z Detected deliberate fault: hard-s01-drop-a-source-without-a-role
2026-10-03T15:18:09.5471812Z Detected deliberate fault: v11-take-a-document-number-equal-to-the-order-as-proof
2026-10-03T15:18:27.9456623Z Detected deliberate fault: v11-let-a-document-number-outvote-the-chosen-references
2026-10-03T15:18:46.2027665Z Detected deliberate fault: v11-leave-blocked-exact-pairs-as-unrelated-rows
2026-10-03T15:19:04.5402908Z Detected deliberate fault: 045-ignore-declared-aging-report
2026-10-03T15:19:22.9035108Z Detected deliberate fault: 045-concatenate-conflicting-xlsx-cell-payloads
2026-10-03T15:19:41.2199887Z Detected deliberate fault: reuse-an-ai-column-proposal-after-settings-change
2026-10-03T15:19:59.3322144Z Detected deliberate fault: skip-an-earlier-table-for-a-richer-later-header
2026-10-03T15:20:17.5091903Z Detected deliberate fault: ignore-xlsx-overwritten-cell-addresses
2026-10-03T15:20:35.7343224Z Detected deliberate fault: reject-supported-multisheet-workpapers
2026-10-03T15:20:54.1201810Z Detected deliberate fault: count-total-rows-as-transactions
2026-10-03T15:21:12.7165773Z Detected deliberate fault: automatically-match-with-unread-potential-duplicates
2026-10-03T15:21:31.6263950Z Detected deliberate fault: prove-direction-from-a-single-movement
2026-10-03T15:21:47.3280570Z Detected deliberate fault: reverse-source-sign
2026-10-03T15:22:06.7258660Z Detected deliberate fault: ignore-reference-duplicates
2026-10-03T15:22:24.9701123Z Detected deliberate fault: typed-short-disable-required-positive-proof
2026-10-03T15:22:43.0404676Z Detected deliberate fault: typed-short-ignore-canonical-type-sign
2026-10-03T15:23:00.9227304Z Detected deliberate fault: typed-short-use-original-invoice-number-as-credit-note-number
2026-10-03T15:23:18.9530390Z Detected deliberate fault: f03-promote-related-invoice-discriminator
2026-10-03T15:23:37.6252438Z Detected deliberate fault: f03-silent-unmatched-unverified-identity
2026-10-03T15:23:56.1436994Z Detected deliberate fault: p5-bypass-canonical-explanation-check
2026-10-03T15:24:14.2425427Z Detected deliberate fault: p5-disable-utf8-evidence-budget
2026-10-03T15:24:32.2650439Z Detected deliberate fault: corrupt-exported-amount
2026-10-03T15:24:32.3935582Z {
2026-10-03T15:24:32.3935900Z   "baselinePassed": true,
2026-10-03T15:24:32.3936215Z   "detected": 41,
2026-10-03T15:24:32.3936459Z   "total": 41,
2026-10-03T15:24:32.3936705Z   "available": 123,
2026-10-03T15:24:32.3936960Z   "shard": {
2026-10-03T15:24:32.3937190Z     "index": 3,
2026-10-03T15:24:32.3937418Z     "count": 3
2026-10-03T15:24:32.3937661Z   },
2026-10-03T15:24:32.3937896Z   "mutations": [
2026-10-03T15:24:32.3938140Z     {
2026-10-03T15:24:32.3938537Z       "mutation": "p6-table-ignore-known-unassigned-crops",
2026-10-03T15:24:32.3939000Z       "detected": true
2026-10-03T15:24:32.3939283Z     },
2026-10-03T15:24:32.3939846Z     {
2026-10-03T15:24:32.3940246Z       "mutation": "p6-retain-manual-region-review-after-edit",
2026-10-03T15:24:32.3940662Z       "detected": true
2026-10-03T15:24:32.3940934Z     },
2026-10-03T15:24:32.3941203Z     {
2026-10-03T15:24:32.3941571Z       "mutation": "p6-accept-outside-image-manual-region",
2026-10-03T15:24:32.3942015Z       "detected": true
2026-10-03T15:24:32.3942435Z     },
2026-10-03T15:24:32.3942660Z     {
2026-10-03T15:24:32.3943068Z       "mutation": "p6-retain-reviewed-status-after-value-edit",
2026-10-03T15:24:32.3943523Z       "detected": true
2026-10-03T15:24:32.3943771Z     },
2026-10-03T15:24:32.3944013Z     {
2026-10-03T15:24:32.3944398Z       "mutation": "f02-discard-excluded-movement-membership",
2026-10-03T15:24:32.3944847Z       "detected": true
2026-10-03T15:24:32.3945097Z     },
2026-10-03T15:24:32.3945328Z     {
2026-10-03T15:24:32.3945727Z       "mutation": "partial-drop-reading-issue-details-from-export",
2026-10-03T15:24:32.3946183Z       "detected": true
2026-10-03T15:24:32.3946482Z     },
2026-10-03T15:24:32.3946691Z     {
2026-10-03T15:24:32.3947077Z       "mutation": "partial-ignore-isolated-error-membership",
2026-10-03T15:24:32.3947507Z       "detected": true
2026-10-03T15:24:32.3947772Z     },
2026-10-03T15:24:32.3947987Z     {
2026-10-03T15:24:32.3948329Z       "mutation": "p4-silently-stop-after-twenty-pages",
2026-10-03T15:24:32.3948706Z       "detected": true
2026-10-03T15:24:32.3948977Z     },
2026-10-03T15:24:32.3949197Z     {
2026-10-03T15:24:32.3949713Z       "mutation": "p2-waive-voucher-conflicts-without-a-certified-document-partition",
2026-10-03T15:24:32.3950316Z       "detected": true
2026-10-03T15:24:32.3950589Z     },
2026-10-03T15:24:32.3950817Z     {
2026-10-03T15:24:32.3951262Z       "mutation": "p2-let-an-exact-payment-consume-a-group-member-first",
2026-10-03T15:24:32.3951796Z       "detected": true
2026-10-03T15:24:32.3952077Z     },
2026-10-03T15:24:32.3952443Z     {
2026-10-03T15:24:32.3952787Z       "mutation": "p2-ignore-whole-group-date-span",
2026-10-03T15:24:32.3953185Z       "detected": true
2026-10-03T15:24:32.3953449Z     },
2026-10-03T15:24:32.3953661Z     {
2026-10-03T15:24:32.3954096Z       "mutation": "p1-accept-formula-or-spreadsheet-error-reference-text",
2026-10-03T15:24:32.3954589Z       "detected": true
2026-10-03T15:24:32.3954870Z     },
2026-10-03T15:24:32.3955093Z     {
2026-10-03T15:24:32.3955425Z       "mutation": "p1-disable-document-pair-resolution",
2026-10-03T15:24:32.3955828Z       "detected": true
2026-10-03T15:24:32.3956099Z     },
2026-10-03T15:24:32.3956321Z     {
2026-10-03T15:24:32.3956703Z       "mutation": "p1-ignore-unsafe-discriminator-competitors",
2026-10-03T15:24:32.3957106Z       "detected": true
2026-10-03T15:24:32.3957460Z     },
2026-10-03T15:24:32.3957734Z     {
2026-10-03T15:24:32.3958073Z       "mutation": "p1-restore-a-rejected-document-pair",
2026-10-03T15:24:32.3958684Z       "detected": true
2026-10-03T15:24:32.3958958Z     },
2026-10-03T15:24:32.3959167Z     {
2026-10-03T15:24:32.3959530Z       "mutation": "047-reuse-format-choice-across-context",
2026-10-03T15:24:32.3959956Z       "detected": true
2026-10-03T15:24:32.3960224Z     },
2026-10-03T15:24:32.3960432Z     {
2026-10-03T15:24:32.3960809Z       "mutation": "hard-t01-read-any-label-ending-in-invoice",
2026-10-03T15:24:32.3961235Z       "detected": true
2026-10-03T15:24:32.3961501Z     },
2026-10-03T15:24:32.3961718Z     {
2026-10-03T15:24:32.3962031Z       "mutation": "v11-let-stripes-hide-text",
2026-10-03T15:24:32.3962610Z       "detected": true
2026-10-03T15:24:32.3962882Z     },
2026-10-03T15:24:32.3963089Z     {
2026-10-03T15:24:32.3963444Z       "mutation": "hard-s01-drop-a-source-without-a-role",
2026-10-03T15:24:32.3963854Z       "detected": true
2026-10-03T15:24:32.3964120Z     },
2026-10-03T15:24:32.3964351Z     {
2026-10-03T15:24:32.3964800Z       "mutation": "v11-take-a-document-number-equal-to-the-order-as-proof",
2026-10-03T15:24:32.3965297Z       "detected": true
2026-10-03T15:24:32.3965560Z     },
2026-10-03T15:24:32.3965942Z     {
2026-10-03T15:24:32.3966414Z       "mutation": "v11-let-a-document-number-outvote-the-chosen-references",
2026-10-03T15:24:32.3966943Z       "detected": true
2026-10-03T15:24:32.3967196Z     },
2026-10-03T15:24:32.3967403Z     {
2026-10-03T15:24:32.3967806Z       "mutation": "v11-leave-blocked-exact-pairs-as-unrelated-rows",
2026-10-03T15:24:32.3968236Z       "detected": true
2026-10-03T15:24:32.3968493Z     },
2026-10-03T15:24:32.3968708Z     {
2026-10-03T15:24:32.3969017Z       "mutation": "045-ignore-declared-aging-report",
2026-10-03T15:24:32.3969402Z       "detected": true
2026-10-03T15:24:32.3969678Z     },
2026-10-03T15:24:32.3969885Z     {
2026-10-03T15:24:32.3970335Z       "mutation": "045-concatenate-conflicting-xlsx-cell-payloads",
2026-10-03T15:24:32.3970819Z       "detected": true
2026-10-03T15:24:32.3971066Z     },
2026-10-03T15:24:32.3971283Z     {
2026-10-03T15:24:32.3971642Z       "mutation": "reuse-an-ai-column-proposal-after-settings-change",
2026-10-03T15:24:32.3971965Z       "detected": true
2026-10-03T15:24:32.3972378Z     },
2026-10-03T15:24:32.3972572Z     {
2026-10-03T15:24:32.3972843Z       "mutation": "skip-an-earlier-table-for-a-richer-later-header",
2026-10-03T15:24:32.3973138Z       "detected": true
2026-10-03T15:24:32.3973312Z     },
2026-10-03T15:24:32.3973463Z     {
2026-10-03T15:24:32.3973691Z       "mutation": "ignore-xlsx-overwritten-cell-addresses",
2026-10-03T15:24:32.3973953Z       "detected": true
2026-10-03T15:24:32.3974131Z     },
2026-10-03T15:24:32.3974279Z     {
2026-10-03T15:24:32.3974511Z       "mutation": "reject-supported-multisheet-workpapers",
2026-10-03T15:24:32.3974768Z       "detected": true
2026-10-03T15:24:32.3974942Z     },
2026-10-03T15:24:32.3975090Z     {
2026-10-03T15:24:32.3975305Z       "mutation": "count-total-rows-as-transactions",
2026-10-03T15:24:32.3975555Z       "detected": true
2026-10-03T15:24:32.3975726Z     },
2026-10-03T15:24:32.3975875Z     {
2026-10-03T15:24:32.3976150Z       "mutation": "automatically-match-with-unread-potential-duplicates",
2026-10-03T15:24:32.3976457Z       "detected": true
2026-10-03T15:24:32.3976621Z     },
2026-10-03T15:24:32.3976766Z     {
2026-10-03T15:24:32.3976994Z       "mutation": "prove-direction-from-a-single-movement",
2026-10-03T15:24:32.3977246Z       "detected": true
2026-10-03T15:24:32.3977409Z     },
2026-10-03T15:24:32.3977555Z     {
2026-10-03T15:24:32.3977739Z       "mutation": "reverse-source-sign",
2026-10-03T15:24:32.3977952Z       "detected": true
2026-10-03T15:24:32.3978120Z     },
2026-10-03T15:24:32.3978262Z     {
2026-10-03T15:24:32.3978459Z       "mutation": "ignore-reference-duplicates",
2026-10-03T15:24:32.3978692Z       "detected": true
2026-10-03T15:24:32.3978860Z     },
2026-10-03T15:24:32.3979001Z     {
2026-10-03T15:24:32.3979243Z       "mutation": "typed-short-disable-required-positive-proof",
2026-10-03T15:24:32.3979519Z       "detected": true
2026-10-03T15:24:32.3979900Z     },
2026-10-03T15:24:32.3980119Z     {
2026-10-03T15:24:32.3980543Z       "mutation": "typed-short-ignore-canonical-type-sign",
2026-10-03T15:24:32.3980810Z       "detected": true
2026-10-03T15:24:32.3980975Z     },
2026-10-03T15:24:32.3981118Z     {
2026-10-03T15:24:32.3981429Z       "mutation": "typed-short-use-original-invoice-number-as-credit-note-number",
2026-10-03T15:24:32.3981758Z       "detected": true
2026-10-03T15:24:32.3981921Z     },
2026-10-03T15:24:32.3982067Z     {
2026-10-03T15:24:32.3982547Z       "mutation": "f03-promote-related-invoice-discriminator",
2026-10-03T15:24:32.3982824Z       "detected": true
2026-10-03T15:24:32.3983010Z     },
2026-10-03T15:24:32.3983160Z     {
2026-10-03T15:24:32.3983392Z       "mutation": "f03-silent-unmatched-unverified-identity",
2026-10-03T15:24:32.3983649Z       "detected": true
2026-10-03T15:24:32.3983816Z     },
2026-10-03T15:24:32.3983957Z     {
2026-10-03T15:24:32.3984209Z       "mutation": "p5-bypass-canonical-explanation-check",
2026-10-03T15:24:32.3984478Z       "detected": true
2026-10-03T15:24:32.3984645Z     },
2026-10-03T15:24:32.3984793Z     {
2026-10-03T15:24:32.3985120Z       "mutation": "p5-disable-utf8-evidence-budget",
2026-10-03T15:24:32.3985358Z       "detected": true
2026-10-03T15:24:32.3985523Z     },
2026-10-03T15:24:32.3985672Z     {
2026-10-03T15:24:32.3985861Z       "mutation": "corrupt-exported-amount",
2026-10-03T15:24:32.3986079Z       "detected": true
2026-10-03T15:24:32.3986245Z     }
2026-10-03T15:24:32.3986390Z   ]
2026-10-03T15:24:32.3986536Z }
2026-10-03T15:24:32.4166247Z Post job cleanup.
2026-10-03T15:24:32.5152054Z (node:24611) [DEP0040] DeprecationWarning: The `punycode` module is deprecated. Please use a userland alternative instead.
2026-10-03T15:24:32.5153216Z (Use `node --trace-deprecation ...` to show where the warning was created)
2026-10-03T15:24:32.5154784Z Cache hit occurred on the primary key node-cache-Linux-x64-pnpm-970ff90c8c5b62d936b78a56179f81cdf02982feb14381f8bba791078d20d9fe, not saving cache.
2026-10-03T15:24:32.5244091Z Post job cleanup.
2026-10-03T15:24:32.6446127Z Pruning is unnecessary.
2026-10-03T15:24:32.6605979Z Post job cleanup.
2026-10-03T15:24:32.7366800Z [command]/usr/bin/git version
2026-10-03T15:24:32.7412922Z git version 2.55.0
2026-10-03T15:24:32.7448676Z Temporarily overriding HOME='/home/runner/work/_temp/cebbc1b1-7ace-4752-86e9-5b4b6c54beeb' before making global git config changes
2026-10-03T15:24:32.7464381Z Adding repository directory to the temporary git global config as a safe directory
2026-10-03T15:24:32.7465562Z [command]/usr/bin/git config --global --add safe.directory /home/runner/work/accounting/accounting
2026-10-03T15:24:32.7499364Z [command]/usr/bin/git config --local --name-only --get-regexp core\.sshCommand
2026-10-03T15:24:32.7544754Z [command]/usr/bin/git submodule foreach --recursive sh -c "git config --local --name-only --get-regexp 'core\.sshCommand' && git config --local --unset-all 'core.sshCommand' || :"
2026-10-03T15:24:32.7803233Z [command]/usr/bin/git config --local --name-only --get-regexp http\.https\:\/\/github\.com\/\.extraheader
2026-10-03T15:24:32.7842060Z http.https://github.com/.extraheader
2026-10-03T15:24:32.7852530Z [command]/usr/bin/git config --local --unset-all http.https://github.com/.extraheader
2026-10-03T15:24:32.7890686Z [command]/usr/bin/git submodule foreach --recursive sh -c "git config --local --name-only --get-regexp 'http\.https\:\/\/github\.com\/\.extraheader' && git config --local --unset-all 'http.https://github.com/.extraheader' || :"
2026-10-03T15:24:32.8167642Z [command]/usr/bin/git config --local --name-only --get-regexp ^includeIf\.gitdir:
2026-10-03T15:24:32.8227552Z [command]/usr/bin/git submodule foreach --recursive git config --local --show-origin --name-only --get-regexp remote.origin.url
2026-10-03T15:24:32.8609851Z Cleaning up orphan processes
2026-10-03T15:24:32.8875029Z ##[warning]Node.js 20 is deprecated. The following actions target Node.js 20 but are being forced to run on Node.js 24: actions/checkout@11d5960a326750d5838078e36cf38b85af677262, actions/setup-node@49933ea5288caeca8642d1e84afbd3f7d6820020, pnpm/action-setup@b906affcce14559ad1aafd4ab0e942779e9f58b1. For more information see: https://github.blog/changelog/2025-09-19-deprecation-of-node-20-on-github-actions-runners/
