{"id":"sar-on-page","rows":5,"pages":1,"currentBoundary":"qualified unsupported","failures":[]}
{"id":"sar-cross-page","rows":7,"pages":2,"currentBoundary":"qualified unsupported","failures":[]}
{"id":"sar-own-reference","rows":5,"pages":1,"currentBoundary":"qualified unsupported","failures":[]}
{"id":"jpy-on-page","rows":5,"pages":1,"currentBoundary":"qualified unsupported","failures":[]}
{"id":"jpy-cross-page","rows":7,"pages":2,"currentBoundary":"qualified unsupported","failures":[]}
{"id":"jpy-own-reference","rows":5,"pages":1,"currentBoundary":"qualified unsupported","failures":[]}
{"id":"kwd-on-page","rows":5,"pages":1,"currentBoundary":"qualified unsupported","failures":[]}
{"id":"kwd-cross-page","rows":7,"pages":2,"currentBoundary":"qualified unsupported","failures":[]}
{"id":"kwd-own-reference","rows":5,"pages":1,"currentBoundary":"qualified unsupported","failures":[]}
{"id":"changed-page-currency","rows":6,"pages":2,"currentBoundary":"qualified unsupported","failures":[]}
{"id":"missing-page-qualification","rows":6,"pages":2,"currentBoundary":"qualified unsupported","failures":[]}
{"id":"contradictory-currency-row","rows":4,"pages":1,"currentBoundary":"qualified unsupported","failures":[]}
{"id":"double-currency-header","rows":3,"pages":1,"currentBoundary":"qualified unsupported","failures":[]}
{"id":"unknown-currency-header","rows":3,"pages":1,"currentBoundary":"qualified unsupported","failures":[]}
{"id":"lowercase-qualifier","rows":3,"pages":1,"currentBoundary":"qualified unsupported","failures":[]}
{"id":"symbol-qualifier","rows":3,"pages":1,"currentBoundary":"qualified unsupported","failures":[]}
{"id":"ambiguous-qualifier","rows":3,"pages":1,"currentBoundary":"qualified unsupported","failures":[]}
{"id":"jpy-fractional","rows":4,"pages":1,"currentBoundary":"qualified unsupported","failures":[]}
{"id":"sar-excess-fraction","rows":4,"pages":1,"currentBoundary":"qualified unsupported","failures":[]}
{"id":"kwd-excess-fraction","rows":4,"pages":1,"currentBoundary":"qualified unsupported","failures":[]}
{"id":"late-corrupt-amount","rows":4,"pages":1,"currentBoundary":"qualified unsupported","failures":[]}
{"id":"changed-page-reference-role","rows":6,"pages":2,"currentBoundary":"qualified unsupported","failures":[]}
{"id":"extra-balance-column","rows":3,"pages":1,"currentBoundary":"qualified unsupported","failures":[]}
{"id":"missing-continuation","rows":5,"pages":2,"currentBoundary":"qualified unsupported","failures":[]}
{"id":"late-unknown-row","rows":5,"pages":1,"currentBoundary":"qualified unsupported","failures":[]}
{"id":"bare-existing-family","rows":3,"pages":1,"currentBoundary":"legacy accepted","failures":[]}
{"id":"description-code-only","rows":3,"pages":1,"currentBoundary":"legacy accepted","failures":[]}
{"outcome":"PASS","checks":119,"failures":[]}
