2026-10-05T21:14:20.4815771Z Current runner version: '2.337.0'
2026-10-05T21:14:20.4832908Z ##[group]Runner Image Provisioner
2026-10-05T21:14:20.4833416Z Hosted Compute Agent
2026-10-05T21:14:20.4833818Z Version: 20260901.588
2026-10-05T21:14:20.4834217Z Commit: f88ec8081b781fac6c440065ac7ff9e710ce3d0b
2026-10-05T21:14:20.4834688Z Build Date: 2026-09-01T19:56:44Z
2026-10-05T21:14:20.4835085Z Worker ID: {8e553cf7-a783-443e-93a6-d219cd7a74b0}
2026-10-05T21:14:20.4835489Z Azure Region: centralus
2026-10-05T21:14:20.4835859Z ##[endgroup]
2026-10-05T21:14:20.4836847Z ##[group]Operating System
2026-10-05T21:14:20.4837185Z Ubuntu
2026-10-05T21:14:20.4837537Z 24.04.5
2026-10-05T21:14:20.4837834Z LTS
2026-10-05T21:14:20.4838157Z ##[endgroup]
2026-10-05T21:14:20.4838516Z ##[group]Runner Image
2026-10-05T21:14:20.4838867Z Image: ubuntu-24.04
2026-10-05T21:14:20.4839235Z Version: 20260927.320.1
2026-10-05T21:14:20.4839950Z Included Software: https://github.com/actions/runner-images/blob/ubuntu24/20260927.320/images/ubuntu/Ubuntu2404-Readme.md
2026-10-05T21:14:20.4840839Z Image Release: https://github.com/actions/runner-images/releases/tag/ubuntu24%2F20260927.320
2026-10-05T21:14:20.4841370Z ##[endgroup]
2026-10-05T21:14:20.4842017Z ##[group]GITHUB_TOKEN Permissions
2026-10-05T21:14:20.4843110Z Metadata: read
2026-10-05T21:14:20.4843527Z Pages: write
2026-10-05T21:14:20.4843844Z ##[endgroup]
2026-10-05T21:14:20.4845085Z Secret source: Actions
2026-10-05T21:14:20.4845622Z Cache mode: write
2026-10-05T21:14:20.4846104Z Prepare workflow directory
2026-10-05T21:14:20.5062244Z Prepare all required actions
2026-10-05T21:14:20.5094443Z Getting action download info
2026-10-05T21:14:20.7199239Z Download action repository 'actions/deploy-pages@d6db90164ac5ed86f2b6aed7e0febac5b3c0c03e' (SHA:d6db90164ac5ed86f2b6aed7e0febac5b3c0c03e)
2026-10-05T21:14:24.6477696Z Complete job name: deploy
2026-10-05T21:14:24.6961863Z ##[group]Run actions/deploy-pages@d6db90164ac5ed86f2b6aed7e0febac5b3c0c03e
2026-10-05T21:14:24.6962234Z with:
2026-10-05T21:14:24.6963541Z   token: ***
2026-10-05T21:14:24.6963701Z   timeout: 600000
2026-10-05T21:14:24.6963842Z   error_count: 10
2026-10-05T21:14:24.6963987Z   reporting_interval: 5000
2026-10-05T21:14:24.6964152Z   artifact_name: github-pages
2026-10-05T21:14:24.6964308Z   preview: false
2026-10-05T21:14:24.6964506Z ##[endgroup]
2026-10-05T21:14:24.8137433Z (node:1969) [DEP0040] DeprecationWarning: The `punycode` module is deprecated. Please use a userland alternative instead.
2026-10-05T21:14:24.8138104Z (Use `node --trace-deprecation ...` to show where the warning was created)
2026-10-05T21:14:25.0387857Z Fetching artifact metadata for "github-pages" in this workflow run
2026-10-05T21:14:25.1878350Z Found 6 artifact(s)
2026-10-05T21:14:25.1887264Z Creating Pages deployment with payload:
2026-10-05T21:14:25.1887604Z {
2026-10-05T21:14:25.1887928Z 	"artifact_id": 11370015633,
2026-10-05T21:14:25.1888181Z 	"pages_build_version": "1f9acf618c951be27336afc130fb526ddec99a8e",
2026-10-05T21:14:25.1907822Z 	"oidc_token": "***"
2026-10-05T21:14:25.1907983Z }
2026-10-05T21:14:26.6733069Z Created deployment for 1f9acf618c951be27336afc130fb526ddec99a8e, ID: 1f9acf618c951be27336afc130fb526ddec99a8e
2026-10-05T21:14:31.6743959Z Getting Pages deployment status...
2026-10-05T21:14:31.8931326Z Reported success!
2026-10-05T21:14:31.9163673Z Evaluate and set environment url
2026-10-05T21:14:31.9167557Z Evaluated environment url: https://mjodshamrani-ux.github.io/accounting/
2026-10-05T21:14:31.9168218Z Cleaning up orphan processes
2026-10-05T21:14:31.9352773Z ##[warning]Node.js 20 is deprecated. The following actions target Node.js 20 but are being forced to run on Node.js 24: actions/deploy-pages@d6db90164ac5ed86f2b6aed7e0febac5b3c0c03e. For more information see: https://github.blog/changelog/2025-09-19-deprecation-of-node-20-on-github-actions-runners/

