2026-10-05T20:31:59.7260560Z Current runner version: '2.337.0'
2026-10-05T20:31:59.7282920Z ##[group]Runner Image Provisioner
2026-10-05T20:31:59.7283687Z Hosted Compute Agent
2026-10-05T20:31:59.7284288Z Version: 20260901.588
2026-10-05T20:31:59.7284904Z Commit: f88ec8081b781fac6c440065ac7ff9e710ce3d0b
2026-10-05T20:31:59.7285569Z Build Date: 2026-09-01T19:56:44Z
2026-10-05T20:31:59.7286143Z Worker ID: {3ac687b5-479f-41aa-acb4-5e8171da7598}
2026-10-05T20:31:59.7286730Z Azure Region: westus3
2026-10-05T20:31:59.7287272Z ##[endgroup]
2026-10-05T20:31:59.7288476Z ##[group]Operating System
2026-10-05T20:31:59.7288977Z Ubuntu
2026-10-05T20:31:59.7289488Z 24.04.5
2026-10-05T20:31:59.7289922Z LTS
2026-10-05T20:31:59.7290409Z ##[endgroup]
2026-10-05T20:31:59.7290888Z ##[group]Runner Image
2026-10-05T20:31:59.7291409Z Image: ubuntu-24.04
2026-10-05T20:31:59.7292142Z Version: 20260927.320.1
2026-10-05T20:31:59.7293212Z Included Software: https://github.com/actions/runner-images/blob/ubuntu24/20260927.320/images/ubuntu/Ubuntu2404-Readme.md
2026-10-05T20:31:59.7294460Z Image Release: https://github.com/actions/runner-images/releases/tag/ubuntu24%2F20260927.320
2026-10-05T20:31:59.7295636Z ##[endgroup]
2026-10-05T20:31:59.7296580Z ##[group]GITHUB_TOKEN Permissions
2026-10-05T20:31:59.7298425Z Contents: read
2026-10-05T20:31:59.7299000Z Metadata: read
2026-10-05T20:31:59.7299451Z ##[endgroup]
2026-10-05T20:31:59.7301323Z Secret source: Actions
2026-10-05T20:31:59.7302371Z Cache mode: write
2026-10-05T20:31:59.7303053Z Prepare workflow directory
2026-10-05T20:31:59.7579086Z Prepare all required actions
2026-10-05T20:31:59.7619828Z Getting action download info
2026-10-05T20:32:00.0770520Z Download action repository 'actions/checkout@11d5960a326750d5838078e36cf38b85af677262' (SHA:11d5960a326750d5838078e36cf38b85af677262)
2026-10-05T20:32:00.1822181Z Download action repository 'pnpm/action-setup@b906affcce14559ad1aafd4ab0e942779e9f58b1' (SHA:b906affcce14559ad1aafd4ab0e942779e9f58b1)
2026-10-05T20:32:01.0754098Z Download action repository 'actions/setup-node@49933ea5288caeca8642d1e84afbd3f7d6820020' (SHA:49933ea5288caeca8642d1e84afbd3f7d6820020)
2026-10-05T20:32:01.4081185Z Complete job name: Accounting mutation gate (3/6)
2026-10-05T20:32:01.4863161Z ##[group]Run actions/checkout@11d5960a326750d5838078e36cf38b85af677262
2026-10-05T20:32:01.4864805Z with:
2026-10-05T20:32:01.4865424Z   repository: mjodshamrani-ux/accounting
2026-10-05T20:32:01.4872342Z   token: ***
2026-10-05T20:32:01.4872910Z   ssh-strict: true
2026-10-05T20:32:01.4873548Z   ssh-user: git
2026-10-05T20:32:01.4874134Z   persist-credentials: true
2026-10-05T20:32:01.4874789Z   clean: true
2026-10-05T20:32:01.4875374Z   sparse-checkout-cone-mode: true
2026-10-05T20:32:01.4876084Z   fetch-depth: 1
2026-10-05T20:32:01.4876652Z   fetch-tags: false
2026-10-05T20:32:01.4877237Z   show-progress: true
2026-10-05T20:32:01.4877834Z   lfs: false
2026-10-05T20:32:01.4878386Z   submodules: false
2026-10-05T20:32:01.4878972Z   set-safe-directory: true
2026-10-05T20:32:01.4879655Z   allow-unsafe-pr-checkout: false
2026-10-05T20:32:01.4880650Z ##[endgroup]
2026-10-05T20:32:01.5792137Z Syncing repository: mjodshamrani-ux/accounting
2026-10-05T20:32:01.5794524Z ##[group]Getting Git version info
2026-10-05T20:32:01.5795590Z Working directory is '/home/runner/work/accounting/accounting'
2026-10-05T20:32:01.5796938Z [command]/usr/bin/git version
2026-10-05T20:32:01.5869776Z git version 2.55.0
2026-10-05T20:32:01.5877035Z ##[endgroup]
2026-10-05T20:32:01.5891414Z Temporarily overriding HOME='/home/runner/work/_temp/82fc5733-e433-4af1-b107-a31cc76719e1' before making global git config changes
2026-10-05T20:32:01.5895075Z Adding repository directory to the temporary git global config as a safe directory
2026-10-05T20:32:01.5897866Z [command]/usr/bin/git config --global --add safe.directory /home/runner/work/accounting/accounting
2026-10-05T20:32:01.5947383Z Deleting the contents of '/home/runner/work/accounting/accounting'
2026-10-05T20:32:01.5960105Z ##[group]Initializing the repository
2026-10-05T20:32:01.5963089Z [command]/usr/bin/git init /home/runner/work/accounting/accounting
2026-10-05T20:32:01.6089550Z hint: Using 'master' as the name for the initial branch. This default branch name
2026-10-05T20:32:01.6092169Z hint: will change to "main" in Git 3.0. To configure the initial branch name
2026-10-05T20:32:01.6094054Z hint: to use in all of your new repositories, which will suppress this warning,
2026-10-05T20:32:01.6095554Z hint: call:
2026-10-05T20:32:01.6096860Z hint:
2026-10-05T20:32:01.6097930Z hint: 	git config --global init.defaultBranch <name>
2026-10-05T20:32:01.6099329Z hint:
2026-10-05T20:32:01.6100662Z hint: Names commonly chosen instead of 'master' are 'main', 'trunk' and
2026-10-05T20:32:01.6102783Z hint: 'development'. The just-created branch can be renamed via this command:
2026-10-05T20:32:01.6104355Z hint:
2026-10-05T20:32:01.6105144Z hint: 	git branch -m <name>
2026-10-05T20:32:01.6106056Z hint:
2026-10-05T20:32:01.6107394Z hint: Disable this message with "git config set advice.defaultBranchName false"
2026-10-05T20:32:01.6109560Z Initialized empty Git repository in /home/runner/work/accounting/accounting/.git/
2026-10-05T20:32:01.6113572Z [command]/usr/bin/git remote add origin https://github.com/mjodshamrani-ux/accounting
2026-10-05T20:32:01.6357178Z ##[endgroup]
2026-10-05T20:32:01.6358718Z ##[group]Disabling automatic garbage collection
2026-10-05T20:32:01.6361213Z [command]/usr/bin/git config --local gc.auto 0
2026-10-05T20:32:01.6403355Z ##[endgroup]
2026-10-05T20:32:01.6404332Z ##[group]Setting up auth
2026-10-05T20:32:01.6410302Z [command]/usr/bin/git config --local --name-only --get-regexp core\.sshCommand
2026-10-05T20:32:01.6450506Z [command]/usr/bin/git submodule foreach --recursive sh -c "git config --local --name-only --get-regexp 'core\.sshCommand' && git config --local --unset-all 'core.sshCommand' || :"
2026-10-05T20:32:01.6825778Z [command]/usr/bin/git config --local --name-only --get-regexp http\.https\:\/\/github\.com\/\.extraheader
2026-10-05T20:32:01.6861836Z [command]/usr/bin/git submodule foreach --recursive sh -c "git config --local --name-only --get-regexp 'http\.https\:\/\/github\.com\/\.extraheader' && git config --local --unset-all 'http.https://github.com/.extraheader' || :"
2026-10-05T20:32:01.7066815Z [command]/usr/bin/git config --local --name-only --get-regexp ^includeIf\.gitdir:
2026-10-05T20:32:01.7104131Z [command]/usr/bin/git submodule foreach --recursive git config --local --show-origin --name-only --get-regexp remote.origin.url
2026-10-05T20:32:01.7310210Z [command]/usr/bin/git config --local http.https://github.com/.extraheader AUTHORIZATION: basic ***
2026-10-05T20:32:01.7435343Z ##[endgroup]
2026-10-05T20:32:01.7436444Z ##[group]Fetching the repository
2026-10-05T20:32:01.7443973Z [command]/usr/bin/git -c protocol.version=2 fetch --no-tags --prune --no-recurse-submodules --depth=1 origin +1f9acf618c951be27336afc130fb526ddec99a8e:refs/remotes/origin/main
2026-10-05T20:32:04.6755405Z From https://github.com/mjodshamrani-ux/accounting
2026-10-05T20:32:04.6757186Z  * [new ref]         1f9acf618c951be27336afc130fb526ddec99a8e -> origin/main
2026-10-05T20:32:04.6760679Z ##[endgroup]
2026-10-05T20:32:04.6761861Z ##[group]Determining the checkout info
2026-10-05T20:32:04.6762895Z ##[endgroup]
2026-10-05T20:32:04.6765621Z [command]/usr/bin/git sparse-checkout disable
2026-10-05T20:32:04.6816675Z [command]/usr/bin/git config --local --unset-all extensions.worktreeConfig
2026-10-05T20:32:04.6848777Z ##[group]Checking out the ref
2026-10-05T20:32:04.6853606Z [command]/usr/bin/git checkout --progress --force -B main refs/remotes/origin/main
2026-10-05T20:32:05.0868817Z Switched to a new branch 'main'
2026-10-05T20:32:05.0884407Z branch 'main' set up to track 'origin/main'.
2026-10-05T20:32:05.0903303Z ##[endgroup]
2026-10-05T20:32:05.0946793Z [command]/usr/bin/git log -1 --format=%H
2026-10-05T20:32:05.0975476Z 1f9acf618c951be27336afc130fb526ddec99a8e
2026-10-05T20:32:05.1191078Z ##[group]Run pnpm/action-setup@b906affcce14559ad1aafd4ab0e942779e9f58b1
2026-10-05T20:32:05.1191459Z with:
2026-10-05T20:32:05.1191954Z   version: 11.19.0
2026-10-05T20:32:05.1192130Z   dest: ~/setup-pnpm
2026-10-05T20:32:05.1192307Z   run_install: null
2026-10-05T20:32:05.1192483Z   cache: false
2026-10-05T20:32:05.1192667Z   cache_dependency_path: pnpm-lock.yaml
2026-10-05T20:32:05.1192912Z   package_json_file: package.json
2026-10-05T20:32:05.1193131Z   standalone: false
2026-10-05T20:32:05.1193305Z ##[endgroup]
2026-10-05T20:32:05.2357450Z ##[group]Running self-installer...
2026-10-05T20:32:05.5616158Z (node:2094) [DEP0169] DeprecationWarning: `url.parse()` behavior is not standardized and prone to errors that have security implications. Use the WHATWG URL API instead. CVEs are not issued for `url.parse()` vulnerabilities.
2026-10-05T20:32:05.5617712Z (Use `node --trace-deprecation ...` to show where the warning was created)
2026-10-05T20:32:05.7471323Z Progress: resolved 1, reused 0, downloaded 0, added 0
2026-10-05T20:32:05.7545436Z Packages: +1
2026-10-05T20:32:05.7545917Z +
2026-10-05T20:32:06.1422445Z Progress: resolved 1, reused 0, downloaded 1, added 1, done
2026-10-05T20:32:06.1699419Z 
2026-10-05T20:32:06.1699796Z dependencies:
2026-10-05T20:32:06.1700119Z + pnpm 11.19.0 (12.9.1 is available)
2026-10-05T20:32:06.1700346Z 
2026-10-05T20:32:06.1720050Z Done in 796ms
2026-10-05T20:32:06.3385280Z ##[endgroup]
2026-10-05T20:32:06.3458169Z Installation Completed!
2026-10-05T20:32:06.3547045Z ##[group]Run actions/setup-node@49933ea5288caeca8642d1e84afbd3f7d6820020
2026-10-05T20:32:06.3547382Z with:
2026-10-05T20:32:06.3547555Z   node-version: 24
2026-10-05T20:32:06.3547745Z   cache: pnpm
2026-10-05T20:32:06.3547915Z   always-auth: false
2026-10-05T20:32:06.3548103Z   check-latest: false
2026-10-05T20:32:06.3549971Z   token: ***
2026-10-05T20:32:06.3550149Z env:
2026-10-05T20:32:06.3550379Z   PNPM_HOME: /home/runner/setup-pnpm/node_modules/.bin
2026-10-05T20:32:06.3550641Z ##[endgroup]
2026-10-05T20:32:06.4968733Z Found in cache @ /opt/hostedtoolcache/node/24.21.0/x64
2026-10-05T20:32:06.4973204Z (node:2108) [DEP0040] DeprecationWarning: The `punycode` module is deprecated. Please use a userland alternative instead.
2026-10-05T20:32:06.4973816Z (Use `node --trace-deprecation ...` to show where the warning was created)
2026-10-05T20:32:06.4975800Z ##[group]Environment details
2026-10-05T20:32:18.4489213Z node: v24.21.0
2026-10-05T20:32:18.4489456Z npm: 11.19.0
2026-10-05T20:32:18.4489837Z yarn: 1.22.22
2026-10-05T20:32:18.4491038Z ##[endgroup]
2026-10-05T20:32:18.4522826Z [command]/home/runner/setup-pnpm/node_modules/.bin/pnpm store path --silent
2026-10-05T20:32:20.3625960Z /home/runner/setup-pnpm/node_modules/.bin/store/v11
2026-10-05T20:32:20.5871520Z Cache hit for: node-cache-Linux-x64-pnpm-970ff90c8c5b62d936b78a56179f81cdf02982feb14381f8bba791078d20d9fe
2026-10-05T20:32:20.5987341Z (node:2108) [DEP0169] DeprecationWarning: `url.parse()` behavior is not standardized and prone to errors that have security implications. Use the WHATWG URL API instead. CVEs are not issued for `url.parse()` vulnerabilities.
2026-10-05T20:32:21.8151867Z Received 25165824 of 118816928 (21.2%), 24.0 MBs/sec
2026-10-05T20:32:22.3782334Z Received 118816928 of 118816928 (100.0%), 72.5 MBs/sec
2026-10-05T20:32:22.3783042Z Cache Size: ~113 MB (118816928 B)
2026-10-05T20:32:22.3809517Z [command]/usr/bin/tar -xf /home/runner/work/_temp/68df284d-98c6-4626-85b4-741e835fda04/cache.tzst -P -C /home/runner/work/accounting/accounting --use-compress-program unzstd
2026-10-05T20:32:23.2624354Z Cache restored successfully
2026-10-05T20:32:23.2678100Z Cache restored from key: node-cache-Linux-x64-pnpm-970ff90c8c5b62d936b78a56179f81cdf02982feb14381f8bba791078d20d9fe
2026-10-05T20:32:23.2842801Z ##[group]Run pnpm install --frozen-lockfile
2026-10-05T20:32:23.2843187Z [36;1mpnpm install --frozen-lockfile[0m
2026-10-05T20:32:23.4564722Z shell: /usr/bin/bash -e {0}
2026-10-05T20:32:23.4564996Z env:
2026-10-05T20:32:23.4565262Z   PNPM_HOME: /home/runner/setup-pnpm/node_modules/.bin
2026-10-05T20:32:23.4565547Z ##[endgroup]
2026-10-05T20:32:24.2986650Z ? Verifying lockfile against supply-chain policies (367 entries)...
2026-10-05T20:32:24.3046976Z Lockfile is up to date, resolution step is skipped
2026-10-05T20:32:24.4730754Z Progress: resolved 1, reused 0, downloaded 0, added 0
2026-10-05T20:32:24.5034013Z Packages: +249
2026-10-05T20:32:24.5034583Z ++++++++++++++++++++++++++++++++++++++++++++++++++++++++++++++++++++++++++++++++
2026-10-05T20:32:25.4762054Z Progress: resolved 249, reused 200, downloaded 0, added 0
2026-10-05T20:32:25.5783486Z Packages are hard linked from the content-addressable store to the virtual store.
2026-10-05T20:32:25.5816902Z   Content-addressable store is at: /home/runner/setup-pnpm/node_modules/.bin/store/v11
2026-10-05T20:32:25.5828510Z   Virtual store is at:             node_modules/.pnpm
2026-10-05T20:32:26.4758988Z Progress: resolved 249, reused 249, downloaded 0, added 181
2026-10-05T20:32:26.7330423Z Progress: resolved 249, reused 249, downloaded 0, added 249, done
2026-10-05T20:32:27.2965206Z ✓ Lockfile passes supply-chain policies (367 entries in 2.9s)
2026-10-05T20:32:27.4164234Z 
2026-10-05T20:32:27.4164904Z dependencies:
2026-10-05T20:32:27.4165215Z + @base-ui/react 1.7.0
2026-10-05T20:32:27.4165452Z + @shadcn/react 0.3.0
2026-10-05T20:32:27.4165699Z + @tesseract.js-data/ara 1.0.0
2026-10-05T20:32:27.4165976Z + @tesseract.js-data/eng 1.0.0
2026-10-05T20:32:27.4166228Z + class-variance-authority 0.7.1
2026-10-05T20:32:27.4166476Z + clsx 2.1.1
2026-10-05T20:32:27.4166650Z + cmdk 1.1.1
2026-10-05T20:32:27.4166818Z + date-fns 4.1.0
2026-10-05T20:32:27.4167029Z + embla-carousel-react 8.5.2
2026-10-05T20:32:27.4167243Z + exceljs 4.4.0
2026-10-05T20:32:27.4167469Z + input-otp 1.4.2
2026-10-05T20:32:27.4167646Z + jszip 3.10.1
2026-10-05T20:32:27.4167832Z + lucide-react 1.31.0
2026-10-05T20:32:27.4168106Z + react 19.2.6
2026-10-05T20:32:27.4168293Z + react-day-picker 9.8.1
2026-10-05T20:32:27.4168496Z + react-dom 19.2.6
2026-10-05T20:32:27.4168719Z + react-resizable-panels 4.5.8
2026-10-05T20:32:27.4168933Z + recharts 3.8.0
2026-10-05T20:32:27.4169125Z + saxes 5.0.1
2026-10-05T20:32:27.4169382Z + tailwind-merge 3.6.0
2026-10-05T20:32:27.4169589Z + tesseract.js 7.0.0
2026-10-05T20:32:27.4169784Z + tw-animate-css 1.4.0
2026-10-05T20:32:27.4169964Z + unpdf 1.8.1
2026-10-05T20:32:27.4170065Z 
2026-10-05T20:32:27.4170157Z devDependencies:
2026-10-05T20:32:27.4170355Z + @tailwindcss/postcss 4.2.1
2026-10-05T20:32:27.4170569Z + @types/node 22.19.19
2026-10-05T20:32:27.4170765Z + @types/react 19.2.14
2026-10-05T20:32:27.4170964Z + @types/react-dom 19.2.3
2026-10-05T20:32:27.4171180Z + @vitejs/plugin-react 6.0.2
2026-10-05T20:32:27.4171375Z + oxfmt 0.61.0
2026-10-05T20:32:27.4171557Z + oxlint 1.76.0
2026-10-05T20:32:27.4171974Z + oxlint-tsgolint 7.0.2001
2026-10-05T20:32:27.4172187Z + playwright 1.62.1
2026-10-05T20:32:27.4172455Z + tailwindcss 4.2.1
2026-10-05T20:32:27.4172733Z + typescript 5.9.3
2026-10-05T20:32:27.4172993Z + vite 8.0.16
2026-10-05T20:32:27.4173144Z 
2026-10-05T20:32:27.4463201Z Done in 3.9s using pnpm v11.19.0
2026-10-05T20:32:27.4964013Z ##[group]Run pnpm test:mutations
2026-10-05T20:32:27.4964286Z [36;1mpnpm test:mutations[0m
2026-10-05T20:32:27.5020554Z shell: /usr/bin/bash -e {0}
2026-10-05T20:32:27.5020774Z env:
2026-10-05T20:32:27.5020986Z   PNPM_HOME: /home/runner/setup-pnpm/node_modules/.bin
2026-10-05T20:32:27.5021242Z   MUTATION_SHARD: 3/6
2026-10-05T20:32:27.5021422Z ##[endgroup]
2026-10-05T20:32:28.3175137Z Already up to date
2026-10-05T20:32:28.3181475Z Done in 334ms using pnpm v11.19.0
2026-10-05T20:32:28.3309358Z $ node scripts/test-mutations.mjs
2026-10-05T20:33:34.1477941Z Detected deliberate fault: p6-split-ignore-source-version
2026-10-05T20:34:07.1111440Z Detected deliberate fault: p6-source-ignore-replayed-sheet-literals
2026-10-05T20:34:39.9443760Z Detected deliberate fault: p6-table-skip-coverage-fingerprint
2026-10-05T20:35:12.4703402Z Detected deliberate fault: p6-ignore-png-chunk-crc
2026-10-05T20:35:45.3894888Z Detected deliberate fault: f02-ignore-unknown-excluded-identity
2026-10-05T20:36:17.9638640Z Detected deliberate fault: partial-drop-transitive-error-impact
2026-10-05T20:36:50.3858624Z Detected deliberate fault: p2-ignore-overlapping-payment-identity-memberships
2026-10-05T20:37:23.0744571Z Detected deliberate fault: p2-approve-groups-beyond-the-member-limit
2026-10-05T20:37:56.0832990Z Detected deliberate fault: p1-grant-document-role-to-another-selected-column
2026-10-05T20:38:29.1140515Z Detected deliberate fault: 047-accept-unanswered-format-ambiguity
2026-10-05T20:39:00.5899772Z Detected deliberate fault: v11-read-carried-forward-as-a-transaction
2026-10-05T20:39:32.2916527Z Detected deliberate fault: hard-r01-rank-own-voucher-before-chosen-reference
2026-10-05T20:40:04.3048170Z Detected deliberate fault: h03-let-a-document-number-outvote-unselected-references
2026-10-05T20:40:36.1157744Z Detected deliberate fault: 045-skip-generic-account-scope-evidence
2026-10-05T20:41:07.8208992Z Detected deliberate fault: trust-stale-case-member-evidence
2026-10-05T20:41:40.0375536Z Detected deliberate fault: silently-round-original-xlsx-numeric-lexemes
2026-10-05T20:42:12.6519114Z Detected deliberate fault: drop-classified-rows-without-a-reason
2026-10-05T20:42:45.1212382Z Detected deliberate fault: reverse-proven-ap-direction
2026-10-05T20:43:17.0250892Z Detected deliberate fault: allow-unconfirmed-coverage
2026-10-05T20:43:49.3586105Z Detected deliberate fault: typed-short-allow-neighbouring-dates
2026-10-05T20:44:21.6142201Z Detected deliberate fault: f03-ai-ignore-related-invoice-contradiction
2026-10-05T20:44:53.2925548Z Detected deliberate fault: p5-drop-audit-identifier-lookup
2026-10-05T20:44:53.4293266Z {
2026-10-05T20:44:53.4293618Z   "baselinePassed": true,
2026-10-05T20:44:53.4293908Z   "detected": 22,
2026-10-05T20:44:53.4294100Z   "total": 22,
2026-10-05T20:44:53.4294454Z   "available": 134,
2026-10-05T20:44:53.4294704Z   "shard": {
2026-10-05T20:44:53.4294950Z     "index": 3,
2026-10-05T20:44:53.4295193Z     "count": 6
2026-10-05T20:44:53.4295434Z   },
2026-10-05T20:44:53.4295696Z   "mutations": [
2026-10-05T20:44:53.4295936Z     {
2026-10-05T20:44:53.4296243Z       "mutation": "p6-split-ignore-source-version",
2026-10-05T20:44:53.4296589Z       "detected": true
2026-10-05T20:44:53.4296837Z     },
2026-10-05T20:44:53.4297043Z     {
2026-10-05T20:44:53.4297364Z       "mutation": "p6-source-ignore-replayed-sheet-literals",
2026-10-05T20:44:53.4297733Z       "detected": true
2026-10-05T20:44:53.4297962Z     },
2026-10-05T20:44:53.4298164Z     {
2026-10-05T20:44:53.4298500Z       "mutation": "p6-table-skip-coverage-fingerprint",
2026-10-05T20:44:53.4298855Z       "detected": true
2026-10-05T20:44:53.4299086Z     },
2026-10-05T20:44:53.4299314Z     {
2026-10-05T20:44:53.4299601Z       "mutation": "p6-ignore-png-chunk-crc",
2026-10-05T20:44:53.4299981Z       "detected": true
2026-10-05T20:44:53.4300240Z     },
2026-10-05T20:44:53.4300470Z     {
2026-10-05T20:44:53.4300813Z       "mutation": "f02-ignore-unknown-excluded-identity",
2026-10-05T20:44:53.4301240Z       "detected": true
2026-10-05T20:44:53.4302342Z     },
2026-10-05T20:44:53.4302661Z     {
2026-10-05T20:44:53.4303075Z       "mutation": "partial-drop-transitive-error-impact",
2026-10-05T20:44:53.4303525Z       "detected": true
2026-10-05T20:44:53.4303855Z     },
2026-10-05T20:44:53.4304087Z     {
2026-10-05T20:44:53.4304557Z       "mutation": "p2-ignore-overlapping-payment-identity-memberships",
2026-10-05T20:44:53.4305091Z       "detected": true
2026-10-05T20:44:53.4305384Z     },
2026-10-05T20:44:53.4305629Z     {
2026-10-05T20:44:53.4306045Z       "mutation": "p2-approve-groups-beyond-the-member-limit",
2026-10-05T20:44:53.4306538Z       "detected": true
2026-10-05T20:44:53.4306835Z     },
2026-10-05T20:44:53.4307062Z     {
2026-10-05T20:44:53.4307544Z       "mutation": "p1-grant-document-role-to-another-selected-column",
2026-10-05T20:44:53.4308055Z       "detected": true
2026-10-05T20:44:53.4308348Z     },
2026-10-05T20:44:53.4308595Z     {
2026-10-05T20:44:53.4309005Z       "mutation": "047-accept-unanswered-format-ambiguity",
2026-10-05T20:44:53.4309703Z       "detected": true
2026-10-05T20:44:53.4309995Z     },
2026-10-05T20:44:53.4310248Z     {
2026-10-05T20:44:53.4310655Z       "mutation": "v11-read-carried-forward-as-a-transaction",
2026-10-05T20:44:53.4311123Z       "detected": true
2026-10-05T20:44:53.4311421Z     },
2026-10-05T20:44:53.4311850Z     {
2026-10-05T20:44:53.4312364Z       "mutation": "hard-r01-rank-own-voucher-before-chosen-reference",
2026-10-05T20:44:53.4312874Z       "detected": true
2026-10-05T20:44:53.4313146Z     },
2026-10-05T20:44:53.4313374Z     {
2026-10-05T20:44:53.4313883Z       "mutation": "h03-let-a-document-number-outvote-unselected-references",
2026-10-05T20:44:53.4314399Z       "detected": true
2026-10-05T20:44:53.4314683Z     },
2026-10-05T20:44:53.4314910Z     {
2026-10-05T20:44:53.4315301Z       "mutation": "045-skip-generic-account-scope-evidence",
2026-10-05T20:44:53.4315727Z       "detected": true
2026-10-05T20:44:53.4316059Z     },
2026-10-05T20:44:53.4316324Z     {
2026-10-05T20:44:53.4316700Z       "mutation": "trust-stale-case-member-evidence",
2026-10-05T20:44:53.4317119Z       "detected": true
2026-10-05T20:44:53.4317394Z     },
2026-10-05T20:44:53.4317634Z     {
2026-10-05T20:44:53.4318050Z       "mutation": "silently-round-original-xlsx-numeric-lexemes",
2026-10-05T20:44:53.4318545Z       "detected": true
2026-10-05T20:44:53.4318819Z     },
2026-10-05T20:44:53.4319056Z     {
2026-10-05T20:44:53.4319412Z       "mutation": "drop-classified-rows-without-a-reason",
2026-10-05T20:44:53.4319849Z       "detected": true
2026-10-05T20:44:53.4320102Z     },
2026-10-05T20:44:53.4320327Z     {
2026-10-05T20:44:53.4320687Z       "mutation": "reverse-proven-ap-direction",
2026-10-05T20:44:53.4321103Z       "detected": true
2026-10-05T20:44:53.4321363Z     },
2026-10-05T20:44:53.4321757Z     {
2026-10-05T20:44:53.4322049Z       "mutation": "allow-unconfirmed-coverage",
2026-10-05T20:44:53.4322456Z       "detected": true
2026-10-05T20:44:53.4322716Z     },
2026-10-05T20:44:53.4322956Z     {
2026-10-05T20:44:53.4323338Z       "mutation": "typed-short-allow-neighbouring-dates",
2026-10-05T20:44:53.4323763Z       "detected": true
2026-10-05T20:44:53.4324043Z     },
2026-10-05T20:44:53.4324304Z     {
2026-10-05T20:44:53.4324695Z       "mutation": "f03-ai-ignore-related-invoice-contradiction",
2026-10-05T20:44:53.4325130Z       "detected": true
2026-10-05T20:44:53.4325384Z     },
2026-10-05T20:44:53.4325600Z     {
2026-10-05T20:44:53.4325936Z       "mutation": "p5-drop-audit-identifier-lookup",
2026-10-05T20:44:53.4326322Z       "detected": true
2026-10-05T20:44:53.4326581Z     }
2026-10-05T20:44:53.4326809Z   ]
2026-10-05T20:44:53.4327023Z }
2026-10-05T20:44:53.4536466Z Post job cleanup.
2026-10-05T20:44:53.5567183Z (node:15118) [DEP0040] DeprecationWarning: The `punycode` module is deprecated. Please use a userland alternative instead.
2026-10-05T20:44:53.5567859Z (Use `node --trace-deprecation ...` to show where the warning was created)
2026-10-05T20:44:53.5570178Z Cache hit occurred on the primary key node-cache-Linux-x64-pnpm-970ff90c8c5b62d936b78a56179f81cdf02982feb14381f8bba791078d20d9fe, not saving cache.
2026-10-05T20:44:53.5664265Z Post job cleanup.
2026-10-05T20:44:53.6817564Z Pruning is unnecessary.
2026-10-05T20:44:53.6954693Z Post job cleanup.
2026-10-05T20:44:53.7744391Z [command]/usr/bin/git version
2026-10-05T20:44:53.7789311Z git version 2.55.0
2026-10-05T20:44:53.7831767Z Temporarily overriding HOME='/home/runner/work/_temp/e0e8fe39-f309-4150-be11-23a0b904317b' before making global git config changes
2026-10-05T20:44:53.7845521Z Adding repository directory to the temporary git global config as a safe directory
2026-10-05T20:44:53.7846670Z [command]/usr/bin/git config --global --add safe.directory /home/runner/work/accounting/accounting
2026-10-05T20:44:53.7876337Z [command]/usr/bin/git config --local --name-only --get-regexp core\.sshCommand
2026-10-05T20:44:53.7942813Z [command]/usr/bin/git submodule foreach --recursive sh -c "git config --local --name-only --get-regexp 'core\.sshCommand' && git config --local --unset-all 'core.sshCommand' || :"
2026-10-05T20:44:53.8188622Z [command]/usr/bin/git config --local --name-only --get-regexp http\.https\:\/\/github\.com\/\.extraheader
2026-10-05T20:44:53.8216612Z http.https://github.com/.extraheader
2026-10-05T20:44:53.8226552Z [command]/usr/bin/git config --local --unset-all http.https://github.com/.extraheader
2026-10-05T20:44:53.8263708Z [command]/usr/bin/git submodule foreach --recursive sh -c "git config --local --name-only --get-regexp 'http\.https\:\/\/github\.com\/\.extraheader' && git config --local --unset-all 'http.https://github.com/.extraheader' || :"
2026-10-05T20:44:53.8530655Z [command]/usr/bin/git config --local --name-only --get-regexp ^includeIf\.gitdir:
2026-10-05T20:44:53.8569516Z [command]/usr/bin/git submodule foreach --recursive git config --local --show-origin --name-only --get-regexp remote.origin.url
2026-10-05T20:44:53.8918488Z Cleaning up orphan processes
2026-10-05T20:44:53.9218998Z ##[warning]Node.js 20 is deprecated. The following actions target Node.js 20 but are being forced to run on Node.js 24: actions/checkout@11d5960a326750d5838078e36cf38b85af677262, actions/setup-node@49933ea5288caeca8642d1e84afbd3f7d6820020, pnpm/action-setup@b906affcce14559ad1aafd4ab0e942779e9f58b1. For more information see: https://github.blog/changelog/2025-09-19-deprecation-of-node-20-on-github-actions-runners/

