2026-10-05T20:57:14.7184509Z Current runner version: '2.337.0'
2026-10-05T20:57:14.7211672Z ##[group]Runner Image Provisioner
2026-10-05T20:57:14.7212622Z Hosted Compute Agent
2026-10-05T20:57:14.7213372Z Version: 20260901.588
2026-10-05T20:57:14.7214042Z Commit: f88ec8081b781fac6c440065ac7ff9e710ce3d0b
2026-10-05T20:57:14.7214900Z Build Date: 2026-09-01T19:56:44Z
2026-10-05T20:57:14.7215924Z Worker ID: {595f46a7-315e-4ccf-8df1-cc46d7504efa}
2026-10-05T20:57:14.7216922Z Azure Region: westcentralus
2026-10-05T20:57:14.7217622Z ##[endgroup]
2026-10-05T20:57:14.7219184Z ##[group]Operating System
2026-10-05T20:57:14.7219821Z Ubuntu
2026-10-05T20:57:14.7220453Z 24.04.5
2026-10-05T20:57:14.7221040Z LTS
2026-10-05T20:57:14.7221624Z ##[endgroup]
2026-10-05T20:57:14.7222231Z ##[group]Runner Image
2026-10-05T20:57:14.7222934Z Image: ubuntu-24.04
2026-10-05T20:57:14.7223609Z Version: 20260927.320.1
2026-10-05T20:57:14.7224920Z Included Software: https://github.com/actions/runner-images/blob/ubuntu24/20260927.320/images/ubuntu/Ubuntu2404-Readme.md
2026-10-05T20:57:14.7226729Z Image Release: https://github.com/actions/runner-images/releases/tag/ubuntu24%2F20260927.320
2026-10-05T20:57:14.7228111Z ##[endgroup]
2026-10-05T20:57:14.7229348Z ##[group]GITHUB_TOKEN Permissions
2026-10-05T20:57:14.7231574Z Contents: read
2026-10-05T20:57:14.7232224Z Metadata: read
2026-10-05T20:57:14.7232807Z ##[endgroup]
2026-10-05T20:57:14.7234989Z Secret source: Actions
2026-10-05T20:57:14.7236155Z Cache mode: write
2026-10-05T20:57:14.7236957Z Prepare workflow directory
2026-10-05T20:57:14.7575260Z Prepare all required actions
2026-10-05T20:57:14.7623877Z Getting action download info
2026-10-05T20:57:15.1167648Z Download action repository 'actions/checkout@11d5960a326750d5838078e36cf38b85af677262' (SHA:11d5960a326750d5838078e36cf38b85af677262)
2026-10-05T20:57:15.5687949Z Download action repository 'pnpm/action-setup@b906affcce14559ad1aafd4ab0e942779e9f58b1' (SHA:b906affcce14559ad1aafd4ab0e942779e9f58b1)
2026-10-05T20:57:16.2853738Z Download action repository 'actions/setup-node@49933ea5288caeca8642d1e84afbd3f7d6820020' (SHA:49933ea5288caeca8642d1e84afbd3f7d6820020)
2026-10-05T20:57:16.7936838Z Complete job name: Accounting mutation gate (1/6)
2026-10-05T20:57:16.8694061Z ##[group]Run actions/checkout@11d5960a326750d5838078e36cf38b85af677262
2026-10-05T20:57:16.8694808Z with:
2026-10-05T20:57:16.8695112Z   repository: mjodshamrani-ux/accounting
2026-10-05T20:57:16.8697925Z   token: ***
2026-10-05T20:57:16.8698213Z   ssh-strict: true
2026-10-05T20:57:16.8698495Z   ssh-user: git
2026-10-05T20:57:16.8698786Z   persist-credentials: true
2026-10-05T20:57:16.8699148Z   clean: true
2026-10-05T20:57:16.8699441Z   sparse-checkout-cone-mode: true
2026-10-05T20:57:16.8699764Z   fetch-depth: 1
2026-10-05T20:57:16.8700037Z   fetch-tags: false
2026-10-05T20:57:16.8700319Z   show-progress: true
2026-10-05T20:57:16.8700608Z   lfs: false
2026-10-05T20:57:16.8700867Z   submodules: false
2026-10-05T20:57:16.8701147Z   set-safe-directory: true
2026-10-05T20:57:16.8701460Z   allow-unsafe-pr-checkout: false
2026-10-05T20:57:16.8702044Z ##[endgroup]
2026-10-05T20:57:16.9780554Z Syncing repository: mjodshamrani-ux/accounting
2026-10-05T20:57:16.9782122Z ##[group]Getting Git version info
2026-10-05T20:57:16.9782615Z Working directory is '/home/runner/work/accounting/accounting'
2026-10-05T20:57:16.9783349Z [command]/usr/bin/git version
2026-10-05T20:57:17.6432403Z git version 2.55.0
2026-10-05T20:57:17.6455471Z ##[endgroup]
2026-10-05T20:57:17.6473614Z Temporarily overriding HOME='/home/runner/work/_temp/07173d47-475d-4608-93e5-28d6af32db13' before making global git config changes
2026-10-05T20:57:17.6474763Z Adding repository directory to the temporary git global config as a safe directory
2026-10-05T20:57:17.6478953Z [command]/usr/bin/git config --global --add safe.directory /home/runner/work/accounting/accounting
2026-10-05T20:57:17.6850154Z Deleting the contents of '/home/runner/work/accounting/accounting'
2026-10-05T20:57:17.6854915Z ##[group]Initializing the repository
2026-10-05T20:57:17.6859364Z [command]/usr/bin/git init /home/runner/work/accounting/accounting
2026-10-05T20:57:17.7473458Z hint: Using 'master' as the name for the initial branch. This default branch name
2026-10-05T20:57:17.7476732Z hint: will change to "main" in Git 3.0. To configure the initial branch name
2026-10-05T20:57:17.7488210Z hint: to use in all of your new repositories, which will suppress this warning,
2026-10-05T20:57:17.7489147Z hint: call:
2026-10-05T20:57:17.7489545Z hint:
2026-10-05T20:57:17.7489983Z hint: 	git config --global init.defaultBranch <name>
2026-10-05T20:57:17.7490672Z hint:
2026-10-05T20:57:17.7491248Z hint: Names commonly chosen instead of 'master' are 'main', 'trunk' and
2026-10-05T20:57:17.7492117Z hint: 'development'. The just-created branch can be renamed via this command:
2026-10-05T20:57:17.7492995Z hint:
2026-10-05T20:57:17.7493352Z hint: 	git branch -m <name>
2026-10-05T20:57:17.7493814Z hint:
2026-10-05T20:57:17.7494315Z hint: Disable this message with "git config set advice.defaultBranchName false"
2026-10-05T20:57:17.7495261Z Initialized empty Git repository in /home/runner/work/accounting/accounting/.git/
2026-10-05T20:57:17.7498513Z [command]/usr/bin/git remote add origin https://github.com/mjodshamrani-ux/accounting
2026-10-05T20:57:17.7822501Z ##[endgroup]
2026-10-05T20:57:17.7823254Z ##[group]Disabling automatic garbage collection
2026-10-05T20:57:17.7828280Z [command]/usr/bin/git config --local gc.auto 0
2026-10-05T20:57:17.7865549Z ##[endgroup]
2026-10-05T20:57:17.7866399Z ##[group]Setting up auth
2026-10-05T20:57:17.7873305Z [command]/usr/bin/git config --local --name-only --get-regexp core\.sshCommand
2026-10-05T20:57:17.7911929Z [command]/usr/bin/git submodule foreach --recursive sh -c "git config --local --name-only --get-regexp 'core\.sshCommand' && git config --local --unset-all 'core.sshCommand' || :"
2026-10-05T20:57:18.0412154Z [command]/usr/bin/git config --local --name-only --get-regexp http\.https\:\/\/github\.com\/\.extraheader
2026-10-05T20:57:18.0452637Z [command]/usr/bin/git submodule foreach --recursive sh -c "git config --local --name-only --get-regexp 'http\.https\:\/\/github\.com\/\.extraheader' && git config --local --unset-all 'http.https://github.com/.extraheader' || :"
2026-10-05T20:57:18.0700115Z [command]/usr/bin/git config --local --name-only --get-regexp ^includeIf\.gitdir:
2026-10-05T20:57:18.0739645Z [command]/usr/bin/git submodule foreach --recursive git config --local --show-origin --name-only --get-regexp remote.origin.url
2026-10-05T20:57:18.0983516Z [command]/usr/bin/git config --local http.https://github.com/.extraheader AUTHORIZATION: basic ***
2026-10-05T20:57:18.1027523Z ##[endgroup]
2026-10-05T20:57:18.1028016Z ##[group]Fetching the repository
2026-10-05T20:57:18.1037164Z [command]/usr/bin/git -c protocol.version=2 fetch --no-tags --prune --no-recurse-submodules --depth=1 origin +1f9acf618c951be27336afc130fb526ddec99a8e:refs/remotes/origin/main
2026-10-05T20:57:20.5958136Z From https://github.com/mjodshamrani-ux/accounting
2026-10-05T20:57:20.5958963Z  * [new ref]         1f9acf618c951be27336afc130fb526ddec99a8e -> origin/main
2026-10-05T20:57:20.5962049Z ##[endgroup]
2026-10-05T20:57:20.5962828Z ##[group]Determining the checkout info
2026-10-05T20:57:20.5965285Z ##[endgroup]
2026-10-05T20:57:20.5973103Z [command]/usr/bin/git sparse-checkout disable
2026-10-05T20:57:20.6191542Z [command]/usr/bin/git config --local --unset-all extensions.worktreeConfig
2026-10-05T20:57:20.6227389Z ##[group]Checking out the ref
2026-10-05T20:57:20.6233369Z [command]/usr/bin/git checkout --progress --force -B main refs/remotes/origin/main
2026-10-05T20:57:21.0504774Z Switched to a new branch 'main'
2026-10-05T20:57:21.0508653Z branch 'main' set up to track 'origin/main'.
2026-10-05T20:57:21.0541213Z ##[endgroup]
2026-10-05T20:57:21.0596960Z [command]/usr/bin/git log -1 --format=%H
2026-10-05T20:57:21.0621179Z 1f9acf618c951be27336afc130fb526ddec99a8e
2026-10-05T20:57:21.0866541Z ##[group]Run pnpm/action-setup@b906affcce14559ad1aafd4ab0e942779e9f58b1
2026-10-05T20:57:21.0866976Z with:
2026-10-05T20:57:21.0867351Z   version: 11.19.0
2026-10-05T20:57:21.0867577Z   dest: ~/setup-pnpm
2026-10-05T20:57:21.0867796Z   run_install: null
2026-10-05T20:57:21.0868005Z   cache: false
2026-10-05T20:57:21.0868244Z   cache_dependency_path: pnpm-lock.yaml
2026-10-05T20:57:21.0868547Z   package_json_file: package.json
2026-10-05T20:57:21.0868812Z   standalone: false
2026-10-05T20:57:21.0869035Z ##[endgroup]
2026-10-05T20:57:21.2334028Z ##[group]Running self-installer...
2026-10-05T20:57:21.6303182Z (node:2411) [DEP0169] DeprecationWarning: `url.parse()` behavior is not standardized and prone to errors that have security implications. Use the WHATWG URL API instead. CVEs are not issued for `url.parse()` vulnerabilities.
2026-10-05T20:57:21.6305140Z (Use `node --trace-deprecation ...` to show where the warning was created)
2026-10-05T20:57:21.8736154Z Progress: resolved 1, reused 0, downloaded 0, added 0
2026-10-05T20:57:21.8824447Z Packages: +1
2026-10-05T20:57:21.8824867Z +
2026-10-05T20:57:22.4256706Z Progress: resolved 1, reused 0, downloaded 1, added 1, done
2026-10-05T20:57:22.7088915Z 
2026-10-05T20:57:22.7089787Z dependencies:
2026-10-05T20:57:22.7090674Z + pnpm 11.19.0 (12.9.1 is available)
2026-10-05T20:57:22.7116400Z 
2026-10-05T20:57:22.7559517Z Done in 1.3s
2026-10-05T20:57:22.7775460Z ##[endgroup]
2026-10-05T20:57:22.7776423Z Installation Completed!
2026-10-05T20:57:22.7962922Z ##[group]Run actions/setup-node@49933ea5288caeca8642d1e84afbd3f7d6820020
2026-10-05T20:57:22.7963336Z with:
2026-10-05T20:57:22.7963546Z   node-version: 24
2026-10-05T20:57:22.7963765Z   cache: pnpm
2026-10-05T20:57:22.7963973Z   always-auth: false
2026-10-05T20:57:22.7964208Z   check-latest: false
2026-10-05T20:57:22.7966781Z   token: ***
2026-10-05T20:57:22.7967002Z env:
2026-10-05T20:57:22.7967293Z   PNPM_HOME: /home/runner/setup-pnpm/node_modules/.bin
2026-10-05T20:57:22.7967631Z ##[endgroup]
2026-10-05T20:57:23.0529645Z Found in cache @ /opt/hostedtoolcache/node/24.21.0/x64
2026-10-05T20:57:23.0535754Z (node:2425) [DEP0040] DeprecationWarning: The `punycode` module is deprecated. Please use a userland alternative instead.
2026-10-05T20:57:23.0536867Z (Use `node --trace-deprecation ...` to show where the warning was created)
2026-10-05T20:57:23.0539676Z ##[group]Environment details
2026-10-05T20:57:35.5625210Z node: v24.21.0
2026-10-05T20:57:35.5626011Z npm: 11.19.0
2026-10-05T20:57:35.5626474Z yarn: 1.22.22
2026-10-05T20:57:35.5627790Z ##[endgroup]
2026-10-05T20:57:35.5683666Z [command]/home/runner/setup-pnpm/node_modules/.bin/pnpm store path --silent
2026-10-05T20:57:37.5217094Z /home/runner/setup-pnpm/node_modules/.bin/store/v11
2026-10-05T20:57:37.8834140Z Cache hit for: node-cache-Linux-x64-pnpm-970ff90c8c5b62d936b78a56179f81cdf02982feb14381f8bba791078d20d9fe
2026-10-05T20:57:37.8939948Z (node:2425) [DEP0169] DeprecationWarning: `url.parse()` behavior is not standardized and prone to errors that have security implications. Use the WHATWG URL API instead. CVEs are not issued for `url.parse()` vulnerabilities.
2026-10-05T20:57:39.0927591Z Received 33554432 of 118816928 (28.2%), 32.0 MBs/sec
2026-10-05T20:57:39.5859264Z Received 118816928 of 118816928 (100.0%), 75.8 MBs/sec
2026-10-05T20:57:39.5861150Z Cache Size: ~113 MB (118816928 B)
2026-10-05T20:57:39.5922939Z [command]/usr/bin/tar -xf /home/runner/work/_temp/1ffabc13-3c4f-48f7-b5b3-1aac5943aa2a/cache.tzst -P -C /home/runner/work/accounting/accounting --use-compress-program unzstd
2026-10-05T20:57:40.7913291Z Cache restored successfully
2026-10-05T20:57:40.7979462Z Cache restored from key: node-cache-Linux-x64-pnpm-970ff90c8c5b62d936b78a56179f81cdf02982feb14381f8bba791078d20d9fe
2026-10-05T20:57:40.8163500Z ##[group]Run pnpm install --frozen-lockfile
2026-10-05T20:57:40.8163996Z [36;1mpnpm install --frozen-lockfile[0m
2026-10-05T20:57:40.9937908Z shell: /usr/bin/bash -e {0}
2026-10-05T20:57:40.9938218Z env:
2026-10-05T20:57:40.9938521Z   PNPM_HOME: /home/runner/setup-pnpm/node_modules/.bin
2026-10-05T20:57:40.9938862Z ##[endgroup]
2026-10-05T20:57:41.9473130Z ? Verifying lockfile against supply-chain policies (367 entries)...
2026-10-05T20:57:41.9539469Z Lockfile is up to date, resolution step is skipped
2026-10-05T20:57:42.1815114Z Progress: resolved 1, reused 0, downloaded 0, added 0
2026-10-05T20:57:42.2162927Z Packages: +249
2026-10-05T20:57:42.2163446Z ++++++++++++++++++++++++++++++++++++++++++++++++++++++++++++++++++++++++++++++++
2026-10-05T20:57:43.1981834Z Progress: resolved 249, reused 119, downloaded 0, added 0
2026-10-05T20:57:43.4300610Z Packages are hard linked from the content-addressable store to the virtual store.
2026-10-05T20:57:43.4302354Z   Content-addressable store is at: /home/runner/setup-pnpm/node_modules/.bin/store/v11
2026-10-05T20:57:43.4303269Z   Virtual store is at:             node_modules/.pnpm
2026-10-05T20:57:44.1982296Z Progress: resolved 249, reused 249, downloaded 0, added 187
2026-10-05T20:57:44.2648612Z Progress: resolved 249, reused 249, downloaded 0, added 249, done
2026-10-05T20:57:45.3697828Z ✓ Lockfile passes supply-chain policies (367 entries in 3.4s)
2026-10-05T20:57:45.4433752Z 
2026-10-05T20:57:45.4434438Z dependencies:
2026-10-05T20:57:45.4434919Z + @base-ui/react 1.7.0
2026-10-05T20:57:45.4435326Z + @shadcn/react 0.3.0
2026-10-05T20:57:45.4435812Z + @tesseract.js-data/ara 1.0.0
2026-10-05T20:57:45.4436140Z + @tesseract.js-data/eng 1.0.0
2026-10-05T20:57:45.4436458Z + class-variance-authority 0.7.1
2026-10-05T20:57:45.4436726Z + clsx 2.1.1
2026-10-05T20:57:45.4436931Z + cmdk 1.1.1
2026-10-05T20:57:45.4437134Z + date-fns 4.1.0
2026-10-05T20:57:45.4437383Z + embla-carousel-react 8.5.2
2026-10-05T20:57:45.4437634Z + exceljs 4.4.0
2026-10-05T20:57:45.4437917Z + input-otp 1.4.2
2026-10-05T20:57:45.4438153Z + jszip 3.10.1
2026-10-05T20:57:45.4438383Z + lucide-react 1.31.0
2026-10-05T20:57:45.4438683Z + react 19.2.6
2026-10-05T20:57:45.4438920Z + react-day-picker 9.8.1
2026-10-05T20:57:45.4439174Z + react-dom 19.2.6
2026-10-05T20:57:45.4439463Z + react-resizable-panels 4.5.8
2026-10-05T20:57:45.4439726Z + recharts 3.8.0
2026-10-05T20:57:45.4440023Z + saxes 5.0.1
2026-10-05T20:57:45.4440250Z + tailwind-merge 3.6.0
2026-10-05T20:57:45.4440502Z + tesseract.js 7.0.0
2026-10-05T20:57:45.4440741Z + tw-animate-css 1.4.0
2026-10-05T20:57:45.4440962Z + unpdf 1.8.1
2026-10-05T20:57:45.4441083Z 
2026-10-05T20:57:45.4441185Z devDependencies:
2026-10-05T20:57:45.4441426Z + @tailwindcss/postcss 4.2.1
2026-10-05T20:57:45.4441682Z + @types/node 22.19.19
2026-10-05T20:57:45.4441911Z + @types/react 19.2.14
2026-10-05T20:57:45.4442164Z + @types/react-dom 19.2.3
2026-10-05T20:57:45.4442441Z + @vitejs/plugin-react 6.0.2
2026-10-05T20:57:45.4442714Z + oxfmt 0.61.0
2026-10-05T20:57:45.4442943Z + oxlint 1.76.0
2026-10-05T20:57:45.4443357Z + oxlint-tsgolint 7.0.2001
2026-10-05T20:57:45.4443782Z + playwright 1.62.1
2026-10-05T20:57:45.4444142Z + tailwindcss 4.2.1
2026-10-05T20:57:45.4444505Z + typescript 5.9.3
2026-10-05T20:57:45.4444732Z + vite 8.0.16
2026-10-05T20:57:45.4444862Z 
2026-10-05T20:57:45.4779170Z Done in 4.4s using pnpm v11.19.0
2026-10-05T20:57:45.5360065Z ##[group]Run pnpm test:mutations
2026-10-05T20:57:45.5360404Z [36;1mpnpm test:mutations[0m
2026-10-05T20:57:45.5428762Z shell: /usr/bin/bash -e {0}
2026-10-05T20:57:45.5429038Z env:
2026-10-05T20:57:45.5429310Z   PNPM_HOME: /home/runner/setup-pnpm/node_modules/.bin
2026-10-05T20:57:45.5429638Z   MUTATION_SHARD: 1/6
2026-10-05T20:57:45.5429862Z ##[endgroup]
2026-10-05T20:57:46.3983257Z Already up to date
2026-10-05T20:57:46.3989972Z Done in 397ms using pnpm v11.19.0
2026-10-05T20:57:46.4132255Z $ node scripts/test-mutations.mjs
2026-10-05T20:59:06.2215441Z Detected deliberate fault: p6-split-accept-mixed-amount-basis
2026-10-05T20:59:45.6528391Z Detected deliberate fault: p6-source-ignore-interpretation-receipt
2026-10-05T21:00:25.7101514Z Detected deliberate fault: p6-table-swap-neighboring-amount-and-balance
2026-10-05T21:01:05.5018572Z Detected deliberate fault: p6-skip-manual-region-fingerprint
2026-10-05T21:01:45.4778446Z Detected deliberate fault: p6-launder-cell-review-into-accounting
2026-10-05T21:02:26.1769953Z Detected deliberate fault: partial-accept-stale-format-selection
2026-10-05T21:03:06.2215411Z Detected deliberate fault: p2-promote-placeholder-payment-identities
2026-10-05T21:03:45.9235123Z Detected deliberate fault: p2-accept-duplicate-postings-in-nm-groups
2026-10-05T21:04:25.5702282Z Detected deliberate fault: p1-reject-valid-contextual-numeric-or-alphabetic-discriminators
2026-10-05T21:05:05.7098186Z Detected deliberate fault: p1-ignore-document-pair-amount-difference
2026-10-05T21:05:45.8607624Z Detected deliberate fault: 046-accept-payment-groups-without-explicit-identity
2026-10-05T21:06:25.1108047Z Detected deliberate fault: v11-take-a-renamed-copy-for-another-source
2026-10-05T21:07:05.7004555Z Detected deliberate fault: v11-take-a-batch-for-a-document
2026-10-05T21:07:46.3021949Z Detected deliberate fault: hard-g08-accept-any-group-across-dates
2026-10-05T21:08:26.3644096Z Detected deliberate fault: allow-visual-drafts-into-accounting
2026-10-05T21:09:06.4436443Z Detected deliberate fault: accept-duplicate-posting-lines-as-a-group
2026-10-05T21:09:46.2155356Z Detected deliberate fault: treat-pdf-table-edges-as-filled-area
2026-10-05T21:10:26.6065929Z Detected deliberate fault: ignore-date-and-reference-in-reordered-summary-rows
2026-10-05T21:11:07.0193884Z Detected deliberate fault: ignore-date-window
2026-10-05T21:11:46.7579313Z Detected deliberate fault: typed-short-grant-document-number-role-to-generic-reference
2026-10-05T21:12:26.6502511Z Detected deliberate fault: f03-drop-own-credit-note-header
2026-10-05T21:13:06.8758561Z Detected deliberate fault: unknown-credit-drop-native-audit-cue
2026-10-05T21:13:47.4153893Z Detected deliberate fault: p5-ignore-bridge-delta-drift
2026-10-05T21:13:47.4783635Z {
2026-10-05T21:13:47.4784010Z   "baselinePassed": true,
2026-10-05T21:13:47.4784314Z   "detected": 23,
2026-10-05T21:13:47.4787907Z   "total": 23,
2026-10-05T21:13:47.4788336Z   "available": 134,
2026-10-05T21:13:47.4788737Z   "shard": {
2026-10-05T21:13:47.4789154Z     "index": 1,
2026-10-05T21:13:47.4789510Z     "count": 6
2026-10-05T21:13:47.4789844Z   },
2026-10-05T21:13:47.4790165Z   "mutations": [
2026-10-05T21:13:47.4790440Z     {
2026-10-05T21:13:47.4790755Z       "mutation": "p6-split-accept-mixed-amount-basis",
2026-10-05T21:13:47.4791146Z       "detected": true
2026-10-05T21:13:47.4791378Z     },
2026-10-05T21:13:47.4791584Z     {
2026-10-05T21:13:47.4791908Z       "mutation": "p6-source-ignore-interpretation-receipt",
2026-10-05T21:13:47.4792277Z       "detected": true
2026-10-05T21:13:47.4792527Z     },
2026-10-05T21:13:47.4792752Z     {
2026-10-05T21:13:47.4793134Z       "mutation": "p6-table-swap-neighboring-amount-and-balance",
2026-10-05T21:13:47.4793522Z       "detected": true
2026-10-05T21:13:47.4793745Z     },
2026-10-05T21:13:47.4793954Z     {
2026-10-05T21:13:47.4794251Z       "mutation": "p6-skip-manual-region-fingerprint",
2026-10-05T21:13:47.4794602Z       "detected": true
2026-10-05T21:13:47.4794829Z     },
2026-10-05T21:13:47.4795393Z     {
2026-10-05T21:13:47.4796139Z       "mutation": "p6-launder-cell-review-into-accounting",
2026-10-05T21:13:47.4796709Z       "detected": true
2026-10-05T21:13:47.4797070Z     },
2026-10-05T21:13:47.4797309Z     {
2026-10-05T21:13:47.4797604Z       "mutation": "partial-accept-stale-format-selection",
2026-10-05T21:13:47.4797966Z       "detected": true
2026-10-05T21:13:47.4798185Z     },
2026-10-05T21:13:47.4798385Z     {
2026-10-05T21:13:47.4798738Z       "mutation": "p2-promote-placeholder-payment-identities",
2026-10-05T21:13:47.4799108Z       "detected": true
2026-10-05T21:13:47.4799315Z     },
2026-10-05T21:13:47.4799517Z     {
2026-10-05T21:13:47.4799809Z       "mutation": "p2-accept-duplicate-postings-in-nm-groups",
2026-10-05T21:13:47.4800159Z       "detected": true
2026-10-05T21:13:47.4800382Z     },
2026-10-05T21:13:47.4800573Z     {
2026-10-05T21:13:47.4801003Z       "mutation": "p1-reject-valid-contextual-numeric-or-alphabetic-discriminators",
2026-10-05T21:13:47.4801463Z       "detected": true
2026-10-05T21:13:47.4801925Z     },
2026-10-05T21:13:47.4802109Z     {
2026-10-05T21:13:47.4802427Z       "mutation": "p1-ignore-document-pair-amount-difference",
2026-10-05T21:13:47.4802777Z       "detected": true
2026-10-05T21:13:47.4803007Z     },
2026-10-05T21:13:47.4803186Z     {
2026-10-05T21:13:47.4803546Z       "mutation": "046-accept-payment-groups-without-explicit-identity",
2026-10-05T21:13:47.4803933Z       "detected": true
2026-10-05T21:13:47.4804163Z     },
2026-10-05T21:13:47.4804341Z     {
2026-10-05T21:13:47.4804666Z       "mutation": "v11-take-a-renamed-copy-for-another-source",
2026-10-05T21:13:47.4805009Z       "detected": true
2026-10-05T21:13:47.4805236Z     },
2026-10-05T21:13:47.4805421Z     {
2026-10-05T21:13:47.4805905Z       "mutation": "v11-take-a-batch-for-a-document",
2026-10-05T21:13:47.4806231Z       "detected": true
2026-10-05T21:13:47.4806467Z     },
2026-10-05T21:13:47.4806646Z     {
2026-10-05T21:13:47.4806951Z       "mutation": "hard-g08-accept-any-group-across-dates",
2026-10-05T21:13:47.4807335Z       "detected": true
2026-10-05T21:13:47.4807577Z     },
2026-10-05T21:13:47.4807773Z     {
2026-10-05T21:13:47.4808082Z       "mutation": "allow-visual-drafts-into-accounting",
2026-10-05T21:13:47.4808409Z       "detected": true
2026-10-05T21:13:47.4808642Z     },
2026-10-05T21:13:47.4808824Z     {
2026-10-05T21:13:47.4809151Z       "mutation": "accept-duplicate-posting-lines-as-a-group",
2026-10-05T21:13:47.4809492Z       "detected": true
2026-10-05T21:13:47.4809725Z     },
2026-10-05T21:13:47.4809908Z     {
2026-10-05T21:13:47.4810208Z       "mutation": "treat-pdf-table-edges-as-filled-area",
2026-10-05T21:13:47.4810549Z       "detected": true
2026-10-05T21:13:47.4810792Z     },
2026-10-05T21:13:47.4810969Z     {
2026-10-05T21:13:47.4811344Z       "mutation": "ignore-date-and-reference-in-reordered-summary-rows",
2026-10-05T21:13:47.4811762Z       "detected": true
2026-10-05T21:13:47.4811972Z     },
2026-10-05T21:13:47.4812169Z     {
2026-10-05T21:13:47.4812408Z       "mutation": "ignore-date-window",
2026-10-05T21:13:47.4812714Z       "detected": true
2026-10-05T21:13:47.4812924Z     },
2026-10-05T21:13:47.4813103Z     {
2026-10-05T21:13:47.4813510Z       "mutation": "typed-short-grant-document-number-role-to-generic-reference",
2026-10-05T21:13:47.4813952Z       "detected": true
2026-10-05T21:13:47.4814175Z     },
2026-10-05T21:13:47.4814362Z     {
2026-10-05T21:13:47.4814640Z       "mutation": "f03-drop-own-credit-note-header",
2026-10-05T21:13:47.4814944Z       "detected": true
2026-10-05T21:13:47.4815166Z     },
2026-10-05T21:13:47.4815353Z     {
2026-10-05T21:13:47.4815812Z       "mutation": "unknown-credit-drop-native-audit-cue",
2026-10-05T21:13:47.4816170Z       "detected": true
2026-10-05T21:13:47.4816383Z     },
2026-10-05T21:13:47.4816583Z     {
2026-10-05T21:13:47.4816842Z       "mutation": "p5-ignore-bridge-delta-drift",
2026-10-05T21:13:47.4817181Z       "detected": true
2026-10-05T21:13:47.4817408Z     }
2026-10-05T21:13:47.4817595Z   ]
2026-10-05T21:13:47.4817990Z }
2026-10-05T21:13:47.5068102Z Post job cleanup.
2026-10-05T21:13:47.6343056Z (node:15990) [DEP0040] DeprecationWarning: The `punycode` module is deprecated. Please use a userland alternative instead.
2026-10-05T21:13:47.6344407Z (Use `node --trace-deprecation ...` to show where the warning was created)
2026-10-05T21:13:47.6347039Z Cache hit occurred on the primary key node-cache-Linux-x64-pnpm-970ff90c8c5b62d936b78a56179f81cdf02982feb14381f8bba791078d20d9fe, not saving cache.
2026-10-05T21:13:47.6454212Z Post job cleanup.
2026-10-05T21:13:47.7967495Z Pruning is unnecessary.
2026-10-05T21:13:47.8133710Z Post job cleanup.
2026-10-05T21:13:47.9132769Z [command]/usr/bin/git version
2026-10-05T21:13:47.9187310Z git version 2.55.0
2026-10-05T21:13:47.9230117Z Temporarily overriding HOME='/home/runner/work/_temp/c5ac0590-4e09-443a-a8fe-d25d49dbdad4' before making global git config changes
2026-10-05T21:13:47.9231950Z Adding repository directory to the temporary git global config as a safe directory
2026-10-05T21:13:47.9236273Z [command]/usr/bin/git config --global --add safe.directory /home/runner/work/accounting/accounting
2026-10-05T21:13:47.9296011Z [command]/usr/bin/git config --local --name-only --get-regexp core\.sshCommand
2026-10-05T21:13:47.9344532Z [command]/usr/bin/git submodule foreach --recursive sh -c "git config --local --name-only --get-regexp 'core\.sshCommand' && git config --local --unset-all 'core.sshCommand' || :"
2026-10-05T21:13:47.9698514Z [command]/usr/bin/git config --local --name-only --get-regexp http\.https\:\/\/github\.com\/\.extraheader
2026-10-05T21:13:47.9727154Z http.https://github.com/.extraheader
2026-10-05T21:13:47.9746021Z [command]/usr/bin/git config --local --unset-all http.https://github.com/.extraheader
2026-10-05T21:13:47.9789234Z [command]/usr/bin/git submodule foreach --recursive sh -c "git config --local --name-only --get-regexp 'http\.https\:\/\/github\.com\/\.extraheader' && git config --local --unset-all 'http.https://github.com/.extraheader' || :"
2026-10-05T21:13:48.0077894Z [command]/usr/bin/git config --local --name-only --get-regexp ^includeIf\.gitdir:
2026-10-05T21:13:48.0142339Z [command]/usr/bin/git submodule foreach --recursive git config --local --show-origin --name-only --get-regexp remote.origin.url
2026-10-05T21:13:48.0556506Z Cleaning up orphan processes
2026-10-05T21:13:48.0886541Z ##[warning]Node.js 20 is deprecated. The following actions target Node.js 20 but are being forced to run on Node.js 24: actions/checkout@11d5960a326750d5838078e36cf38b85af677262, actions/setup-node@49933ea5288caeca8642d1e84afbd3f7d6820020, pnpm/action-setup@b906affcce14559ad1aafd4ab0e942779e9f58b1. For more information see: https://github.blog/changelog/2025-09-19-deprecation-of-node-20-on-github-actions-runners/

