Detected deliberate fault: p6-split-accept-mixed-amount-basis
Detected deliberate fault: p6-source-ignore-interpretation-receipt
Detected deliberate fault: p6-table-swap-neighboring-amount-and-balance
Detected deliberate fault: p6-skip-manual-region-fingerprint
Detected deliberate fault: p6-launder-cell-review-into-accounting
Detected deliberate fault: partial-accept-stale-format-selection
Detected deliberate fault: p2-promote-placeholder-payment-identities
Detected deliberate fault: p2-accept-duplicate-postings-in-nm-groups
Detected deliberate fault: p1-reject-valid-contextual-numeric-or-alphabetic-discriminators
Detected deliberate fault: p1-ignore-document-pair-amount-difference
Detected deliberate fault: 046-accept-payment-groups-without-explicit-identity
Detected deliberate fault: v11-take-a-renamed-copy-for-another-source
Detected deliberate fault: v11-take-a-batch-for-a-document
Detected deliberate fault: hard-g08-accept-any-group-across-dates
Detected deliberate fault: allow-visual-drafts-into-accounting
Detected deliberate fault: accept-duplicate-posting-lines-as-a-group
Detected deliberate fault: treat-pdf-table-edges-as-filled-area
Detected deliberate fault: ignore-date-and-reference-in-reordered-summary-rows
Detected deliberate fault: ignore-date-window
Detected deliberate fault: typed-short-grant-document-number-role-to-generic-reference
Detected deliberate fault: f03-drop-own-credit-note-header
Detected deliberate fault: unknown-credit-drop-native-audit-cue
Detected deliberate fault: p5-ignore-bridge-delta-drift
{
  "baselinePassed": true,
  "detected": 23,
  "total": 23,
  "available": 134,
  "shard": {
    "index": 1,
    "count": 6
  },
  "mutations": [
    {
      "mutation": "p6-split-accept-mixed-amount-basis",
      "detected": true
    },
    {
      "mutation": "p6-source-ignore-interpretation-receipt",
      "detected": true
    },
    {
      "mutation": "p6-table-swap-neighboring-amount-and-balance",
      "detected": true
    },
    {
      "mutation": "p6-skip-manual-region-fingerprint",
      "detected": true
    },
    {
      "mutation": "p6-launder-cell-review-into-accounting",
      "detected": true
    },
    {
      "mutation": "partial-accept-stale-format-selection",
      "detected": true
    },
    {
      "mutation": "p2-promote-placeholder-payment-identities",
      "detected": true
    },
    {
      "mutation": "p2-accept-duplicate-postings-in-nm-groups",
      "detected": true
    },
    {
      "mutation": "p1-reject-valid-contextual-numeric-or-alphabetic-discriminators",
      "detected": true
    },
    {
      "mutation": "p1-ignore-document-pair-amount-difference",
      "detected": true
    },
    {
      "mutation": "046-accept-payment-groups-without-explicit-identity",
      "detected": true
    },
    {
      "mutation": "v11-take-a-renamed-copy-for-another-source",
      "detected": true
    },
    {
      "mutation": "v11-take-a-batch-for-a-document",
      "detected": true
    },
    {
      "mutation": "hard-g08-accept-any-group-across-dates",
      "detected": true
    },
    {
      "mutation": "allow-visual-drafts-into-accounting",
      "detected": true
    },
    {
      "mutation": "accept-duplicate-posting-lines-as-a-group",
      "detected": true
    },
    {
      "mutation": "treat-pdf-table-edges-as-filled-area",
      "detected": true
    },
    {
      "mutation": "ignore-date-and-reference-in-reordered-summary-rows",
      "detected": true
    },
    {
      "mutation": "ignore-date-window",
      "detected": true
    },
    {
      "mutation": "typed-short-grant-document-number-role-to-generic-reference",
      "detected": true
    },
    {
      "mutation": "f03-drop-own-credit-note-header",
      "detected": true
    },
    {
      "mutation": "unknown-credit-drop-native-audit-cue",
      "detected": true
    },
    {
      "mutation": "p5-ignore-bridge-delta-drift",
      "detected": true
    }
  ]
}
