2026-10-05T20:27:01.1448489Z Current runner version: '2.337.0'
2026-10-05T20:27:01.1476261Z ##[group]Runner Image Provisioner
2026-10-05T20:27:01.1477273Z Hosted Compute Agent
2026-10-05T20:27:01.1478043Z Version: 20260901.588
2026-10-05T20:27:01.1478981Z Commit: f88ec8081b781fac6c440065ac7ff9e710ce3d0b
2026-10-05T20:27:01.1479942Z Build Date: 2026-09-01T19:56:44Z
2026-10-05T20:27:01.1480776Z Worker ID: {d031f5a3-bec2-44d8-9f2c-4f62344e616d}
2026-10-05T20:27:01.1481669Z Azure Region: eastus
2026-10-05T20:27:01.1482468Z ##[endgroup]
2026-10-05T20:27:01.1484109Z ##[group]Operating System
2026-10-05T20:27:01.1484978Z Ubuntu
2026-10-05T20:27:01.1485595Z 24.04.5
2026-10-05T20:27:01.1486250Z LTS
2026-10-05T20:27:01.1486935Z ##[endgroup]
2026-10-05T20:27:01.1487589Z ##[group]Runner Image
2026-10-05T20:27:01.1488354Z Image: ubuntu-24.04
2026-10-05T20:27:01.1489202Z Version: 20260927.320.1
2026-10-05T20:27:01.1491231Z Included Software: https://github.com/actions/runner-images/blob/ubuntu24/20260927.320/images/ubuntu/Ubuntu2404-Readme.md
2026-10-05T20:27:01.1493254Z Image Release: https://github.com/actions/runner-images/releases/tag/ubuntu24%2F20260927.320
2026-10-05T20:27:01.1494518Z ##[endgroup]
2026-10-05T20:27:01.1495780Z ##[group]GITHUB_TOKEN Permissions
2026-10-05T20:27:01.1498184Z Contents: read
2026-10-05T20:27:01.1499036Z Metadata: read
2026-10-05T20:27:01.1499739Z ##[endgroup]
2026-10-05T20:27:01.1501961Z Secret source: Actions
2026-10-05T20:27:01.1503222Z Cache mode: write
2026-10-05T20:27:01.1504281Z Prepare workflow directory
2026-10-05T20:27:01.1857457Z Prepare all required actions
2026-10-05T20:27:01.1911964Z Getting action download info
2026-10-05T20:27:01.4022460Z Download action repository 'actions/checkout@11d5960a326750d5838078e36cf38b85af677262' (SHA:11d5960a326750d5838078e36cf38b85af677262)
2026-10-05T20:27:02.1038173Z Download action repository 'pnpm/action-setup@b906affcce14559ad1aafd4ab0e942779e9f58b1' (SHA:b906affcce14559ad1aafd4ab0e942779e9f58b1)
2026-10-05T20:27:02.2661694Z Download action repository 'actions/setup-node@49933ea5288caeca8642d1e84afbd3f7d6820020' (SHA:49933ea5288caeca8642d1e84afbd3f7d6820020)
2026-10-05T20:27:02.5295084Z Complete job name: Accounting mutation gate (6/6)
2026-10-05T20:27:02.5945112Z ##[group]Run actions/checkout@11d5960a326750d5838078e36cf38b85af677262
2026-10-05T20:27:02.5946240Z with:
2026-10-05T20:27:02.5946865Z   repository: mjodshamrani-ux/accounting
2026-10-05T20:27:02.5950548Z   token: ***
2026-10-05T20:27:02.5951153Z   ssh-strict: true
2026-10-05T20:27:02.5951768Z   ssh-user: git
2026-10-05T20:27:02.5952379Z   persist-credentials: true
2026-10-05T20:27:02.5953016Z   clean: true
2026-10-05T20:27:02.5953619Z   sparse-checkout-cone-mode: true
2026-10-05T20:27:02.5954289Z   fetch-depth: 1
2026-10-05T20:27:02.5954891Z   fetch-tags: false
2026-10-05T20:27:02.5955503Z   show-progress: true
2026-10-05T20:27:02.5956115Z   lfs: false
2026-10-05T20:27:02.5956706Z   submodules: false
2026-10-05T20:27:02.5957312Z   set-safe-directory: true
2026-10-05T20:27:02.5957964Z   allow-unsafe-pr-checkout: false
2026-10-05T20:27:02.5959010Z ##[endgroup]
2026-10-05T20:27:02.6823902Z Syncing repository: mjodshamrani-ux/accounting
2026-10-05T20:27:02.6826494Z ##[group]Getting Git version info
2026-10-05T20:27:02.6827779Z Working directory is '/home/runner/work/accounting/accounting'
2026-10-05T20:27:02.6829812Z [command]/usr/bin/git version
2026-10-05T20:27:02.7832351Z git version 2.55.0
2026-10-05T20:27:02.7847651Z ##[endgroup]
2026-10-05T20:27:02.7861316Z Temporarily overriding HOME='/home/runner/work/_temp/1c02eafb-ba66-4f1b-b0d2-e78e1e7d1b75' before making global git config changes
2026-10-05T20:27:02.7863597Z Adding repository directory to the temporary git global config as a safe directory
2026-10-05T20:27:02.7866280Z [command]/usr/bin/git config --global --add safe.directory /home/runner/work/accounting/accounting
2026-10-05T20:27:02.8102772Z Deleting the contents of '/home/runner/work/accounting/accounting'
2026-10-05T20:27:02.8106906Z ##[group]Initializing the repository
2026-10-05T20:27:02.8110655Z [command]/usr/bin/git init /home/runner/work/accounting/accounting
2026-10-05T20:27:02.8570706Z hint: Using 'master' as the name for the initial branch. This default branch name
2026-10-05T20:27:02.8571929Z hint: will change to "main" in Git 3.0. To configure the initial branch name
2026-10-05T20:27:02.8572958Z hint: to use in all of your new repositories, which will suppress this warning,
2026-10-05T20:27:02.8573865Z hint: call:
2026-10-05T20:27:02.8574446Z hint:
2026-10-05T20:27:02.8575129Z hint: 	git config --global init.defaultBranch <name>
2026-10-05T20:27:02.8575871Z hint:
2026-10-05T20:27:02.8576591Z hint: Names commonly chosen instead of 'master' are 'main', 'trunk' and
2026-10-05T20:27:02.8577598Z hint: 'development'. The just-created branch can be renamed via this command:
2026-10-05T20:27:02.8578429Z hint:
2026-10-05T20:27:02.8579373Z hint: 	git branch -m <name>
2026-10-05T20:27:02.8580333Z hint:
2026-10-05T20:27:02.8581583Z hint: Disable this message with "git config set advice.defaultBranchName false"
2026-10-05T20:27:02.8583381Z Initialized empty Git repository in /home/runner/work/accounting/accounting/.git/
2026-10-05T20:27:02.8589242Z [command]/usr/bin/git remote add origin https://github.com/mjodshamrani-ux/accounting
2026-10-05T20:27:02.8855821Z ##[endgroup]
2026-10-05T20:27:02.8857245Z ##[group]Disabling automatic garbage collection
2026-10-05T20:27:02.8858328Z [command]/usr/bin/git config --local gc.auto 0
2026-10-05T20:27:02.8892657Z ##[endgroup]
2026-10-05T20:27:02.8893642Z ##[group]Setting up auth
2026-10-05T20:27:02.8894488Z [command]/usr/bin/git config --local --name-only --get-regexp core\.sshCommand
2026-10-05T20:27:02.8920602Z [command]/usr/bin/git submodule foreach --recursive sh -c "git config --local --name-only --get-regexp 'core\.sshCommand' && git config --local --unset-all 'core.sshCommand' || :"
2026-10-05T20:27:03.0810410Z [command]/usr/bin/git config --local --name-only --get-regexp http\.https\:\/\/github\.com\/\.extraheader
2026-10-05T20:27:03.0842026Z [command]/usr/bin/git submodule foreach --recursive sh -c "git config --local --name-only --get-regexp 'http\.https\:\/\/github\.com\/\.extraheader' && git config --local --unset-all 'http.https://github.com/.extraheader' || :"
2026-10-05T20:27:03.1027537Z [command]/usr/bin/git config --local --name-only --get-regexp ^includeIf\.gitdir:
2026-10-05T20:27:03.1057603Z [command]/usr/bin/git submodule foreach --recursive git config --local --show-origin --name-only --get-regexp remote.origin.url
2026-10-05T20:27:03.1256227Z [command]/usr/bin/git config --local http.https://github.com/.extraheader AUTHORIZATION: basic ***
2026-10-05T20:27:03.1290794Z ##[endgroup]
2026-10-05T20:27:03.1291690Z ##[group]Fetching the repository
2026-10-05T20:27:03.1299013Z [command]/usr/bin/git -c protocol.version=2 fetch --no-tags --prune --no-recurse-submodules --depth=1 origin +1f9acf618c951be27336afc130fb526ddec99a8e:refs/remotes/origin/main
2026-10-05T20:27:05.3839999Z From https://github.com/mjodshamrani-ux/accounting
2026-10-05T20:27:05.3840512Z  * [new ref]         1f9acf618c951be27336afc130fb526ddec99a8e -> origin/main
2026-10-05T20:27:05.3844395Z ##[endgroup]
2026-10-05T20:27:05.3846748Z ##[group]Determining the checkout info
2026-10-05T20:27:05.3847614Z ##[endgroup]
2026-10-05T20:27:05.3852486Z [command]/usr/bin/git sparse-checkout disable
2026-10-05T20:27:05.4038546Z [command]/usr/bin/git config --local --unset-all extensions.worktreeConfig
2026-10-05T20:27:05.4066149Z ##[group]Checking out the ref
2026-10-05T20:27:05.4069475Z [command]/usr/bin/git checkout --progress --force -B main refs/remotes/origin/main
2026-10-05T20:27:05.7368151Z Switched to a new branch 'main'
2026-10-05T20:27:05.7372901Z branch 'main' set up to track 'origin/main'.
2026-10-05T20:27:05.7396302Z ##[endgroup]
2026-10-05T20:27:05.7439073Z [command]/usr/bin/git log -1 --format=%H
2026-10-05T20:27:05.7462170Z 1f9acf618c951be27336afc130fb526ddec99a8e
2026-10-05T20:27:05.7655649Z ##[group]Run pnpm/action-setup@b906affcce14559ad1aafd4ab0e942779e9f58b1
2026-10-05T20:27:05.7655990Z with:
2026-10-05T20:27:05.7656325Z   version: 11.19.0
2026-10-05T20:27:05.7656500Z   dest: ~/setup-pnpm
2026-10-05T20:27:05.7656673Z   run_install: null
2026-10-05T20:27:05.7656846Z   cache: false
2026-10-05T20:27:05.7657028Z   cache_dependency_path: pnpm-lock.yaml
2026-10-05T20:27:05.7657261Z   package_json_file: package.json
2026-10-05T20:27:05.7657465Z   standalone: false
2026-10-05T20:27:05.7657630Z ##[endgroup]
2026-10-05T20:27:05.8784628Z ##[group]Running self-installer...
2026-10-05T20:27:06.1903139Z (node:2106) [DEP0169] DeprecationWarning: `url.parse()` behavior is not standardized and prone to errors that have security implications. Use the WHATWG URL API instead. CVEs are not issued for `url.parse()` vulnerabilities.
2026-10-05T20:27:06.1904507Z (Use `node --trace-deprecation ...` to show where the warning was created)
2026-10-05T20:27:06.3031366Z Progress: resolved 1, reused 0, downloaded 0, added 0
2026-10-05T20:27:06.3095310Z Packages: +1
2026-10-05T20:27:06.3095972Z +
2026-10-05T20:27:06.6562988Z Progress: resolved 1, reused 0, downloaded 1, added 1, done
2026-10-05T20:27:06.6905646Z 
2026-10-05T20:27:06.6905967Z dependencies:
2026-10-05T20:27:06.6906260Z + pnpm 11.19.0 (12.9.1 is available)
2026-10-05T20:27:06.6924665Z 
2026-10-05T20:27:06.6924837Z Done in 670ms
2026-10-05T20:27:06.8855000Z ##[endgroup]
2026-10-05T20:27:06.8855397Z Installation Completed!
2026-10-05T20:27:06.9009577Z ##[group]Run actions/setup-node@49933ea5288caeca8642d1e84afbd3f7d6820020
2026-10-05T20:27:06.9009889Z with:
2026-10-05T20:27:06.9010058Z   node-version: 24
2026-10-05T20:27:06.9010232Z   cache: pnpm
2026-10-05T20:27:06.9010399Z   always-auth: false
2026-10-05T20:27:06.9010580Z   check-latest: false
2026-10-05T20:27:06.9012385Z   token: ***
2026-10-05T20:27:06.9012558Z env:
2026-10-05T20:27:06.9012771Z   PNPM_HOME: /home/runner/setup-pnpm/node_modules/.bin
2026-10-05T20:27:06.9013027Z ##[endgroup]
2026-10-05T20:27:07.0317431Z Found in cache @ /opt/hostedtoolcache/node/24.21.0/x64
2026-10-05T20:27:07.0320534Z (node:2120) [DEP0040] DeprecationWarning: The `punycode` module is deprecated. Please use a userland alternative instead.
2026-10-05T20:27:07.0321149Z (Use `node --trace-deprecation ...` to show where the warning was created)
2026-10-05T20:27:07.0322817Z ##[group]Environment details
2026-10-05T20:27:18.9871832Z node: v24.21.0
2026-10-05T20:27:18.9872096Z npm: 11.19.0
2026-10-05T20:27:18.9872372Z yarn: 1.22.22
2026-10-05T20:27:18.9872905Z ##[endgroup]
2026-10-05T20:27:18.9907603Z [command]/home/runner/setup-pnpm/node_modules/.bin/pnpm store path --silent
2026-10-05T20:27:20.7050053Z /home/runner/setup-pnpm/node_modules/.bin/store/v11
2026-10-05T20:27:20.8090458Z Cache hit for: node-cache-Linux-x64-pnpm-970ff90c8c5b62d936b78a56179f81cdf02982feb14381f8bba791078d20d9fe
2026-10-05T20:27:20.8164602Z (node:2120) [DEP0169] DeprecationWarning: `url.parse()` behavior is not standardized and prone to errors that have security implications. Use the WHATWG URL API instead. CVEs are not issued for `url.parse()` vulnerabilities.
2026-10-05T20:27:21.3066946Z Received 118816928 of 118816928 (100.0%), 248.5 MBs/sec
2026-10-05T20:27:21.3067456Z Cache Size: ~113 MB (118816928 B)
2026-10-05T20:27:21.3092597Z [command]/usr/bin/tar -xf /home/runner/work/_temp/1fd53694-db5d-4fbb-af29-e35624fddd0a/cache.tzst -P -C /home/runner/work/accounting/accounting --use-compress-program unzstd
2026-10-05T20:27:22.2205342Z Cache restored successfully
2026-10-05T20:27:22.2258547Z Cache restored from key: node-cache-Linux-x64-pnpm-970ff90c8c5b62d936b78a56179f81cdf02982feb14381f8bba791078d20d9fe
2026-10-05T20:27:22.2448356Z ##[group]Run pnpm install --frozen-lockfile
2026-10-05T20:27:22.2448822Z [36;1mpnpm install --frozen-lockfile[0m
2026-10-05T20:27:22.4063889Z shell: /usr/bin/bash -e {0}
2026-10-05T20:27:22.4064115Z env:
2026-10-05T20:27:22.4064355Z   PNPM_HOME: /home/runner/setup-pnpm/node_modules/.bin
2026-10-05T20:27:22.4064626Z ##[endgroup]
2026-10-05T20:27:23.1615226Z ? Verifying lockfile against supply-chain policies (367 entries)...
2026-10-05T20:27:23.1672620Z Lockfile is up to date, resolution step is skipped
2026-10-05T20:27:23.3290420Z Progress: resolved 1, reused 0, downloaded 0, added 0
2026-10-05T20:27:23.3589620Z Packages: +249
2026-10-05T20:27:23.3590213Z ++++++++++++++++++++++++++++++++++++++++++++++++++++++++++++++++++++++++++++++++
2026-10-05T20:27:24.3179002Z Packages are hard linked from the content-addressable store to the virtual store.
2026-10-05T20:27:24.3181304Z   Content-addressable store is at: /home/runner/setup-pnpm/node_modules/.bin/store/v11
2026-10-05T20:27:24.3186288Z   Virtual store is at:             node_modules/.pnpm
2026-10-05T20:27:24.3303818Z Progress: resolved 249, reused 249, downloaded 0, added 2
2026-10-05T20:27:25.0649598Z Progress: resolved 249, reused 249, downloaded 0, added 249, done
2026-10-05T20:27:25.9430257Z ✓ Lockfile passes supply-chain policies (367 entries in 2.7s)
2026-10-05T20:27:26.0205360Z 
2026-10-05T20:27:26.0206220Z dependencies:
2026-10-05T20:27:26.0219567Z + @base-ui/react 1.7.0
2026-10-05T20:27:26.0219888Z + @shadcn/react 0.3.0
2026-10-05T20:27:26.0220147Z + @tesseract.js-data/ara 1.0.0
2026-10-05T20:27:26.0220419Z + @tesseract.js-data/eng 1.0.0
2026-10-05T20:27:26.0220665Z + class-variance-authority 0.7.1
2026-10-05T20:27:26.0220882Z + clsx 2.1.1
2026-10-05T20:27:26.0221056Z + cmdk 1.1.1
2026-10-05T20:27:26.0221214Z + date-fns 4.1.0
2026-10-05T20:27:26.0221417Z + embla-carousel-react 8.5.2
2026-10-05T20:27:26.0221617Z + exceljs 4.4.0
2026-10-05T20:27:26.0221801Z + input-otp 1.4.2
2026-10-05T20:27:26.0221976Z + jszip 3.10.1
2026-10-05T20:27:26.0222182Z + lucide-react 1.31.0
2026-10-05T20:27:26.0222370Z + react 19.2.6
2026-10-05T20:27:26.0222609Z + react-day-picker 9.8.1
2026-10-05T20:27:26.0222817Z + react-dom 19.2.6
2026-10-05T20:27:26.0223057Z + react-resizable-panels 4.5.8
2026-10-05T20:27:26.0223284Z + recharts 3.8.0
2026-10-05T20:27:26.0223455Z + saxes 5.0.1
2026-10-05T20:27:26.0223636Z + tailwind-merge 3.6.0
2026-10-05T20:27:26.0223838Z + tesseract.js 7.0.0
2026-10-05T20:27:26.0224035Z + tw-animate-css 1.4.0
2026-10-05T20:27:26.0224270Z + unpdf 1.8.1
2026-10-05T20:27:26.0224364Z 
2026-10-05T20:27:26.0224451Z devDependencies:
2026-10-05T20:27:26.0224655Z + @tailwindcss/postcss 4.2.1
2026-10-05T20:27:26.0224872Z + @types/node 22.19.19
2026-10-05T20:27:26.0225082Z + @types/react 19.2.14
2026-10-05T20:27:26.0225276Z + @types/react-dom 19.2.3
2026-10-05T20:27:26.0225489Z + @vitejs/plugin-react 6.0.2
2026-10-05T20:27:26.0225684Z + oxfmt 0.61.0
2026-10-05T20:27:26.0225886Z + oxlint 1.76.0
2026-10-05T20:27:26.0226297Z + oxlint-tsgolint 7.0.2001
2026-10-05T20:27:26.0226530Z + playwright 1.62.1
2026-10-05T20:27:26.0226717Z + tailwindcss 4.2.1
2026-10-05T20:27:26.0226902Z + typescript 5.9.3
2026-10-05T20:27:26.0227076Z + vite 8.0.16
2026-10-05T20:27:26.0227177Z 
2026-10-05T20:27:26.0526374Z Done in 3.6s using pnpm v11.19.0
2026-10-05T20:27:26.0992813Z ##[group]Run pnpm test:mutations
2026-10-05T20:27:26.0993075Z [36;1mpnpm test:mutations[0m
2026-10-05T20:27:26.1048848Z shell: /usr/bin/bash -e {0}
2026-10-05T20:27:26.1049099Z env:
2026-10-05T20:27:26.1049309Z   PNPM_HOME: /home/runner/setup-pnpm/node_modules/.bin
2026-10-05T20:27:26.1049567Z   MUTATION_SHARD: 6/6
2026-10-05T20:27:26.1049746Z ##[endgroup]
2026-10-05T20:27:26.7663966Z Already up to date
2026-10-05T20:27:26.7668932Z Done in 309ms using pnpm v11.19.0
2026-10-05T20:27:26.7785512Z $ node scripts/test-mutations.mjs
2026-10-05T20:28:24.6925154Z Detected deliberate fault: p6-source-ignore-bound-mapping
2026-10-05T20:28:56.8241618Z Detected deliberate fault: p6-table-retain-coverage-after-row-edit
2026-10-05T20:29:30.0242193Z Detected deliberate fault: p6-ignore-manual-region-observations
2026-10-05T20:30:01.7035376Z Detected deliberate fault: p6-skip-cell-fingerprint-on-restore
2026-10-05T20:30:33.4092029Z Detected deliberate fault: partial-treat-untrusted-cells-as-format-proof
2026-10-05T20:31:05.2062754Z Detected deliberate fault: p2-reject-explicit-numeric-payment-identities
2026-10-05T20:31:37.1858157Z Detected deliberate fault: p2-accept-inferred-payment-role-as-explicit-proof
2026-10-05T20:32:08.4812242Z Detected deliberate fault: p1-accept-placeholder-category-or-zero-as-a-discriminator
2026-10-05T20:32:40.3876309Z Detected deliberate fault: p1-use-normalized-document-identity
2026-10-05T20:33:10.9384611Z Detected deliberate fault: 046-disable-all-supported-groups
2026-10-05T20:33:42.7076606Z Detected deliberate fault: v11-approve-a-source-compared-with-itself
2026-10-05T20:34:14.6723673Z Detected deliberate fault: v11-approve-on-a-voucher-with-no-chosen-reference
2026-10-05T20:34:46.3806450Z Detected deliberate fault: hard-g08-accept-payment-parts-beyond-the-date-window
2026-10-05T20:35:18.3164362Z Detected deliberate fault: accept-a-partial-pdf-operator-stream
2026-10-05T20:35:50.6334936Z Detected deliberate fault: ignore-known-document-evidence-conflicts
2026-10-05T20:36:22.3392958Z Detected deliberate fault: reject-unused-helper-formulas
2026-10-05T20:36:54.1869606Z Detected deliberate fault: classify-any-summary-word-as-a-nontransaction
2026-10-05T20:37:26.7647935Z Detected deliberate fault: fuzzy-reference-auto-match
2026-10-05T20:37:58.8634677Z Detected deliberate fault: typed-short-infer-type-without-explicit-label
2026-10-05T20:38:30.7086826Z Detected deliberate fault: f03-ignore-related-credit-invoice-conflict
2026-10-05T20:39:02.2716957Z Detected deliberate fault: unknown-credit-remove-role-review-gate
2026-10-05T20:39:34.1382366Z Detected deliberate fault: p5-invent-model-case-total
2026-10-05T20:39:34.2724021Z {
2026-10-05T20:39:34.2724345Z   "baselinePassed": true,
2026-10-05T20:39:34.2724675Z   "detected": 22,
2026-10-05T20:39:34.2724932Z   "total": 22,
2026-10-05T20:39:34.2725273Z   "available": 134,
2026-10-05T20:39:34.2725509Z   "shard": {
2026-10-05T20:39:34.2725745Z     "index": 6,
2026-10-05T20:39:34.2725998Z     "count": 6
2026-10-05T20:39:34.2726269Z   },
2026-10-05T20:39:34.2726485Z   "mutations": [
2026-10-05T20:39:34.2726716Z     {
2026-10-05T20:39:34.2727100Z       "mutation": "p6-source-ignore-bound-mapping",
2026-10-05T20:39:34.2727542Z       "detected": true
2026-10-05T20:39:34.2727829Z     },
2026-10-05T20:39:34.2728083Z     {
2026-10-05T20:39:34.2728433Z       "mutation": "p6-table-retain-coverage-after-row-edit",
2026-10-05T20:39:34.2729111Z       "detected": true
2026-10-05T20:39:34.2729419Z     },
2026-10-05T20:39:34.2729629Z     {
2026-10-05T20:39:34.2730019Z       "mutation": "p6-ignore-manual-region-observations",
2026-10-05T20:39:34.2730467Z       "detected": true
2026-10-05T20:39:34.2730743Z     },
2026-10-05T20:39:34.2730968Z     {
2026-10-05T20:39:34.2731341Z       "mutation": "p6-skip-cell-fingerprint-on-restore",
2026-10-05T20:39:34.2731763Z       "detected": true
2026-10-05T20:39:34.2732035Z     },
2026-10-05T20:39:34.2732379Z     {
2026-10-05T20:39:34.2732790Z       "mutation": "partial-treat-untrusted-cells-as-format-proof",
2026-10-05T20:39:34.2733644Z       "detected": true
2026-10-05T20:39:34.2733891Z     },
2026-10-05T20:39:34.2734137Z     {
2026-10-05T20:39:34.2734548Z       "mutation": "p2-reject-explicit-numeric-payment-identities",
2026-10-05T20:39:34.2735015Z       "detected": true
2026-10-05T20:39:34.2735255Z     },
2026-10-05T20:39:34.2735483Z     {
2026-10-05T20:39:34.2735903Z       "mutation": "p2-accept-inferred-payment-role-as-explicit-proof",
2026-10-05T20:39:34.2736368Z       "detected": true
2026-10-05T20:39:34.2736641Z     },
2026-10-05T20:39:34.2736858Z     {
2026-10-05T20:39:34.2737376Z       "mutation": "p1-accept-placeholder-category-or-zero-as-a-discriminator",
2026-10-05T20:39:34.2737916Z       "detected": true
2026-10-05T20:39:34.2738169Z     },
2026-10-05T20:39:34.2738403Z     {
2026-10-05T20:39:34.2738902Z       "mutation": "p1-use-normalized-document-identity",
2026-10-05T20:39:34.2739294Z       "detected": true
2026-10-05T20:39:34.2739577Z     },
2026-10-05T20:39:34.2739802Z     {
2026-10-05T20:39:34.2740125Z       "mutation": "046-disable-all-supported-groups",
2026-10-05T20:39:34.2740532Z       "detected": true
2026-10-05T20:39:34.2740804Z     },
2026-10-05T20:39:34.2741023Z     {
2026-10-05T20:39:34.2741613Z       "mutation": "v11-approve-a-source-compared-with-itself",
2026-10-05T20:39:34.2742043Z       "detected": true
2026-10-05T20:39:34.2742295Z     },
2026-10-05T20:39:34.2742536Z     {
2026-10-05T20:39:34.2742968Z       "mutation": "v11-approve-on-a-voucher-with-no-chosen-reference",
2026-10-05T20:39:34.2743456Z       "detected": true
2026-10-05T20:39:34.2743741Z     },
2026-10-05T20:39:34.2743983Z     {
2026-10-05T20:39:34.2744436Z       "mutation": "hard-g08-accept-payment-parts-beyond-the-date-window",
2026-10-05T20:39:34.2744950Z       "detected": true
2026-10-05T20:39:34.2745230Z     },
2026-10-05T20:39:34.2745444Z     {
2026-10-05T20:39:34.2745803Z       "mutation": "accept-a-partial-pdf-operator-stream",
2026-10-05T20:39:34.2746263Z       "detected": true
2026-10-05T20:39:34.2746527Z     },
2026-10-05T20:39:34.2746789Z     {
2026-10-05T20:39:34.2747165Z       "mutation": "ignore-known-document-evidence-conflicts",
2026-10-05T20:39:34.2747603Z       "detected": true
2026-10-05T20:39:34.2747841Z     },
2026-10-05T20:39:34.2748086Z     {
2026-10-05T20:39:34.2748414Z       "mutation": "reject-unused-helper-formulas",
2026-10-05T20:39:34.2748911Z       "detected": true
2026-10-05T20:39:34.2749163Z     },
2026-10-05T20:39:34.2749391Z     {
2026-10-05T20:39:34.2749795Z       "mutation": "classify-any-summary-word-as-a-nontransaction",
2026-10-05T20:39:34.2750248Z       "detected": true
2026-10-05T20:39:34.2750496Z     },
2026-10-05T20:39:34.2750733Z     {
2026-10-05T20:39:34.2751050Z       "mutation": "fuzzy-reference-auto-match",
2026-10-05T20:39:34.2751431Z       "detected": true
2026-10-05T20:39:34.2751693Z     },
2026-10-05T20:39:34.2751903Z     {
2026-10-05T20:39:34.2752328Z       "mutation": "typed-short-infer-type-without-explicit-label",
2026-10-05T20:39:34.2752809Z       "detected": true
2026-10-05T20:39:34.2753064Z     },
2026-10-05T20:39:34.2753258Z     {
2026-10-05T20:39:34.2753600Z       "mutation": "f03-ignore-related-credit-invoice-conflict",
2026-10-05T20:39:34.2754048Z       "detected": true
2026-10-05T20:39:34.2754306Z     },
2026-10-05T20:39:34.2754543Z     {
2026-10-05T20:39:34.2754889Z       "mutation": "unknown-credit-remove-role-review-gate",
2026-10-05T20:39:34.2755313Z       "detected": true
2026-10-05T20:39:34.2755567Z     },
2026-10-05T20:39:34.2755768Z     {
2026-10-05T20:39:34.2756056Z       "mutation": "p5-invent-model-case-total",
2026-10-05T20:39:34.2756415Z       "detected": true
2026-10-05T20:39:34.2756744Z     }
2026-10-05T20:39:34.2756965Z   ]
2026-10-05T20:39:34.2757202Z }
2026-10-05T20:39:34.2943732Z Post job cleanup.
2026-10-05T20:39:34.3902729Z (node:15126) [DEP0040] DeprecationWarning: The `punycode` module is deprecated. Please use a userland alternative instead.
2026-10-05T20:39:34.3903826Z (Use `node --trace-deprecation ...` to show where the warning was created)
2026-10-05T20:39:34.3905275Z Cache hit occurred on the primary key node-cache-Linux-x64-pnpm-970ff90c8c5b62d936b78a56179f81cdf02982feb14381f8bba791078d20d9fe, not saving cache.
2026-10-05T20:39:34.3991344Z Post job cleanup.
2026-10-05T20:39:34.5093524Z Pruning is unnecessary.
2026-10-05T20:39:34.5250033Z Post job cleanup.
2026-10-05T20:39:34.5928771Z [command]/usr/bin/git version
2026-10-05T20:39:34.5963619Z git version 2.55.0
2026-10-05T20:39:34.5992037Z Temporarily overriding HOME='/home/runner/work/_temp/a98c22b2-d0ee-4f0d-82a8-fcab54fbbf57' before making global git config changes
2026-10-05T20:39:34.5993265Z Adding repository directory to the temporary git global config as a safe directory
2026-10-05T20:39:34.5996140Z [command]/usr/bin/git config --global --add safe.directory /home/runner/work/accounting/accounting
2026-10-05T20:39:34.6026787Z [command]/usr/bin/git config --local --name-only --get-regexp core\.sshCommand
2026-10-05T20:39:34.6055113Z [command]/usr/bin/git submodule foreach --recursive sh -c "git config --local --name-only --get-regexp 'core\.sshCommand' && git config --local --unset-all 'core.sshCommand' || :"
2026-10-05T20:39:34.6266419Z [command]/usr/bin/git config --local --name-only --get-regexp http\.https\:\/\/github\.com\/\.extraheader
2026-10-05T20:39:34.6291328Z http.https://github.com/.extraheader
2026-10-05T20:39:34.6301233Z [command]/usr/bin/git config --local --unset-all http.https://github.com/.extraheader
2026-10-05T20:39:34.6331118Z [command]/usr/bin/git submodule foreach --recursive sh -c "git config --local --name-only --get-regexp 'http\.https\:\/\/github\.com\/\.extraheader' && git config --local --unset-all 'http.https://github.com/.extraheader' || :"
2026-10-05T20:39:34.6547257Z [command]/usr/bin/git config --local --name-only --get-regexp ^includeIf\.gitdir:
2026-10-05T20:39:34.6580117Z [command]/usr/bin/git submodule foreach --recursive git config --local --show-origin --name-only --get-regexp remote.origin.url
2026-10-05T20:39:34.6914441Z Cleaning up orphan processes
2026-10-05T20:39:34.7114188Z ##[warning]Node.js 20 is deprecated. The following actions target Node.js 20 but are being forced to run on Node.js 24: actions/checkout@11d5960a326750d5838078e36cf38b85af677262, actions/setup-node@49933ea5288caeca8642d1e84afbd3f7d6820020, pnpm/action-setup@b906affcce14559ad1aafd4ab0e942779e9f58b1. For more information see: https://github.blog/changelog/2025-09-19-deprecation-of-node-20-on-github-actions-runners/
