2026-10-05T20:22:35.3630582Z Current runner version: '2.337.0'
2026-10-05T20:22:35.3651455Z ##[group]Runner Image Provisioner
2026-10-05T20:22:35.3652586Z Hosted Compute Agent
2026-10-05T20:22:35.3653140Z Version: 20260901.588
2026-10-05T20:22:35.3653683Z Commit: f88ec8081b781fac6c440065ac7ff9e710ce3d0b
2026-10-05T20:22:35.3654292Z Build Date: 2026-09-01T19:56:44Z
2026-10-05T20:22:35.3654998Z Worker ID: {f14c888d-15cd-4517-9ef7-5cb3ee89b3c3}
2026-10-05T20:22:35.3655666Z Azure Region: westus3
2026-10-05T20:22:35.3656212Z ##[endgroup]
2026-10-05T20:22:35.3657461Z ##[group]Operating System
2026-10-05T20:22:35.3658007Z Ubuntu
2026-10-05T20:22:35.3658548Z 24.04.5
2026-10-05T20:22:35.3659023Z LTS
2026-10-05T20:22:35.3659507Z ##[endgroup]
2026-10-05T20:22:35.3660027Z ##[group]Runner Image
2026-10-05T20:22:35.3660574Z Image: ubuntu-24.04
2026-10-05T20:22:35.3661177Z Version: 20260927.320.1
2026-10-05T20:22:35.3662601Z Included Software: https://github.com/actions/runner-images/blob/ubuntu24/20260927.320/images/ubuntu/Ubuntu2404-Readme.md
2026-10-05T20:22:35.3664014Z Image Release: https://github.com/actions/runner-images/releases/tag/ubuntu24%2F20260927.320
2026-10-05T20:22:35.3665283Z ##[endgroup]
2026-10-05T20:22:35.3666289Z ##[group]GITHUB_TOKEN Permissions
2026-10-05T20:22:35.3668410Z Contents: read
2026-10-05T20:22:35.3668956Z Metadata: read
2026-10-05T20:22:35.3669462Z ##[endgroup]
2026-10-05T20:22:35.3671335Z Secret source: Actions
2026-10-05T20:22:35.3672415Z Cache mode: write
2026-10-05T20:22:35.3673119Z Prepare workflow directory
2026-10-05T20:22:35.3929904Z Prepare all required actions
2026-10-05T20:22:35.3970687Z Getting action download info
2026-10-05T20:22:35.7392255Z Download action repository 'actions/checkout@11d5960a326750d5838078e36cf38b85af677262' (SHA:11d5960a326750d5838078e36cf38b85af677262)
2026-10-05T20:22:35.8581217Z Download action repository 'pnpm/action-setup@b906affcce14559ad1aafd4ab0e942779e9f58b1' (SHA:b906affcce14559ad1aafd4ab0e942779e9f58b1)
2026-10-05T20:22:36.7795446Z Download action repository 'actions/setup-node@49933ea5288caeca8642d1e84afbd3f7d6820020' (SHA:49933ea5288caeca8642d1e84afbd3f7d6820020)
2026-10-05T20:22:36.9644788Z Complete job name: Accounting mutation gate (2/6)
2026-10-05T20:22:37.0308269Z ##[group]Run actions/checkout@11d5960a326750d5838078e36cf38b85af677262
2026-10-05T20:22:37.0309365Z with:
2026-10-05T20:22:37.0309953Z   repository: mjodshamrani-ux/accounting
2026-10-05T20:22:37.0314632Z   token: ***
2026-10-05T20:22:37.0315241Z   ssh-strict: true
2026-10-05T20:22:37.0315786Z   ssh-user: git
2026-10-05T20:22:37.0316357Z   persist-credentials: true
2026-10-05T20:22:37.0316980Z   clean: true
2026-10-05T20:22:37.0317509Z   sparse-checkout-cone-mode: true
2026-10-05T20:22:37.0318112Z   fetch-depth: 1
2026-10-05T20:22:37.0318647Z   fetch-tags: false
2026-10-05T20:22:37.0319154Z   show-progress: true
2026-10-05T20:22:37.0319691Z   lfs: false
2026-10-05T20:22:37.0320196Z   submodules: false
2026-10-05T20:22:37.0320739Z   set-safe-directory: true
2026-10-05T20:22:37.0321316Z   allow-unsafe-pr-checkout: false
2026-10-05T20:22:37.0322302Z ##[endgroup]
2026-10-05T20:22:37.1227060Z Syncing repository: mjodshamrani-ux/accounting
2026-10-05T20:22:37.1229531Z ##[group]Getting Git version info
2026-10-05T20:22:37.1230582Z Working directory is '/home/runner/work/accounting/accounting'
2026-10-05T20:22:37.1232235Z [command]/usr/bin/git version
2026-10-05T20:22:37.1292366Z git version 2.55.0
2026-10-05T20:22:37.1308622Z ##[endgroup]
2026-10-05T20:22:37.1321152Z Temporarily overriding HOME='/home/runner/work/_temp/38a1a3a9-78ff-4c90-a52c-c7c30c6b68f2' before making global git config changes
2026-10-05T20:22:37.1327156Z Adding repository directory to the temporary git global config as a safe directory
2026-10-05T20:22:37.1333597Z [command]/usr/bin/git config --global --add safe.directory /home/runner/work/accounting/accounting
2026-10-05T20:22:37.1383031Z Deleting the contents of '/home/runner/work/accounting/accounting'
2026-10-05T20:22:37.1386724Z ##[group]Initializing the repository
2026-10-05T20:22:37.1390179Z [command]/usr/bin/git init /home/runner/work/accounting/accounting
2026-10-05T20:22:37.1492778Z hint: Using 'master' as the name for the initial branch. This default branch name
2026-10-05T20:22:37.1494619Z hint: will change to "main" in Git 3.0. To configure the initial branch name
2026-10-05T20:22:37.1496142Z hint: to use in all of your new repositories, which will suppress this warning,
2026-10-05T20:22:37.1497275Z hint: call:
2026-10-05T20:22:37.1498031Z hint:
2026-10-05T20:22:37.1499006Z hint: 	git config --global init.defaultBranch <name>
2026-10-05T20:22:37.1500011Z hint:
2026-10-05T20:22:37.1500901Z hint: Names commonly chosen instead of 'master' are 'main', 'trunk' and
2026-10-05T20:22:37.1502504Z hint: 'development'. The just-created branch can be renamed via this command:
2026-10-05T20:22:37.1503771Z hint:
2026-10-05T20:22:37.1504533Z hint: 	git branch -m <name>
2026-10-05T20:22:37.1505299Z hint:
2026-10-05T20:22:37.1506233Z hint: Disable this message with "git config set advice.defaultBranchName false"
2026-10-05T20:22:37.1508249Z Initialized empty Git repository in /home/runner/work/accounting/accounting/.git/
2026-10-05T20:22:37.1510814Z [command]/usr/bin/git remote add origin https://github.com/mjodshamrani-ux/accounting
2026-10-05T20:22:37.1544198Z ##[endgroup]
2026-10-05T20:22:37.1545404Z ##[group]Disabling automatic garbage collection
2026-10-05T20:22:37.1548373Z [command]/usr/bin/git config --local gc.auto 0
2026-10-05T20:22:37.1573916Z ##[endgroup]
2026-10-05T20:22:37.1575032Z ##[group]Setting up auth
2026-10-05T20:22:37.1579807Z [command]/usr/bin/git config --local --name-only --get-regexp core\.sshCommand
2026-10-05T20:22:37.1606764Z [command]/usr/bin/git submodule foreach --recursive sh -c "git config --local --name-only --get-regexp 'core\.sshCommand' && git config --local --unset-all 'core.sshCommand' || :"
2026-10-05T20:22:37.1917815Z [command]/usr/bin/git config --local --name-only --get-regexp http\.https\:\/\/github\.com\/\.extraheader
2026-10-05T20:22:37.1946761Z [command]/usr/bin/git submodule foreach --recursive sh -c "git config --local --name-only --get-regexp 'http\.https\:\/\/github\.com\/\.extraheader' && git config --local --unset-all 'http.https://github.com/.extraheader' || :"
2026-10-05T20:22:37.2126002Z [command]/usr/bin/git config --local --name-only --get-regexp ^includeIf\.gitdir:
2026-10-05T20:22:37.2154337Z [command]/usr/bin/git submodule foreach --recursive git config --local --show-origin --name-only --get-regexp remote.origin.url
2026-10-05T20:22:37.2326496Z [command]/usr/bin/git config --local http.https://github.com/.extraheader AUTHORIZATION: basic ***
2026-10-05T20:22:37.2386607Z ##[endgroup]
2026-10-05T20:22:37.2387807Z ##[group]Fetching the repository
2026-10-05T20:22:37.2395355Z [command]/usr/bin/git -c protocol.version=2 fetch --no-tags --prune --no-recurse-submodules --depth=1 origin +1f9acf618c951be27336afc130fb526ddec99a8e:refs/remotes/origin/main
2026-10-05T20:22:39.7941243Z From https://github.com/mjodshamrani-ux/accounting
2026-10-05T20:22:39.7943183Z  * [new ref]         1f9acf618c951be27336afc130fb526ddec99a8e -> origin/main
2026-10-05T20:22:39.7946300Z ##[endgroup]
2026-10-05T20:22:39.7947297Z ##[group]Determining the checkout info
2026-10-05T20:22:39.7948459Z ##[endgroup]
2026-10-05T20:22:39.7953966Z [command]/usr/bin/git sparse-checkout disable
2026-10-05T20:22:39.7999923Z [command]/usr/bin/git config --local --unset-all extensions.worktreeConfig
2026-10-05T20:22:39.8024829Z ##[group]Checking out the ref
2026-10-05T20:22:39.8028539Z [command]/usr/bin/git checkout --progress --force -B main refs/remotes/origin/main
2026-10-05T20:22:40.2241798Z Switched to a new branch 'main'
2026-10-05T20:22:40.2244865Z branch 'main' set up to track 'origin/main'.
2026-10-05T20:22:40.2260667Z ##[endgroup]
2026-10-05T20:22:40.2299387Z [command]/usr/bin/git log -1 --format=%H
2026-10-05T20:22:40.2321979Z 1f9acf618c951be27336afc130fb526ddec99a8e
2026-10-05T20:22:40.2529576Z ##[group]Run pnpm/action-setup@b906affcce14559ad1aafd4ab0e942779e9f58b1
2026-10-05T20:22:40.2530023Z with:
2026-10-05T20:22:40.2530458Z   version: 11.19.0
2026-10-05T20:22:40.2530742Z   dest: ~/setup-pnpm
2026-10-05T20:22:40.2530994Z   run_install: null
2026-10-05T20:22:40.2531291Z   cache: false
2026-10-05T20:22:40.2531825Z   cache_dependency_path: pnpm-lock.yaml
2026-10-05T20:22:40.2532176Z   package_json_file: package.json
2026-10-05T20:22:40.2532501Z   standalone: false
2026-10-05T20:22:40.2532747Z ##[endgroup]
2026-10-05T20:22:40.3732350Z ##[group]Running self-installer...
2026-10-05T20:22:40.7260682Z (node:2119) [DEP0169] DeprecationWarning: `url.parse()` behavior is not standardized and prone to errors that have security implications. Use the WHATWG URL API instead. CVEs are not issued for `url.parse()` vulnerabilities.
2026-10-05T20:22:40.7262324Z (Use `node --trace-deprecation ...` to show where the warning was created)
2026-10-05T20:22:40.8977706Z Progress: resolved 1, reused 0, downloaded 0, added 0
2026-10-05T20:22:40.9066199Z Packages: +1
2026-10-05T20:22:40.9066993Z +
2026-10-05T20:22:41.3165235Z Progress: resolved 1, reused 0, downloaded 1, added 1, done
2026-10-05T20:22:41.3382685Z 
2026-10-05T20:22:41.3383358Z dependencies:
2026-10-05T20:22:41.3383945Z + pnpm 11.19.0 (12.9.1 is available)
2026-10-05T20:22:41.3384292Z 
2026-10-05T20:22:41.3408601Z Done in 793ms
2026-10-05T20:22:41.4960034Z ##[endgroup]
2026-10-05T20:22:41.4960844Z Installation Completed!
2026-10-05T20:22:41.5129080Z ##[group]Run actions/setup-node@49933ea5288caeca8642d1e84afbd3f7d6820020
2026-10-05T20:22:41.5129470Z with:
2026-10-05T20:22:41.5129739Z   node-version: 24
2026-10-05T20:22:41.5129988Z   cache: pnpm
2026-10-05T20:22:41.5130234Z   always-auth: false
2026-10-05T20:22:41.5130503Z   check-latest: false
2026-10-05T20:22:41.5133240Z   token: ***
2026-10-05T20:22:41.5133512Z env:
2026-10-05T20:22:41.5133809Z   PNPM_HOME: /home/runner/setup-pnpm/node_modules/.bin
2026-10-05T20:22:41.5134133Z ##[endgroup]
2026-10-05T20:22:41.6304737Z Found in cache @ /opt/hostedtoolcache/node/24.21.0/x64
2026-10-05T20:22:41.6308768Z (node:2133) [DEP0040] DeprecationWarning: The `punycode` module is deprecated. Please use a userland alternative instead.
2026-10-05T20:22:41.6309864Z (Use `node --trace-deprecation ...` to show where the warning was created)
2026-10-05T20:22:41.6310830Z ##[group]Environment details
2026-10-05T20:22:44.9736118Z node: v24.21.0
2026-10-05T20:22:44.9736539Z npm: 11.19.0
2026-10-05T20:22:44.9737162Z yarn: 1.22.22
2026-10-05T20:22:44.9738303Z ##[endgroup]
2026-10-05T20:22:44.9778221Z [command]/home/runner/setup-pnpm/node_modules/.bin/pnpm store path --silent
2026-10-05T20:22:45.6892307Z /home/runner/setup-pnpm/node_modules/.bin/store/v11
2026-10-05T20:22:45.9212767Z Cache hit for: node-cache-Linux-x64-pnpm-970ff90c8c5b62d936b78a56179f81cdf02982feb14381f8bba791078d20d9fe
2026-10-05T20:22:45.9332075Z (node:2133) [DEP0169] DeprecationWarning: `url.parse()` behavior is not standardized and prone to errors that have security implications. Use the WHATWG URL API instead. CVEs are not issued for `url.parse()` vulnerabilities.
2026-10-05T20:22:47.1759916Z Received 37748736 of 118816928 (31.8%), 36.0 MBs/sec
2026-10-05T20:22:47.6193227Z Received 118816928 of 118816928 (100.0%), 78.4 MBs/sec
2026-10-05T20:22:47.6194120Z Cache Size: ~113 MB (118816928 B)
2026-10-05T20:22:47.6221202Z [command]/usr/bin/tar -xf /home/runner/work/_temp/a32123e5-4d99-487f-b828-ee4534ba924d/cache.tzst -P -C /home/runner/work/accounting/accounting --use-compress-program unzstd
2026-10-05T20:22:48.2921257Z Cache restored successfully
2026-10-05T20:22:48.2966847Z Cache restored from key: node-cache-Linux-x64-pnpm-970ff90c8c5b62d936b78a56179f81cdf02982feb14381f8bba791078d20d9fe
2026-10-05T20:22:48.3105561Z ##[group]Run pnpm install --frozen-lockfile
2026-10-05T20:22:48.3106156Z [36;1mpnpm install --frozen-lockfile[0m
2026-10-05T20:22:48.3329106Z shell: /usr/bin/bash -e {0}
2026-10-05T20:22:48.3329465Z env:
2026-10-05T20:22:48.3329844Z   PNPM_HOME: /home/runner/setup-pnpm/node_modules/.bin
2026-10-05T20:22:48.3330228Z ##[endgroup]
2026-10-05T20:22:48.8227491Z ? Verifying lockfile against supply-chain policies (367 entries)...
2026-10-05T20:22:48.8298804Z Lockfile is up to date, resolution step is skipped
2026-10-05T20:22:48.9417756Z Progress: resolved 1, reused 0, downloaded 0, added 0
2026-10-05T20:22:48.9804052Z Packages: +249
2026-10-05T20:22:48.9805049Z ++++++++++++++++++++++++++++++++++++++++++++++++++++++++++++++++++++++++++++++++
2026-10-05T20:22:49.7105570Z Packages are hard linked from the content-addressable store to the virtual store.
2026-10-05T20:22:49.7107163Z   Content-addressable store is at: /home/runner/setup-pnpm/node_modules/.bin/store/v11
2026-10-05T20:22:49.7108313Z   Virtual store is at:             node_modules/.pnpm
2026-10-05T20:22:49.9439466Z Progress: resolved 249, reused 249, downloaded 0, added 56
2026-10-05T20:22:50.3643414Z Progress: resolved 249, reused 249, downloaded 0, added 249, done
2026-10-05T20:22:51.4114771Z ✓ Lockfile passes supply-chain policies (367 entries in 2.5s)
2026-10-05T20:22:51.4747634Z 
2026-10-05T20:22:51.4748673Z dependencies:
2026-10-05T20:22:51.4749296Z + @base-ui/react 1.7.0
2026-10-05T20:22:51.4749766Z + @shadcn/react 0.3.0
2026-10-05T20:22:51.4750407Z + @tesseract.js-data/ara 1.0.0
2026-10-05T20:22:51.4750938Z + @tesseract.js-data/eng 1.0.0
2026-10-05T20:22:51.4751748Z + class-variance-authority 0.7.1
2026-10-05T20:22:51.4752305Z + clsx 2.1.1
2026-10-05T20:22:51.4752741Z + cmdk 1.1.1
2026-10-05T20:22:51.4753110Z + date-fns 4.1.0
2026-10-05T20:22:51.4753646Z + embla-carousel-react 8.5.2
2026-10-05T20:22:51.4754111Z + exceljs 4.4.0
2026-10-05T20:22:51.4754484Z + input-otp 1.4.2
2026-10-05T20:22:51.4754873Z + jszip 3.10.1
2026-10-05T20:22:51.4755444Z + lucide-react 1.31.0
2026-10-05T20:22:51.4755907Z + react 19.2.6
2026-10-05T20:22:51.4756422Z + react-day-picker 9.8.1
2026-10-05T20:22:51.4756863Z + react-dom 19.2.6
2026-10-05T20:22:51.4757386Z + react-resizable-panels 4.5.8
2026-10-05T20:22:51.4757852Z + recharts 3.8.0
2026-10-05T20:22:51.4758319Z + saxes 5.0.1
2026-10-05T20:22:51.4758726Z + tailwind-merge 3.6.0
2026-10-05T20:22:51.4759719Z + tesseract.js 7.0.0
2026-10-05T20:22:51.4760316Z + tw-animate-css 1.4.0
2026-10-05T20:22:51.4760835Z + unpdf 1.8.1
2026-10-05T20:22:51.4761073Z 
2026-10-05T20:22:51.4761253Z devDependencies:
2026-10-05T20:22:51.4761921Z + @tailwindcss/postcss 4.2.1
2026-10-05T20:22:51.4762412Z + @types/node 22.19.19
2026-10-05T20:22:51.4762799Z + @types/react 19.2.14
2026-10-05T20:22:51.4763159Z + @types/react-dom 19.2.3
2026-10-05T20:22:51.4763529Z + @vitejs/plugin-react 6.0.2
2026-10-05T20:22:51.4763848Z + oxfmt 0.61.0
2026-10-05T20:22:51.4764132Z + oxlint 1.76.0
2026-10-05T20:22:51.4764530Z + oxlint-tsgolint 7.0.2001
2026-10-05T20:22:51.4765055Z + playwright 1.62.1
2026-10-05T20:22:51.4765547Z + tailwindcss 4.2.1
2026-10-05T20:22:51.4765853Z + typescript 5.9.3
2026-10-05T20:22:51.4766154Z + vite 8.0.16
2026-10-05T20:22:51.4766328Z 
2026-10-05T20:22:51.5058999Z Done in 3.1s using pnpm v11.19.0
2026-10-05T20:22:51.5419173Z ##[group]Run pnpm test:mutations
2026-10-05T20:22:51.5419539Z [36;1mpnpm test:mutations[0m
2026-10-05T20:22:51.5455078Z shell: /usr/bin/bash -e {0}
2026-10-05T20:22:51.5455483Z env:
2026-10-05T20:22:51.5455807Z   PNPM_HOME: /home/runner/setup-pnpm/node_modules/.bin
2026-10-05T20:22:51.5456166Z   MUTATION_SHARD: 2/6
2026-10-05T20:22:51.5456474Z ##[endgroup]
2026-10-05T20:22:52.2856325Z Already up to date
2026-10-05T20:22:52.2862986Z Done in 346ms using pnpm v11.19.0
2026-10-05T20:22:52.2982389Z $ node scripts/test-mutations.mjs
2026-10-05T20:24:04.1483551Z Detected deliberate fault: p6-split-ignore-table-version
2026-10-05T20:24:38.2911001Z Detected deliberate fault: p6-source-accept-missing-currency-proof
2026-10-05T20:25:12.8242022Z Detected deliberate fault: p6-table-ignore-known-unassigned-crops
2026-10-05T20:25:46.9818337Z Detected deliberate fault: p6-accept-outside-image-manual-region
2026-10-05T20:26:21.6938392Z Detected deliberate fault: f02-discard-excluded-movement-membership
2026-10-05T20:26:56.0753581Z Detected deliberate fault: partial-ignore-isolated-error-membership
2026-10-05T20:27:30.9135409Z Detected deliberate fault: p2-waive-voucher-conflicts-without-a-certified-document-partition
2026-10-05T20:28:05.0527403Z Detected deliberate fault: p2-ignore-whole-group-date-span
2026-10-05T20:28:40.0189421Z Detected deliberate fault: p1-disable-document-pair-resolution
2026-10-05T20:29:14.6972111Z Detected deliberate fault: p1-restore-a-rejected-document-pair
2026-10-05T20:29:49.8919925Z Detected deliberate fault: hard-t01-read-any-label-ending-in-invoice
2026-10-05T20:30:24.6372019Z Detected deliberate fault: hard-s01-drop-a-source-without-a-role
2026-10-05T20:30:59.2574233Z Detected deliberate fault: v11-let-a-document-number-outvote-the-chosen-references
2026-10-05T20:31:32.9109461Z Detected deliberate fault: 045-ignore-declared-aging-report
2026-10-05T20:32:07.1799834Z Detected deliberate fault: reuse-an-ai-column-proposal-after-settings-change
2026-10-05T20:32:41.6260455Z Detected deliberate fault: ignore-xlsx-overwritten-cell-addresses
2026-10-05T20:33:18.3260760Z Detected deliberate fault: count-total-rows-as-transactions
2026-10-05T20:33:53.5381219Z Detected deliberate fault: prove-direction-from-a-single-movement
2026-10-05T20:34:27.5464775Z Detected deliberate fault: ignore-reference-duplicates
2026-10-05T20:35:02.6216476Z Detected deliberate fault: typed-short-ignore-canonical-type-sign
2026-10-05T20:35:37.5931927Z Detected deliberate fault: f03-promote-related-invoice-discriminator
2026-10-05T20:36:11.9840428Z Detected deliberate fault: p5-bypass-canonical-explanation-check
2026-10-05T20:36:45.8368274Z Detected deliberate fault: corrupt-exported-amount
2026-10-05T20:36:45.9192084Z {
2026-10-05T20:36:45.9192719Z   "baselinePassed": true,
2026-10-05T20:36:45.9193150Z   "detected": 23,
2026-10-05T20:36:45.9194152Z   "total": 23,
2026-10-05T20:36:45.9194531Z   "available": 134,
2026-10-05T20:36:45.9194877Z   "shard": {
2026-10-05T20:36:45.9195296Z     "index": 2,
2026-10-05T20:36:45.9195637Z     "count": 6
2026-10-05T20:36:45.9195990Z   },
2026-10-05T20:36:45.9196358Z   "mutations": [
2026-10-05T20:36:45.9196739Z     {
2026-10-05T20:36:45.9197199Z       "mutation": "p6-split-ignore-table-version",
2026-10-05T20:36:45.9197838Z       "detected": true
2026-10-05T20:36:45.9198185Z     },
2026-10-05T20:36:45.9198577Z     {
2026-10-05T20:36:45.9199150Z       "mutation": "p6-source-accept-missing-currency-proof",
2026-10-05T20:36:45.9199791Z       "detected": true
2026-10-05T20:36:45.9200200Z     },
2026-10-05T20:36:45.9200561Z     {
2026-10-05T20:36:45.9201076Z       "mutation": "p6-table-ignore-known-unassigned-crops",
2026-10-05T20:36:45.9201797Z       "detected": true
2026-10-05T20:36:45.9202167Z     },
2026-10-05T20:36:45.9202576Z     {
2026-10-05T20:36:45.9203073Z       "mutation": "p6-accept-outside-image-manual-region",
2026-10-05T20:36:45.9203556Z       "detected": true
2026-10-05T20:36:45.9204031Z     },
2026-10-05T20:36:45.9204341Z     {
2026-10-05T20:36:45.9205261Z       "mutation": "f02-discard-excluded-movement-membership",
2026-10-05T20:36:45.9205891Z       "detected": true
2026-10-05T20:36:45.9206284Z     },
2026-10-05T20:36:45.9206650Z     {
2026-10-05T20:36:45.9207133Z       "mutation": "partial-ignore-isolated-error-membership",
2026-10-05T20:36:45.9207759Z       "detected": true
2026-10-05T20:36:45.9208198Z     },
2026-10-05T20:36:45.9208562Z     {
2026-10-05T20:36:45.9209342Z       "mutation": "p2-waive-voucher-conflicts-without-a-certified-document-partition",
2026-10-05T20:36:45.9210048Z       "detected": true
2026-10-05T20:36:45.9210547Z     },
2026-10-05T20:36:45.9210888Z     {
2026-10-05T20:36:45.9211357Z       "mutation": "p2-ignore-whole-group-date-span",
2026-10-05T20:36:45.9212033Z       "detected": true
2026-10-05T20:36:45.9212439Z     },
2026-10-05T20:36:45.9212817Z     {
2026-10-05T20:36:45.9213300Z       "mutation": "p1-disable-document-pair-resolution",
2026-10-05T20:36:45.9213867Z       "detected": true
2026-10-05T20:36:45.9214246Z     },
2026-10-05T20:36:45.9214673Z     {
2026-10-05T20:36:45.9215158Z       "mutation": "p1-restore-a-rejected-document-pair",
2026-10-05T20:36:45.9215924Z       "detected": true
2026-10-05T20:36:45.9216333Z     },
2026-10-05T20:36:45.9216748Z     {
2026-10-05T20:36:45.9217278Z       "mutation": "hard-t01-read-any-label-ending-in-invoice",
2026-10-05T20:36:45.9217807Z       "detected": true
2026-10-05T20:36:45.9218243Z     },
2026-10-05T20:36:45.9218593Z     {
2026-10-05T20:36:45.9219104Z       "mutation": "hard-s01-drop-a-source-without-a-role",
2026-10-05T20:36:45.9219694Z       "detected": true
2026-10-05T20:36:45.9220067Z     },
2026-10-05T20:36:45.9220408Z     {
2026-10-05T20:36:45.9221071Z       "mutation": "v11-let-a-document-number-outvote-the-chosen-references",
2026-10-05T20:36:45.9221885Z       "detected": true
2026-10-05T20:36:45.9222272Z     },
2026-10-05T20:36:45.9222594Z     {
2026-10-05T20:36:45.9223042Z       "mutation": "045-ignore-declared-aging-report",
2026-10-05T20:36:45.9223700Z       "detected": true
2026-10-05T20:36:45.9224152Z     },
2026-10-05T20:36:45.9224467Z     {
2026-10-05T20:36:45.9224927Z       "mutation": "reuse-an-ai-column-proposal-after-settings-change",
2026-10-05T20:36:45.9225651Z       "detected": true
2026-10-05T20:36:45.9225939Z     },
2026-10-05T20:36:45.9226177Z     {
2026-10-05T20:36:45.9226644Z       "mutation": "ignore-xlsx-overwritten-cell-addresses",
2026-10-05T20:36:45.9227280Z       "detected": true
2026-10-05T20:36:45.9227690Z     },
2026-10-05T20:36:45.9228114Z     {
2026-10-05T20:36:45.9228527Z       "mutation": "count-total-rows-as-transactions",
2026-10-05T20:36:45.9228959Z       "detected": true
2026-10-05T20:36:45.9229333Z     },
2026-10-05T20:36:45.9229644Z     {
2026-10-05T20:36:45.9230077Z       "mutation": "prove-direction-from-a-single-movement",
2026-10-05T20:36:45.9230638Z       "detected": true
2026-10-05T20:36:45.9230965Z     },
2026-10-05T20:36:45.9231265Z     {
2026-10-05T20:36:45.9231806Z       "mutation": "ignore-reference-duplicates",
2026-10-05T20:36:45.9232276Z       "detected": true
2026-10-05T20:36:45.9232627Z     },
2026-10-05T20:36:45.9232918Z     {
2026-10-05T20:36:45.9233384Z       "mutation": "typed-short-ignore-canonical-type-sign",
2026-10-05T20:36:45.9233866Z       "detected": true
2026-10-05T20:36:45.9234165Z     },
2026-10-05T20:36:45.9234500Z     {
2026-10-05T20:36:45.9234903Z       "mutation": "f03-promote-related-invoice-discriminator",
2026-10-05T20:36:45.9235398Z       "detected": true
2026-10-05T20:36:45.9235768Z     },
2026-10-05T20:36:45.9236039Z     {
2026-10-05T20:36:45.9236420Z       "mutation": "p5-bypass-canonical-explanation-check",
2026-10-05T20:36:45.9236786Z       "detected": true
2026-10-05T20:36:45.9237086Z     },
2026-10-05T20:36:45.9237316Z     {
2026-10-05T20:36:45.9237602Z       "mutation": "corrupt-exported-amount",
2026-10-05T20:36:45.9237969Z       "detected": true
2026-10-05T20:36:45.9238211Z     }
2026-10-05T20:36:45.9238493Z   ]
2026-10-05T20:36:45.9238760Z }
2026-10-05T20:36:45.9409818Z Post job cleanup.
2026-10-05T20:36:46.0447556Z (node:15657) [DEP0040] DeprecationWarning: The `punycode` module is deprecated. Please use a userland alternative instead.
2026-10-05T20:36:46.0448469Z (Use `node --trace-deprecation ...` to show where the warning was created)
2026-10-05T20:36:46.0450610Z Cache hit occurred on the primary key node-cache-Linux-x64-pnpm-970ff90c8c5b62d936b78a56179f81cdf02982feb14381f8bba791078d20d9fe, not saving cache.
2026-10-05T20:36:46.0542128Z Post job cleanup.
2026-10-05T20:36:46.1747116Z Pruning is unnecessary.
2026-10-05T20:36:46.1883971Z Post job cleanup.
2026-10-05T20:36:46.2718548Z [command]/usr/bin/git version
2026-10-05T20:36:46.2757602Z git version 2.55.0
2026-10-05T20:36:46.2792816Z Temporarily overriding HOME='/home/runner/work/_temp/029b6337-3672-41f2-afe3-3bbe8beba392' before making global git config changes
2026-10-05T20:36:46.2793802Z Adding repository directory to the temporary git global config as a safe directory
2026-10-05T20:36:46.2798603Z [command]/usr/bin/git config --global --add safe.directory /home/runner/work/accounting/accounting
2026-10-05T20:36:46.2829978Z [command]/usr/bin/git config --local --name-only --get-regexp core\.sshCommand
2026-10-05T20:36:46.2858270Z [command]/usr/bin/git submodule foreach --recursive sh -c "git config --local --name-only --get-regexp 'core\.sshCommand' && git config --local --unset-all 'core.sshCommand' || :"
2026-10-05T20:36:46.3063708Z [command]/usr/bin/git config --local --name-only --get-regexp http\.https\:\/\/github\.com\/\.extraheader
2026-10-05T20:36:46.3090057Z http.https://github.com/.extraheader
2026-10-05T20:36:46.3100717Z [command]/usr/bin/git config --local --unset-all http.https://github.com/.extraheader
2026-10-05T20:36:46.3133893Z [command]/usr/bin/git submodule foreach --recursive sh -c "git config --local --name-only --get-regexp 'http\.https\:\/\/github\.com\/\.extraheader' && git config --local --unset-all 'http.https://github.com/.extraheader' || :"
2026-10-05T20:36:46.3342646Z [command]/usr/bin/git config --local --name-only --get-regexp ^includeIf\.gitdir:
2026-10-05T20:36:46.3344728Z [command]/usr/bin/git submodule foreach --recursive git config --local --show-origin --name-only --get-regexp remote.origin.url
2026-10-05T20:36:46.3673452Z Cleaning up orphan processes
2026-10-05T20:36:46.3851901Z ##[warning]Node.js 20 is deprecated. The following actions target Node.js 20 but are being forced to run on Node.js 24: actions/checkout@11d5960a326750d5838078e36cf38b85af677262, actions/setup-node@49933ea5288caeca8642d1e84afbd3f7d6820020, pnpm/action-setup@b906affcce14559ad1aafd4ab0e942779e9f58b1. For more information see: https://github.blog/changelog/2025-09-19-deprecation-of-node-20-on-github-actions-runners/
