2026-10-05T20:32:37.3620469Z Current runner version: '2.337.0'
2026-10-05T20:32:37.3635893Z ##[group]Runner Image Provisioner
2026-10-05T20:32:37.3636437Z Hosted Compute Agent
2026-10-05T20:32:37.3636840Z Version: 20260901.588
2026-10-05T20:32:37.3637238Z Commit: f88ec8081b781fac6c440065ac7ff9e710ce3d0b
2026-10-05T20:32:37.3637647Z Build Date: 2026-09-01T19:56:44Z
2026-10-05T20:32:37.3638119Z Worker ID: {af748c25-65a7-4976-83a6-aaa4c9f96cda}
2026-10-05T20:32:37.3638531Z Azure Region: centralus
2026-10-05T20:32:37.3638906Z ##[endgroup]
2026-10-05T20:32:37.3639711Z ##[group]Operating System
2026-10-05T20:32:37.3640049Z Ubuntu
2026-10-05T20:32:37.3640403Z 24.04.5
2026-10-05T20:32:37.3640721Z LTS
2026-10-05T20:32:37.3641045Z ##[endgroup]
2026-10-05T20:32:37.3641449Z ##[group]Runner Image
2026-10-05T20:32:37.3641789Z Image: ubuntu-24.04
2026-10-05T20:32:37.3642180Z Version: 20260927.320.1
2026-10-05T20:32:37.3643050Z Included Software: https://github.com/actions/runner-images/blob/ubuntu24/20260927.320/images/ubuntu/Ubuntu2404-Readme.md
2026-10-05T20:32:37.3643962Z Image Release: https://github.com/actions/runner-images/releases/tag/ubuntu24%2F20260927.320
2026-10-05T20:32:37.3644777Z ##[endgroup]
2026-10-05T20:32:37.3645395Z ##[group]GITHUB_TOKEN Permissions
2026-10-05T20:32:37.3646736Z Contents: read
2026-10-05T20:32:37.3647129Z Metadata: read
2026-10-05T20:32:37.3647442Z ##[endgroup]
2026-10-05T20:32:37.3648710Z Secret source: Actions
2026-10-05T20:32:37.3649232Z Cache mode: write
2026-10-05T20:32:37.3649712Z Prepare workflow directory
2026-10-05T20:32:37.3869474Z Prepare all required actions
2026-10-05T20:32:37.3898394Z Getting action download info
2026-10-05T20:32:37.5859515Z Download action repository 'actions/checkout@11d5960a326750d5838078e36cf38b85af677262' (SHA:11d5960a326750d5838078e36cf38b85af677262)
2026-10-05T20:32:37.6687408Z Download action repository 'pnpm/action-setup@b906affcce14559ad1aafd4ab0e942779e9f58b1' (SHA:b906affcce14559ad1aafd4ab0e942779e9f58b1)
2026-10-05T20:32:38.2157552Z Download action repository 'actions/setup-node@49933ea5288caeca8642d1e84afbd3f7d6820020' (SHA:49933ea5288caeca8642d1e84afbd3f7d6820020)
2026-10-05T20:32:38.3848298Z Complete job name: Accounting mutation gate (4/6)
2026-10-05T20:32:38.4275222Z ##[group]Run actions/checkout@11d5960a326750d5838078e36cf38b85af677262
2026-10-05T20:32:38.4275750Z with:
2026-10-05T20:32:38.4276016Z   repository: mjodshamrani-ux/accounting
2026-10-05T20:32:38.4278370Z   token: ***
2026-10-05T20:32:38.4278610Z   ssh-strict: true
2026-10-05T20:32:38.4278862Z   ssh-user: git
2026-10-05T20:32:38.4279120Z   persist-credentials: true
2026-10-05T20:32:38.4279394Z   clean: true
2026-10-05T20:32:38.4279647Z   sparse-checkout-cone-mode: true
2026-10-05T20:32:38.4279942Z   fetch-depth: 1
2026-10-05T20:32:38.4280188Z   fetch-tags: false
2026-10-05T20:32:38.4280440Z   show-progress: true
2026-10-05T20:32:38.4280702Z   lfs: false
2026-10-05T20:32:38.4280946Z   submodules: false
2026-10-05T20:32:38.4281202Z   set-safe-directory: true
2026-10-05T20:32:38.4281491Z   allow-unsafe-pr-checkout: false
2026-10-05T20:32:38.4281872Z ##[endgroup]
2026-10-05T20:32:38.4905516Z Syncing repository: mjodshamrani-ux/accounting
2026-10-05T20:32:38.4906693Z ##[group]Getting Git version info
2026-10-05T20:32:38.4907088Z Working directory is '/home/runner/work/accounting/accounting'
2026-10-05T20:32:38.4907775Z [command]/usr/bin/git version
2026-10-05T20:32:38.4970686Z git version 2.55.0
2026-10-05T20:32:38.4987283Z ##[endgroup]
2026-10-05T20:32:38.4991913Z Temporarily overriding HOME='/home/runner/work/_temp/9123b352-8d38-4d52-b816-68b1be79b83f' before making global git config changes
2026-10-05T20:32:38.4993812Z Adding repository directory to the temporary git global config as a safe directory
2026-10-05T20:32:38.4995382Z [command]/usr/bin/git config --global --add safe.directory /home/runner/work/accounting/accounting
2026-10-05T20:32:38.5046894Z Deleting the contents of '/home/runner/work/accounting/accounting'
2026-10-05T20:32:38.5049952Z ##[group]Initializing the repository
2026-10-05T20:32:38.5053226Z [command]/usr/bin/git init /home/runner/work/accounting/accounting
2026-10-05T20:32:38.5159786Z hint: Using 'master' as the name for the initial branch. This default branch name
2026-10-05T20:32:38.5160375Z hint: will change to "main" in Git 3.0. To configure the initial branch name
2026-10-05T20:32:38.5161207Z hint: to use in all of your new repositories, which will suppress this warning,
2026-10-05T20:32:38.5162143Z hint: call:
2026-10-05T20:32:38.5162501Z hint:
2026-10-05T20:32:38.5163096Z hint: 	git config --global init.defaultBranch <name>
2026-10-05T20:32:38.5163690Z hint:
2026-10-05T20:32:38.5164189Z hint: Names commonly chosen instead of 'master' are 'main', 'trunk' and
2026-10-05T20:32:38.5164943Z hint: 'development'. The just-created branch can be renamed via this command:
2026-10-05T20:32:38.5165467Z hint:
2026-10-05T20:32:38.5165866Z hint: 	git branch -m <name>
2026-10-05T20:32:38.5166341Z hint:
2026-10-05T20:32:38.5166738Z hint: Disable this message with "git config set advice.defaultBranchName false"
2026-10-05T20:32:38.5167684Z Initialized empty Git repository in /home/runner/work/accounting/accounting/.git/
2026-10-05T20:32:38.5171674Z [command]/usr/bin/git remote add origin https://github.com/mjodshamrani-ux/accounting
2026-10-05T20:32:38.5216808Z ##[endgroup]
2026-10-05T20:32:38.5217539Z ##[group]Disabling automatic garbage collection
2026-10-05T20:32:38.5219128Z [command]/usr/bin/git config --local gc.auto 0
2026-10-05T20:32:38.5244925Z ##[endgroup]
2026-10-05T20:32:38.5245579Z ##[group]Setting up auth
2026-10-05T20:32:38.5249877Z [command]/usr/bin/git config --local --name-only --get-regexp core\.sshCommand
2026-10-05T20:32:38.5275333Z [command]/usr/bin/git submodule foreach --recursive sh -c "git config --local --name-only --get-regexp 'core\.sshCommand' && git config --local --unset-all 'core.sshCommand' || :"
2026-10-05T20:32:38.5558022Z [command]/usr/bin/git config --local --name-only --get-regexp http\.https\:\/\/github\.com\/\.extraheader
2026-10-05T20:32:38.5585282Z [command]/usr/bin/git submodule foreach --recursive sh -c "git config --local --name-only --get-regexp 'http\.https\:\/\/github\.com\/\.extraheader' && git config --local --unset-all 'http.https://github.com/.extraheader' || :"
2026-10-05T20:32:38.5746066Z [command]/usr/bin/git config --local --name-only --get-regexp ^includeIf\.gitdir:
2026-10-05T20:32:38.5772357Z [command]/usr/bin/git submodule foreach --recursive git config --local --show-origin --name-only --get-regexp remote.origin.url
2026-10-05T20:32:38.5933310Z [command]/usr/bin/git config --local http.https://github.com/.extraheader AUTHORIZATION: basic ***
2026-10-05T20:32:38.5965289Z ##[endgroup]
2026-10-05T20:32:38.5965851Z ##[group]Fetching the repository
2026-10-05T20:32:38.5971395Z [command]/usr/bin/git -c protocol.version=2 fetch --no-tags --prune --no-recurse-submodules --depth=1 origin +1f9acf618c951be27336afc130fb526ddec99a8e:refs/remotes/origin/main
2026-10-05T20:32:40.6014598Z From https://github.com/mjodshamrani-ux/accounting
2026-10-05T20:32:40.6015693Z  * [new ref]         1f9acf618c951be27336afc130fb526ddec99a8e -> origin/main
2026-10-05T20:32:40.6018121Z ##[endgroup]
2026-10-05T20:32:40.6018632Z ##[group]Determining the checkout info
2026-10-05T20:32:40.6019073Z ##[endgroup]
2026-10-05T20:32:40.6019382Z [command]/usr/bin/git sparse-checkout disable
2026-10-05T20:32:40.6061226Z [command]/usr/bin/git config --local --unset-all extensions.worktreeConfig
2026-10-05T20:32:40.6087873Z ##[group]Checking out the ref
2026-10-05T20:32:40.6090275Z [command]/usr/bin/git checkout --progress --force -B main refs/remotes/origin/main
2026-10-05T20:32:40.8883155Z Switched to a new branch 'main'
2026-10-05T20:32:40.8886237Z branch 'main' set up to track 'origin/main'.
2026-10-05T20:32:40.8910560Z ##[endgroup]
2026-10-05T20:32:40.8947508Z [command]/usr/bin/git log -1 --format=%H
2026-10-05T20:32:40.8967982Z 1f9acf618c951be27336afc130fb526ddec99a8e
2026-10-05T20:32:40.9132966Z ##[group]Run pnpm/action-setup@b906affcce14559ad1aafd4ab0e942779e9f58b1
2026-10-05T20:32:40.9133235Z with:
2026-10-05T20:32:40.9133517Z   version: 11.19.0
2026-10-05T20:32:40.9133631Z   dest: ~/setup-pnpm
2026-10-05T20:32:40.9133746Z   run_install: null
2026-10-05T20:32:40.9133862Z   cache: false
2026-10-05T20:32:40.9133982Z   cache_dependency_path: pnpm-lock.yaml
2026-10-05T20:32:40.9134146Z   package_json_file: package.json
2026-10-05T20:32:40.9134281Z   standalone: false
2026-10-05T20:32:40.9134394Z ##[endgroup]
2026-10-05T20:32:40.9961001Z ##[group]Running self-installer...
2026-10-05T20:32:41.2172749Z (node:2079) [DEP0169] DeprecationWarning: `url.parse()` behavior is not standardized and prone to errors that have security implications. Use the WHATWG URL API instead. CVEs are not issued for `url.parse()` vulnerabilities.
2026-10-05T20:32:41.2173781Z (Use `node --trace-deprecation ...` to show where the warning was created)
2026-10-05T20:32:41.3943128Z Progress: resolved 1, reused 0, downloaded 0, added 0
2026-10-05T20:32:41.3990642Z Packages: +1
2026-10-05T20:32:41.3992718Z +
2026-10-05T20:32:41.7455952Z Progress: resolved 1, reused 0, downloaded 1, added 1, done
2026-10-05T20:32:41.7666575Z 
2026-10-05T20:32:41.7666699Z dependencies:
2026-10-05T20:32:41.7666910Z + pnpm 11.19.0 (12.9.1 is available)
2026-10-05T20:32:41.7667038Z 
2026-10-05T20:32:41.7681317Z Done in 672ms
2026-10-05T20:32:41.9942479Z ##[endgroup]
2026-10-05T20:32:41.9942747Z Installation Completed!
2026-10-05T20:32:42.0091741Z ##[group]Run actions/setup-node@49933ea5288caeca8642d1e84afbd3f7d6820020
2026-10-05T20:32:42.0091952Z with:
2026-10-05T20:32:42.0092061Z   node-version: 24
2026-10-05T20:32:42.0092172Z   cache: pnpm
2026-10-05T20:32:42.0092282Z   always-auth: false
2026-10-05T20:32:42.0092398Z   check-latest: false
2026-10-05T20:32:42.0093857Z   token: ***
2026-10-05T20:32:42.0093963Z env:
2026-10-05T20:32:42.0094105Z   PNPM_HOME: /home/runner/setup-pnpm/node_modules/.bin
2026-10-05T20:32:42.0094272Z ##[endgroup]
2026-10-05T20:32:42.0919109Z Found in cache @ /opt/hostedtoolcache/node/24.21.0/x64
2026-10-05T20:32:42.0922194Z (node:2093) [DEP0040] DeprecationWarning: The `punycode` module is deprecated. Please use a userland alternative instead.
2026-10-05T20:32:42.0922876Z (Use `node --trace-deprecation ...` to show where the warning was created)
2026-10-05T20:32:42.0923803Z ##[group]Environment details
2026-10-05T20:32:42.3713981Z node: v24.21.0
2026-10-05T20:32:42.3714212Z npm: 11.19.0
2026-10-05T20:32:42.3714480Z yarn: 1.22.22
2026-10-05T20:32:42.3715181Z ##[endgroup]
2026-10-05T20:32:42.3726539Z [command]/home/runner/setup-pnpm/node_modules/.bin/pnpm store path --silent
2026-10-05T20:32:42.7169294Z /home/runner/setup-pnpm/node_modules/.bin/store/v11
2026-10-05T20:32:42.8740850Z Cache hit for: node-cache-Linux-x64-pnpm-970ff90c8c5b62d936b78a56179f81cdf02982feb14381f8bba791078d20d9fe
2026-10-05T20:32:42.8803114Z (node:2093) [DEP0169] DeprecationWarning: `url.parse()` behavior is not standardized and prone to errors that have security implications. Use the WHATWG URL API instead. CVEs are not issued for `url.parse()` vulnerabilities.
2026-10-05T20:32:43.9112377Z Received 118816928 of 118816928 (100.0%), 127.6 MBs/sec
2026-10-05T20:32:43.9126243Z Cache Size: ~113 MB (118816928 B)
2026-10-05T20:32:43.9168634Z [command]/usr/bin/tar -xf /home/runner/work/_temp/7c118c16-199e-4992-98bb-492f32fa91c6/cache.tzst -P -C /home/runner/work/accounting/accounting --use-compress-program unzstd
2026-10-05T20:32:44.6889035Z Cache restored successfully
2026-10-05T20:32:44.6938218Z Cache restored from key: node-cache-Linux-x64-pnpm-970ff90c8c5b62d936b78a56179f81cdf02982feb14381f8bba791078d20d9fe
2026-10-05T20:32:44.7059552Z ##[group]Run pnpm install --frozen-lockfile
2026-10-05T20:32:44.7059792Z [36;1mpnpm install --frozen-lockfile[0m
2026-10-05T20:32:44.7276351Z shell: /usr/bin/bash -e {0}
2026-10-05T20:32:44.7276500Z env:
2026-10-05T20:32:44.7276643Z   PNPM_HOME: /home/runner/setup-pnpm/node_modules/.bin
2026-10-05T20:32:44.7276813Z ##[endgroup]
2026-10-05T20:32:45.0098386Z ? Verifying lockfile against supply-chain policies (367 entries)...
2026-10-05T20:32:45.0136946Z Lockfile is up to date, resolution step is skipped
2026-10-05T20:32:45.0768584Z Progress: resolved 1, reused 0, downloaded 0, added 0
2026-10-05T20:32:45.0993691Z Packages: +249
2026-10-05T20:32:45.0999637Z ++++++++++++++++++++++++++++++++++++++++++++++++++++++++++++++++++++++++++++++++
2026-10-05T20:32:45.5326322Z Packages are hard linked from the content-addressable store to the virtual store.
2026-10-05T20:32:45.5327008Z   Content-addressable store is at: /home/runner/setup-pnpm/node_modules/.bin/store/v11
2026-10-05T20:32:45.5327542Z   Virtual store is at:             node_modules/.pnpm
2026-10-05T20:32:46.0822938Z Progress: resolved 249, reused 249, downloaded 0, added 227
2026-10-05T20:32:46.1066182Z Progress: resolved 249, reused 249, downloaded 0, added 249, done
2026-10-05T20:32:47.0234758Z ✓ Lockfile passes supply-chain policies (367 entries in 2s)
2026-10-05T20:32:47.0998860Z 
2026-10-05T20:32:47.0999480Z dependencies:
2026-10-05T20:32:47.0999762Z + @base-ui/react 1.7.0
2026-10-05T20:32:47.1000038Z + @shadcn/react 0.3.0
2026-10-05T20:32:47.1000322Z + @tesseract.js-data/ara 1.0.0
2026-10-05T20:32:47.1000569Z + @tesseract.js-data/eng 1.0.0
2026-10-05T20:32:47.1000843Z + class-variance-authority 0.7.1
2026-10-05T20:32:47.1001023Z + clsx 2.1.1
2026-10-05T20:32:47.1001203Z + cmdk 1.1.1
2026-10-05T20:32:47.1001367Z + date-fns 4.1.0
2026-10-05T20:32:47.1001564Z + embla-carousel-react 8.5.2
2026-10-05T20:32:47.1001770Z + exceljs 4.4.0
2026-10-05T20:32:47.1001952Z + input-otp 1.4.2
2026-10-05T20:32:47.1002130Z + jszip 3.10.1
2026-10-05T20:32:47.1002318Z + lucide-react 1.31.0
2026-10-05T20:32:47.1002443Z + react 19.2.6
2026-10-05T20:32:47.1002621Z + react-day-picker 9.8.1
2026-10-05T20:32:47.1002911Z + react-dom 19.2.6
2026-10-05T20:32:47.1003056Z + react-resizable-panels 4.5.8
2026-10-05T20:32:47.1003203Z + recharts 3.8.0
2026-10-05T20:32:47.1003315Z + saxes 5.0.1
2026-10-05T20:32:47.1003434Z + tailwind-merge 3.6.0
2026-10-05T20:32:47.1003617Z + tesseract.js 7.0.0
2026-10-05T20:32:47.1003808Z + tw-animate-css 1.4.0
2026-10-05T20:32:47.1004045Z + unpdf 1.8.1
2026-10-05T20:32:47.1004171Z 
2026-10-05T20:32:47.1004241Z devDependencies:
2026-10-05T20:32:47.1004374Z + @tailwindcss/postcss 4.2.1
2026-10-05T20:32:47.1004516Z + @types/node 22.19.19
2026-10-05T20:32:47.1004644Z + @types/react 19.2.14
2026-10-05T20:32:47.1004772Z + @types/react-dom 19.2.3
2026-10-05T20:32:47.1004912Z + @vitejs/plugin-react 6.0.2
2026-10-05T20:32:47.1005043Z + oxfmt 0.61.0
2026-10-05T20:32:47.1005152Z + oxlint 1.76.0
2026-10-05T20:32:47.1005283Z + oxlint-tsgolint 7.0.2001
2026-10-05T20:32:47.1005418Z + playwright 1.62.1
2026-10-05T20:32:47.1005615Z + tailwindcss 4.2.1
2026-10-05T20:32:47.1005803Z + typescript 5.9.3
2026-10-05T20:32:47.1005996Z + vite 8.0.16
2026-10-05T20:32:47.1006095Z 
2026-10-05T20:32:47.1199688Z Done in 2.3s using pnpm v11.19.0
2026-10-05T20:32:47.1623872Z ##[group]Run pnpm test:mutations
2026-10-05T20:32:47.1624056Z [36;1mpnpm test:mutations[0m
2026-10-05T20:32:47.1674701Z shell: /usr/bin/bash -e {0}
2026-10-05T20:32:47.1674857Z env:
2026-10-05T20:32:47.1674998Z   PNPM_HOME: /home/runner/setup-pnpm/node_modules/.bin
2026-10-05T20:32:47.1675168Z   MUTATION_SHARD: 4/6
2026-10-05T20:32:47.1675287Z ##[endgroup]
2026-10-05T20:32:47.6596403Z Already up to date
2026-10-05T20:32:47.6600594Z Done in 226ms using pnpm v11.19.0
2026-10-05T20:32:47.6711659Z $ node scripts/test-mutations.mjs
2026-10-05T20:33:36.4885354Z Detected deliberate fault: p6-source-ignore-excluded-facts
2026-10-05T20:33:59.9362030Z Detected deliberate fault: p6-source-hide-damaged-cell
2026-10-05T20:34:23.8026348Z Detected deliberate fault: p6-table-launder-table-inventory-into-accounting
2026-10-05T20:34:47.5181756Z Detected deliberate fault: p6-trust-a-substituted-image-preview
2026-10-05T20:35:11.7705478Z Detected deliberate fault: f02-hide-compatible-currency-glyphs
2026-10-05T20:35:35.2107147Z Detected deliberate fault: partial-drop-displaced-literal-identities
2026-10-05T20:35:58.4980906Z Detected deliberate fault: p2-drop-primary-only-competing-members
2026-10-05T20:36:22.2393401Z Detected deliberate fault: p2-ignore-group-member-rejection
2026-10-05T20:36:45.8484339Z Detected deliberate fault: p1-choose-first-repeated-discriminator
2026-10-05T20:37:09.0877918Z Detected deliberate fault: 047-ambiguity-guard-throws-unrelated-error
2026-10-05T20:37:32.7489102Z Detected deliberate fault: v11-refuse-black-text-grazed-by-a-table-rule
2026-10-05T20:37:56.2249394Z Detected deliberate fault: hard-r01-let-a-voucher-hide-a-po-only-identity
2026-10-05T20:38:19.2471985Z Detected deliberate fault: v11-read-only-bare-labels-in-descriptions
2026-10-05T20:38:42.5601341Z Detected deliberate fault: 045-allow-a-second-sheetdata-to-drop-earlier-rows
2026-10-05T20:39:06.4220715Z Detected deliberate fault: allow-ai-proposals-outside-the-evidence-window
2026-10-05T20:39:30.0560501Z Detected deliberate fault: ignore-pdf-overlap-between-separate-baselines
2026-10-05T20:39:53.6198880Z Detected deliberate fault: accept-a-timestamp-as-a-read-issue
2026-10-05T20:40:17.0773934Z Detected deliberate fault: ignore-contradictory-closing-footer-in-direction-proof
2026-10-05T20:40:40.5054806Z Detected deliberate fault: promote-ai-hypothesis
2026-10-05T20:41:03.9703343Z Detected deliberate fault: typed-short-ignore-selected-reference-conflict
2026-10-05T20:41:27.8901795Z Detected deliberate fault: f03-drop-exported-related-invoice
2026-10-05T20:41:51.5654969Z Detected deliberate fault: p5-drop-native-cues-from-model-context
2026-10-05T20:41:51.6395905Z {
2026-10-05T20:41:51.6396993Z   "baselinePassed": true,
2026-10-05T20:41:51.6397521Z   "detected": 22,
2026-10-05T20:41:51.6397715Z   "total": 22,
2026-10-05T20:41:51.6398108Z   "available": 134,
2026-10-05T20:41:51.6398278Z   "shard": {
2026-10-05T20:41:51.6398405Z     "index": 4,
2026-10-05T20:41:51.6398517Z     "count": 6
2026-10-05T20:41:51.6398746Z   },
2026-10-05T20:41:51.6398904Z   "mutations": [
2026-10-05T20:41:51.6399093Z     {
2026-10-05T20:41:51.6399340Z       "mutation": "p6-source-ignore-excluded-facts",
2026-10-05T20:41:51.6399625Z       "detected": true
2026-10-05T20:41:51.6399828Z     },
2026-10-05T20:41:51.6399998Z     {
2026-10-05T20:41:51.6400243Z       "mutation": "p6-source-hide-damaged-cell",
2026-10-05T20:41:51.6400519Z       "detected": true
2026-10-05T20:41:51.6400713Z     },
2026-10-05T20:41:51.6400859Z     {
2026-10-05T20:41:51.6401159Z       "mutation": "p6-table-launder-table-inventory-into-accounting",
2026-10-05T20:41:51.6401514Z       "detected": true
2026-10-05T20:41:51.6401690Z     },
2026-10-05T20:41:51.6401857Z     {
2026-10-05T20:41:51.6402111Z       "mutation": "p6-trust-a-substituted-image-preview",
2026-10-05T20:41:51.6402399Z       "detected": true
2026-10-05T20:41:51.6418818Z     },
2026-10-05T20:41:51.6419038Z     {
2026-10-05T20:41:51.6419292Z       "mutation": "f02-hide-compatible-currency-glyphs",
2026-10-05T20:41:51.6419958Z       "detected": true
2026-10-05T20:41:51.6420148Z     },
2026-10-05T20:41:51.6420302Z     {
2026-10-05T20:41:51.6420568Z       "mutation": "partial-drop-displaced-literal-identities",
2026-10-05T20:41:51.6420875Z       "detected": true
2026-10-05T20:41:51.6421060Z     },
2026-10-05T20:41:51.6421219Z     {
2026-10-05T20:41:51.6421514Z       "mutation": "p2-drop-primary-only-competing-members",
2026-10-05T20:41:51.6421830Z       "detected": true
2026-10-05T20:41:51.6422024Z     },
2026-10-05T20:41:51.6422187Z     {
2026-10-05T20:41:51.6422439Z       "mutation": "p2-ignore-group-member-rejection",
2026-10-05T20:41:51.6422730Z       "detected": true
2026-10-05T20:41:51.6423069Z     },
2026-10-05T20:41:51.6423227Z     {
2026-10-05T20:41:51.6423475Z       "mutation": "p1-choose-first-repeated-discriminator",
2026-10-05T20:41:51.6423758Z       "detected": true
2026-10-05T20:41:51.6423940Z     },
2026-10-05T20:41:51.6424116Z     {
2026-10-05T20:41:51.6424403Z       "mutation": "047-ambiguity-guard-throws-unrelated-error",
2026-10-05T20:41:51.6424739Z       "detected": true
2026-10-05T20:41:51.6424925Z     },
2026-10-05T20:41:51.6425078Z     {
2026-10-05T20:41:51.6425350Z       "mutation": "v11-refuse-black-text-grazed-by-a-table-rule",
2026-10-05T20:41:51.6425855Z       "detected": true
2026-10-05T20:41:51.6426037Z     },
2026-10-05T20:41:51.6426192Z     {
2026-10-05T20:41:51.6426453Z       "mutation": "hard-r01-let-a-voucher-hide-a-po-only-identity",
2026-10-05T20:41:51.6426767Z       "detected": true
2026-10-05T20:41:51.6426955Z     },
2026-10-05T20:41:51.6427108Z     {
2026-10-05T20:41:51.6427380Z       "mutation": "v11-read-only-bare-labels-in-descriptions",
2026-10-05T20:41:51.6427675Z       "detected": true
2026-10-05T20:41:51.6427861Z     },
2026-10-05T20:41:51.6428019Z     {
2026-10-05T20:41:51.6428303Z       "mutation": "045-allow-a-second-sheetdata-to-drop-earlier-rows",
2026-10-05T20:41:51.6428696Z       "detected": true
2026-10-05T20:41:51.6428922Z     },
2026-10-05T20:41:51.6429075Z     {
2026-10-05T20:41:51.6429364Z       "mutation": "allow-ai-proposals-outside-the-evidence-window",
2026-10-05T20:41:51.6429683Z       "detected": true
2026-10-05T20:41:51.6429863Z     },
2026-10-05T20:41:51.6430020Z     {
2026-10-05T20:41:51.6430308Z       "mutation": "ignore-pdf-overlap-between-separate-baselines",
2026-10-05T20:41:51.6430623Z       "detected": true
2026-10-05T20:41:51.6430795Z     },
2026-10-05T20:41:51.6430950Z     {
2026-10-05T20:41:51.6431198Z       "mutation": "accept-a-timestamp-as-a-read-issue",
2026-10-05T20:41:51.6431471Z       "detected": true
2026-10-05T20:41:51.6431658Z     },
2026-10-05T20:41:51.6431813Z     {
2026-10-05T20:41:51.6432184Z       "mutation": "ignore-contradictory-closing-footer-in-direction-proof",
2026-10-05T20:41:51.6432528Z       "detected": true
2026-10-05T20:41:51.6432714Z     },
2026-10-05T20:41:51.6432996Z     {
2026-10-05T20:41:51.6433192Z       "mutation": "promote-ai-hypothesis",
2026-10-05T20:41:51.6433430Z       "detected": true
2026-10-05T20:41:51.6433611Z     },
2026-10-05T20:41:51.6433759Z     {
2026-10-05T20:41:51.6433940Z       "mutation": "typed-short-ignore-selected-reference-conflict",
2026-10-05T20:41:51.6434135Z       "detected": true
2026-10-05T20:41:51.6434252Z     },
2026-10-05T20:41:51.6434348Z     {
2026-10-05T20:41:51.6434496Z       "mutation": "f03-drop-exported-related-invoice",
2026-10-05T20:41:51.6434662Z       "detected": true
2026-10-05T20:41:51.6434777Z     },
2026-10-05T20:41:51.6434873Z     {
2026-10-05T20:41:51.6435025Z       "mutation": "p5-drop-native-cues-from-model-context",
2026-10-05T20:41:51.6435201Z       "detected": true
2026-10-05T20:41:51.6435313Z     }
2026-10-05T20:41:51.6435417Z   ]
2026-10-05T20:41:51.6435518Z }
2026-10-05T20:41:51.6581153Z Post job cleanup.
2026-10-05T20:41:51.7369530Z (node:15069) [DEP0040] DeprecationWarning: The `punycode` module is deprecated. Please use a userland alternative instead.
2026-10-05T20:41:51.7369969Z (Use `node --trace-deprecation ...` to show where the warning was created)
2026-10-05T20:41:51.7371113Z Cache hit occurred on the primary key node-cache-Linux-x64-pnpm-970ff90c8c5b62d936b78a56179f81cdf02982feb14381f8bba791078d20d9fe, not saving cache.
2026-10-05T20:41:51.7448116Z Post job cleanup.
2026-10-05T20:41:51.8302644Z Pruning is unnecessary.
2026-10-05T20:41:51.8434462Z Post job cleanup.
2026-10-05T20:41:51.9003673Z [command]/usr/bin/git version
2026-10-05T20:41:51.9039752Z git version 2.55.0
2026-10-05T20:41:51.9071877Z Temporarily overriding HOME='/home/runner/work/_temp/454b9952-92c8-4b1b-b795-fa4c8d4ffed9' before making global git config changes
2026-10-05T20:41:51.9072739Z Adding repository directory to the temporary git global config as a safe directory
2026-10-05T20:41:51.9077503Z [command]/usr/bin/git config --global --add safe.directory /home/runner/work/accounting/accounting
2026-10-05T20:41:51.9118929Z [command]/usr/bin/git config --local --name-only --get-regexp core\.sshCommand
2026-10-05T20:41:51.9162378Z [command]/usr/bin/git submodule foreach --recursive sh -c "git config --local --name-only --get-regexp 'core\.sshCommand' && git config --local --unset-all 'core.sshCommand' || :"
2026-10-05T20:41:51.9363671Z [command]/usr/bin/git config --local --name-only --get-regexp http\.https\:\/\/github\.com\/\.extraheader
2026-10-05T20:41:51.9382600Z http.https://github.com/.extraheader
2026-10-05T20:41:51.9389691Z [command]/usr/bin/git config --local --unset-all http.https://github.com/.extraheader
2026-10-05T20:41:51.9422120Z [command]/usr/bin/git submodule foreach --recursive sh -c "git config --local --name-only --get-regexp 'http\.https\:\/\/github\.com\/\.extraheader' && git config --local --unset-all 'http.https://github.com/.extraheader' || :"
2026-10-05T20:41:51.9601133Z [command]/usr/bin/git config --local --name-only --get-regexp ^includeIf\.gitdir:
2026-10-05T20:41:51.9629925Z [command]/usr/bin/git submodule foreach --recursive git config --local --show-origin --name-only --get-regexp remote.origin.url
2026-10-05T20:41:51.9912113Z Cleaning up orphan processes
2026-10-05T20:41:52.0115965Z ##[warning]Node.js 20 is deprecated. The following actions target Node.js 20 but are being forced to run on Node.js 24: actions/checkout@11d5960a326750d5838078e36cf38b85af677262, actions/setup-node@49933ea5288caeca8642d1e84afbd3f7d6820020, pnpm/action-setup@b906affcce14559ad1aafd4ab0e942779e9f58b1. For more information see: https://github.blog/changelog/2025-09-19-deprecation-of-node-20-on-github-actions-runners/
