Local workspace path redacted; original assertions and failures retained.
$ node scripts/browser-test.mjs
[browser] page
[browser] uploadPage
[browser] workpaperPage
[browser] pdfPage
[browser] recoveryPage
[browser] importAiPage
[browser] importAiPage
[browser] importAiPage
[browser] quickPage
[browser] ambiguityPage
node:internal/modules/run_main:107
    triggerUncaughtException(
    ^

locator.click: Timeout 45000ms exceeded.
Call log:
[2m  - waiting for getByRole('combobox', { name: 'صيغة التاريخ في كشف المورد', exact: true })[22m
[2m    - locator resolved to <button tabindex="0" type="button" role="combobox" id="base-ui-_r_b_" data-placeholder="" data-size="default" aria-expanded="false" aria-haspopup="listbox" data-slot="select-trigger" aria-label="صيغة التاريخ في كشف المورد" class="flex w-fit items-center justify-between gap-1.5 rounded-lg border border-input bg-transparent py-2 pr-2 pl-2.5 text-sm whitespace-nowrap transition-colors outline-none select-none focus-visible:border-ring focus-visible:ring-3 focus-visible:ring-ring/50 disabled:cursor-not-al…>…</button>[22m
[2m  - attempting click action[22m
[2m    2 × waiting for element to be visible, enabled and stable[22m
[2m      - element is not stable[22m
[2m    - retrying click action[22m
[2m    - waiting 20ms[22m
[2m    2 × waiting for element to be visible, enabled and stable[22m
[2m      - element is not stable[22m
[2m    - retrying click action[22m
[2m      - waiting 100ms[22m
[2m    - waiting for element to be visible, enabled and stable[22m
[2m    - element is not stable[22m
[2m  - retrying click action[22m
[2m    - waiting 500ms[22m
[2m    - waiting for element to be visible, enabled and stable[22m
[2m    - element is visible, enabled and stable[22m
[2m    - scrolling into view if needed[22m
[2m    - done scrolling[22m
[2m    - element is outside of the viewport[22m
[2m  - retrying click action[22m
[2m    - waiting 500ms[22m
[2m    - waiting for element to be visible, enabled and stable[22m

    at <workspace>/scripts/browser-test.mjs:1202:8 {
  log: [
    "  - waiting for getByRole('combobox', { name: 'صيغة التاريخ في كشف المورد', exact: true })",
    '    - locator resolved to <button tabindex="0" type="button" role="combobox" id="base-ui-_r_b_" data-placeholder="" data-size="default" aria-expanded="false" aria-haspopup="listbox" data-slot="select-trigger" aria-label="صيغة التاريخ في كشف المورد" class="flex w-fit items-center justify-between gap-1.5 rounded-lg border border-input bg-transparent py-2 pr-2 pl-2.5 text-sm whitespace-nowrap transition-colors outline-none select-none focus-visible:border-ring focus-visible:ring-3 focus-visible:ring-ring/50 disabled:cursor-not-al…>…</button>',
    '  - attempting click action',
    '    2 × waiting for element to be visible, enabled and stable',
    '      - element is not stable',
    '    - retrying click action',
    '    - waiting 20ms',
    '    2 × waiting for element to be visible, enabled and stable',
    '      - element is not stable',
    '    - retrying click action',
    '      - waiting 100ms',
    '    - waiting for element to be visible, enabled and stable',
    '    - element is not stable',
    '  - retrying click action',
    '    - waiting 500ms',
    '    - waiting for element to be visible, enabled and stable',
    '    - element is visible, enabled and stable',
    '    - scrolling into view if needed',
    '    - done scrolling',
    '    - element is outside of the viewport',
    '  - retrying click action',
    '    - waiting 500ms',
    '    - waiting for element to be visible, enabled and stable'
  ],
  name: 'TimeoutError'
}

Node.js v24.19.0
[ELIFECYCLE] Command failed with exit code 1.
