Already up to date
Done in 153ms using pnpm v11.19.0
$ node scripts/prepare-ocr-assets.mjs && vite build && node scripts/harden-build.mjs
Prepared local OCR assets: pinned English/Arabic models; no data connections.
vite v8.0.16 building client environment for production...
[2Ktransforming...✓ 2143 modules transformed.
rendering chunks...
computing gzip size...
dist/index.html                                3.30 kB │ gzip:     1.07 kB
dist/assets/index-BU4-e-v4.css               234.41 kB │ gzip:    39.16 kB
dist/assets/visual-image-CaZsk65l.js           3.06 kB │ gzip:     1.53 kB
dist/assets/visual-ocr-client-BhVKcJsu.js      5.05 kB │ gzip:     2.30 kB
dist/assets/visual-renderer-CvvMQzdH.js        8.81 kB │ gzip:     3.89 kB
dist/assets/pdfjs-BvlvQ5M7.js              1,601.95 kB │ gzip:   492.96 kB
dist/assets/index-Bc28syNl.js              3,669.50 kB │ gzip: 1,103.69 kB

[33m[INEFFECTIVE_DYNAMIC_IMPORT] [0mlib/reconciliation/visual-draft.ts is dynamically imported by components/visual-reader.tsx but also statically imported by lib/reconciliation/visual-review.ts, dynamic import will not move module into another chunk.

[plugin builtin:vite-reporter] 
(!) Some chunks are larger than 500 kB after minification. Consider:
- Using dynamic import() to code-split the application
- Use build.rolldownOptions.output.codeSplitting to improve chunking: https://rolldown.rs/reference/OutputOptions.codeSplitting
- Adjust chunk size limit for this warning via build.chunkSizeWarningLimit.
[33m[INEFFECTIVE_DYNAMIC_IMPORT] [0mlib/reconciliation/visual-assets.ts is dynamically imported by components/visual-reader.tsx but also statically imported by lib/reconciliation/visual-review.ts, dynamic import will not move module into another chunk.

✓ built in 756ms
Static social metadata verified: local PNG, 1200 × 630, 38861 bytes, no JavaScript required.
Static build hardened: local scripts/worker, no app data connections, relative paths.
