2026-10-04T00:06:04.5479757Z Current runner version: '2.337.0'
2026-10-04T00:06:04.5506082Z ##[group]Runner Image Provisioner
2026-10-04T00:06:04.5507028Z Hosted Compute Agent
2026-10-04T00:06:04.5507688Z Version: 20260901.588
2026-10-04T00:06:04.5508319Z Commit: f88ec8081b781fac6c440065ac7ff9e710ce3d0b
2026-10-04T00:06:04.5509030Z Build Date: 2026-09-01T19:56:44Z
2026-10-04T00:06:04.5509835Z Worker ID: {d8a7c35a-baf1-4c8a-83a2-84bff4a280c3}
2026-10-04T00:06:04.5510591Z Azure Region: westus
2026-10-04T00:06:04.5511201Z ##[endgroup]
2026-10-04T00:06:04.5513093Z ##[group]Operating System
2026-10-04T00:06:04.5513734Z Ubuntu
2026-10-04T00:06:04.5514395Z 24.04.5
2026-10-04T00:06:04.5514905Z LTS
2026-10-04T00:06:04.5515445Z ##[endgroup]
2026-10-04T00:06:04.5516025Z ##[group]Runner Image
2026-10-04T00:06:04.5516617Z Image: ubuntu-24.04
2026-10-04T00:06:04.5517307Z Version: 20260927.320.1
2026-10-04T00:06:04.5518555Z Included Software: https://github.com/actions/runner-images/blob/ubuntu24/20260927.320/images/ubuntu/Ubuntu2404-Readme.md
2026-10-04T00:06:04.5520161Z Image Release: https://github.com/actions/runner-images/releases/tag/ubuntu24%2F20260927.320
2026-10-04T00:06:04.5521553Z ##[endgroup]
2026-10-04T00:06:04.5522969Z ##[group]GITHUB_TOKEN Permissions
2026-10-04T00:06:04.5525350Z Contents: read
2026-10-04T00:06:04.5525965Z Metadata: read
2026-10-04T00:06:04.5526509Z ##[endgroup]
2026-10-04T00:06:04.5528837Z Secret source: Actions
2026-10-04T00:06:04.5529757Z Cache mode: write
2026-10-04T00:06:04.5530605Z Prepare workflow directory
2026-10-04T00:06:04.5932453Z Prepare all required actions
2026-10-04T00:06:04.5997133Z Getting action download info
2026-10-04T00:06:04.9586933Z Download action repository 'actions/checkout@11d5960a326750d5838078e36cf38b85af677262' (SHA:11d5960a326750d5838078e36cf38b85af677262)
2026-10-04T00:06:05.0545740Z Download action repository 'pnpm/action-setup@b906affcce14559ad1aafd4ab0e942779e9f58b1' (SHA:b906affcce14559ad1aafd4ab0e942779e9f58b1)
2026-10-04T00:06:05.5619955Z Download action repository 'actions/setup-node@49933ea5288caeca8642d1e84afbd3f7d6820020' (SHA:49933ea5288caeca8642d1e84afbd3f7d6820020)
2026-10-04T00:06:05.7645511Z Complete job name: Accounting mutation gate (2/3)
2026-10-04T00:06:05.8525746Z ##[group]Run actions/checkout@11d5960a326750d5838078e36cf38b85af677262
2026-10-04T00:06:05.8527012Z with:
2026-10-04T00:06:05.8527551Z   repository: mjodshamrani-ux/accounting
2026-10-04T00:06:05.8532156Z   token: ***
2026-10-04T00:06:05.8532862Z   ssh-strict: true
2026-10-04T00:06:05.8533388Z   ssh-user: git
2026-10-04T00:06:05.8533889Z   persist-credentials: true
2026-10-04T00:06:05.8534442Z   clean: true
2026-10-04T00:06:05.8534938Z   sparse-checkout-cone-mode: true
2026-10-04T00:06:05.8535526Z   fetch-depth: 1
2026-10-04T00:06:05.8536002Z   fetch-tags: false
2026-10-04T00:06:05.8536503Z   show-progress: true
2026-10-04T00:06:05.8537003Z   lfs: false
2026-10-04T00:06:05.8537483Z   submodules: false
2026-10-04T00:06:05.8537985Z   set-safe-directory: true
2026-10-04T00:06:05.8538561Z   allow-unsafe-pr-checkout: false
2026-10-04T00:06:05.8539486Z ##[endgroup]
2026-10-04T00:06:05.9646470Z Syncing repository: mjodshamrani-ux/accounting
2026-10-04T00:06:05.9648792Z ##[group]Getting Git version info
2026-10-04T00:06:05.9649736Z Working directory is '/home/runner/work/accounting/accounting'
2026-10-04T00:06:05.9650884Z [command]/usr/bin/git version
2026-10-04T00:06:05.9742405Z git version 2.55.0
2026-10-04T00:06:05.9768044Z ##[endgroup]
2026-10-04T00:06:05.9786461Z Temporarily overriding HOME='/home/runner/work/_temp/70fb0e16-447b-4e36-8e6c-f2bd8704cded' before making global git config changes
2026-10-04T00:06:05.9789520Z Adding repository directory to the temporary git global config as a safe directory
2026-10-04T00:06:05.9792938Z [command]/usr/bin/git config --global --add safe.directory /home/runner/work/accounting/accounting
2026-10-04T00:06:05.9856296Z Deleting the contents of '/home/runner/work/accounting/accounting'
2026-10-04T00:06:05.9859829Z ##[group]Initializing the repository
2026-10-04T00:06:05.9874835Z [command]/usr/bin/git init /home/runner/work/accounting/accounting
2026-10-04T00:06:06.0015713Z hint: Using 'master' as the name for the initial branch. This default branch name
2026-10-04T00:06:06.0018378Z hint: will change to "main" in Git 3.0. To configure the initial branch name
2026-10-04T00:06:06.0020893Z hint: to use in all of your new repositories, which will suppress this warning,
2026-10-04T00:06:06.0023494Z hint: call:
2026-10-04T00:06:06.0024838Z hint:
2026-10-04T00:06:06.0026345Z hint: 	git config --global init.defaultBranch <name>
2026-10-04T00:06:06.0027946Z hint:
2026-10-04T00:06:06.0029364Z hint: Names commonly chosen instead of 'master' are 'main', 'trunk' and
2026-10-04T00:06:06.0031617Z hint: 'development'. The just-created branch can be renamed via this command:
2026-10-04T00:06:06.0040210Z hint:
2026-10-04T00:06:06.0041926Z hint: 	git branch -m <name>
2026-10-04T00:06:06.0043463Z hint:
2026-10-04T00:06:06.0045003Z hint: Disable this message with "git config set advice.defaultBranchName false"
2026-10-04T00:06:06.0047945Z Initialized empty Git repository in /home/runner/work/accounting/accounting/.git/
2026-10-04T00:06:06.0051132Z [command]/usr/bin/git remote add origin https://github.com/mjodshamrani-ux/accounting
2026-10-04T00:06:06.0104110Z ##[endgroup]
2026-10-04T00:06:06.0105012Z ##[group]Disabling automatic garbage collection
2026-10-04T00:06:06.0110413Z [command]/usr/bin/git config --local gc.auto 0
2026-10-04T00:06:06.0162153Z ##[endgroup]
2026-10-04T00:06:06.0163974Z ##[group]Setting up auth
2026-10-04T00:06:06.0171973Z [command]/usr/bin/git config --local --name-only --get-regexp core\.sshCommand
2026-10-04T00:06:06.0218336Z [command]/usr/bin/git submodule foreach --recursive sh -c "git config --local --name-only --get-regexp 'core\.sshCommand' && git config --local --unset-all 'core.sshCommand' || :"
2026-10-04T00:06:06.0659606Z [command]/usr/bin/git config --local --name-only --get-regexp http\.https\:\/\/github\.com\/\.extraheader
2026-10-04T00:06:06.0706751Z [command]/usr/bin/git submodule foreach --recursive sh -c "git config --local --name-only --get-regexp 'http\.https\:\/\/github\.com\/\.extraheader' && git config --local --unset-all 'http.https://github.com/.extraheader' || :"
2026-10-04T00:06:06.0947997Z [command]/usr/bin/git config --local --name-only --get-regexp ^includeIf\.gitdir:
2026-10-04T00:06:06.0989069Z [command]/usr/bin/git submodule foreach --recursive git config --local --show-origin --name-only --get-regexp remote.origin.url
2026-10-04T00:06:06.1236685Z [command]/usr/bin/git config --local http.https://github.com/.extraheader AUTHORIZATION: basic ***
2026-10-04T00:06:06.1283051Z ##[endgroup]
2026-10-04T00:06:06.1284844Z ##[group]Fetching the repository
2026-10-04T00:06:06.1295574Z [command]/usr/bin/git -c protocol.version=2 fetch --no-tags --prune --no-recurse-submodules --depth=1 origin +57d5fedfeb1092c38367eb49e38441c3e96688a7:refs/remotes/origin/main
2026-10-04T00:06:11.4526914Z From https://github.com/mjodshamrani-ux/accounting
2026-10-04T00:06:11.4529075Z  * [new ref]         57d5fedfeb1092c38367eb49e38441c3e96688a7 -> origin/main
2026-10-04T00:06:11.4532868Z ##[endgroup]
2026-10-04T00:06:11.4534080Z ##[group]Determining the checkout info
2026-10-04T00:06:11.4535095Z ##[endgroup]
2026-10-04T00:06:11.4540794Z [command]/usr/bin/git sparse-checkout disable
2026-10-04T00:06:11.4603732Z [command]/usr/bin/git config --local --unset-all extensions.worktreeConfig
2026-10-04T00:06:11.4640048Z ##[group]Checking out the ref
2026-10-04T00:06:11.4645141Z [command]/usr/bin/git checkout --progress --force -B main refs/remotes/origin/main
2026-10-04T00:06:11.8504432Z Switched to a new branch 'main'
2026-10-04T00:06:11.8508218Z branch 'main' set up to track 'origin/main'.
2026-10-04T00:06:11.8539813Z ##[endgroup]
2026-10-04T00:06:11.8596760Z [command]/usr/bin/git log -1 --format=%H
2026-10-04T00:06:11.8632388Z 57d5fedfeb1092c38367eb49e38441c3e96688a7
2026-10-04T00:06:11.8891256Z ##[group]Run pnpm/action-setup@b906affcce14559ad1aafd4ab0e942779e9f58b1
2026-10-04T00:06:11.8891728Z with:
2026-10-04T00:06:11.8892202Z   version: 11.19.0
2026-10-04T00:06:11.8892426Z   dest: ~/setup-pnpm
2026-10-04T00:06:11.8892854Z   run_install: null
2026-10-04T00:06:11.8893086Z   cache: false
2026-10-04T00:06:11.8893313Z   cache_dependency_path: pnpm-lock.yaml
2026-10-04T00:06:11.8893610Z   package_json_file: package.json
2026-10-04T00:06:11.8893874Z   standalone: false
2026-10-04T00:06:11.8894087Z ##[endgroup]
2026-10-04T00:06:12.0423794Z ##[group]Running self-installer...
2026-10-04T00:06:12.4732491Z (node:2325) [DEP0169] DeprecationWarning: `url.parse()` behavior is not standardized and prone to errors that have security implications. Use the WHATWG URL API instead. CVEs are not issued for `url.parse()` vulnerabilities.
2026-10-04T00:06:12.4734490Z (Use `node --trace-deprecation ...` to show where the warning was created)
2026-10-04T00:06:12.6221280Z Progress: resolved 1, reused 0, downloaded 0, added 0
2026-10-04T00:06:12.6345131Z Packages: +1
2026-10-04T00:06:12.6346148Z +
2026-10-04T00:06:13.0918996Z Progress: resolved 1, reused 0, downloaded 1, added 1, done
2026-10-04T00:06:13.1229269Z 
2026-10-04T00:06:13.1229824Z dependencies:
2026-10-04T00:06:13.1230288Z + pnpm 11.19.0 (12.9.1 is available)
2026-10-04T00:06:13.1230636Z 
2026-10-04T00:06:13.1257424Z Done in 900ms
2026-10-04T00:06:13.2370881Z ##[endgroup]
2026-10-04T00:06:13.2373499Z Installation Completed!
2026-10-04T00:06:13.2573516Z ##[group]Run actions/setup-node@49933ea5288caeca8642d1e84afbd3f7d6820020
2026-10-04T00:06:13.2573958Z with:
2026-10-04T00:06:13.2574174Z   node-version: 24
2026-10-04T00:06:13.2574394Z   cache: pnpm
2026-10-04T00:06:13.2574608Z   always-auth: false
2026-10-04T00:06:13.2574836Z   check-latest: false
2026-10-04T00:06:13.2577617Z   token: ***
2026-10-04T00:06:13.2577825Z env:
2026-10-04T00:06:13.2578084Z   PNPM_HOME: /home/runner/setup-pnpm/node_modules/.bin
2026-10-04T00:06:13.2578414Z ##[endgroup]
2026-10-04T00:06:13.4106002Z Found in cache @ /opt/hostedtoolcache/node/24.21.0/x64
2026-10-04T00:06:13.4111820Z (node:2340) [DEP0040] DeprecationWarning: The `punycode` module is deprecated. Please use a userland alternative instead.
2026-10-04T00:06:13.4113686Z (Use `node --trace-deprecation ...` to show where the warning was created)
2026-10-04T00:06:13.4122583Z ##[group]Environment details
2026-10-04T00:06:13.8582222Z node: v24.21.0
2026-10-04T00:06:13.8583439Z npm: 11.19.0
2026-10-04T00:06:13.8584111Z yarn: 1.22.22
2026-10-04T00:06:13.8585105Z ##[endgroup]
2026-10-04T00:06:13.8640167Z [command]/home/runner/setup-pnpm/node_modules/.bin/pnpm store path --silent
2026-10-04T00:06:14.5279025Z /home/runner/setup-pnpm/node_modules/.bin/store/v11
2026-10-04T00:06:14.7985314Z Cache hit for: node-cache-Linux-x64-pnpm-970ff90c8c5b62d936b78a56179f81cdf02982feb14381f8bba791078d20d9fe
2026-10-04T00:06:14.8106280Z (node:2340) [DEP0169] DeprecationWarning: `url.parse()` behavior is not standardized and prone to errors that have security implications. Use the WHATWG URL API instead. CVEs are not issued for `url.parse()` vulnerabilities.
2026-10-04T00:06:16.0839301Z Received 4194304 of 118816928 (3.5%), 4.0 MBs/sec
2026-10-04T00:06:17.0626366Z Received 118816928 of 118816928 (100.0%), 57.3 MBs/sec
2026-10-04T00:06:17.0627557Z Cache Size: ~113 MB (118816928 B)
2026-10-04T00:06:17.0752812Z [command]/usr/bin/tar -xf /home/runner/work/_temp/c29ff862-972c-4c0e-b140-149112c882b2/cache.tzst -P -C /home/runner/work/accounting/accounting --use-compress-program unzstd
2026-10-04T00:06:18.3071391Z Cache restored successfully
2026-10-04T00:06:18.3134996Z Cache restored from key: node-cache-Linux-x64-pnpm-970ff90c8c5b62d936b78a56179f81cdf02982feb14381f8bba791078d20d9fe
2026-10-04T00:06:18.3307489Z ##[group]Run pnpm install --frozen-lockfile
2026-10-04T00:06:18.3307967Z [36;1mpnpm install --frozen-lockfile[0m
2026-10-04T00:06:18.3609227Z shell: /usr/bin/bash -e {0}
2026-10-04T00:06:18.3609662Z env:
2026-10-04T00:06:18.3610092Z   PNPM_HOME: /home/runner/setup-pnpm/node_modules/.bin
2026-10-04T00:06:18.3610611Z ##[endgroup]
2026-10-04T00:06:18.9293785Z ? Verifying lockfile against supply-chain policies (367 entries)...
2026-10-04T00:06:18.9385165Z Lockfile is up to date, resolution step is skipped
2026-10-04T00:06:19.0584763Z Progress: resolved 1, reused 0, downloaded 0, added 0
2026-10-04T00:06:19.1274833Z Packages: +249
2026-10-04T00:06:19.1275617Z ++++++++++++++++++++++++++++++++++++++++++++++++++++++++++++++++++++++++++++++++
2026-10-04T00:06:20.0359999Z Packages are hard linked from the content-addressable store to the virtual store.
2026-10-04T00:06:20.0367844Z   Content-addressable store is at: /home/runner/setup-pnpm/node_modules/.bin/store/v11
2026-10-04T00:06:20.0374311Z   Virtual store is at:             node_modules/.pnpm
2026-10-04T00:06:20.0705258Z Progress: resolved 249, reused 249, downloaded 0, added 6
2026-10-04T00:06:20.7963185Z Progress: resolved 249, reused 249, downloaded 0, added 249, done
2026-10-04T00:06:21.7465002Z ✓ Lockfile passes supply-chain policies (367 entries in 2.8s)
2026-10-04T00:06:21.8037447Z 
2026-10-04T00:06:21.8038315Z dependencies:
2026-10-04T00:06:21.8038935Z + @base-ui/react 1.7.0
2026-10-04T00:06:21.8039529Z + @shadcn/react 0.3.0
2026-10-04T00:06:21.8040185Z + @tesseract.js-data/ara 1.0.0
2026-10-04T00:06:21.8040959Z + @tesseract.js-data/eng 1.0.0
2026-10-04T00:06:21.8041737Z + class-variance-authority 0.7.1
2026-10-04T00:06:21.8042387Z + clsx 2.1.1
2026-10-04T00:06:21.8043171Z + cmdk 1.1.1
2026-10-04T00:06:21.8043677Z + date-fns 4.1.0
2026-10-04T00:06:21.8044245Z + embla-carousel-react 8.5.2
2026-10-04T00:06:21.8044915Z + exceljs 4.4.0
2026-10-04T00:06:21.8045401Z + input-otp 1.4.2
2026-10-04T00:06:21.8045914Z + jszip 3.10.1
2026-10-04T00:06:21.8046452Z + lucide-react 1.31.0
2026-10-04T00:06:21.8047007Z + react 19.2.6
2026-10-04T00:06:21.8047681Z + react-day-picker 9.8.1
2026-10-04T00:06:21.8048238Z + react-dom 19.2.6
2026-10-04T00:06:21.8048877Z + react-resizable-panels 4.5.8
2026-10-04T00:06:21.8049527Z + recharts 3.8.0
2026-10-04T00:06:21.8049975Z + saxes 5.0.1
2026-10-04T00:06:21.8050530Z + tailwind-merge 3.6.0
2026-10-04T00:06:21.8051275Z + tesseract.js 7.0.0
2026-10-04T00:06:21.8051852Z + tw-animate-css 1.4.0
2026-10-04T00:06:21.8052419Z + unpdf 1.8.1
2026-10-04T00:06:21.8053015Z 
2026-10-04T00:06:21.8053270Z devDependencies:
2026-10-04T00:06:21.8053853Z + @tailwindcss/postcss 4.2.1
2026-10-04T00:06:21.8054365Z + @types/node 22.19.19
2026-10-04T00:06:21.8054847Z + @types/react 19.2.14
2026-10-04T00:06:21.8055299Z + @types/react-dom 19.2.3
2026-10-04T00:06:21.8055788Z + @vitejs/plugin-react 6.0.2
2026-10-04T00:06:21.8056244Z + oxfmt 0.61.0
2026-10-04T00:06:21.8056612Z + oxlint 1.76.0
2026-10-04T00:06:21.8057040Z + oxlint-tsgolint 7.0.2001
2026-10-04T00:06:21.8057501Z + playwright 1.62.1
2026-10-04T00:06:21.8057934Z + tailwindcss 4.2.1
2026-10-04T00:06:21.8058349Z + typescript 5.9.3
2026-10-04T00:06:21.8058735Z + vite 8.0.16
2026-10-04T00:06:21.8058953Z 
2026-10-04T00:06:21.8489645Z Done in 3.4s using pnpm v11.19.0
2026-10-04T00:06:21.9088190Z ##[group]Run pnpm test:mutations
2026-10-04T00:06:21.9088540Z [36;1mpnpm test:mutations[0m
2026-10-04T00:06:21.9153837Z shell: /usr/bin/bash -e {0}
2026-10-04T00:06:21.9154133Z env:
2026-10-04T00:06:21.9154409Z   PNPM_HOME: /home/runner/setup-pnpm/node_modules/.bin
2026-10-04T00:06:21.9154751Z   MUTATION_SHARD: 2/3
2026-10-04T00:06:21.9154982Z ##[endgroup]
2026-10-04T00:06:22.8836546Z Already up to date
2026-10-04T00:06:22.8844401Z Done in 447ms using pnpm v11.19.0
2026-10-04T00:06:22.9004133Z $ node scripts/test-mutations.mjs
2026-10-04T00:07:42.0271088Z Detected deliberate fault: p6-source-ignore-interpretation-receipt
2026-10-04T00:08:21.2180184Z Detected deliberate fault: p6-source-hide-damaged-cell
2026-10-04T00:09:00.7341287Z Detected deliberate fault: p6-table-swap-neighboring-amount-and-balance
2026-10-04T00:09:40.4823275Z Detected deliberate fault: p6-table-launder-table-inventory-into-accounting
2026-10-04T00:10:20.1070913Z Detected deliberate fault: p6-skip-manual-region-fingerprint
2026-10-04T00:10:59.8497929Z Detected deliberate fault: p6-trust-a-substituted-image-preview
2026-10-04T00:11:39.1961970Z Detected deliberate fault: p6-launder-cell-review-into-accounting
2026-10-04T00:12:18.8202194Z Detected deliberate fault: f02-hide-compatible-currency-glyphs
2026-10-04T00:12:57.7300444Z Detected deliberate fault: partial-accept-stale-format-selection
2026-10-04T00:13:36.8098106Z Detected deliberate fault: partial-drop-displaced-literal-identities
2026-10-04T00:14:15.5846401Z Detected deliberate fault: p2-promote-placeholder-payment-identities
2026-10-04T00:14:54.1685850Z Detected deliberate fault: p2-drop-primary-only-competing-members
2026-10-04T00:15:32.3163930Z Detected deliberate fault: p2-accept-duplicate-postings-in-nm-groups
2026-10-04T00:16:10.9434088Z Detected deliberate fault: p2-ignore-group-member-rejection
2026-10-04T00:16:49.6430205Z Detected deliberate fault: p1-reject-valid-contextual-numeric-or-alphabetic-discriminators
2026-10-04T00:17:29.0723792Z Detected deliberate fault: p1-choose-first-repeated-discriminator
2026-10-04T00:18:08.6658125Z Detected deliberate fault: p1-ignore-document-pair-amount-difference
2026-10-04T00:18:47.1003288Z Detected deliberate fault: 047-ambiguity-guard-throws-unrelated-error
2026-10-04T00:19:25.4541991Z Detected deliberate fault: 046-accept-payment-groups-without-explicit-identity
2026-10-04T00:20:03.7610801Z Detected deliberate fault: v11-refuse-black-text-grazed-by-a-table-rule
2026-10-04T00:20:41.7679174Z Detected deliberate fault: v11-take-a-renamed-copy-for-another-source
2026-10-04T00:21:20.2043469Z Detected deliberate fault: hard-r01-let-a-voucher-hide-a-po-only-identity
2026-10-04T00:21:58.5438711Z Detected deliberate fault: v11-take-a-batch-for-a-document
2026-10-04T00:22:37.0450483Z Detected deliberate fault: v11-read-only-bare-labels-in-descriptions
2026-10-04T00:23:15.6201601Z Detected deliberate fault: hard-g08-accept-any-group-across-dates
2026-10-04T00:23:54.0818846Z Detected deliberate fault: 045-allow-a-second-sheetdata-to-drop-earlier-rows
2026-10-04T00:24:32.7231877Z Detected deliberate fault: allow-visual-drafts-into-accounting
2026-10-04T00:25:11.1717753Z Detected deliberate fault: allow-ai-proposals-outside-the-evidence-window
2026-10-04T00:25:49.9336273Z Detected deliberate fault: accept-duplicate-posting-lines-as-a-group
2026-10-04T00:26:17.9239799Z ##[error]The operation was canceled.
2026-10-04T00:26:17.9379256Z Post job cleanup.
2026-10-04T00:26:18.1204722Z Pruning is unnecessary.
2026-10-04T00:26:18.1397617Z Post job cleanup.
2026-10-04T00:26:18.2545368Z [command]/usr/bin/git version
2026-10-04T00:26:18.2597001Z git version 2.55.0
2026-10-04T00:26:18.2643571Z Temporarily overriding HOME='/home/runner/work/_temp/d6656910-21e6-4ffa-be99-72070d87d86b' before making global git config changes
2026-10-04T00:26:18.2646388Z Adding repository directory to the temporary git global config as a safe directory
2026-10-04T00:26:18.2651829Z [command]/usr/bin/git config --global --add safe.directory /home/runner/work/accounting/accounting
2026-10-04T00:26:18.2724186Z [command]/usr/bin/git config --local --name-only --get-regexp core\.sshCommand
2026-10-04T00:26:18.2746275Z [command]/usr/bin/git submodule foreach --recursive sh -c "git config --local --name-only --get-regexp 'core\.sshCommand' && git config --local --unset-all 'core.sshCommand' || :"
2026-10-04T00:26:18.3112089Z [command]/usr/bin/git config --local --name-only --get-regexp http\.https\:\/\/github\.com\/\.extraheader
2026-10-04T00:26:18.3153841Z http.https://github.com/.extraheader
2026-10-04T00:26:18.3157286Z [command]/usr/bin/git config --local --unset-all http.https://github.com/.extraheader
2026-10-04T00:26:18.3226297Z [command]/usr/bin/git submodule foreach --recursive sh -c "git config --local --name-only --get-regexp 'http\.https\:\/\/github\.com\/\.extraheader' && git config --local --unset-all 'http.https://github.com/.extraheader' || :"
2026-10-04T00:26:18.4439500Z [command]/usr/bin/git config --local --name-only --get-regexp ^includeIf\.gitdir:
2026-10-04T00:26:18.4441875Z [command]/usr/bin/git submodule foreach --recursive git config --local --show-origin --name-only --get-regexp remote.origin.url
2026-10-04T00:26:18.4525112Z Cleaning up orphan processes
2026-10-04T00:26:18.4919673Z Terminate orphan process: pid (2417) (MainThread)
2026-10-04T00:26:18.4964300Z Terminate orphan process: pid (2446) (sh)
2026-10-04T00:26:18.5005557Z Terminate orphan process: pid (2447) (MainThread)
2026-10-04T00:26:18.5074451Z Terminate orphan process: pid (18949) (MainThread)
2026-10-04T00:26:18.5135797Z Terminate orphan process: pid (19398) (MainThread)
2026-10-04T00:26:18.5169900Z ##[warning]Node.js 20 is deprecated. The following actions target Node.js 20 but are being forced to run on Node.js 24: actions/checkout@11d5960a326750d5838078e36cf38b85af677262, actions/setup-node@49933ea5288caeca8642d1e84afbd3f7d6820020, pnpm/action-setup@b906affcce14559ad1aafd4ab0e942779e9f58b1. For more information see: https://github.blog/changelog/2025-09-19-deprecation-of-node-20-on-github-actions-runners/

