2026-10-04T00:06:03.3304780Z Current runner version: '2.337.0'
2026-10-04T00:06:03.3333143Z ##[group]Runner Image Provisioner
2026-10-04T00:06:03.3334168Z Hosted Compute Agent
2026-10-04T00:06:03.3334932Z Version: 20260901.588
2026-10-04T00:06:03.3336153Z Commit: f88ec8081b781fac6c440065ac7ff9e710ce3d0b
2026-10-04T00:06:03.3337225Z Build Date: 2026-09-01T19:56:44Z
2026-10-04T00:06:03.3338038Z Worker ID: {f4844e4c-7826-4937-8550-cf78df6aba0a}
2026-10-04T00:06:03.3339070Z Azure Region: eastus
2026-10-04T00:06:03.3339736Z ##[endgroup]
2026-10-04T00:06:03.3341885Z ##[group]Operating System
2026-10-04T00:06:03.3342676Z Ubuntu
2026-10-04T00:06:03.3343379Z 24.04.5
2026-10-04T00:06:03.3344047Z LTS
2026-10-04T00:06:03.3344698Z ##[endgroup]
2026-10-04T00:06:03.3345509Z ##[group]Runner Image
2026-10-04T00:06:03.3346220Z Image: ubuntu-24.04
2026-10-04T00:06:03.3347086Z Version: 20260927.320.1
2026-10-04T00:06:03.3348699Z Included Software: https://github.com/actions/runner-images/blob/ubuntu24/20260927.320/images/ubuntu/Ubuntu2404-Readme.md
2026-10-04T00:06:03.3350702Z Image Release: https://github.com/actions/runner-images/releases/tag/ubuntu24%2F20260927.320
2026-10-04T00:06:03.3351902Z ##[endgroup]
2026-10-04T00:06:03.3353395Z ##[group]GITHUB_TOKEN Permissions
2026-10-04T00:06:03.3355769Z Contents: read
2026-10-04T00:06:03.3356773Z Metadata: read
2026-10-04T00:06:03.3357455Z ##[endgroup]
2026-10-04T00:06:03.3359858Z Secret source: Actions
2026-10-04T00:06:03.3361020Z Cache mode: write
2026-10-04T00:06:03.3361902Z Prepare workflow directory
2026-10-04T00:06:03.3729188Z Prepare all required actions
2026-10-04T00:06:03.3785144Z Getting action download info
2026-10-04T00:06:03.5635093Z Download action repository 'actions/checkout@11d5960a326750d5838078e36cf38b85af677262' (SHA:11d5960a326750d5838078e36cf38b85af677262)
2026-10-04T00:06:03.6773784Z Download action repository 'pnpm/action-setup@b906affcce14559ad1aafd4ab0e942779e9f58b1' (SHA:b906affcce14559ad1aafd4ab0e942779e9f58b1)
2026-10-04T00:06:03.8557502Z Download action repository 'actions/setup-node@49933ea5288caeca8642d1e84afbd3f7d6820020' (SHA:49933ea5288caeca8642d1e84afbd3f7d6820020)
2026-10-04T00:06:04.0816256Z Complete job name: Accounting mutation gate (1/3)
2026-10-04T00:06:04.1419182Z ##[group]Run actions/checkout@11d5960a326750d5838078e36cf38b85af677262
2026-10-04T00:06:04.1420019Z with:
2026-10-04T00:06:04.1420399Z   repository: mjodshamrani-ux/accounting
2026-10-04T00:06:04.1423684Z   token: ***
2026-10-04T00:06:04.1424045Z   ssh-strict: true
2026-10-04T00:06:04.1424418Z   ssh-user: git
2026-10-04T00:06:04.1424789Z   persist-credentials: true
2026-10-04T00:06:04.1425187Z   clean: true
2026-10-04T00:06:04.1425554Z   sparse-checkout-cone-mode: true
2026-10-04T00:06:04.1425975Z   fetch-depth: 1
2026-10-04T00:06:04.1426324Z   fetch-tags: false
2026-10-04T00:06:04.1426970Z   show-progress: true
2026-10-04T00:06:04.1427339Z   lfs: false
2026-10-04T00:06:04.1427691Z   submodules: false
2026-10-04T00:06:04.1428068Z   set-safe-directory: true
2026-10-04T00:06:04.1428482Z   allow-unsafe-pr-checkout: false
2026-10-04T00:06:04.1429111Z ##[endgroup]
2026-10-04T00:06:04.2227973Z Syncing repository: mjodshamrani-ux/accounting
2026-10-04T00:06:04.2229634Z ##[group]Getting Git version info
2026-10-04T00:06:04.2230226Z Working directory is '/home/runner/work/accounting/accounting'
2026-10-04T00:06:04.2231122Z [command]/usr/bin/git version
2026-10-04T00:06:04.2266677Z git version 2.55.0
2026-10-04T00:06:04.2283831Z ##[endgroup]
2026-10-04T00:06:04.2295687Z Temporarily overriding HOME='/home/runner/work/_temp/11467494-fce3-464f-8115-0f9f907bbec3' before making global git config changes
2026-10-04T00:06:04.2297600Z Adding repository directory to the temporary git global config as a safe directory
2026-10-04T00:06:04.2301067Z [command]/usr/bin/git config --global --add safe.directory /home/runner/work/accounting/accounting
2026-10-04T00:06:04.2349897Z Deleting the contents of '/home/runner/work/accounting/accounting'
2026-10-04T00:06:04.2353329Z ##[group]Initializing the repository
2026-10-04T00:06:04.2357262Z [command]/usr/bin/git init /home/runner/work/accounting/accounting
2026-10-04T00:06:04.2427318Z hint: Using 'master' as the name for the initial branch. This default branch name
2026-10-04T00:06:04.2428311Z hint: will change to "main" in Git 3.0. To configure the initial branch name
2026-10-04T00:06:04.2429106Z hint: to use in all of your new repositories, which will suppress this warning,
2026-10-04T00:06:04.2430017Z hint: call:
2026-10-04T00:06:04.2430359Z hint:
2026-10-04T00:06:04.2430809Z hint: 	git config --global init.defaultBranch <name>
2026-10-04T00:06:04.2431321Z hint:
2026-10-04T00:06:04.2431799Z hint: Names commonly chosen instead of 'master' are 'main', 'trunk' and
2026-10-04T00:06:04.2432528Z hint: 'development'. The just-created branch can be renamed via this command:
2026-10-04T00:06:04.2433117Z hint:
2026-10-04T00:06:04.2433465Z hint: 	git branch -m <name>
2026-10-04T00:06:04.2433858Z hint:
2026-10-04T00:06:04.2434371Z hint: Disable this message with "git config set advice.defaultBranchName false"
2026-10-04T00:06:04.2439139Z Initialized empty Git repository in /home/runner/work/accounting/accounting/.git/
2026-10-04T00:06:04.2446625Z [command]/usr/bin/git remote add origin https://github.com/mjodshamrani-ux/accounting
2026-10-04T00:06:04.2507058Z ##[endgroup]
2026-10-04T00:06:04.2507727Z ##[group]Disabling automatic garbage collection
2026-10-04T00:06:04.2510391Z [command]/usr/bin/git config --local gc.auto 0
2026-10-04T00:06:04.2537529Z ##[endgroup]
2026-10-04T00:06:04.2538135Z ##[group]Setting up auth
2026-10-04T00:06:04.2543787Z [command]/usr/bin/git config --local --name-only --get-regexp core\.sshCommand
2026-10-04T00:06:04.2570510Z [command]/usr/bin/git submodule foreach --recursive sh -c "git config --local --name-only --get-regexp 'core\.sshCommand' && git config --local --unset-all 'core.sshCommand' || :"
2026-10-04T00:06:04.2867944Z [command]/usr/bin/git config --local --name-only --get-regexp http\.https\:\/\/github\.com\/\.extraheader
2026-10-04T00:06:04.2899960Z [command]/usr/bin/git submodule foreach --recursive sh -c "git config --local --name-only --get-regexp 'http\.https\:\/\/github\.com\/\.extraheader' && git config --local --unset-all 'http.https://github.com/.extraheader' || :"
2026-10-04T00:06:04.3107537Z [command]/usr/bin/git config --local --name-only --get-regexp ^includeIf\.gitdir:
2026-10-04T00:06:04.3137391Z [command]/usr/bin/git submodule foreach --recursive git config --local --show-origin --name-only --get-regexp remote.origin.url
2026-10-04T00:06:04.3344590Z [command]/usr/bin/git config --local http.https://github.com/.extraheader AUTHORIZATION: basic ***
2026-10-04T00:06:04.3395370Z ##[endgroup]
2026-10-04T00:06:04.3396143Z ##[group]Fetching the repository
2026-10-04T00:06:04.3406251Z [command]/usr/bin/git -c protocol.version=2 fetch --no-tags --prune --no-recurse-submodules --depth=1 origin +57d5fedfeb1092c38367eb49e38441c3e96688a7:refs/remotes/origin/main
2026-10-04T00:06:10.4869359Z From https://github.com/mjodshamrani-ux/accounting
2026-10-04T00:06:10.4871341Z  * [new ref]         57d5fedfeb1092c38367eb49e38441c3e96688a7 -> origin/main
2026-10-04T00:06:10.4874459Z ##[endgroup]
2026-10-04T00:06:10.4875360Z ##[group]Determining the checkout info
2026-10-04T00:06:10.4876367Z ##[endgroup]
2026-10-04T00:06:10.4879520Z [command]/usr/bin/git sparse-checkout disable
2026-10-04T00:06:10.4922822Z [command]/usr/bin/git config --local --unset-all extensions.worktreeConfig
2026-10-04T00:06:10.4950325Z ##[group]Checking out the ref
2026-10-04T00:06:10.4988063Z [command]/usr/bin/git checkout --progress --force -B main refs/remotes/origin/main
2026-10-04T00:06:10.8147910Z Switched to a new branch 'main'
2026-10-04T00:06:10.8157601Z branch 'main' set up to track 'origin/main'.
2026-10-04T00:06:10.8174681Z ##[endgroup]
2026-10-04T00:06:10.8215362Z [command]/usr/bin/git log -1 --format=%H
2026-10-04T00:06:10.8238700Z 57d5fedfeb1092c38367eb49e38441c3e96688a7
2026-10-04T00:06:10.8435707Z ##[group]Run pnpm/action-setup@b906affcce14559ad1aafd4ab0e942779e9f58b1
2026-10-04T00:06:10.8436058Z with:
2026-10-04T00:06:10.8436598Z   version: 11.19.0
2026-10-04T00:06:10.8436781Z   dest: ~/setup-pnpm
2026-10-04T00:06:10.8436952Z   run_install: null
2026-10-04T00:06:10.8437125Z   cache: false
2026-10-04T00:06:10.8437319Z   cache_dependency_path: pnpm-lock.yaml
2026-10-04T00:06:10.8437556Z   package_json_file: package.json
2026-10-04T00:06:10.8437763Z   standalone: false
2026-10-04T00:06:10.8437932Z ##[endgroup]
2026-10-04T00:06:10.9593389Z ##[group]Running self-installer...
2026-10-04T00:06:11.2839585Z (node:2109) [DEP0169] DeprecationWarning: `url.parse()` behavior is not standardized and prone to errors that have security implications. Use the WHATWG URL API instead. CVEs are not issued for `url.parse()` vulnerabilities.
2026-10-04T00:06:11.2841226Z (Use `node --trace-deprecation ...` to show where the warning was created)
2026-10-04T00:06:11.4173009Z Progress: resolved 1, reused 0, downloaded 0, added 0
2026-10-04T00:06:11.4237070Z Packages: +1
2026-10-04T00:06:11.4237422Z +
2026-10-04T00:06:11.7830865Z Progress: resolved 1, reused 0, downloaded 1, added 1, done
2026-10-04T00:06:11.8171852Z 
2026-10-04T00:06:11.8171998Z dependencies:
2026-10-04T00:06:11.8172312Z + pnpm 11.19.0 (12.9.1 is available)
2026-10-04T00:06:11.8172553Z 
2026-10-04T00:06:11.8190906Z Done in 702ms
2026-10-04T00:06:12.0082231Z ##[endgroup]
2026-10-04T00:06:12.0082475Z Installation Completed!
2026-10-04T00:06:12.0251397Z ##[group]Run actions/setup-node@49933ea5288caeca8642d1e84afbd3f7d6820020
2026-10-04T00:06:12.0251705Z with:
2026-10-04T00:06:12.0251890Z   node-version: 24
2026-10-04T00:06:12.0252071Z   cache: pnpm
2026-10-04T00:06:12.0252244Z   always-auth: false
2026-10-04T00:06:12.0252431Z   check-latest: false
2026-10-04T00:06:12.0254613Z   token: ***
2026-10-04T00:06:12.0254786Z env:
2026-10-04T00:06:12.0254992Z   PNPM_HOME: /home/runner/setup-pnpm/node_modules/.bin
2026-10-04T00:06:12.0255251Z ##[endgroup]
2026-10-04T00:06:12.1409929Z Found in cache @ /opt/hostedtoolcache/node/24.21.0/x64
2026-10-04T00:06:12.1413871Z (node:2124) [DEP0040] DeprecationWarning: The `punycode` module is deprecated. Please use a userland alternative instead.
2026-10-04T00:06:12.1414605Z (Use `node --trace-deprecation ...` to show where the warning was created)
2026-10-04T00:06:12.1415757Z ##[group]Environment details
2026-10-04T00:06:12.4220806Z node: v24.21.0
2026-10-04T00:06:12.4221039Z npm: 11.19.0
2026-10-04T00:06:12.4221304Z yarn: 1.22.22
2026-10-04T00:06:12.4221843Z ##[endgroup]
2026-10-04T00:06:12.4256273Z [command]/home/runner/setup-pnpm/node_modules/.bin/pnpm store path --silent
2026-10-04T00:06:13.1650658Z /home/runner/setup-pnpm/node_modules/.bin/store/v11
2026-10-04T00:06:13.2326703Z Cache hit for: node-cache-Linux-x64-pnpm-970ff90c8c5b62d936b78a56179f81cdf02982feb14381f8bba791078d20d9fe
2026-10-04T00:06:13.2409085Z (node:2124) [DEP0169] DeprecationWarning: `url.parse()` behavior is not standardized and prone to errors that have security implications. Use the WHATWG URL API instead. CVEs are not issued for `url.parse()` vulnerabilities.
2026-10-04T00:06:13.7111446Z Received 118816928 of 118816928 (100.0%), 254.1 MBs/sec
2026-10-04T00:06:13.7111896Z Cache Size: ~113 MB (118816928 B)
2026-10-04T00:06:13.7137508Z [command]/usr/bin/tar -xf /home/runner/work/_temp/2fa51610-2b02-4234-b72a-5ff587449d2a/cache.tzst -P -C /home/runner/work/accounting/accounting --use-compress-program unzstd
2026-10-04T00:06:14.6040799Z Cache restored successfully
2026-10-04T00:06:14.6092414Z Cache restored from key: node-cache-Linux-x64-pnpm-970ff90c8c5b62d936b78a56179f81cdf02982feb14381f8bba791078d20d9fe
2026-10-04T00:06:14.6288187Z ##[group]Run pnpm install --frozen-lockfile
2026-10-04T00:06:14.6288550Z [36;1mpnpm install --frozen-lockfile[0m
2026-10-04T00:06:14.6500317Z shell: /usr/bin/bash -e {0}
2026-10-04T00:06:14.6500544Z env:
2026-10-04T00:06:14.6500767Z   PNPM_HOME: /home/runner/setup-pnpm/node_modules/.bin
2026-10-04T00:06:14.6501028Z ##[endgroup]
2026-10-04T00:06:15.1176277Z ? Verifying lockfile against supply-chain policies (367 entries)...
2026-10-04T00:06:15.1233939Z Lockfile is up to date, resolution step is skipped
2026-10-04T00:06:15.2243437Z Progress: resolved 1, reused 0, downloaded 0, added 0
2026-10-04T00:06:15.2777128Z Packages: +249
2026-10-04T00:06:15.2793396Z ++++++++++++++++++++++++++++++++++++++++++++++++++++++++++++++++++++++++++++++++
2026-10-04T00:06:15.9227466Z Packages are hard linked from the content-addressable store to the virtual store.
2026-10-04T00:06:15.9228088Z   Content-addressable store is at: /home/runner/setup-pnpm/node_modules/.bin/store/v11
2026-10-04T00:06:15.9228595Z   Virtual store is at:             node_modules/.pnpm
2026-10-04T00:06:16.2252230Z Progress: resolved 249, reused 249, downloaded 0, added 58
2026-10-04T00:06:16.5530813Z Progress: resolved 249, reused 249, downloaded 0, added 249, done
2026-10-04T00:06:17.2880984Z ✓ Lockfile passes supply-chain policies (367 entries in 2.1s)
2026-10-04T00:06:17.3798687Z 
2026-10-04T00:06:17.3799301Z dependencies:
2026-10-04T00:06:17.3799708Z + @base-ui/react 1.7.0
2026-10-04T00:06:17.3800381Z + @shadcn/react 0.3.0
2026-10-04T00:06:17.3800781Z + @tesseract.js-data/ara 1.0.0
2026-10-04T00:06:17.3801163Z + @tesseract.js-data/eng 1.0.0
2026-10-04T00:06:17.3801576Z + class-variance-authority 0.7.1
2026-10-04T00:06:17.3801905Z + clsx 2.1.1
2026-10-04T00:06:17.3802163Z + cmdk 1.1.1
2026-10-04T00:06:17.3802416Z + date-fns 4.1.0
2026-10-04T00:06:17.3802728Z + embla-carousel-react 8.5.2
2026-10-04T00:06:17.3803054Z + exceljs 4.4.0
2026-10-04T00:06:17.3803333Z + input-otp 1.4.2
2026-10-04T00:06:17.3803598Z + jszip 3.10.1
2026-10-04T00:06:17.3803902Z + lucide-react 1.31.0
2026-10-04T00:06:17.3804169Z + react 19.2.6
2026-10-04T00:06:17.3804504Z + react-day-picker 9.8.1
2026-10-04T00:06:17.3804816Z + react-dom 19.2.6
2026-10-04T00:06:17.3805171Z + react-resizable-panels 4.5.8
2026-10-04T00:06:17.3805514Z + recharts 3.8.0
2026-10-04T00:06:17.3805757Z + saxes 5.0.1
2026-10-04T00:06:17.3806066Z + tailwind-merge 3.6.0
2026-10-04T00:06:17.3806523Z + tesseract.js 7.0.0
2026-10-04T00:06:17.3806836Z + tw-animate-css 1.4.0
2026-10-04T00:06:17.3807125Z + unpdf 1.8.1
2026-10-04T00:06:17.3807282Z 
2026-10-04T00:06:17.3807406Z devDependencies:
2026-10-04T00:06:17.3807723Z + @tailwindcss/postcss 4.2.1
2026-10-04T00:06:17.3808057Z + @types/node 22.19.19
2026-10-04T00:06:17.3808374Z + @types/react 19.2.14
2026-10-04T00:06:17.3808689Z + @types/react-dom 19.2.3
2026-10-04T00:06:17.3809020Z + @vitejs/plugin-react 6.0.2
2026-10-04T00:06:17.3809338Z + oxfmt 0.61.0
2026-10-04T00:06:17.3809616Z + oxlint 1.76.0
2026-10-04T00:06:17.3809921Z + oxlint-tsgolint 7.0.2001
2026-10-04T00:06:17.3810236Z + playwright 1.62.1
2026-10-04T00:06:17.3810533Z + tailwindcss 4.2.1
2026-10-04T00:06:17.3810823Z + typescript 5.9.3
2026-10-04T00:06:17.3811084Z + vite 8.0.16
2026-10-04T00:06:17.3811239Z 
2026-10-04T00:06:17.4097570Z Done in 2.7s using pnpm v11.19.0
2026-10-04T00:06:17.4533265Z ##[group]Run pnpm test:mutations
2026-10-04T00:06:17.4533564Z [36;1mpnpm test:mutations[0m
2026-10-04T00:06:17.4589120Z shell: /usr/bin/bash -e {0}
2026-10-04T00:06:17.4589355Z env:
2026-10-04T00:06:17.4589582Z   PNPM_HOME: /home/runner/setup-pnpm/node_modules/.bin
2026-10-04T00:06:17.4589860Z   MUTATION_SHARD: 1/3
2026-10-04T00:06:17.4590046Z ##[endgroup]
2026-10-04T00:06:18.1287012Z Already up to date
2026-10-04T00:06:18.1292777Z Done in 309ms using pnpm v11.19.0
2026-10-04T00:06:18.1409810Z $ node scripts/test-mutations.mjs
2026-10-04T00:07:11.6832516Z Detected deliberate fault: p6-source-ignore-bound-mapping
2026-10-04T00:07:40.1306694Z Detected deliberate fault: p6-source-ignore-replayed-sheet-literals
2026-10-04T00:08:08.8156575Z Detected deliberate fault: p6-table-retain-coverage-after-row-edit
2026-10-04T00:08:37.6257990Z Detected deliberate fault: p6-table-skip-coverage-fingerprint
2026-10-04T00:09:06.4815241Z Detected deliberate fault: p6-ignore-manual-region-observations
2026-10-04T00:09:34.3072232Z Detected deliberate fault: p6-ignore-png-chunk-crc
2026-10-04T00:10:02.8992907Z Detected deliberate fault: p6-skip-cell-fingerprint-on-restore
2026-10-04T00:10:31.4102713Z Detected deliberate fault: f02-ignore-unknown-excluded-identity
2026-10-04T00:10:59.8116050Z Detected deliberate fault: partial-treat-untrusted-cells-as-format-proof
2026-10-04T00:11:28.4081882Z Detected deliberate fault: partial-drop-transitive-error-impact
2026-10-04T00:11:57.0558611Z Detected deliberate fault: p2-reject-explicit-numeric-payment-identities
2026-10-04T00:12:25.3222679Z Detected deliberate fault: p2-ignore-overlapping-payment-identity-memberships
2026-10-04T00:12:53.7619831Z Detected deliberate fault: p2-accept-inferred-payment-role-as-explicit-proof
2026-10-04T00:13:22.1240270Z Detected deliberate fault: p2-approve-groups-beyond-the-member-limit
2026-10-04T00:13:50.9951175Z Detected deliberate fault: p1-accept-placeholder-category-or-zero-as-a-discriminator
2026-10-04T00:14:19.8505709Z Detected deliberate fault: p1-grant-document-role-to-another-selected-column
2026-10-04T00:14:48.5825013Z Detected deliberate fault: p1-use-normalized-document-identity
2026-10-04T00:15:16.7923719Z Detected deliberate fault: 047-accept-unanswered-format-ambiguity
2026-10-04T00:15:43.7745216Z Detected deliberate fault: 046-disable-all-supported-groups
2026-10-04T00:16:12.2786736Z Detected deliberate fault: v11-read-carried-forward-as-a-transaction
2026-10-04T00:16:41.0286102Z Detected deliberate fault: v11-approve-a-source-compared-with-itself
2026-10-04T00:17:09.4722587Z Detected deliberate fault: hard-r01-rank-own-voucher-before-chosen-reference
2026-10-04T00:17:37.8087861Z Detected deliberate fault: v11-approve-on-a-voucher-with-no-chosen-reference
2026-10-04T00:18:06.0437659Z Detected deliberate fault: h03-let-a-document-number-outvote-unselected-references
2026-10-04T00:18:34.4724628Z Detected deliberate fault: hard-g08-accept-payment-parts-beyond-the-date-window
2026-10-04T00:19:02.9884799Z Detected deliberate fault: 045-skip-generic-account-scope-evidence
2026-10-04T00:19:31.4702807Z Detected deliberate fault: accept-a-partial-pdf-operator-stream
2026-10-04T00:20:00.2246248Z Detected deliberate fault: trust-stale-case-member-evidence
2026-10-04T00:20:28.7237731Z Detected deliberate fault: ignore-known-document-evidence-conflicts
2026-10-04T00:20:57.1379772Z Detected deliberate fault: silently-round-original-xlsx-numeric-lexemes
2026-10-04T00:21:25.6764900Z Detected deliberate fault: reject-unused-helper-formulas
2026-10-04T00:21:53.8591233Z Detected deliberate fault: drop-classified-rows-without-a-reason
2026-10-04T00:22:22.4604451Z Detected deliberate fault: classify-any-summary-word-as-a-nontransaction
2026-10-04T00:22:50.9086960Z Detected deliberate fault: reverse-proven-ap-direction
2026-10-04T00:23:19.4281574Z Detected deliberate fault: fuzzy-reference-auto-match
2026-10-04T00:23:47.9434925Z Detected deliberate fault: allow-unconfirmed-coverage
2026-10-04T00:24:16.4454092Z Detected deliberate fault: typed-short-infer-type-without-explicit-label
2026-10-04T00:24:45.0428600Z Detected deliberate fault: typed-short-allow-neighbouring-dates
2026-10-04T00:25:13.3858786Z Detected deliberate fault: f03-ignore-related-credit-invoice-conflict
2026-10-04T00:25:42.1525041Z Detected deliberate fault: f03-ai-ignore-related-invoice-contradiction
2026-10-04T00:26:10.8692081Z Detected deliberate fault: unknown-credit-remove-role-review-gate
2026-10-04T00:26:15.9129013Z ##[error]The operation was canceled.
2026-10-04T00:26:15.9233601Z Post job cleanup.
2026-10-04T00:26:16.1607682Z Pruning is unnecessary.
2026-10-04T00:26:16.2065771Z Post job cleanup.
2026-10-04T00:26:16.3750146Z [command]/usr/bin/git version
2026-10-04T00:26:16.3750572Z git version 2.55.0
2026-10-04T00:26:16.3978299Z Temporarily overriding HOME='/home/runner/work/_temp/38f230d8-6d7a-41ae-aed1-454ec44f0005' before making global git config changes
2026-10-04T00:26:16.3981204Z Adding repository directory to the temporary git global config as a safe directory
2026-10-04T00:26:16.3982152Z [command]/usr/bin/git config --global --add safe.directory /home/runner/work/accounting/accounting
2026-10-04T00:26:16.3993957Z [command]/usr/bin/git config --local --name-only --get-regexp core\.sshCommand
2026-10-04T00:26:16.4069615Z [command]/usr/bin/git submodule foreach --recursive sh -c "git config --local --name-only --get-regexp 'core\.sshCommand' && git config --local --unset-all 'core.sshCommand' || :"
2026-10-04T00:26:16.4606719Z [command]/usr/bin/git config --local --name-only --get-regexp http\.https\:\/\/github\.com\/\.extraheader
2026-10-04T00:26:16.4755487Z http.https://github.com/.extraheader
2026-10-04T00:26:16.4866076Z [command]/usr/bin/git config --local --unset-all http.https://github.com/.extraheader
2026-10-04T00:26:16.4869394Z [command]/usr/bin/git submodule foreach --recursive sh -c "git config --local --name-only --get-regexp 'http\.https\:\/\/github\.com\/\.extraheader' && git config --local --unset-all 'http.https://github.com/.extraheader' || :"
2026-10-04T00:26:16.5467740Z [command]/usr/bin/git config --local --name-only --get-regexp ^includeIf\.gitdir:
2026-10-04T00:26:16.5582771Z [command]/usr/bin/git submodule foreach --recursive git config --local --show-origin --name-only --get-regexp remote.origin.url
2026-10-04T00:26:16.6325386Z Cleaning up orphan processes
2026-10-04T00:26:16.6666841Z Terminate orphan process: pid (2202) (MainThread)
2026-10-04T00:26:16.6700948Z Terminate orphan process: pid (2231) (sh)
2026-10-04T00:26:16.6729144Z Terminate orphan process: pid (2232) (MainThread)
2026-10-04T00:26:16.6829444Z Terminate orphan process: pid (25220) (MainThread)
2026-10-04T00:26:16.6859099Z Terminate orphan process: pid (25334) (MainThread)
2026-10-04T00:26:16.6913764Z Terminate orphan process: pid (25345) (MainThread)
2026-10-04T00:26:16.7012423Z Terminate orphan process: pid (25374) (MainThread)
2026-10-04T00:26:16.7048167Z ##[warning]Node.js 20 is deprecated. The following actions target Node.js 20 but are being forced to run on Node.js 24: actions/checkout@11d5960a326750d5838078e36cf38b85af677262, actions/setup-node@49933ea5288caeca8642d1e84afbd3f7d6820020, pnpm/action-setup@b906affcce14559ad1aafd4ab0e942779e9f58b1. For more information see: https://github.blog/changelog/2025-09-19-deprecation-of-node-20-on-github-actions-runners/

