2026-10-04T00:06:04.2613499Z Current runner version: '2.337.0'
2026-10-04T00:06:04.2630864Z ##[group]Runner Image Provisioner
2026-10-04T00:06:04.2631540Z Hosted Compute Agent
2026-10-04T00:06:04.2631993Z Version: 20260901.588
2026-10-04T00:06:04.2632486Z Commit: f88ec8081b781fac6c440065ac7ff9e710ce3d0b
2026-10-04T00:06:04.2632975Z Build Date: 2026-09-01T19:56:44Z
2026-10-04T00:06:04.2633457Z Worker ID: {e6e224c1-fb48-4f91-b105-6e95e25c9c16}
2026-10-04T00:06:04.2633937Z Azure Region: centralus
2026-10-04T00:06:04.2634384Z ##[endgroup]
2026-10-04T00:06:04.2635670Z ##[group]Operating System
2026-10-04T00:06:04.2636083Z Ubuntu
2026-10-04T00:06:04.2636463Z 24.04.5
2026-10-04T00:06:04.2636809Z LTS
2026-10-04T00:06:04.2637168Z ##[endgroup]
2026-10-04T00:06:04.2637541Z ##[group]Runner Image
2026-10-04T00:06:04.2637933Z Image: ubuntu-24.04
2026-10-04T00:06:04.2638326Z Version: 20260927.320.1
2026-10-04T00:06:04.2639165Z Included Software: https://github.com/actions/runner-images/blob/ubuntu24/20260927.320/images/ubuntu/Ubuntu2404-Readme.md
2026-10-04T00:06:04.2640220Z Image Release: https://github.com/actions/runner-images/releases/tag/ubuntu24%2F20260927.320
2026-10-04T00:06:04.2641117Z ##[endgroup]
2026-10-04T00:06:04.2641953Z ##[group]GITHUB_TOKEN Permissions
2026-10-04T00:06:04.2643564Z Contents: read
2026-10-04T00:06:04.2644010Z Metadata: read
2026-10-04T00:06:04.2644363Z ##[endgroup]
2026-10-04T00:06:04.2646130Z Secret source: Actions
2026-10-04T00:06:04.2646740Z Cache mode: write
2026-10-04T00:06:04.2647261Z Prepare workflow directory
2026-10-04T00:06:04.2898748Z Prepare all required actions
2026-10-04T00:06:04.2932801Z Getting action download info
2026-10-04T00:06:04.5381208Z Download action repository 'actions/checkout@11d5960a326750d5838078e36cf38b85af677262' (SHA:11d5960a326750d5838078e36cf38b85af677262)
2026-10-04T00:06:04.6279581Z Download action repository 'pnpm/action-setup@b906affcce14559ad1aafd4ab0e942779e9f58b1' (SHA:b906affcce14559ad1aafd4ab0e942779e9f58b1)
2026-10-04T00:06:05.1448205Z Download action repository 'actions/setup-node@49933ea5288caeca8642d1e84afbd3f7d6820020' (SHA:49933ea5288caeca8642d1e84afbd3f7d6820020)
2026-10-04T00:06:05.3312484Z Complete job name: Accounting mutation gate (3/3)
2026-10-04T00:06:05.3822012Z ##[group]Run actions/checkout@11d5960a326750d5838078e36cf38b85af677262
2026-10-04T00:06:05.3822845Z with:
2026-10-04T00:06:05.3823269Z   repository: mjodshamrani-ux/accounting
2026-10-04T00:06:05.3826479Z   token: ***
2026-10-04T00:06:05.3826906Z   ssh-strict: true
2026-10-04T00:06:05.3827330Z   ssh-user: git
2026-10-04T00:06:05.3827734Z   persist-credentials: true
2026-10-04T00:06:05.3828182Z   clean: true
2026-10-04T00:06:05.3828596Z   sparse-checkout-cone-mode: true
2026-10-04T00:06:05.3829064Z   fetch-depth: 1
2026-10-04T00:06:05.3829452Z   fetch-tags: false
2026-10-04T00:06:05.3829837Z   show-progress: true
2026-10-04T00:06:05.3830260Z   lfs: false
2026-10-04T00:06:05.3830656Z   submodules: false
2026-10-04T00:06:05.3831055Z   set-safe-directory: true
2026-10-04T00:06:05.3831537Z   allow-unsafe-pr-checkout: false
2026-10-04T00:06:05.3832272Z ##[endgroup]
2026-10-04T00:06:05.4552734Z Syncing repository: mjodshamrani-ux/accounting
2026-10-04T00:06:05.4554306Z ##[group]Getting Git version info
2026-10-04T00:06:05.4555294Z Working directory is '/home/runner/work/accounting/accounting'
2026-10-04T00:06:05.4556266Z [command]/usr/bin/git version
2026-10-04T00:06:05.4621401Z git version 2.55.0
2026-10-04T00:06:05.4636085Z ##[endgroup]
2026-10-04T00:06:05.4649875Z Temporarily overriding HOME='/home/runner/work/_temp/cbc0e4e2-9d30-4827-a549-bcaeffac4e43' before making global git config changes
2026-10-04T00:06:05.4651497Z Adding repository directory to the temporary git global config as a safe directory
2026-10-04T00:06:05.4654240Z [command]/usr/bin/git config --global --add safe.directory /home/runner/work/accounting/accounting
2026-10-04T00:06:05.4693095Z Deleting the contents of '/home/runner/work/accounting/accounting'
2026-10-04T00:06:05.4695216Z ##[group]Initializing the repository
2026-10-04T00:06:05.4698793Z [command]/usr/bin/git init /home/runner/work/accounting/accounting
2026-10-04T00:06:05.4813532Z hint: Using 'master' as the name for the initial branch. This default branch name
2026-10-04T00:06:05.4816354Z hint: will change to "main" in Git 3.0. To configure the initial branch name
2026-10-04T00:06:05.4817788Z hint: to use in all of your new repositories, which will suppress this warning,
2026-10-04T00:06:05.4819002Z hint: call:
2026-10-04T00:06:05.4819495Z hint:
2026-10-04T00:06:05.4820279Z hint: 	git config --global init.defaultBranch <name>
2026-10-04T00:06:05.4821007Z hint:
2026-10-04T00:06:05.4821680Z hint: Names commonly chosen instead of 'master' are 'main', 'trunk' and
2026-10-04T00:06:05.4822831Z hint: 'development'. The just-created branch can be renamed via this command:
2026-10-04T00:06:05.4823780Z hint:
2026-10-04T00:06:05.4824319Z hint: 	git branch -m <name>
2026-10-04T00:06:05.4824904Z hint:
2026-10-04T00:06:05.4825961Z hint: Disable this message with "git config set advice.defaultBranchName false"
2026-10-04T00:06:05.4830838Z Initialized empty Git repository in /home/runner/work/accounting/accounting/.git/
2026-10-04T00:06:05.4837786Z [command]/usr/bin/git remote add origin https://github.com/mjodshamrani-ux/accounting
2026-10-04T00:06:05.4879504Z ##[endgroup]
2026-10-04T00:06:05.4880796Z ##[group]Disabling automatic garbage collection
2026-10-04T00:06:05.4881774Z [command]/usr/bin/git config --local gc.auto 0
2026-10-04T00:06:05.4908307Z ##[endgroup]
2026-10-04T00:06:05.4909496Z ##[group]Setting up auth
2026-10-04T00:06:05.4913506Z [command]/usr/bin/git config --local --name-only --get-regexp core\.sshCommand
2026-10-04T00:06:05.4938145Z [command]/usr/bin/git submodule foreach --recursive sh -c "git config --local --name-only --get-regexp 'core\.sshCommand' && git config --local --unset-all 'core.sshCommand' || :"
2026-10-04T00:06:05.5216588Z [command]/usr/bin/git config --local --name-only --get-regexp http\.https\:\/\/github\.com\/\.extraheader
2026-10-04T00:06:05.5237871Z [command]/usr/bin/git submodule foreach --recursive sh -c "git config --local --name-only --get-regexp 'http\.https\:\/\/github\.com\/\.extraheader' && git config --local --unset-all 'http.https://github.com/.extraheader' || :"
2026-10-04T00:06:05.5371252Z [command]/usr/bin/git config --local --name-only --get-regexp ^includeIf\.gitdir:
2026-10-04T00:06:05.5393230Z [command]/usr/bin/git submodule foreach --recursive git config --local --show-origin --name-only --get-regexp remote.origin.url
2026-10-04T00:06:05.5526452Z [command]/usr/bin/git config --local http.https://github.com/.extraheader AUTHORIZATION: basic ***
2026-10-04T00:06:05.5557847Z ##[endgroup]
2026-10-04T00:06:05.5558663Z ##[group]Fetching the repository
2026-10-04T00:06:05.5564914Z [command]/usr/bin/git -c protocol.version=2 fetch --no-tags --prune --no-recurse-submodules --depth=1 origin +57d5fedfeb1092c38367eb49e38441c3e96688a7:refs/remotes/origin/main
2026-10-04T00:06:10.3766495Z From https://github.com/mjodshamrani-ux/accounting
2026-10-04T00:06:10.3767282Z  * [new ref]         57d5fedfeb1092c38367eb49e38441c3e96688a7 -> origin/main
2026-10-04T00:06:10.3769518Z ##[endgroup]
2026-10-04T00:06:10.3770155Z ##[group]Determining the checkout info
2026-10-04T00:06:10.3777002Z ##[endgroup]
2026-10-04T00:06:10.3784456Z [command]/usr/bin/git sparse-checkout disable
2026-10-04T00:06:10.3827983Z [command]/usr/bin/git config --local --unset-all extensions.worktreeConfig
2026-10-04T00:06:10.3850875Z ##[group]Checking out the ref
2026-10-04T00:06:10.3855404Z [command]/usr/bin/git checkout --progress --force -B main refs/remotes/origin/main
2026-10-04T00:06:10.7082922Z Switched to a new branch 'main'
2026-10-04T00:06:10.7084802Z branch 'main' set up to track 'origin/main'.
2026-10-04T00:06:10.7100956Z ##[endgroup]
2026-10-04T00:06:10.7129000Z [command]/usr/bin/git log -1 --format=%H
2026-10-04T00:06:10.7145624Z 57d5fedfeb1092c38367eb49e38441c3e96688a7
2026-10-04T00:06:10.7331984Z ##[group]Run pnpm/action-setup@b906affcce14559ad1aafd4ab0e942779e9f58b1
2026-10-04T00:06:10.7332420Z with:
2026-10-04T00:06:10.7332787Z   version: 11.19.0
2026-10-04T00:06:10.7333057Z   dest: ~/setup-pnpm
2026-10-04T00:06:10.7333299Z   run_install: null
2026-10-04T00:06:10.7333517Z   cache: false
2026-10-04T00:06:10.7333759Z   cache_dependency_path: pnpm-lock.yaml
2026-10-04T00:06:10.7334043Z   package_json_file: package.json
2026-10-04T00:06:10.7334291Z   standalone: false
2026-10-04T00:06:10.7334526Z ##[endgroup]
2026-10-04T00:06:10.8316612Z ##[group]Running self-installer...
2026-10-04T00:06:11.0954216Z (node:2109) [DEP0169] DeprecationWarning: `url.parse()` behavior is not standardized and prone to errors that have security implications. Use the WHATWG URL API instead. CVEs are not issued for `url.parse()` vulnerabilities.
2026-10-04T00:06:11.0955773Z (Use `node --trace-deprecation ...` to show where the warning was created)
2026-10-04T00:06:11.3351043Z Progress: resolved 1, reused 0, downloaded 0, added 0
2026-10-04T00:06:11.3408756Z Packages: +1
2026-10-04T00:06:11.3425205Z +
2026-10-04T00:06:11.6938330Z Progress: resolved 1, reused 0, downloaded 1, added 1, done
2026-10-04T00:06:11.7170734Z 
2026-10-04T00:06:11.7171351Z dependencies:
2026-10-04T00:06:11.7171928Z + pnpm 11.19.0 (12.9.1 is available)
2026-10-04T00:06:11.7172348Z 
2026-10-04T00:06:11.7196431Z Done in 765ms
2026-10-04T00:06:11.9276658Z ##[endgroup]
2026-10-04T00:06:11.9277103Z Installation Completed!
2026-10-04T00:06:11.9409907Z ##[group]Run actions/setup-node@49933ea5288caeca8642d1e84afbd3f7d6820020
2026-10-04T00:06:11.9410252Z with:
2026-10-04T00:06:11.9410497Z   node-version: 24
2026-10-04T00:06:11.9410704Z   cache: pnpm
2026-10-04T00:06:11.9410911Z   always-auth: false
2026-10-04T00:06:11.9411137Z   check-latest: false
2026-10-04T00:06:11.9412820Z   token: ***
2026-10-04T00:06:11.9413025Z env:
2026-10-04T00:06:11.9413287Z   PNPM_HOME: /home/runner/setup-pnpm/node_modules/.bin
2026-10-04T00:06:11.9413561Z ##[endgroup]
2026-10-04T00:06:12.0378278Z Found in cache @ /opt/hostedtoolcache/node/24.21.0/x64
2026-10-04T00:06:12.0381031Z (node:2123) [DEP0040] DeprecationWarning: The `punycode` module is deprecated. Please use a userland alternative instead.
2026-10-04T00:06:12.0381621Z (Use `node --trace-deprecation ...` to show where the warning was created)
2026-10-04T00:06:12.0382647Z ##[group]Environment details
2026-10-04T00:06:12.3413941Z node: v24.21.0
2026-10-04T00:06:12.3414461Z npm: 11.19.0
2026-10-04T00:06:12.3414833Z yarn: 1.22.22
2026-10-04T00:06:12.3416161Z ##[endgroup]
2026-10-04T00:06:12.3445776Z [command]/home/runner/setup-pnpm/node_modules/.bin/pnpm store path --silent
2026-10-04T00:06:12.7564548Z /home/runner/setup-pnpm/node_modules/.bin/store/v11
2026-10-04T00:06:12.9026565Z Cache hit for: node-cache-Linux-x64-pnpm-970ff90c8c5b62d936b78a56179f81cdf02982feb14381f8bba791078d20d9fe
2026-10-04T00:06:12.9127948Z (node:2123) [DEP0169] DeprecationWarning: `url.parse()` behavior is not standardized and prone to errors that have security implications. Use the WHATWG URL API instead. CVEs are not issued for `url.parse()` vulnerabilities.
2026-10-04T00:06:13.9637851Z Received 118816928 of 118816928 (100.0%), 122.5 MBs/sec
2026-10-04T00:06:13.9638619Z Cache Size: ~113 MB (118816928 B)
2026-10-04T00:06:13.9734103Z [command]/usr/bin/tar -xf /home/runner/work/_temp/7524d1c7-c15f-4863-a611-72b188470c62/cache.tzst -P -C /home/runner/work/accounting/accounting --use-compress-program unzstd
2026-10-04T00:06:14.5030766Z Cache restored successfully
2026-10-04T00:06:14.5075869Z Cache restored from key: node-cache-Linux-x64-pnpm-970ff90c8c5b62d936b78a56179f81cdf02982feb14381f8bba791078d20d9fe
2026-10-04T00:06:14.5278122Z ##[group]Run pnpm install --frozen-lockfile
2026-10-04T00:06:14.5278526Z [36;1mpnpm install --frozen-lockfile[0m
2026-10-04T00:06:14.5650903Z shell: /usr/bin/bash -e {0}
2026-10-04T00:06:14.5651274Z env:
2026-10-04T00:06:14.5651563Z   PNPM_HOME: /home/runner/setup-pnpm/node_modules/.bin
2026-10-04T00:06:14.5651862Z ##[endgroup]
2026-10-04T00:06:14.9459677Z ? Verifying lockfile against supply-chain policies (367 entries)...
2026-10-04T00:06:14.9503742Z Lockfile is up to date, resolution step is skipped
2026-10-04T00:06:15.0259787Z Progress: resolved 1, reused 0, downloaded 0, added 0
2026-10-04T00:06:15.0619293Z Packages: +249
2026-10-04T00:06:15.0626120Z ++++++++++++++++++++++++++++++++++++++++++++++++++++++++++++++++++++++++++++++++
2026-10-04T00:06:15.5966021Z Packages are hard linked from the content-addressable store to the virtual store.
2026-10-04T00:06:15.5966797Z   Content-addressable store is at: /home/runner/setup-pnpm/node_modules/.bin/store/v11
2026-10-04T00:06:15.5967571Z   Virtual store is at:             node_modules/.pnpm
2026-10-04T00:06:16.0264567Z Progress: resolved 249, reused 249, downloaded 0, added 110
2026-10-04T00:06:16.1729283Z Progress: resolved 249, reused 249, downloaded 0, added 249, done
2026-10-04T00:06:17.2576966Z ✓ Lockfile passes supply-chain policies (367 entries in 2.3s)
2026-10-04T00:06:17.3117785Z 
2026-10-04T00:06:17.3118677Z dependencies:
2026-10-04T00:06:17.3119056Z + @base-ui/react 1.7.0
2026-10-04T00:06:17.3119482Z + @shadcn/react 0.3.0
2026-10-04T00:06:17.3119843Z + @tesseract.js-data/ara 1.0.0
2026-10-04T00:06:17.3120225Z + @tesseract.js-data/eng 1.0.0
2026-10-04T00:06:17.3120570Z + class-variance-authority 0.7.1
2026-10-04T00:06:17.3120840Z + clsx 2.1.1
2026-10-04T00:06:17.3121111Z + cmdk 1.1.1
2026-10-04T00:06:17.3121393Z + date-fns 4.1.0
2026-10-04T00:06:17.3121655Z + embla-carousel-react 8.5.2
2026-10-04T00:06:17.3121935Z + exceljs 4.4.0
2026-10-04T00:06:17.3122202Z + input-otp 1.4.2
2026-10-04T00:06:17.3122466Z + jszip 3.10.1
2026-10-04T00:06:17.3122770Z + lucide-react 1.31.0
2026-10-04T00:06:17.3123075Z + react 19.2.6
2026-10-04T00:06:17.3123422Z + react-day-picker 9.8.1
2026-10-04T00:06:17.3123715Z + react-dom 19.2.6
2026-10-04T00:06:17.3124056Z + react-resizable-panels 4.5.8
2026-10-04T00:06:17.3124428Z + recharts 3.8.0
2026-10-04T00:06:17.3124720Z + saxes 5.0.1
2026-10-04T00:06:17.3125236Z + tailwind-merge 3.6.0
2026-10-04T00:06:17.3125607Z + tesseract.js 7.0.0
2026-10-04T00:06:17.3125910Z + tw-animate-css 1.4.0
2026-10-04T00:06:17.3126287Z + unpdf 1.8.1
2026-10-04T00:06:17.3127017Z 
2026-10-04T00:06:17.3127219Z devDependencies:
2026-10-04T00:06:17.3127532Z + @tailwindcss/postcss 4.2.1
2026-10-04T00:06:17.3127873Z + @types/node 22.19.19
2026-10-04T00:06:17.3128246Z + @types/react 19.2.14
2026-10-04T00:06:17.3128559Z + @types/react-dom 19.2.3
2026-10-04T00:06:17.3128899Z + @vitejs/plugin-react 6.0.2
2026-10-04T00:06:17.3129194Z + oxfmt 0.61.0
2026-10-04T00:06:17.3129512Z + oxlint 1.76.0
2026-10-04T00:06:17.3129848Z + oxlint-tsgolint 7.0.2001
2026-10-04T00:06:17.3130159Z + playwright 1.62.1
2026-10-04T00:06:17.3130548Z + tailwindcss 4.2.1
2026-10-04T00:06:17.3130832Z + typescript 5.9.3
2026-10-04T00:06:17.3131129Z + vite 8.0.16
2026-10-04T00:06:17.3131300Z 
2026-10-04T00:06:17.3434747Z Done in 2.7s using pnpm v11.19.0
2026-10-04T00:06:17.3909169Z ##[group]Run pnpm test:mutations
2026-10-04T00:06:17.3909473Z [36;1mpnpm test:mutations[0m
2026-10-04T00:06:17.3942470Z shell: /usr/bin/bash -e {0}
2026-10-04T00:06:17.3942757Z env:
2026-10-04T00:06:17.3943076Z   PNPM_HOME: /home/runner/setup-pnpm/node_modules/.bin
2026-10-04T00:06:17.3943392Z   MUTATION_SHARD: 3/3
2026-10-04T00:06:17.3943657Z ##[endgroup]
2026-10-04T00:06:18.0045582Z Already up to date
2026-10-04T00:06:18.0050818Z Done in 288ms using pnpm v11.19.0
2026-10-04T00:06:18.0144943Z $ node scripts/test-mutations.mjs
2026-10-04T00:07:09.7206550Z Detected deliberate fault: p6-source-accept-missing-currency-proof
2026-10-04T00:07:35.1308702Z Detected deliberate fault: p6-source-false-balance-certification
2026-10-04T00:07:59.7384360Z Detected deliberate fault: p6-table-ignore-known-unassigned-crops
2026-10-04T00:08:24.4319428Z Detected deliberate fault: p6-retain-manual-region-review-after-edit
2026-10-04T00:08:49.3437436Z Detected deliberate fault: p6-accept-outside-image-manual-region
2026-10-04T00:09:14.4969593Z Detected deliberate fault: p6-retain-reviewed-status-after-value-edit
2026-10-04T00:09:39.3814852Z Detected deliberate fault: f02-discard-excluded-movement-membership
2026-10-04T00:10:03.2379115Z Detected deliberate fault: partial-drop-reading-issue-details-from-export
2026-10-04T00:10:28.5474789Z Detected deliberate fault: partial-ignore-isolated-error-membership
2026-10-04T00:10:53.2945829Z Detected deliberate fault: p4-silently-stop-after-twenty-pages
2026-10-04T00:11:18.6067061Z Detected deliberate fault: p2-waive-voucher-conflicts-without-a-certified-document-partition
2026-10-04T00:11:43.4567153Z Detected deliberate fault: p2-let-an-exact-payment-consume-a-group-member-first
2026-10-04T00:12:07.8995556Z Detected deliberate fault: p2-ignore-whole-group-date-span
2026-10-04T00:12:32.4695308Z Detected deliberate fault: p1-accept-formula-or-spreadsheet-error-reference-text
2026-10-04T00:12:56.8366458Z Detected deliberate fault: p1-disable-document-pair-resolution
2026-10-04T00:13:21.5527572Z Detected deliberate fault: p1-ignore-unsafe-discriminator-competitors
2026-10-04T00:13:45.9346144Z Detected deliberate fault: p1-restore-a-rejected-document-pair
2026-10-04T00:14:10.6562756Z Detected deliberate fault: 047-reuse-format-choice-across-context
2026-10-04T00:14:35.3699422Z Detected deliberate fault: hard-t01-read-any-label-ending-in-invoice
2026-10-04T00:15:00.7486020Z Detected deliberate fault: v11-let-stripes-hide-text
2026-10-04T00:15:25.8409799Z Detected deliberate fault: hard-s01-drop-a-source-without-a-role
2026-10-04T00:15:50.4720693Z Detected deliberate fault: v11-take-a-document-number-equal-to-the-order-as-proof
2026-10-04T00:16:15.6596565Z Detected deliberate fault: v11-let-a-document-number-outvote-the-chosen-references
2026-10-04T00:16:40.6486746Z Detected deliberate fault: v11-leave-blocked-exact-pairs-as-unrelated-rows
2026-10-04T00:17:05.4724955Z Detected deliberate fault: 045-ignore-declared-aging-report
2026-10-04T00:17:30.2995308Z Detected deliberate fault: 045-concatenate-conflicting-xlsx-cell-payloads
2026-10-04T00:17:55.6120742Z Detected deliberate fault: reuse-an-ai-column-proposal-after-settings-change
2026-10-04T00:18:20.2993578Z Detected deliberate fault: skip-an-earlier-table-for-a-richer-later-header
2026-10-04T00:18:45.4745762Z Detected deliberate fault: ignore-xlsx-overwritten-cell-addresses
2026-10-04T00:19:10.7359095Z Detected deliberate fault: reject-supported-multisheet-workpapers
2026-10-04T00:19:35.8895661Z Detected deliberate fault: count-total-rows-as-transactions
2026-10-04T00:20:00.7362061Z Detected deliberate fault: automatically-match-with-unread-potential-duplicates
2026-10-04T00:20:26.1298974Z Detected deliberate fault: prove-direction-from-a-single-movement
2026-10-04T00:20:49.5149699Z Detected deliberate fault: reverse-source-sign
2026-10-04T00:21:14.4792851Z Detected deliberate fault: ignore-reference-duplicates
2026-10-04T00:21:39.6908165Z Detected deliberate fault: typed-short-disable-required-positive-proof
2026-10-04T00:22:04.9328839Z Detected deliberate fault: typed-short-ignore-canonical-type-sign
2026-10-04T00:22:30.0110477Z Detected deliberate fault: typed-short-use-original-invoice-number-as-credit-note-number
2026-10-04T00:22:54.4428089Z Detected deliberate fault: f03-promote-related-invoice-discriminator
2026-10-04T00:23:19.3505495Z Detected deliberate fault: f03-silent-unmatched-unverified-identity
2026-10-04T00:23:44.5877607Z Detected deliberate fault: p5-bypass-canonical-explanation-check
2026-10-04T00:24:09.7670517Z Detected deliberate fault: p5-disable-utf8-evidence-budget
2026-10-04T00:24:34.6099591Z Detected deliberate fault: corrupt-exported-amount
2026-10-04T00:24:34.7370937Z {
2026-10-04T00:24:34.7371433Z   "baselinePassed": true,
2026-10-04T00:24:34.7371766Z   "detected": 43,
2026-10-04T00:24:34.7372110Z   "total": 43,
2026-10-04T00:24:34.7372355Z   "available": 129,
2026-10-04T00:24:34.7372632Z   "shard": {
2026-10-04T00:24:34.7373017Z     "index": 3,
2026-10-04T00:24:34.7373778Z     "count": 3
2026-10-04T00:24:34.7374057Z   },
2026-10-04T00:24:34.7374342Z   "mutations": [
2026-10-04T00:24:34.7374649Z     {
2026-10-04T00:24:34.7375271Z       "mutation": "p6-source-accept-missing-currency-proof",
2026-10-04T00:24:34.7376102Z       "detected": true
2026-10-04T00:24:34.7376535Z     },
2026-10-04T00:24:34.7376965Z     {
2026-10-04T00:24:34.7377341Z       "mutation": "p6-source-false-balance-certification",
2026-10-04T00:24:34.7377709Z       "detected": true
2026-10-04T00:24:34.7378083Z     },
2026-10-04T00:24:34.7378362Z     {
2026-10-04T00:24:34.7378864Z       "mutation": "p6-table-ignore-known-unassigned-crops",
2026-10-04T00:24:34.7379397Z       "detected": true
2026-10-04T00:24:34.7379727Z     },
2026-10-04T00:24:34.7380046Z     {
2026-10-04T00:24:34.7380472Z       "mutation": "p6-retain-manual-region-review-after-edit",
2026-10-04T00:24:34.7381031Z       "detected": true
2026-10-04T00:24:34.7381343Z     },
2026-10-04T00:24:34.7381673Z     {
2026-10-04T00:24:34.7382178Z       "mutation": "p6-accept-outside-image-manual-region",
2026-10-04T00:24:34.7382679Z       "detected": true
2026-10-04T00:24:34.7383035Z     },
2026-10-04T00:24:34.7383343Z     {
2026-10-04T00:24:34.7383813Z       "mutation": "p6-retain-reviewed-status-after-value-edit",
2026-10-04T00:24:34.7384301Z       "detected": true
2026-10-04T00:24:34.7384678Z     },
2026-10-04T00:24:34.7384951Z     {
2026-10-04T00:24:34.7385777Z       "mutation": "f02-discard-excluded-movement-membership",
2026-10-04T00:24:34.7386244Z       "detected": true
2026-10-04T00:24:34.7386481Z     },
2026-10-04T00:24:34.7386733Z     {
2026-10-04T00:24:34.7387106Z       "mutation": "partial-drop-reading-issue-details-from-export",
2026-10-04T00:24:34.7387474Z       "detected": true
2026-10-04T00:24:34.7387763Z     },
2026-10-04T00:24:34.7388037Z     {
2026-10-04T00:24:34.7388550Z       "mutation": "partial-ignore-isolated-error-membership",
2026-10-04T00:24:34.7388932Z       "detected": true
2026-10-04T00:24:34.7389152Z     },
2026-10-04T00:24:34.7389403Z     {
2026-10-04T00:24:34.7389663Z       "mutation": "p4-silently-stop-after-twenty-pages",
2026-10-04T00:24:34.7389974Z       "detected": true
2026-10-04T00:24:34.7390207Z     },
2026-10-04T00:24:34.7390404Z     {
2026-10-04T00:24:34.7390780Z       "mutation": "p2-waive-voucher-conflicts-without-a-certified-document-partition",
2026-10-04T00:24:34.7391175Z       "detected": true
2026-10-04T00:24:34.7391392Z     },
2026-10-04T00:24:34.7391582Z     {
2026-10-04T00:24:34.7391928Z       "mutation": "p2-let-an-exact-payment-consume-a-group-member-first",
2026-10-04T00:24:34.7392271Z       "detected": true
2026-10-04T00:24:34.7392479Z     },
2026-10-04T00:24:34.7392708Z     {
2026-10-04T00:24:34.7392944Z       "mutation": "p2-ignore-whole-group-date-span",
2026-10-04T00:24:34.7393242Z       "detected": true
2026-10-04T00:24:34.7393475Z     },
2026-10-04T00:24:34.7393704Z     {
2026-10-04T00:24:34.7394007Z       "mutation": "p1-accept-formula-or-spreadsheet-error-reference-text",
2026-10-04T00:24:34.7394457Z       "detected": true
2026-10-04T00:24:34.7394925Z     },
2026-10-04T00:24:34.7395760Z     {
2026-10-04T00:24:34.7396202Z       "mutation": "p1-disable-document-pair-resolution",
2026-10-04T00:24:34.7396506Z       "detected": true
2026-10-04T00:24:34.7396733Z     },
2026-10-04T00:24:34.7396982Z     {
2026-10-04T00:24:34.7397250Z       "mutation": "p1-ignore-unsafe-discriminator-competitors",
2026-10-04T00:24:34.7397573Z       "detected": true
2026-10-04T00:24:34.7397812Z     },
2026-10-04T00:24:34.7398033Z     {
2026-10-04T00:24:34.7398300Z       "mutation": "p1-restore-a-rejected-document-pair",
2026-10-04T00:24:34.7398613Z       "detected": true
2026-10-04T00:24:34.7398832Z     },
2026-10-04T00:24:34.7399020Z     {
2026-10-04T00:24:34.7399484Z       "mutation": "047-reuse-format-choice-across-context",
2026-10-04T00:24:34.7399854Z       "detected": true
2026-10-04T00:24:34.7400112Z     },
2026-10-04T00:24:34.7400353Z     {
2026-10-04T00:24:34.7400738Z       "mutation": "hard-t01-read-any-label-ending-in-invoice",
2026-10-04T00:24:34.7401177Z       "detected": true
2026-10-04T00:24:34.7401433Z     },
2026-10-04T00:24:34.7401781Z     {
2026-10-04T00:24:34.7402159Z       "mutation": "v11-let-stripes-hide-text",
2026-10-04T00:24:34.7402725Z       "detected": true
2026-10-04T00:24:34.7403054Z     },
2026-10-04T00:24:34.7403255Z     {
2026-10-04T00:24:34.7403532Z       "mutation": "hard-s01-drop-a-source-without-a-role",
2026-10-04T00:24:34.7403861Z       "detected": true
2026-10-04T00:24:34.7404080Z     },
2026-10-04T00:24:34.7404285Z     {
2026-10-04T00:24:34.7404598Z       "mutation": "v11-take-a-document-number-equal-to-the-order-as-proof",
2026-10-04T00:24:34.7405166Z       "detected": true
2026-10-04T00:24:34.7405409Z     },
2026-10-04T00:24:34.7405599Z     {
2026-10-04T00:24:34.7405954Z       "mutation": "v11-let-a-document-number-outvote-the-chosen-references",
2026-10-04T00:24:34.7406275Z       "detected": true
2026-10-04T00:24:34.7406507Z     },
2026-10-04T00:24:34.7406743Z     {
2026-10-04T00:24:34.7407049Z       "mutation": "v11-leave-blocked-exact-pairs-as-unrelated-rows",
2026-10-04T00:24:34.7407364Z       "detected": true
2026-10-04T00:24:34.7407606Z     },
2026-10-04T00:24:34.7407804Z     {
2026-10-04T00:24:34.7408078Z       "mutation": "045-ignore-declared-aging-report",
2026-10-04T00:24:34.7408394Z       "detected": true
2026-10-04T00:24:34.7408646Z     },
2026-10-04T00:24:34.7408841Z     {
2026-10-04T00:24:34.7409187Z       "mutation": "045-concatenate-conflicting-xlsx-cell-payloads",
2026-10-04T00:24:34.7409483Z       "detected": true
2026-10-04T00:24:34.7409714Z     },
2026-10-04T00:24:34.7409906Z     {
2026-10-04T00:24:34.7410235Z       "mutation": "reuse-an-ai-column-proposal-after-settings-change",
2026-10-04T00:24:34.7410567Z       "detected": true
2026-10-04T00:24:34.7410799Z     },
2026-10-04T00:24:34.7411058Z     {
2026-10-04T00:24:34.7411356Z       "mutation": "skip-an-earlier-table-for-a-richer-later-header",
2026-10-04T00:24:34.7411679Z       "detected": true
2026-10-04T00:24:34.7411937Z     },
2026-10-04T00:24:34.7412138Z     {
2026-10-04T00:24:34.7412416Z       "mutation": "ignore-xlsx-overwritten-cell-addresses",
2026-10-04T00:24:34.7412718Z       "detected": true
2026-10-04T00:24:34.7412973Z     },
2026-10-04T00:24:34.7413166Z     {
2026-10-04T00:24:34.7413496Z       "mutation": "reject-supported-multisheet-workpapers",
2026-10-04T00:24:34.7413805Z       "detected": true
2026-10-04T00:24:34.7413999Z     },
2026-10-04T00:24:34.7414255Z     {
2026-10-04T00:24:34.7414557Z       "mutation": "count-total-rows-as-transactions",
2026-10-04T00:24:34.7414850Z       "detected": true
2026-10-04T00:24:34.7416335Z     },
2026-10-04T00:24:34.7416622Z     {
2026-10-04T00:24:34.7416993Z       "mutation": "automatically-match-with-unread-potential-duplicates",
2026-10-04T00:24:34.7417326Z       "detected": true
2026-10-04T00:24:34.7417575Z     },
2026-10-04T00:24:34.7417764Z     {
2026-10-04T00:24:34.7418026Z       "mutation": "prove-direction-from-a-single-movement",
2026-10-04T00:24:34.7418375Z       "detected": true
2026-10-04T00:24:34.7418703Z     },
2026-10-04T00:24:34.7418914Z     {
2026-10-04T00:24:34.7419174Z       "mutation": "reverse-source-sign",
2026-10-04T00:24:34.7419453Z       "detected": true
2026-10-04T00:24:34.7419668Z     },
2026-10-04T00:24:34.7419884Z     {
2026-10-04T00:24:34.7420139Z       "mutation": "ignore-reference-duplicates",
2026-10-04T00:24:34.7420427Z       "detected": true
2026-10-04T00:24:34.7420647Z     },
2026-10-04T00:24:34.7420865Z     {
2026-10-04T00:24:34.7421145Z       "mutation": "typed-short-disable-required-positive-proof",
2026-10-04T00:24:34.7421460Z       "detected": true
2026-10-04T00:24:34.7421699Z     },
2026-10-04T00:24:34.7421904Z     {
2026-10-04T00:24:34.7422167Z       "mutation": "typed-short-ignore-canonical-type-sign",
2026-10-04T00:24:34.7422494Z       "detected": true
2026-10-04T00:24:34.7422701Z     },
2026-10-04T00:24:34.7422893Z     {
2026-10-04T00:24:34.7423279Z       "mutation": "typed-short-use-original-invoice-number-as-credit-note-number",
2026-10-04T00:24:34.7423642Z       "detected": true
2026-10-04T00:24:34.7423943Z     },
2026-10-04T00:24:34.7424174Z     {
2026-10-04T00:24:34.7424441Z       "mutation": "f03-promote-related-invoice-discriminator",
2026-10-04T00:24:34.7424816Z       "detected": true
2026-10-04T00:24:34.7425185Z     },
2026-10-04T00:24:34.7425397Z     {
2026-10-04T00:24:34.7425674Z       "mutation": "f03-silent-unmatched-unverified-identity",
2026-10-04T00:24:34.7425987Z       "detected": true
2026-10-04T00:24:34.7426184Z     },
2026-10-04T00:24:34.7426352Z     {
2026-10-04T00:24:34.7426638Z       "mutation": "p5-bypass-canonical-explanation-check",
2026-10-04T00:24:34.7426935Z       "detected": true
2026-10-04T00:24:34.7427142Z     },
2026-10-04T00:24:34.7427313Z     {
2026-10-04T00:24:34.7427567Z       "mutation": "p5-disable-utf8-evidence-budget",
2026-10-04T00:24:34.7427855Z       "detected": true
2026-10-04T00:24:34.7428051Z     },
2026-10-04T00:24:34.7428268Z     {
2026-10-04T00:24:34.7428495Z       "mutation": "corrupt-exported-amount",
2026-10-04T00:24:34.7428752Z       "detected": true
2026-10-04T00:24:34.7429004Z     }
2026-10-04T00:24:34.7429185Z   ]
2026-10-04T00:24:34.7429400Z }
2026-10-04T00:24:34.7558768Z Post job cleanup.
2026-10-04T00:24:34.8452524Z (node:26250) [DEP0040] DeprecationWarning: The `punycode` module is deprecated. Please use a userland alternative instead.
2026-10-04T00:24:34.8453192Z (Use `node --trace-deprecation ...` to show where the warning was created)
2026-10-04T00:24:34.8455448Z Cache hit occurred on the primary key node-cache-Linux-x64-pnpm-970ff90c8c5b62d936b78a56179f81cdf02982feb14381f8bba791078d20d9fe, not saving cache.
2026-10-04T00:24:34.8532842Z Post job cleanup.
2026-10-04T00:24:34.9524670Z Pruning is unnecessary.
2026-10-04T00:24:34.9659052Z Post job cleanup.
2026-10-04T00:24:35.0331375Z [command]/usr/bin/git version
2026-10-04T00:24:35.0358541Z git version 2.55.0
2026-10-04T00:24:35.0382850Z Temporarily overriding HOME='/home/runner/work/_temp/9265ec61-9a66-48d9-9caa-6396ecec8673' before making global git config changes
2026-10-04T00:24:35.0383866Z Adding repository directory to the temporary git global config as a safe directory
2026-10-04T00:24:35.0387043Z [command]/usr/bin/git config --global --add safe.directory /home/runner/work/accounting/accounting
2026-10-04T00:24:35.0413265Z [command]/usr/bin/git config --local --name-only --get-regexp core\.sshCommand
2026-10-04T00:24:35.0437135Z [command]/usr/bin/git submodule foreach --recursive sh -c "git config --local --name-only --get-regexp 'core\.sshCommand' && git config --local --unset-all 'core.sshCommand' || :"
2026-10-04T00:24:35.0609321Z [command]/usr/bin/git config --local --name-only --get-regexp http\.https\:\/\/github\.com\/\.extraheader
2026-10-04T00:24:35.0630592Z http.https://github.com/.extraheader
2026-10-04T00:24:35.0637983Z [command]/usr/bin/git config --local --unset-all http.https://github.com/.extraheader
2026-10-04T00:24:35.0668513Z [command]/usr/bin/git submodule foreach --recursive sh -c "git config --local --name-only --get-regexp 'http\.https\:\/\/github\.com\/\.extraheader' && git config --local --unset-all 'http.https://github.com/.extraheader' || :"
2026-10-04T00:24:35.0866984Z [command]/usr/bin/git config --local --name-only --get-regexp ^includeIf\.gitdir:
2026-10-04T00:24:35.0888473Z [command]/usr/bin/git submodule foreach --recursive git config --local --show-origin --name-only --get-regexp remote.origin.url
2026-10-04T00:24:35.1178265Z Cleaning up orphan processes
2026-10-04T00:24:35.1395973Z ##[warning]Node.js 20 is deprecated. The following actions target Node.js 20 but are being forced to run on Node.js 24: actions/checkout@11d5960a326750d5838078e36cf38b85af677262, actions/setup-node@49933ea5288caeca8642d1e84afbd3f7d6820020, pnpm/action-setup@b906affcce14559ad1aafd4ab0e942779e9f58b1. For more information see: https://github.blog/changelog/2025-09-19-deprecation-of-node-20-on-github-actions-runners/

