2026-10-04T00:51:20.5922092Z Current runner version: '2.337.0'
2026-10-04T00:51:20.5947151Z ##[group]Runner Image Provisioner
2026-10-04T00:51:20.5948248Z Hosted Compute Agent
2026-10-04T00:51:20.5949088Z Version: 20260901.588
2026-10-04T00:51:20.5949975Z Commit: f88ec8081b781fac6c440065ac7ff9e710ce3d0b
2026-10-04T00:51:20.5951201Z Build Date: 2026-09-01T19:56:44Z
2026-10-04T00:51:20.5952116Z Worker ID: {b74003cd-2673-45c2-b778-b685678e324c}
2026-10-04T00:51:20.5953006Z Azure Region: westus
2026-10-04T00:51:20.5953792Z ##[endgroup]
2026-10-04T00:51:20.5955639Z ##[group]Operating System
2026-10-04T00:51:20.5956442Z Ubuntu
2026-10-04T00:51:20.5957242Z 24.04.5
2026-10-04T00:51:20.5957933Z LTS
2026-10-04T00:51:20.5958640Z ##[endgroup]
2026-10-04T00:51:20.5959451Z ##[group]Runner Image
2026-10-04T00:51:20.5960193Z Image: ubuntu-24.04
2026-10-04T00:51:20.5961413Z Version: 20260927.320.1
2026-10-04T00:51:20.5962865Z Included Software: https://github.com/actions/runner-images/blob/ubuntu24/20260927.320/images/ubuntu/Ubuntu2404-Readme.md
2026-10-04T00:51:20.5964708Z Image Release: https://github.com/actions/runner-images/releases/tag/ubuntu24%2F20260927.320
2026-10-04T00:51:20.5966301Z ##[endgroup]
2026-10-04T00:51:20.5967653Z ##[group]GITHUB_TOKEN Permissions
2026-10-04T00:51:20.5969989Z Contents: read
2026-10-04T00:51:20.5971024Z Metadata: read
2026-10-04T00:51:20.5971959Z ##[endgroup]
2026-10-04T00:51:20.5974644Z Secret source: Actions
2026-10-04T00:51:20.5975774Z Cache mode: write
2026-10-04T00:51:20.5976766Z Prepare workflow directory
2026-10-04T00:51:20.6327986Z Prepare all required actions
2026-10-04T00:51:20.6401676Z Getting action download info
2026-10-04T00:51:20.9901591Z Download action repository 'actions/checkout@11d5960a326750d5838078e36cf38b85af677262' (SHA:11d5960a326750d5838078e36cf38b85af677262)
2026-10-04T00:51:21.0964458Z Download action repository 'pnpm/action-setup@b906affcce14559ad1aafd4ab0e942779e9f58b1' (SHA:b906affcce14559ad1aafd4ab0e942779e9f58b1)
2026-10-04T00:51:21.5489813Z Download action repository 'actions/setup-node@49933ea5288caeca8642d1e84afbd3f7d6820020' (SHA:49933ea5288caeca8642d1e84afbd3f7d6820020)
2026-10-04T00:51:21.7421721Z Complete job name: Accounting mutation gate (1/6)
2026-10-04T00:51:21.8227333Z ##[group]Run actions/checkout@11d5960a326750d5838078e36cf38b85af677262
2026-10-04T00:51:21.8228488Z with:
2026-10-04T00:51:21.8229018Z   repository: mjodshamrani-ux/accounting
2026-10-04T00:51:21.8233617Z   token: ***
2026-10-04T00:51:21.8234110Z   ssh-strict: true
2026-10-04T00:51:21.8234597Z   ssh-user: git
2026-10-04T00:51:21.8235091Z   persist-credentials: true
2026-10-04T00:51:21.8235681Z   clean: true
2026-10-04T00:51:21.8236174Z   sparse-checkout-cone-mode: true
2026-10-04T00:51:21.8236751Z   fetch-depth: 1
2026-10-04T00:51:21.8237228Z   fetch-tags: false
2026-10-04T00:51:21.8237718Z   show-progress: true
2026-10-04T00:51:21.8238201Z   lfs: false
2026-10-04T00:51:21.8238663Z   submodules: false
2026-10-04T00:51:21.8239152Z   set-safe-directory: true
2026-10-04T00:51:21.8239699Z   allow-unsafe-pr-checkout: false
2026-10-04T00:51:21.8240773Z ##[endgroup]
2026-10-04T00:51:21.9238889Z Syncing repository: mjodshamrani-ux/accounting
2026-10-04T00:51:21.9241459Z ##[group]Getting Git version info
2026-10-04T00:51:21.9242861Z Working directory is '/home/runner/work/accounting/accounting'
2026-10-04T00:51:21.9244857Z [command]/usr/bin/git version
2026-10-04T00:51:21.9363573Z git version 2.55.0
2026-10-04T00:51:21.9388766Z ##[endgroup]
2026-10-04T00:51:21.9404250Z Temporarily overriding HOME='/home/runner/work/_temp/facf567e-3134-419f-8f9a-524be9b0e5b2' before making global git config changes
2026-10-04T00:51:21.9410741Z Adding repository directory to the temporary git global config as a safe directory
2026-10-04T00:51:21.9412857Z [command]/usr/bin/git config --global --add safe.directory /home/runner/work/accounting/accounting
2026-10-04T00:51:21.9469207Z Deleting the contents of '/home/runner/work/accounting/accounting'
2026-10-04T00:51:21.9478854Z ##[group]Initializing the repository
2026-10-04T00:51:21.9489965Z [command]/usr/bin/git init /home/runner/work/accounting/accounting
2026-10-04T00:51:21.9603323Z hint: Using 'master' as the name for the initial branch. This default branch name
2026-10-04T00:51:21.9605178Z hint: will change to "main" in Git 3.0. To configure the initial branch name
2026-10-04T00:51:21.9606952Z hint: to use in all of your new repositories, which will suppress this warning,
2026-10-04T00:51:21.9608295Z hint: call:
2026-10-04T00:51:21.9609235Z hint:
2026-10-04T00:51:21.9610219Z hint: 	git config --global init.defaultBranch <name>
2026-10-04T00:51:21.9611650Z hint:
2026-10-04T00:51:21.9618627Z hint: Names commonly chosen instead of 'master' are 'main', 'trunk' and
2026-10-04T00:51:21.9622037Z hint: 'development'. The just-created branch can be renamed via this command:
2026-10-04T00:51:21.9623522Z hint:
2026-10-04T00:51:21.9624701Z hint: 	git branch -m <name>
2026-10-04T00:51:21.9625621Z hint:
2026-10-04T00:51:21.9626423Z hint: Disable this message with "git config set advice.defaultBranchName false"
2026-10-04T00:51:21.9628076Z Initialized empty Git repository in /home/runner/work/accounting/accounting/.git/
2026-10-04T00:51:21.9631483Z [command]/usr/bin/git remote add origin https://github.com/mjodshamrani-ux/accounting
2026-10-04T00:51:21.9673743Z ##[endgroup]
2026-10-04T00:51:21.9675132Z ##[group]Disabling automatic garbage collection
2026-10-04T00:51:21.9677184Z [command]/usr/bin/git config --local gc.auto 0
2026-10-04T00:51:21.9712098Z ##[endgroup]
2026-10-04T00:51:21.9714244Z ##[group]Setting up auth
2026-10-04T00:51:21.9719603Z [command]/usr/bin/git config --local --name-only --get-regexp core\.sshCommand
2026-10-04T00:51:21.9759243Z [command]/usr/bin/git submodule foreach --recursive sh -c "git config --local --name-only --get-regexp 'core\.sshCommand' && git config --local --unset-all 'core.sshCommand' || :"
2026-10-04T00:51:22.0158996Z [command]/usr/bin/git config --local --name-only --get-regexp http\.https\:\/\/github\.com\/\.extraheader
2026-10-04T00:51:22.0200774Z [command]/usr/bin/git submodule foreach --recursive sh -c "git config --local --name-only --get-regexp 'http\.https\:\/\/github\.com\/\.extraheader' && git config --local --unset-all 'http.https://github.com/.extraheader' || :"
2026-10-04T00:51:22.0424767Z [command]/usr/bin/git config --local --name-only --get-regexp ^includeIf\.gitdir:
2026-10-04T00:51:22.0461077Z [command]/usr/bin/git submodule foreach --recursive git config --local --show-origin --name-only --get-regexp remote.origin.url
2026-10-04T00:51:22.0685783Z [command]/usr/bin/git config --local http.https://github.com/.extraheader AUTHORIZATION: basic ***
2026-10-04T00:51:22.0726487Z ##[endgroup]
2026-10-04T00:51:22.0736197Z ##[group]Fetching the repository
2026-10-04T00:51:22.0737883Z [command]/usr/bin/git -c protocol.version=2 fetch --no-tags --prune --no-recurse-submodules --depth=1 origin +dafde6dec43ba33f47519b63eb74673fbd63a0c1:refs/remotes/origin/main
2026-10-04T00:51:24.1450025Z From https://github.com/mjodshamrani-ux/accounting
2026-10-04T00:51:24.1451348Z  * [new ref]         dafde6dec43ba33f47519b63eb74673fbd63a0c1 -> origin/main
2026-10-04T00:51:24.1454709Z ##[endgroup]
2026-10-04T00:51:24.1455333Z ##[group]Determining the checkout info
2026-10-04T00:51:24.1457491Z ##[endgroup]
2026-10-04T00:51:24.1464535Z [command]/usr/bin/git sparse-checkout disable
2026-10-04T00:51:24.1519372Z [command]/usr/bin/git config --local --unset-all extensions.worktreeConfig
2026-10-04T00:51:24.1558208Z ##[group]Checking out the ref
2026-10-04T00:51:24.1558818Z [command]/usr/bin/git checkout --progress --force -B main refs/remotes/origin/main
2026-10-04T00:51:24.5427387Z Switched to a new branch 'main'
2026-10-04T00:51:24.5431234Z branch 'main' set up to track 'origin/main'.
2026-10-04T00:51:24.5465612Z ##[endgroup]
2026-10-04T00:51:24.5518325Z [command]/usr/bin/git log -1 --format=%H
2026-10-04T00:51:24.5545797Z dafde6dec43ba33f47519b63eb74673fbd63a0c1
2026-10-04T00:51:24.5804973Z ##[group]Run pnpm/action-setup@b906affcce14559ad1aafd4ab0e942779e9f58b1
2026-10-04T00:51:24.5805418Z with:
2026-10-04T00:51:24.5805863Z   version: 11.19.0
2026-10-04T00:51:24.5806071Z   dest: ~/setup-pnpm
2026-10-04T00:51:24.5806294Z   run_install: null
2026-10-04T00:51:24.5806501Z   cache: false
2026-10-04T00:51:24.5806724Z   cache_dependency_path: pnpm-lock.yaml
2026-10-04T00:51:24.5807033Z   package_json_file: package.json
2026-10-04T00:51:24.5807282Z   standalone: false
2026-10-04T00:51:24.5807486Z ##[endgroup]
2026-10-04T00:51:24.7262092Z ##[group]Running self-installer...
2026-10-04T00:51:25.1540802Z (node:2296) [DEP0169] DeprecationWarning: `url.parse()` behavior is not standardized and prone to errors that have security implications. Use the WHATWG URL API instead. CVEs are not issued for `url.parse()` vulnerabilities.
2026-10-04T00:51:25.1542739Z (Use `node --trace-deprecation ...` to show where the warning was created)
2026-10-04T00:51:25.2891580Z Progress: resolved 1, reused 0, downloaded 0, added 0
2026-10-04T00:51:25.2994702Z Packages: +1
2026-10-04T00:51:25.2995199Z +
2026-10-04T00:51:25.7451050Z Progress: resolved 1, reused 0, downloaded 1, added 1, done
2026-10-04T00:51:25.7765716Z 
2026-10-04T00:51:25.7766194Z dependencies:
2026-10-04T00:51:25.7766703Z + pnpm 11.19.0 (12.9.1 is available)
2026-10-04T00:51:25.7767086Z 
2026-10-04T00:51:25.7795800Z Done in 860ms
2026-10-04T00:51:25.8858193Z ##[endgroup]
2026-10-04T00:51:25.8858492Z Installation Completed!
2026-10-04T00:51:25.9045058Z ##[group]Run actions/setup-node@49933ea5288caeca8642d1e84afbd3f7d6820020
2026-10-04T00:51:25.9045478Z with:
2026-10-04T00:51:25.9045679Z   node-version: 24
2026-10-04T00:51:25.9045887Z   cache: pnpm
2026-10-04T00:51:25.9046082Z   always-auth: false
2026-10-04T00:51:25.9046298Z   check-latest: false
2026-10-04T00:51:25.9048991Z   token: ***
2026-10-04T00:51:25.9049194Z env:
2026-10-04T00:51:25.9049455Z   PNPM_HOME: /home/runner/setup-pnpm/node_modules/.bin
2026-10-04T00:51:25.9049769Z ##[endgroup]
2026-10-04T00:51:26.0488178Z Found in cache @ /opt/hostedtoolcache/node/24.21.0/x64
2026-10-04T00:51:26.0492720Z (node:2310) [DEP0040] DeprecationWarning: The `punycode` module is deprecated. Please use a userland alternative instead.
2026-10-04T00:51:26.0493726Z (Use `node --trace-deprecation ...` to show where the warning was created)
2026-10-04T00:51:26.0496242Z ##[group]Environment details
2026-10-04T00:51:26.4511390Z node: v24.21.0
2026-10-04T00:51:26.4511842Z npm: 11.19.0
2026-10-04T00:51:26.4512451Z yarn: 1.22.22
2026-10-04T00:51:26.4513872Z ##[endgroup]
2026-10-04T00:51:26.4556577Z [command]/home/runner/setup-pnpm/node_modules/.bin/pnpm store path --silent
2026-10-04T00:51:27.0873766Z /home/runner/setup-pnpm/node_modules/.bin/store/v11
2026-10-04T00:51:27.3492735Z Cache hit for: node-cache-Linux-x64-pnpm-970ff90c8c5b62d936b78a56179f81cdf02982feb14381f8bba791078d20d9fe
2026-10-04T00:51:27.3607687Z (node:2310) [DEP0169] DeprecationWarning: `url.parse()` behavior is not standardized and prone to errors that have security implications. Use the WHATWG URL API instead. CVEs are not issued for `url.parse()` vulnerabilities.
2026-10-04T00:51:28.6563402Z Received 4194304 of 118816928 (3.5%), 4.0 MBs/sec
2026-10-04T00:51:29.6879328Z Received 118816928 of 118816928 (100.0%), 55.8 MBs/sec
2026-10-04T00:51:29.6881561Z Cache Size: ~113 MB (118816928 B)
2026-10-04T00:51:29.6945640Z [command]/usr/bin/tar -xf /home/runner/work/_temp/f4be867a-398b-40db-b970-aeb51b9fc3c2/cache.tzst -P -C /home/runner/work/accounting/accounting --use-compress-program unzstd
2026-10-04T00:51:31.0895999Z Cache restored successfully
2026-10-04T00:51:31.0955421Z Cache restored from key: node-cache-Linux-x64-pnpm-970ff90c8c5b62d936b78a56179f81cdf02982feb14381f8bba791078d20d9fe
2026-10-04T00:51:31.1126241Z ##[group]Run pnpm install --frozen-lockfile
2026-10-04T00:51:31.1126690Z [36;1mpnpm install --frozen-lockfile[0m
2026-10-04T00:51:31.1395479Z shell: /usr/bin/bash -e {0}
2026-10-04T00:51:31.1395845Z env:
2026-10-04T00:51:31.1396208Z   PNPM_HOME: /home/runner/setup-pnpm/node_modules/.bin
2026-10-04T00:51:31.1396663Z ##[endgroup]
2026-10-04T00:51:31.6903338Z ? Verifying lockfile against supply-chain policies (367 entries)...
2026-10-04T00:51:31.6998114Z Lockfile is up to date, resolution step is skipped
2026-10-04T00:51:31.8406747Z Progress: resolved 1, reused 0, downloaded 0, added 0
2026-10-04T00:51:31.9081759Z Packages: +249
2026-10-04T00:51:31.9111571Z ++++++++++++++++++++++++++++++++++++++++++++++++++++++++++++++++++++++++++++++++
2026-10-04T00:51:32.7476036Z Packages are hard linked from the content-addressable store to the virtual store.
2026-10-04T00:51:32.7493324Z   Content-addressable store is at: /home/runner/setup-pnpm/node_modules/.bin/store/v11
2026-10-04T00:51:32.7495149Z   Virtual store is at:             node_modules/.pnpm
2026-10-04T00:51:32.8462876Z Progress: resolved 249, reused 249, downloaded 0, added 9
2026-10-04T00:51:33.4542217Z Progress: resolved 249, reused 249, downloaded 0, added 249, done
2026-10-04T00:51:34.3882416Z ✓ Lockfile passes supply-chain policies (367 entries in 2.6s)
2026-10-04T00:51:34.4516669Z 
2026-10-04T00:51:34.4517220Z dependencies:
2026-10-04T00:51:34.4517643Z + @base-ui/react 1.7.0
2026-10-04T00:51:34.4518223Z + @shadcn/react 0.3.0
2026-10-04T00:51:34.4518575Z + @tesseract.js-data/ara 1.0.0
2026-10-04T00:51:34.4518948Z + @tesseract.js-data/eng 1.0.0
2026-10-04T00:51:34.4519338Z + class-variance-authority 0.7.1
2026-10-04T00:51:34.4519668Z + clsx 2.1.1
2026-10-04T00:51:34.4519919Z + cmdk 1.1.1
2026-10-04T00:51:34.4520163Z + date-fns 4.1.0
2026-10-04T00:51:34.4520816Z + embla-carousel-react 8.5.2
2026-10-04T00:51:34.4521312Z + exceljs 4.4.0
2026-10-04T00:51:34.4521730Z + input-otp 1.4.2
2026-10-04T00:51:34.4522124Z + jszip 3.10.1
2026-10-04T00:51:34.4522552Z + lucide-react 1.31.0
2026-10-04T00:51:34.4522973Z + react 19.2.6
2026-10-04T00:51:34.4523481Z + react-day-picker 9.8.1
2026-10-04T00:51:34.4523960Z + react-dom 19.2.6
2026-10-04T00:51:34.4524470Z + react-resizable-panels 4.5.8
2026-10-04T00:51:34.4524965Z + recharts 3.8.0
2026-10-04T00:51:34.4525382Z + saxes 5.0.1
2026-10-04T00:51:34.4525801Z + tailwind-merge 3.6.0
2026-10-04T00:51:34.4526327Z + tesseract.js 7.0.0
2026-10-04T00:51:34.4526772Z + tw-animate-css 1.4.0
2026-10-04T00:51:34.4527180Z + unpdf 1.8.1
2026-10-04T00:51:34.4527407Z 
2026-10-04T00:51:34.4527622Z devDependencies:
2026-10-04T00:51:34.4528072Z + @tailwindcss/postcss 4.2.1
2026-10-04T00:51:34.4528551Z + @types/node 22.19.19
2026-10-04T00:51:34.4528853Z + @types/react 19.2.14
2026-10-04T00:51:34.4529142Z + @types/react-dom 19.2.3
2026-10-04T00:51:34.4529451Z + @vitejs/plugin-react 6.0.2
2026-10-04T00:51:34.4529758Z + oxfmt 0.61.0
2026-10-04T00:51:34.4529995Z + oxlint 1.76.0
2026-10-04T00:51:34.4530282Z + oxlint-tsgolint 7.0.2001
2026-10-04T00:51:34.4530872Z + playwright 1.62.1
2026-10-04T00:51:34.4531156Z + tailwindcss 4.2.1
2026-10-04T00:51:34.4531430Z + typescript 5.9.3
2026-10-04T00:51:34.4531745Z + vite 8.0.16
2026-10-04T00:51:34.4531964Z 
2026-10-04T00:51:34.4963876Z Done in 3.3s using pnpm v11.19.0
2026-10-04T00:51:34.5614949Z ##[group]Run pnpm test:mutations
2026-10-04T00:51:34.5615300Z [36;1mpnpm test:mutations[0m
2026-10-04T00:51:34.5678661Z shell: /usr/bin/bash -e {0}
2026-10-04T00:51:34.5678940Z env:
2026-10-04T00:51:34.5679210Z   PNPM_HOME: /home/runner/setup-pnpm/node_modules/.bin
2026-10-04T00:51:34.5679553Z   MUTATION_SHARD: 1/6
2026-10-04T00:51:34.5679777Z ##[endgroup]
2026-10-04T00:51:35.5882449Z Already up to date
2026-10-04T00:51:35.5891605Z Done in 487ms using pnpm v11.19.0
2026-10-04T00:51:35.6047645Z $ node scripts/test-mutations.mjs
2026-10-04T00:52:55.6647269Z Detected deliberate fault: p6-source-ignore-excluded-facts
2026-10-04T00:53:35.3696196Z Detected deliberate fault: p6-source-hide-damaged-cell
2026-10-04T00:54:15.1201290Z Detected deliberate fault: p6-table-launder-table-inventory-into-accounting
2026-10-04T00:54:55.0703371Z Detected deliberate fault: p6-trust-a-substituted-image-preview
2026-10-04T00:55:35.2497125Z Detected deliberate fault: f02-hide-compatible-currency-glyphs
2026-10-04T00:56:15.9618291Z Detected deliberate fault: partial-drop-displaced-literal-identities
2026-10-04T00:56:56.2484790Z Detected deliberate fault: p2-drop-primary-only-competing-members
2026-10-04T00:57:35.8779511Z Detected deliberate fault: p2-ignore-group-member-rejection
2026-10-04T00:58:15.5472096Z Detected deliberate fault: p1-choose-first-repeated-discriminator
2026-10-04T00:58:55.5095652Z Detected deliberate fault: 047-ambiguity-guard-throws-unrelated-error
2026-10-04T00:59:35.4956177Z Detected deliberate fault: v11-refuse-black-text-grazed-by-a-table-rule
2026-10-04T01:00:15.2376785Z Detected deliberate fault: hard-r01-let-a-voucher-hide-a-po-only-identity
2026-10-04T01:00:55.0092297Z Detected deliberate fault: v11-read-only-bare-labels-in-descriptions
2026-10-04T01:01:34.7007774Z Detected deliberate fault: 045-allow-a-second-sheetdata-to-drop-earlier-rows
2026-10-04T01:02:14.7358348Z Detected deliberate fault: allow-ai-proposals-outside-the-evidence-window
2026-10-04T01:02:53.9549651Z Detected deliberate fault: ignore-pdf-overlap-between-separate-baselines
2026-10-04T01:03:33.4705964Z Detected deliberate fault: accept-a-timestamp-as-a-read-issue
2026-10-04T01:04:13.1259453Z Detected deliberate fault: ignore-contradictory-closing-footer-in-direction-proof
2026-10-04T01:04:52.8339055Z Detected deliberate fault: promote-ai-hypothesis
2026-10-04T01:05:32.4285866Z Detected deliberate fault: typed-short-ignore-selected-reference-conflict
2026-10-04T01:06:12.2704669Z Detected deliberate fault: f03-drop-exported-related-invoice
2026-10-04T01:06:51.6741770Z Detected deliberate fault: p5-drop-native-cues-from-model-context
2026-10-04T01:06:51.7455603Z {
2026-10-04T01:06:51.7456078Z   "baselinePassed": true,
2026-10-04T01:06:51.7456522Z   "detected": 22,
2026-10-04T01:06:51.7456992Z   "total": 22,
2026-10-04T01:06:51.7457349Z   "available": 131,
2026-10-04T01:06:51.7457709Z   "shard": {
2026-10-04T01:06:51.7458022Z     "index": 1,
2026-10-04T01:06:51.7458426Z     "count": 6
2026-10-04T01:06:51.7458803Z   },
2026-10-04T01:06:51.7459153Z   "mutations": [
2026-10-04T01:06:51.7459510Z     {
2026-10-04T01:06:51.7460016Z       "mutation": "p6-source-ignore-excluded-facts",
2026-10-04T01:06:51.7461020Z       "detected": true
2026-10-04T01:06:51.7461364Z     },
2026-10-04T01:06:51.7461653Z     {
2026-10-04T01:06:51.7462167Z       "mutation": "p6-source-hide-damaged-cell",
2026-10-04T01:06:51.7462798Z       "detected": true
2026-10-04T01:06:51.7463151Z     },
2026-10-04T01:06:51.7463480Z     {
2026-10-04T01:06:51.7464097Z       "mutation": "p6-table-launder-table-inventory-into-accounting",
2026-10-04T01:06:51.7464804Z       "detected": true
2026-10-04T01:06:51.7465362Z     },
2026-10-04T01:06:51.7465715Z     {
2026-10-04T01:06:51.7466243Z       "mutation": "p6-trust-a-substituted-image-preview",
2026-10-04T01:06:51.7466832Z       "detected": true
2026-10-04T01:06:51.7467176Z     },
2026-10-04T01:06:51.7467514Z     {
2026-10-04T01:06:51.7467972Z       "mutation": "f02-hide-compatible-currency-glyphs",
2026-10-04T01:06:51.7469005Z       "detected": true
2026-10-04T01:06:51.7469434Z     },
2026-10-04T01:06:51.7469828Z     {
2026-10-04T01:06:51.7470619Z       "mutation": "partial-drop-displaced-literal-identities",
2026-10-04T01:06:51.7471327Z       "detected": true
2026-10-04T01:06:51.7471713Z     },
2026-10-04T01:06:51.7472011Z     {
2026-10-04T01:06:51.7472539Z       "mutation": "p2-drop-primary-only-competing-members",
2026-10-04T01:06:51.7473190Z       "detected": true
2026-10-04T01:06:51.7473565Z     },
2026-10-04T01:06:51.7473866Z     {
2026-10-04T01:06:51.7474360Z       "mutation": "p2-ignore-group-member-rejection",
2026-10-04T01:06:51.7474922Z       "detected": true
2026-10-04T01:06:51.7475310Z     },
2026-10-04T01:06:51.7475635Z     {
2026-10-04T01:06:51.7476145Z       "mutation": "p1-choose-first-repeated-discriminator",
2026-10-04T01:06:51.7476746Z       "detected": true
2026-10-04T01:06:51.7477114Z     },
2026-10-04T01:06:51.7477413Z     {
2026-10-04T01:06:51.7477966Z       "mutation": "047-ambiguity-guard-throws-unrelated-error",
2026-10-04T01:06:51.7478629Z       "detected": true
2026-10-04T01:06:51.7479009Z     },
2026-10-04T01:06:51.7479615Z     {
2026-10-04T01:06:51.7480176Z       "mutation": "v11-refuse-black-text-grazed-by-a-table-rule",
2026-10-04T01:06:51.7481391Z       "detected": true
2026-10-04T01:06:51.7481787Z     },
2026-10-04T01:06:51.7482085Z     {
2026-10-04T01:06:51.7482703Z       "mutation": "hard-r01-let-a-voucher-hide-a-po-only-identity",
2026-10-04T01:06:51.7483371Z       "detected": true
2026-10-04T01:06:51.7483753Z     },
2026-10-04T01:06:51.7484039Z     {
2026-10-04T01:06:51.7484610Z       "mutation": "v11-read-only-bare-labels-in-descriptions",
2026-10-04T01:06:51.7485226Z       "detected": true
2026-10-04T01:06:51.7485565Z     },
2026-10-04T01:06:51.7485892Z     {
2026-10-04T01:06:51.7486509Z       "mutation": "045-allow-a-second-sheetdata-to-drop-earlier-rows",
2026-10-04T01:06:51.7487328Z       "detected": true
2026-10-04T01:06:51.7487754Z     },
2026-10-04T01:06:51.7488048Z     {
2026-10-04T01:06:51.7488686Z       "mutation": "allow-ai-proposals-outside-the-evidence-window",
2026-10-04T01:06:51.7489378Z       "detected": true
2026-10-04T01:06:51.7489757Z     },
2026-10-04T01:06:51.7490073Z     {
2026-10-04T01:06:51.7490971Z       "mutation": "ignore-pdf-overlap-between-separate-baselines",
2026-10-04T01:06:51.7491668Z       "detected": true
2026-10-04T01:06:51.7492013Z     },
2026-10-04T01:06:51.7492344Z     {
2026-10-04T01:06:51.7492833Z       "mutation": "accept-a-timestamp-as-a-read-issue",
2026-10-04T01:06:51.7493398Z       "detected": true
2026-10-04T01:06:51.7493778Z     },
2026-10-04T01:06:51.7494074Z     {
2026-10-04T01:06:51.7494883Z       "mutation": "ignore-contradictory-closing-footer-in-direction-proof",
2026-10-04T01:06:51.7495678Z       "detected": true
2026-10-04T01:06:51.7496031Z     },
2026-10-04T01:06:51.7496354Z     {
2026-10-04T01:06:51.7496786Z       "mutation": "promote-ai-hypothesis",
2026-10-04T01:06:51.7497297Z       "detected": true
2026-10-04T01:06:51.7497656Z     },
2026-10-04T01:06:51.7497981Z     {
2026-10-04T01:06:51.7498612Z       "mutation": "typed-short-ignore-selected-reference-conflict",
2026-10-04T01:06:51.7499344Z       "detected": true
2026-10-04T01:06:51.7499695Z     },
2026-10-04T01:06:51.7499987Z     {
2026-10-04T01:06:51.7500657Z       "mutation": "f03-drop-exported-related-invoice",
2026-10-04T01:06:51.7501197Z       "detected": true
2026-10-04T01:06:51.7501581Z     },
2026-10-04T01:06:51.7501881Z     {
2026-10-04T01:06:51.7502463Z       "mutation": "p5-drop-native-cues-from-model-context",
2026-10-04T01:06:51.7503851Z       "detected": true
2026-10-04T01:06:51.7504168Z     }
2026-10-04T01:06:51.7504358Z   ]
2026-10-04T01:06:51.7504535Z }
2026-10-04T01:06:51.7745793Z Post job cleanup.
2026-10-04T01:06:51.9061080Z (node:15035) [DEP0040] DeprecationWarning: The `punycode` module is deprecated. Please use a userland alternative instead.
2026-10-04T01:06:51.9062432Z (Use `node --trace-deprecation ...` to show where the warning was created)
2026-10-04T01:06:51.9066106Z Cache hit occurred on the primary key node-cache-Linux-x64-pnpm-970ff90c8c5b62d936b78a56179f81cdf02982feb14381f8bba791078d20d9fe, not saving cache.
2026-10-04T01:06:51.9206886Z Post job cleanup.
2026-10-04T01:06:52.0726020Z Pruning is unnecessary.
2026-10-04T01:06:52.0905234Z Post job cleanup.
2026-10-04T01:06:52.2041447Z [command]/usr/bin/git version
2026-10-04T01:06:52.2131310Z git version 2.55.0
2026-10-04T01:06:52.2206129Z Temporarily overriding HOME='/home/runner/work/_temp/8e7fd92f-1c5f-462d-9000-bfdfe1652130' before making global git config changes
2026-10-04T01:06:52.2207930Z Adding repository directory to the temporary git global config as a safe directory
2026-10-04T01:06:52.2209481Z [command]/usr/bin/git config --global --add safe.directory /home/runner/work/accounting/accounting
2026-10-04T01:06:52.2342353Z [command]/usr/bin/git config --local --name-only --get-regexp core\.sshCommand
2026-10-04T01:06:52.2377362Z [command]/usr/bin/git submodule foreach --recursive sh -c "git config --local --name-only --get-regexp 'core\.sshCommand' && git config --local --unset-all 'core.sshCommand' || :"
2026-10-04T01:06:52.2773083Z [command]/usr/bin/git config --local --name-only --get-regexp http\.https\:\/\/github\.com\/\.extraheader
2026-10-04T01:06:52.2811546Z http.https://github.com/.extraheader
2026-10-04T01:06:52.2824819Z [command]/usr/bin/git config --local --unset-all http.https://github.com/.extraheader
2026-10-04T01:06:52.2868262Z [command]/usr/bin/git submodule foreach --recursive sh -c "git config --local --name-only --get-regexp 'http\.https\:\/\/github\.com\/\.extraheader' && git config --local --unset-all 'http.https://github.com/.extraheader' || :"
2026-10-04T01:06:52.3219808Z [command]/usr/bin/git config --local --name-only --get-regexp ^includeIf\.gitdir:
2026-10-04T01:06:52.3273135Z [command]/usr/bin/git submodule foreach --recursive git config --local --show-origin --name-only --get-regexp remote.origin.url
2026-10-04T01:06:52.3802386Z Cleaning up orphan processes
2026-10-04T01:06:52.4104595Z ##[warning]Node.js 20 is deprecated. The following actions target Node.js 20 but are being forced to run on Node.js 24: actions/checkout@11d5960a326750d5838078e36cf38b85af677262, actions/setup-node@49933ea5288caeca8642d1e84afbd3f7d6820020, pnpm/action-setup@b906affcce14559ad1aafd4ab0e942779e9f58b1. For more information see: https://github.blog/changelog/2025-09-19-deprecation-of-node-20-on-github-actions-runners/
