2026-10-04T01:06:59.0574096Z Current runner version: '2.337.0'
2026-10-04T01:06:59.0598902Z ##[group]Runner Image Provisioner
2026-10-04T01:06:59.0599791Z Hosted Compute Agent
2026-10-04T01:06:59.0600367Z Version: 20260901.588
2026-10-04T01:06:59.0601080Z Commit: f88ec8081b781fac6c440065ac7ff9e710ce3d0b
2026-10-04T01:06:59.0601823Z Build Date: 2026-09-01T19:56:44Z
2026-10-04T01:06:59.0602841Z Worker ID: {641e069e-43af-4da9-bacf-b8a152538305}
2026-10-04T01:06:59.0603615Z Azure Region: eastus
2026-10-04T01:06:59.0604185Z ##[endgroup]
2026-10-04T01:06:59.0605731Z ##[group]Operating System
2026-10-04T01:06:59.0606382Z Ubuntu
2026-10-04T01:06:59.0606881Z 24.04.5
2026-10-04T01:06:59.0607502Z LTS
2026-10-04T01:06:59.0608007Z ##[endgroup]
2026-10-04T01:06:59.0608602Z ##[group]Runner Image
2026-10-04T01:06:59.0609199Z Image: ubuntu-24.04
2026-10-04T01:06:59.0609834Z Version: 20260927.320.1
2026-10-04T01:06:59.0611085Z Included Software: https://github.com/actions/runner-images/blob/ubuntu24/20260927.320/images/ubuntu/Ubuntu2404-Readme.md
2026-10-04T01:06:59.0612907Z Image Release: https://github.com/actions/runner-images/releases/tag/ubuntu24%2F20260927.320
2026-10-04T01:06:59.0613890Z ##[endgroup]
2026-10-04T01:06:59.0615074Z ##[group]GITHUB_TOKEN Permissions
2026-10-04T01:06:59.0617019Z Metadata: read
2026-10-04T01:06:59.0617695Z Pages: write
2026-10-04T01:06:59.0618262Z ##[endgroup]
2026-10-04T01:06:59.0620313Z Secret source: Actions
2026-10-04T01:06:59.0621382Z Cache mode: write
2026-10-04T01:06:59.0622277Z Prepare workflow directory
2026-10-04T01:06:59.0951054Z Prepare all required actions
2026-10-04T01:06:59.0999371Z Getting action download info
2026-10-04T01:06:59.3243140Z Download action repository 'actions/deploy-pages@d6db90164ac5ed86f2b6aed7e0febac5b3c0c03e' (SHA:d6db90164ac5ed86f2b6aed7e0febac5b3c0c03e)
2026-10-04T01:06:59.6415947Z Complete job name: deploy
2026-10-04T01:06:59.7193156Z ##[group]Run actions/deploy-pages@d6db90164ac5ed86f2b6aed7e0febac5b3c0c03e
2026-10-04T01:06:59.7194364Z with:
2026-10-04T01:06:59.7198142Z   token: ***
2026-10-04T01:06:59.7198590Z   timeout: 600000
2026-10-04T01:06:59.7199025Z   error_count: 10
2026-10-04T01:06:59.7199462Z   reporting_interval: 5000
2026-10-04T01:06:59.7199967Z   artifact_name: github-pages
2026-10-04T01:06:59.7200462Z   preview: false
2026-10-04T01:06:59.7201092Z ##[endgroup]
2026-10-04T01:06:59.9195167Z (node:2154) [DEP0040] DeprecationWarning: The `punycode` module is deprecated. Please use a userland alternative instead.
2026-10-04T01:06:59.9196513Z (Use `node --trace-deprecation ...` to show where the warning was created)
2026-10-04T01:07:00.0004090Z Fetching artifact metadata for "github-pages" in this workflow run
2026-10-04T01:07:00.0786571Z Found 6 artifact(s)
2026-10-04T01:07:00.0814624Z Creating Pages deployment with payload:
2026-10-04T01:07:00.0833318Z {
2026-10-04T01:07:00.0834218Z 	"artifact_id": 11289174551,
2026-10-04T01:07:00.0835507Z 	"pages_build_version": "dafde6dec43ba33f47519b63eb74673fbd63a0c1",
2026-10-04T01:07:00.0935065Z 	"oidc_token": "***"
2026-10-04T01:07:00.0936016Z }
2026-10-04T01:07:00.5005702Z Created deployment for dafde6dec43ba33f47519b63eb74673fbd63a0c1, ID: dafde6dec43ba33f47519b63eb74673fbd63a0c1
2026-10-04T01:07:05.5016530Z Getting Pages deployment status...
2026-10-04T01:07:05.6202495Z Reported success!
2026-10-04T01:07:05.6501500Z Evaluate and set environment url
2026-10-04T01:07:05.6505808Z Evaluated environment url: https://mjodshamrani-ux.github.io/accounting/
2026-10-04T01:07:05.6506849Z Cleaning up orphan processes
2026-10-04T01:07:05.6784112Z ##[warning]Node.js 20 is deprecated. The following actions target Node.js 20 but are being forced to run on Node.js 24: actions/deploy-pages@d6db90164ac5ed86f2b6aed7e0febac5b3c0c03e. For more information see: https://github.blog/changelog/2025-09-19-deprecation-of-node-20-on-github-actions-runners/
