2026-10-04T00:51:20.1530736Z Current runner version: '2.337.0'
2026-10-04T00:51:20.1556653Z ##[group]Runner Image Provisioner
2026-10-04T00:51:20.1557535Z Hosted Compute Agent
2026-10-04T00:51:20.1558225Z Version: 20260901.588
2026-10-04T00:51:20.1558912Z Commit: f88ec8081b781fac6c440065ac7ff9e710ce3d0b
2026-10-04T00:51:20.1559939Z Build Date: 2026-09-01T19:56:44Z
2026-10-04T00:51:20.1560746Z Worker ID: {6884f5e7-65af-4baa-8fb4-29d47d94e0ad}
2026-10-04T00:51:20.1561512Z Azure Region: northcentralus
2026-10-04T00:51:20.1562222Z ##[endgroup]
2026-10-04T00:51:20.1563804Z ##[group]Operating System
2026-10-04T00:51:20.1564511Z Ubuntu
2026-10-04T00:51:20.1565118Z 24.04.5
2026-10-04T00:51:20.1565688Z LTS
2026-10-04T00:51:20.1566209Z ##[endgroup]
2026-10-04T00:51:20.1566862Z ##[group]Runner Image
2026-10-04T00:51:20.1567481Z Image: ubuntu-24.04
2026-10-04T00:51:20.1568103Z Version: 20260927.320.1
2026-10-04T00:51:20.1569411Z Included Software: https://github.com/actions/runner-images/blob/ubuntu24/20260927.320/images/ubuntu/Ubuntu2404-Readme.md
2026-10-04T00:51:20.1571849Z Image Release: https://github.com/actions/runner-images/releases/tag/ubuntu24%2F20260927.320
2026-10-04T00:51:20.1572899Z ##[endgroup]
2026-10-04T00:51:20.1574076Z ##[group]GITHUB_TOKEN Permissions
2026-10-04T00:51:20.1576038Z Contents: read
2026-10-04T00:51:20.1576801Z Metadata: read
2026-10-04T00:51:20.1577400Z ##[endgroup]
2026-10-04T00:51:20.1580044Z Secret source: Actions
2026-10-04T00:51:20.1581190Z Cache mode: write
2026-10-04T00:51:20.1582164Z Prepare workflow directory
2026-10-04T00:51:20.1926918Z Prepare all required actions
2026-10-04T00:51:20.1974602Z Getting action download info
2026-10-04T00:51:20.4481560Z Download action repository 'actions/checkout@11d5960a326750d5838078e36cf38b85af677262' (SHA:11d5960a326750d5838078e36cf38b85af677262)
2026-10-04T00:51:20.5595413Z Download action repository 'pnpm/action-setup@b906affcce14559ad1aafd4ab0e942779e9f58b1' (SHA:b906affcce14559ad1aafd4ab0e942779e9f58b1)
2026-10-04T00:51:20.9348769Z Download action repository 'actions/setup-node@49933ea5288caeca8642d1e84afbd3f7d6820020' (SHA:49933ea5288caeca8642d1e84afbd3f7d6820020)
2026-10-04T00:51:21.1283241Z Complete job name: Accounting mutation gate (4/6)
2026-10-04T00:51:21.2117347Z ##[group]Run actions/checkout@11d5960a326750d5838078e36cf38b85af677262
2026-10-04T00:51:21.2118557Z with:
2026-10-04T00:51:21.2119077Z   repository: mjodshamrani-ux/accounting
2026-10-04T00:51:21.2124690Z   token: ***
2026-10-04T00:51:21.2125596Z   ssh-strict: true
2026-10-04T00:51:21.2126445Z   ssh-user: git
2026-10-04T00:51:21.2127319Z   persist-credentials: true
2026-10-04T00:51:21.2128294Z   clean: true
2026-10-04T00:51:21.2129193Z   sparse-checkout-cone-mode: true
2026-10-04T00:51:21.2130490Z   fetch-depth: 1
2026-10-04T00:51:21.2131410Z   fetch-tags: false
2026-10-04T00:51:21.2132444Z   show-progress: true
2026-10-04T00:51:21.2133359Z   lfs: false
2026-10-04T00:51:21.2134178Z   submodules: false
2026-10-04T00:51:21.2135071Z   set-safe-directory: true
2026-10-04T00:51:21.2136144Z   allow-unsafe-pr-checkout: false
2026-10-04T00:51:21.2137606Z ##[endgroup]
2026-10-04T00:51:21.3204686Z Syncing repository: mjodshamrani-ux/accounting
2026-10-04T00:51:21.3206794Z ##[group]Getting Git version info
2026-10-04T00:51:21.3207663Z Working directory is '/home/runner/work/accounting/accounting'
2026-10-04T00:51:21.3208852Z [command]/usr/bin/git version
2026-10-04T00:51:21.3272911Z git version 2.55.0
2026-10-04T00:51:21.3294110Z ##[endgroup]
2026-10-04T00:51:21.3311838Z Temporarily overriding HOME='/home/runner/work/_temp/a368fa04-3d53-46d9-a3b0-8f13406a07ae' before making global git config changes
2026-10-04T00:51:21.3314733Z Adding repository directory to the temporary git global config as a safe directory
2026-10-04T00:51:21.3317489Z [command]/usr/bin/git config --global --add safe.directory /home/runner/work/accounting/accounting
2026-10-04T00:51:21.3367692Z Deleting the contents of '/home/runner/work/accounting/accounting'
2026-10-04T00:51:21.3401794Z ##[group]Initializing the repository
2026-10-04T00:51:21.3403232Z [command]/usr/bin/git init /home/runner/work/accounting/accounting
2026-10-04T00:51:21.3478393Z hint: Using 'master' as the name for the initial branch. This default branch name
2026-10-04T00:51:21.3480399Z hint: will change to "main" in Git 3.0. To configure the initial branch name
2026-10-04T00:51:21.3482317Z hint: to use in all of your new repositories, which will suppress this warning,
2026-10-04T00:51:21.3484043Z hint: call:
2026-10-04T00:51:21.3484747Z hint:
2026-10-04T00:51:21.3485652Z hint: 	git config --global init.defaultBranch <name>
2026-10-04T00:51:21.3486666Z hint:
2026-10-04T00:51:21.3487746Z hint: Names commonly chosen instead of 'master' are 'main', 'trunk' and
2026-10-04T00:51:21.3488838Z hint: 'development'. The just-created branch can be renamed via this command:
2026-10-04T00:51:21.3489958Z hint:
2026-10-04T00:51:21.3490469Z hint: 	git branch -m <name>
2026-10-04T00:51:21.3491006Z hint:
2026-10-04T00:51:21.3491704Z hint: Disable this message with "git config set advice.defaultBranchName false"
2026-10-04T00:51:21.3493552Z Initialized empty Git repository in /home/runner/work/accounting/accounting/.git/
2026-10-04T00:51:21.3496922Z [command]/usr/bin/git remote add origin https://github.com/mjodshamrani-ux/accounting
2026-10-04T00:51:21.3547767Z ##[endgroup]
2026-10-04T00:51:21.3549017Z ##[group]Disabling automatic garbage collection
2026-10-04T00:51:21.3552160Z [command]/usr/bin/git config --local gc.auto 0
2026-10-04T00:51:21.3587144Z ##[endgroup]
2026-10-04T00:51:21.3588353Z ##[group]Setting up auth
2026-10-04T00:51:21.3594655Z [command]/usr/bin/git config --local --name-only --get-regexp core\.sshCommand
2026-10-04T00:51:21.3628454Z [command]/usr/bin/git submodule foreach --recursive sh -c "git config --local --name-only --get-regexp 'core\.sshCommand' && git config --local --unset-all 'core.sshCommand' || :"
2026-10-04T00:51:21.4000110Z [command]/usr/bin/git config --local --name-only --get-regexp http\.https\:\/\/github\.com\/\.extraheader
2026-10-04T00:51:21.4045210Z [command]/usr/bin/git submodule foreach --recursive sh -c "git config --local --name-only --get-regexp 'http\.https\:\/\/github\.com\/\.extraheader' && git config --local --unset-all 'http.https://github.com/.extraheader' || :"
2026-10-04T00:51:21.4278068Z [command]/usr/bin/git config --local --name-only --get-regexp ^includeIf\.gitdir:
2026-10-04T00:51:21.4314687Z [command]/usr/bin/git submodule foreach --recursive git config --local --show-origin --name-only --get-regexp remote.origin.url
2026-10-04T00:51:21.4535490Z [command]/usr/bin/git config --local http.https://github.com/.extraheader AUTHORIZATION: basic ***
2026-10-04T00:51:21.4576118Z ##[endgroup]
2026-10-04T00:51:21.4585428Z ##[group]Fetching the repository
2026-10-04T00:51:21.4587137Z [command]/usr/bin/git -c protocol.version=2 fetch --no-tags --prune --no-recurse-submodules --depth=1 origin +dafde6dec43ba33f47519b63eb74673fbd63a0c1:refs/remotes/origin/main
2026-10-04T00:51:22.9477012Z From https://github.com/mjodshamrani-ux/accounting
2026-10-04T00:51:22.9478218Z  * [new ref]         dafde6dec43ba33f47519b63eb74673fbd63a0c1 -> origin/main
2026-10-04T00:51:22.9482239Z ##[endgroup]
2026-10-04T00:51:22.9482930Z ##[group]Determining the checkout info
2026-10-04T00:51:22.9484225Z ##[endgroup]
2026-10-04T00:51:22.9490832Z [command]/usr/bin/git sparse-checkout disable
2026-10-04T00:51:22.9543224Z [command]/usr/bin/git config --local --unset-all extensions.worktreeConfig
2026-10-04T00:51:22.9575686Z ##[group]Checking out the ref
2026-10-04T00:51:22.9580872Z [command]/usr/bin/git checkout --progress --force -B main refs/remotes/origin/main
2026-10-04T00:51:23.3477758Z Switched to a new branch 'main'
2026-10-04T00:51:23.3490648Z branch 'main' set up to track 'origin/main'.
2026-10-04T00:51:23.3517347Z ##[endgroup]
2026-10-04T00:51:23.3572994Z [command]/usr/bin/git log -1 --format=%H
2026-10-04T00:51:23.3592606Z dafde6dec43ba33f47519b63eb74673fbd63a0c1
2026-10-04T00:51:23.3846104Z ##[group]Run pnpm/action-setup@b906affcce14559ad1aafd4ab0e942779e9f58b1
2026-10-04T00:51:23.3846624Z with:
2026-10-04T00:51:23.3847056Z   version: 11.19.0
2026-10-04T00:51:23.3847271Z   dest: ~/setup-pnpm
2026-10-04T00:51:23.3847490Z   run_install: null
2026-10-04T00:51:23.3847703Z   cache: false
2026-10-04T00:51:23.3847928Z   cache_dependency_path: pnpm-lock.yaml
2026-10-04T00:51:23.3848225Z   package_json_file: package.json
2026-10-04T00:51:23.3848476Z   standalone: false
2026-10-04T00:51:23.3848690Z ##[endgroup]
2026-10-04T00:51:23.5310675Z ##[group]Running self-installer...
2026-10-04T00:51:24.0258169Z (node:2309) [DEP0169] DeprecationWarning: `url.parse()` behavior is not standardized and prone to errors that have security implications. Use the WHATWG URL API instead. CVEs are not issued for `url.parse()` vulnerabilities.
2026-10-04T00:51:24.1671215Z (Use `node --trace-deprecation ...` to show where the warning was created)
2026-10-04T00:51:24.1672209Z Progress: resolved 1, reused 0, downloaded 0, added 0
2026-10-04T00:51:24.1764507Z Packages: +1
2026-10-04T00:51:24.6150957Z +
2026-10-04T00:51:24.6151822Z Progress: resolved 1, reused 0, downloaded 1, added 1, done
2026-10-04T00:51:24.6454810Z 
2026-10-04T00:51:24.6455187Z dependencies:
2026-10-04T00:51:24.6455627Z + pnpm 11.19.0 (12.9.1 is available)
2026-10-04T00:51:24.6455964Z 
2026-10-04T00:51:24.6482204Z Done in 904ms
2026-10-04T00:51:24.7679111Z ##[endgroup]
2026-10-04T00:51:24.7679421Z Installation Completed!
2026-10-04T00:51:24.7874606Z ##[group]Run actions/setup-node@49933ea5288caeca8642d1e84afbd3f7d6820020
2026-10-04T00:51:24.7875031Z with:
2026-10-04T00:51:24.7875228Z   node-version: 24
2026-10-04T00:51:24.7875441Z   cache: pnpm
2026-10-04T00:51:24.7875649Z   always-auth: false
2026-10-04T00:51:24.7875868Z   check-latest: false
2026-10-04T00:51:24.7878368Z   token: ***
2026-10-04T00:51:24.7878568Z env:
2026-10-04T00:51:24.7878831Z   PNPM_HOME: /home/runner/setup-pnpm/node_modules/.bin
2026-10-04T00:51:24.7879145Z ##[endgroup]
2026-10-04T00:51:24.9321274Z Found in cache @ /opt/hostedtoolcache/node/24.21.0/x64
2026-10-04T00:51:24.9326700Z (node:2324) [DEP0040] DeprecationWarning: The `punycode` module is deprecated. Please use a userland alternative instead.
2026-10-04T00:51:24.9328191Z (Use `node --trace-deprecation ...` to show where the warning was created)
2026-10-04T00:51:24.9329411Z ##[group]Environment details
2026-10-04T00:51:25.3101707Z node: v24.21.0
2026-10-04T00:51:25.3102199Z npm: 11.19.0
2026-10-04T00:51:25.3102866Z yarn: 1.22.22
2026-10-04T00:51:25.3104426Z ##[endgroup]
2026-10-04T00:51:25.3156367Z [command]/home/runner/setup-pnpm/node_modules/.bin/pnpm store path --silent
2026-10-04T00:51:25.9328070Z /home/runner/setup-pnpm/node_modules/.bin/store/v11
2026-10-04T00:51:26.0655062Z Cache hit for: node-cache-Linux-x64-pnpm-970ff90c8c5b62d936b78a56179f81cdf02982feb14381f8bba791078d20d9fe
2026-10-04T00:51:26.0769263Z (node:2324) [DEP0169] DeprecationWarning: `url.parse()` behavior is not standardized and prone to errors that have security implications. Use the WHATWG URL API instead. CVEs are not issued for `url.parse()` vulnerabilities.
2026-10-04T00:51:26.9681039Z Received 118816928 of 118816928 (100.0%), 143.1 MBs/sec
2026-10-04T00:51:26.9682089Z Cache Size: ~113 MB (118816928 B)
2026-10-04T00:51:26.9718093Z [command]/usr/bin/tar -xf /home/runner/work/_temp/92fdc09a-d0f5-49f5-8a61-88b170d96804/cache.tzst -P -C /home/runner/work/accounting/accounting --use-compress-program unzstd
2026-10-04T00:51:28.2604552Z Cache restored successfully
2026-10-04T00:51:28.2663860Z Cache restored from key: node-cache-Linux-x64-pnpm-970ff90c8c5b62d936b78a56179f81cdf02982feb14381f8bba791078d20d9fe
2026-10-04T00:51:28.2852196Z ##[group]Run pnpm install --frozen-lockfile
2026-10-04T00:51:28.2852640Z [36;1mpnpm install --frozen-lockfile[0m
2026-10-04T00:51:28.3103315Z shell: /usr/bin/bash -e {0}
2026-10-04T00:51:28.3103611Z env:
2026-10-04T00:51:28.3103907Z   PNPM_HOME: /home/runner/setup-pnpm/node_modules/.bin
2026-10-04T00:51:28.3104262Z ##[endgroup]
2026-10-04T00:51:28.8204182Z ? Verifying lockfile against supply-chain policies (367 entries)...
2026-10-04T00:51:28.8310458Z Lockfile is up to date, resolution step is skipped
2026-10-04T00:51:29.0070995Z Progress: resolved 1, reused 0, downloaded 0, added 0
2026-10-04T00:51:29.0738407Z Packages: +249
2026-10-04T00:51:29.0739438Z ++++++++++++++++++++++++++++++++++++++++++++++++++++++++++++++++++++++++++++++++
2026-10-04T00:51:30.0984761Z Progress: resolved 249, reused 5, downloaded 0, added 0
2026-10-04T00:51:30.6993038Z Packages are hard linked from the content-addressable store to the virtual store.
2026-10-04T00:51:30.6996316Z   Content-addressable store is at: /home/runner/setup-pnpm/node_modules/.bin/store/v11
2026-10-04T00:51:30.7005741Z   Virtual store is at:             node_modules/.pnpm
2026-10-04T00:51:31.1071055Z Progress: resolved 249, reused 249, downloaded 0, added 66
2026-10-04T00:51:31.3997793Z Progress: resolved 249, reused 249, downloaded 0, added 249, done
2026-10-04T00:51:32.4474679Z ✓ Lockfile passes supply-chain policies (367 entries in 3.6s)
2026-10-04T00:51:32.4897249Z 
2026-10-04T00:51:32.4898390Z dependencies:
2026-10-04T00:51:32.4898940Z + @base-ui/react 1.7.0
2026-10-04T00:51:32.4899402Z + @shadcn/react 0.3.0
2026-10-04T00:51:32.4900249Z + @tesseract.js-data/ara 1.0.0
2026-10-04T00:51:32.4900850Z + @tesseract.js-data/eng 1.0.0
2026-10-04T00:51:32.4901469Z + class-variance-authority 0.7.1
2026-10-04T00:51:32.4901983Z + clsx 2.1.1
2026-10-04T00:51:32.4902394Z + cmdk 1.1.1
2026-10-04T00:51:32.4902805Z + date-fns 4.1.0
2026-10-04T00:51:32.4903327Z + embla-carousel-react 8.5.2
2026-10-04T00:51:32.4903799Z + exceljs 4.4.0
2026-10-04T00:51:32.4904264Z + input-otp 1.4.2
2026-10-04T00:51:32.4904704Z + jszip 3.10.1
2026-10-04T00:51:32.4905120Z + lucide-react 1.31.0
2026-10-04T00:51:32.4905600Z + react 19.2.6
2026-10-04T00:51:32.4906055Z + react-day-picker 9.8.1
2026-10-04T00:51:32.4906576Z + react-dom 19.2.6
2026-10-04T00:51:32.4906886Z + react-resizable-panels 4.5.8
2026-10-04T00:51:32.4907158Z + recharts 3.8.0
2026-10-04T00:51:32.4907441Z + saxes 5.0.1
2026-10-04T00:51:32.4907665Z + tailwind-merge 3.6.0
2026-10-04T00:51:32.4907926Z + tesseract.js 7.0.0
2026-10-04T00:51:32.4908165Z + tw-animate-css 1.4.0
2026-10-04T00:51:32.4908386Z + unpdf 1.8.1
2026-10-04T00:51:32.4908508Z 
2026-10-04T00:51:32.4908609Z devDependencies:
2026-10-04T00:51:32.4908859Z + @tailwindcss/postcss 4.2.1
2026-10-04T00:51:32.4909126Z + @types/node 22.19.19
2026-10-04T00:51:32.4909378Z + @types/react 19.2.14
2026-10-04T00:51:32.4909914Z + @types/react-dom 19.2.3
2026-10-04T00:51:32.4910401Z + @vitejs/plugin-react 6.0.2
2026-10-04T00:51:32.4910823Z + oxfmt 0.61.0
2026-10-04T00:51:32.4911183Z + oxlint 1.76.0
2026-10-04T00:51:32.4911590Z + oxlint-tsgolint 7.0.2001
2026-10-04T00:51:32.4912025Z + playwright 1.62.1
2026-10-04T00:51:32.4912427Z + tailwindcss 4.2.1
2026-10-04T00:51:32.4912814Z + typescript 5.9.3
2026-10-04T00:51:32.4913172Z + vite 8.0.16
2026-10-04T00:51:32.4913372Z 
2026-10-04T00:51:32.5278240Z Done in 4.1s using pnpm v11.19.0
2026-10-04T00:51:32.5782710Z ##[group]Run pnpm test:mutations
2026-10-04T00:51:32.5783072Z [36;1mpnpm test:mutations[0m
2026-10-04T00:51:32.5846716Z shell: /usr/bin/bash -e {0}
2026-10-04T00:51:32.5846986Z env:
2026-10-04T00:51:32.5847250Z   PNPM_HOME: /home/runner/setup-pnpm/node_modules/.bin
2026-10-04T00:51:32.5847584Z   MUTATION_SHARD: 4/6
2026-10-04T00:51:32.5847803Z ##[endgroup]
2026-10-04T00:51:33.5240960Z Already up to date
2026-10-04T00:51:33.5243655Z Done in 448ms using pnpm v11.19.0
2026-10-04T00:51:33.5403499Z $ node scripts/test-mutations.mjs
2026-10-04T00:52:51.4958489Z Detected deliberate fault: p6-source-ignore-interpretation-receipt
2026-10-04T00:53:30.9691220Z Detected deliberate fault: p6-table-swap-neighboring-amount-and-balance
2026-10-04T00:54:10.5596891Z Detected deliberate fault: p6-skip-manual-region-fingerprint
2026-10-04T00:54:49.9524203Z Detected deliberate fault: p6-launder-cell-review-into-accounting
2026-10-04T00:55:29.4556553Z Detected deliberate fault: partial-accept-stale-format-selection
2026-10-04T00:56:08.9525891Z Detected deliberate fault: p2-promote-placeholder-payment-identities
2026-10-04T00:56:48.4857200Z Detected deliberate fault: p2-accept-duplicate-postings-in-nm-groups
2026-10-04T00:57:27.7193121Z Detected deliberate fault: p1-reject-valid-contextual-numeric-or-alphabetic-discriminators
2026-10-04T00:58:06.5520817Z Detected deliberate fault: p1-ignore-document-pair-amount-difference
2026-10-04T00:58:45.8450004Z Detected deliberate fault: 046-accept-payment-groups-without-explicit-identity
2026-10-04T00:59:25.0627547Z Detected deliberate fault: v11-take-a-renamed-copy-for-another-source
2026-10-04T01:00:03.9010239Z Detected deliberate fault: v11-take-a-batch-for-a-document
2026-10-04T01:00:43.2283921Z Detected deliberate fault: hard-g08-accept-any-group-across-dates
2026-10-04T01:01:22.6686363Z Detected deliberate fault: allow-visual-drafts-into-accounting
2026-10-04T01:02:02.1750018Z Detected deliberate fault: accept-duplicate-posting-lines-as-a-group
2026-10-04T01:02:41.4785771Z Detected deliberate fault: treat-pdf-table-edges-as-filled-area
2026-10-04T01:03:20.7964225Z Detected deliberate fault: ignore-date-and-reference-in-reordered-summary-rows
2026-10-04T01:03:59.9372609Z Detected deliberate fault: ignore-date-window
2026-10-04T01:04:38.9357910Z Detected deliberate fault: typed-short-grant-document-number-role-to-generic-reference
2026-10-04T01:05:18.0884615Z Detected deliberate fault: f03-drop-own-credit-note-header
2026-10-04T01:05:57.4138761Z Detected deliberate fault: unknown-credit-drop-native-audit-cue
2026-10-04T01:06:36.7571239Z Detected deliberate fault: p5-ignore-bridge-delta-drift
2026-10-04T01:06:36.8262844Z {
2026-10-04T01:06:36.8263316Z   "baselinePassed": true,
2026-10-04T01:06:36.8263703Z   "detected": 22,
2026-10-04T01:06:36.8264086Z   "total": 22,
2026-10-04T01:06:36.8264476Z   "available": 131,
2026-10-04T01:06:36.8264867Z   "shard": {
2026-10-04T01:06:36.8265216Z     "index": 4,
2026-10-04T01:06:36.8265579Z     "count": 6
2026-10-04T01:06:36.8265922Z   },
2026-10-04T01:06:36.8266283Z   "mutations": [
2026-10-04T01:06:36.8266646Z     {
2026-10-04T01:06:36.8267231Z       "mutation": "p6-source-ignore-interpretation-receipt",
2026-10-04T01:06:36.8267853Z       "detected": true
2026-10-04T01:06:36.8268206Z     },
2026-10-04T01:06:36.8268556Z     {
2026-10-04T01:06:36.8269115Z       "mutation": "p6-table-swap-neighboring-amount-and-balance",
2026-10-04T01:06:36.8270168Z       "detected": true
2026-10-04T01:06:36.8270634Z     },
2026-10-04T01:06:36.8270993Z     {
2026-10-04T01:06:36.8271537Z       "mutation": "p6-skip-manual-region-fingerprint",
2026-10-04T01:06:36.8272194Z       "detected": true
2026-10-04T01:06:36.8272654Z     },
2026-10-04T01:06:36.8273004Z     {
2026-10-04T01:06:36.8273641Z       "mutation": "p6-launder-cell-review-into-accounting",
2026-10-04T01:06:36.8274349Z       "detected": true
2026-10-04T01:06:36.8274778Z     },
2026-10-04T01:06:36.8275252Z     {
2026-10-04T01:06:36.8276402Z       "mutation": "partial-accept-stale-format-selection",
2026-10-04T01:06:36.8277169Z       "detected": true
2026-10-04T01:06:36.8277648Z     },
2026-10-04T01:06:36.8278039Z     {
2026-10-04T01:06:36.8278704Z       "mutation": "p2-promote-placeholder-payment-identities",
2026-10-04T01:06:36.8279507Z       "detected": true
2026-10-04T01:06:36.8280161Z     },
2026-10-04T01:06:36.8280469Z     {
2026-10-04T01:06:36.8281093Z       "mutation": "p2-accept-duplicate-postings-in-nm-groups",
2026-10-04T01:06:36.8281802Z       "detected": true
2026-10-04T01:06:36.8282235Z     },
2026-10-04T01:06:36.8282589Z     {
2026-10-04T01:06:36.8283404Z       "mutation": "p1-reject-valid-contextual-numeric-or-alphabetic-discriminators",
2026-10-04T01:06:36.8284311Z       "detected": true
2026-10-04T01:06:36.8284754Z     },
2026-10-04T01:06:36.8285132Z     {
2026-10-04T01:06:36.8285758Z       "mutation": "p1-ignore-document-pair-amount-difference",
2026-10-04T01:06:36.8286472Z       "detected": true
2026-10-04T01:06:36.8286901Z     },
2026-10-04T01:06:36.8287237Z     {
2026-10-04T01:06:36.8287911Z       "mutation": "046-accept-payment-groups-without-explicit-identity",
2026-10-04T01:06:36.8289033Z       "detected": true
2026-10-04T01:06:36.8289453Z     },
2026-10-04T01:06:36.8290490Z     {
2026-10-04T01:06:36.8291129Z       "mutation": "v11-take-a-renamed-copy-for-another-source",
2026-10-04T01:06:36.8291835Z       "detected": true
2026-10-04T01:06:36.8292286Z     },
2026-10-04T01:06:36.8292649Z     {
2026-10-04T01:06:36.8293225Z       "mutation": "v11-take-a-batch-for-a-document",
2026-10-04T01:06:36.8293785Z       "detected": true
2026-10-04T01:06:36.8294266Z     },
2026-10-04T01:06:36.8294626Z     {
2026-10-04T01:06:36.8295180Z       "mutation": "hard-g08-accept-any-group-across-dates",
2026-10-04T01:06:36.8295799Z       "detected": true
2026-10-04T01:06:36.8296274Z     },
2026-10-04T01:06:36.8296680Z     {
2026-10-04T01:06:36.8297211Z       "mutation": "allow-visual-drafts-into-accounting",
2026-10-04T01:06:36.8297953Z       "detected": true
2026-10-04T01:06:36.8298398Z     },
2026-10-04T01:06:36.8298745Z     {
2026-10-04T01:06:36.8299443Z       "mutation": "accept-duplicate-posting-lines-as-a-group",
2026-10-04T01:06:36.8300434Z       "detected": true
2026-10-04T01:06:36.8300824Z     },
2026-10-04T01:06:36.8301155Z     {
2026-10-04T01:06:36.8301706Z       "mutation": "treat-pdf-table-edges-as-filled-area",
2026-10-04T01:06:36.8302326Z       "detected": true
2026-10-04T01:06:36.8302708Z     },
2026-10-04T01:06:36.8303031Z     {
2026-10-04T01:06:36.8303676Z       "mutation": "ignore-date-and-reference-in-reordered-summary-rows",
2026-10-04T01:06:36.8304420Z       "detected": true
2026-10-04T01:06:36.8304809Z     },
2026-10-04T01:06:36.8305118Z     {
2026-10-04T01:06:36.8305545Z       "mutation": "ignore-date-window",
2026-10-04T01:06:36.8306058Z       "detected": true
2026-10-04T01:06:36.8306447Z     },
2026-10-04T01:06:36.8306768Z     {
2026-10-04T01:06:36.8307562Z       "mutation": "typed-short-grant-document-number-role-to-generic-reference",
2026-10-04T01:06:36.8308430Z       "detected": true
2026-10-04T01:06:36.8308815Z     },
2026-10-04T01:06:36.8309139Z     {
2026-10-04T01:06:36.8309910Z       "mutation": "f03-drop-own-credit-note-header",
2026-10-04T01:06:36.8310490Z       "detected": true
2026-10-04T01:06:36.8310865Z     },
2026-10-04T01:06:36.8311191Z     {
2026-10-04T01:06:36.8311741Z       "mutation": "unknown-credit-drop-native-audit-cue",
2026-10-04T01:06:36.8312351Z       "detected": true
2026-10-04T01:06:36.8312747Z     },
2026-10-04T01:06:36.8313089Z     {
2026-10-04T01:06:36.8313582Z       "mutation": "p5-ignore-bridge-delta-drift",
2026-10-04T01:06:36.8314158Z       "detected": true
2026-10-04T01:06:36.8314560Z     }
2026-10-04T01:06:36.8314902Z   ]
2026-10-04T01:06:36.8315248Z }
2026-10-04T01:06:36.8516189Z Post job cleanup.
2026-10-04T01:06:36.9753922Z (node:15048) [DEP0040] DeprecationWarning: The `punycode` module is deprecated. Please use a userland alternative instead.
2026-10-04T01:06:36.9754790Z (Use `node --trace-deprecation ...` to show where the warning was created)
2026-10-04T01:06:36.9757634Z Cache hit occurred on the primary key node-cache-Linux-x64-pnpm-970ff90c8c5b62d936b78a56179f81cdf02982feb14381f8bba791078d20d9fe, not saving cache.
2026-10-04T01:06:36.9865095Z Post job cleanup.
2026-10-04T01:06:37.1366748Z Pruning is unnecessary.
2026-10-04T01:06:37.1675717Z Post job cleanup.
2026-10-04T01:06:37.2760976Z [command]/usr/bin/git version
2026-10-04T01:06:37.2808138Z git version 2.55.0
2026-10-04T01:06:37.2868461Z Temporarily overriding HOME='/home/runner/work/_temp/30834d88-84bc-4044-a32d-8cd938ed8dc7' before making global git config changes
2026-10-04T01:06:37.2870347Z Adding repository directory to the temporary git global config as a safe directory
2026-10-04T01:06:37.2876179Z [command]/usr/bin/git config --global --add safe.directory /home/runner/work/accounting/accounting
2026-10-04T01:06:37.2935779Z [command]/usr/bin/git config --local --name-only --get-regexp core\.sshCommand
2026-10-04T01:06:37.2988105Z [command]/usr/bin/git submodule foreach --recursive sh -c "git config --local --name-only --get-regexp 'core\.sshCommand' && git config --local --unset-all 'core.sshCommand' || :"
2026-10-04T01:06:37.3318018Z [command]/usr/bin/git config --local --name-only --get-regexp http\.https\:\/\/github\.com\/\.extraheader
2026-10-04T01:06:37.3353247Z http.https://github.com/.extraheader
2026-10-04T01:06:37.3374477Z [command]/usr/bin/git config --local --unset-all http.https://github.com/.extraheader
2026-10-04T01:06:37.3413984Z [command]/usr/bin/git submodule foreach --recursive sh -c "git config --local --name-only --get-regexp 'http\.https\:\/\/github\.com\/\.extraheader' && git config --local --unset-all 'http.https://github.com/.extraheader' || :"
2026-10-04T01:06:37.3675123Z [command]/usr/bin/git config --local --name-only --get-regexp ^includeIf\.gitdir:
2026-10-04T01:06:37.3717359Z [command]/usr/bin/git submodule foreach --recursive git config --local --show-origin --name-only --get-regexp remote.origin.url
2026-10-04T01:06:37.4119376Z Cleaning up orphan processes
2026-10-04T01:06:37.4428959Z ##[warning]Node.js 20 is deprecated. The following actions target Node.js 20 but are being forced to run on Node.js 24: actions/checkout@11d5960a326750d5838078e36cf38b85af677262, actions/setup-node@49933ea5288caeca8642d1e84afbd3f7d6820020, pnpm/action-setup@b906affcce14559ad1aafd4ab0e942779e9f58b1. For more information see: https://github.blog/changelog/2025-09-19-deprecation-of-node-20-on-github-actions-runners/
