2026-10-04T00:51:21.2436817Z Current runner version: '2.337.0'
2026-10-04T00:51:21.2461563Z ##[group]Runner Image Provisioner
2026-10-04T00:51:21.2462521Z Hosted Compute Agent
2026-10-04T00:51:21.2463242Z Version: 20260901.588
2026-10-04T00:51:21.2464136Z Commit: f88ec8081b781fac6c440065ac7ff9e710ce3d0b
2026-10-04T00:51:21.2464867Z Build Date: 2026-09-01T19:56:44Z
2026-10-04T00:51:21.2465648Z Worker ID: {e72b60eb-d34c-4072-80cd-14631322bd86}
2026-10-04T00:51:21.2466398Z Azure Region: westus
2026-10-04T00:51:21.2467010Z ##[endgroup]
2026-10-04T00:51:21.2468651Z ##[group]Operating System
2026-10-04T00:51:21.2469326Z Ubuntu
2026-10-04T00:51:21.2469943Z 24.04.5
2026-10-04T00:51:21.2470508Z LTS
2026-10-04T00:51:21.2471020Z ##[endgroup]
2026-10-04T00:51:21.2471686Z ##[group]Runner Image
2026-10-04T00:51:21.2472300Z Image: ubuntu-24.04
2026-10-04T00:51:21.2472923Z Version: 20260927.320.1
2026-10-04T00:51:21.2474611Z Included Software: https://github.com/actions/runner-images/blob/ubuntu24/20260927.320/images/ubuntu/Ubuntu2404-Readme.md
2026-10-04T00:51:21.2476268Z Image Release: https://github.com/actions/runner-images/releases/tag/ubuntu24%2F20260927.320
2026-10-04T00:51:21.2477248Z ##[endgroup]
2026-10-04T00:51:21.2478836Z ##[group]GITHUB_TOKEN Permissions
2026-10-04T00:51:21.2480989Z Contents: read
2026-10-04T00:51:21.2481706Z Metadata: read
2026-10-04T00:51:21.2482289Z ##[endgroup]
2026-10-04T00:51:21.2484754Z Secret source: Actions
2026-10-04T00:51:21.2485906Z Cache mode: write
2026-10-04T00:51:21.2486584Z Prepare workflow directory
2026-10-04T00:51:21.2840737Z Prepare all required actions
2026-10-04T00:51:21.2912769Z Getting action download info
2026-10-04T00:51:21.6567448Z Download action repository 'actions/checkout@11d5960a326750d5838078e36cf38b85af677262' (SHA:11d5960a326750d5838078e36cf38b85af677262)
2026-10-04T00:51:21.7602774Z Download action repository 'pnpm/action-setup@b906affcce14559ad1aafd4ab0e942779e9f58b1' (SHA:b906affcce14559ad1aafd4ab0e942779e9f58b1)
2026-10-04T00:51:22.2588423Z Download action repository 'actions/setup-node@49933ea5288caeca8642d1e84afbd3f7d6820020' (SHA:49933ea5288caeca8642d1e84afbd3f7d6820020)
2026-10-04T00:51:22.4499720Z Complete job name: Accounting mutation gate (2/6)
2026-10-04T00:51:22.5298977Z ##[group]Run actions/checkout@11d5960a326750d5838078e36cf38b85af677262
2026-10-04T00:51:22.5300175Z with:
2026-10-04T00:51:22.5300724Z   repository: mjodshamrani-ux/accounting
2026-10-04T00:51:22.5305202Z   token: ***
2026-10-04T00:51:22.5305718Z   ssh-strict: true
2026-10-04T00:51:22.5306221Z   ssh-user: git
2026-10-04T00:51:22.5306727Z   persist-credentials: true
2026-10-04T00:51:22.5307275Z   clean: true
2026-10-04T00:51:22.5307830Z   sparse-checkout-cone-mode: true
2026-10-04T00:51:22.5308435Z   fetch-depth: 1
2026-10-04T00:51:22.5308931Z   fetch-tags: false
2026-10-04T00:51:22.5309437Z   show-progress: true
2026-10-04T00:51:22.5309951Z   lfs: false
2026-10-04T00:51:22.5310427Z   submodules: false
2026-10-04T00:51:22.5310934Z   set-safe-directory: true
2026-10-04T00:51:22.5311498Z   allow-unsafe-pr-checkout: false
2026-10-04T00:51:22.5312417Z ##[endgroup]
2026-10-04T00:51:22.6300709Z Syncing repository: mjodshamrani-ux/accounting
2026-10-04T00:51:22.6303481Z ##[group]Getting Git version info
2026-10-04T00:51:22.6304894Z Working directory is '/home/runner/work/accounting/accounting'
2026-10-04T00:51:22.6327597Z [command]/usr/bin/git version
2026-10-04T00:51:22.6446077Z git version 2.55.0
2026-10-04T00:51:22.6471787Z ##[endgroup]
2026-10-04T00:51:22.6488352Z Temporarily overriding HOME='/home/runner/work/_temp/736b91dd-919b-4ca9-a98d-9912785e6935' before making global git config changes
2026-10-04T00:51:22.6490788Z Adding repository directory to the temporary git global config as a safe directory
2026-10-04T00:51:22.6493226Z [command]/usr/bin/git config --global --add safe.directory /home/runner/work/accounting/accounting
2026-10-04T00:51:22.6545204Z Deleting the contents of '/home/runner/work/accounting/accounting'
2026-10-04T00:51:22.6554481Z ##[group]Initializing the repository
2026-10-04T00:51:22.6564889Z [command]/usr/bin/git init /home/runner/work/accounting/accounting
2026-10-04T00:51:22.6670539Z hint: Using 'master' as the name for the initial branch. This default branch name
2026-10-04T00:51:22.6672460Z hint: will change to "main" in Git 3.0. To configure the initial branch name
2026-10-04T00:51:22.6673840Z hint: to use in all of your new repositories, which will suppress this warning,
2026-10-04T00:51:22.6674830Z hint: call:
2026-10-04T00:51:22.6675294Z hint:
2026-10-04T00:51:22.6675876Z hint: 	git config --global init.defaultBranch <name>
2026-10-04T00:51:22.6676563Z hint:
2026-10-04T00:51:22.6677211Z hint: Names commonly chosen instead of 'master' are 'main', 'trunk' and
2026-10-04T00:51:22.6678253Z hint: 'development'. The just-created branch can be renamed via this command:
2026-10-04T00:51:22.6679088Z hint:
2026-10-04T00:51:22.6679565Z hint: 	git branch -m <name>
2026-10-04T00:51:22.6680094Z hint:
2026-10-04T00:51:22.6680804Z hint: Disable this message with "git config set advice.defaultBranchName false"
2026-10-04T00:51:22.6687350Z Initialized empty Git repository in /home/runner/work/accounting/accounting/.git/
2026-10-04T00:51:22.6698537Z [command]/usr/bin/git remote add origin https://github.com/mjodshamrani-ux/accounting
2026-10-04T00:51:22.6749737Z ##[endgroup]
2026-10-04T00:51:22.6751258Z ##[group]Disabling automatic garbage collection
2026-10-04T00:51:22.6754262Z [command]/usr/bin/git config --local gc.auto 0
2026-10-04T00:51:22.6787209Z ##[endgroup]
2026-10-04T00:51:22.6788789Z ##[group]Setting up auth
2026-10-04T00:51:22.6795109Z [command]/usr/bin/git config --local --name-only --get-regexp core\.sshCommand
2026-10-04T00:51:22.6858133Z [command]/usr/bin/git submodule foreach --recursive sh -c "git config --local --name-only --get-regexp 'core\.sshCommand' && git config --local --unset-all 'core.sshCommand' || :"
2026-10-04T00:51:22.7200893Z [command]/usr/bin/git config --local --name-only --get-regexp http\.https\:\/\/github\.com\/\.extraheader
2026-10-04T00:51:22.7238147Z [command]/usr/bin/git submodule foreach --recursive sh -c "git config --local --name-only --get-regexp 'http\.https\:\/\/github\.com\/\.extraheader' && git config --local --unset-all 'http.https://github.com/.extraheader' || :"
2026-10-04T00:51:22.7465988Z [command]/usr/bin/git config --local --name-only --get-regexp ^includeIf\.gitdir:
2026-10-04T00:51:22.7504086Z [command]/usr/bin/git submodule foreach --recursive git config --local --show-origin --name-only --get-regexp remote.origin.url
2026-10-04T00:51:22.7730131Z [command]/usr/bin/git config --local http.https://github.com/.extraheader AUTHORIZATION: basic ***
2026-10-04T00:51:22.7769732Z ##[endgroup]
2026-10-04T00:51:22.7779072Z ##[group]Fetching the repository
2026-10-04T00:51:22.7780940Z [command]/usr/bin/git -c protocol.version=2 fetch --no-tags --prune --no-recurse-submodules --depth=1 origin +dafde6dec43ba33f47519b63eb74673fbd63a0c1:refs/remotes/origin/main
2026-10-04T00:51:24.4589711Z From https://github.com/mjodshamrani-ux/accounting
2026-10-04T00:51:24.4592717Z  * [new ref]         dafde6dec43ba33f47519b63eb74673fbd63a0c1 -> origin/main
2026-10-04T00:51:24.4598759Z ##[endgroup]
2026-10-04T00:51:24.4601129Z ##[group]Determining the checkout info
2026-10-04T00:51:24.4604119Z ##[endgroup]
2026-10-04T00:51:24.4605746Z [command]/usr/bin/git sparse-checkout disable
2026-10-04T00:51:24.4659629Z [command]/usr/bin/git config --local --unset-all extensions.worktreeConfig
2026-10-04T00:51:24.4695143Z ##[group]Checking out the ref
2026-10-04T00:51:24.4699931Z [command]/usr/bin/git checkout --progress --force -B main refs/remotes/origin/main
2026-10-04T00:51:24.8559711Z Switched to a new branch 'main'
2026-10-04T00:51:24.8565257Z branch 'main' set up to track 'origin/main'.
2026-10-04T00:51:24.8593302Z ##[endgroup]
2026-10-04T00:51:24.8638083Z [command]/usr/bin/git log -1 --format=%H
2026-10-04T00:51:24.8666659Z dafde6dec43ba33f47519b63eb74673fbd63a0c1
2026-10-04T00:51:24.8994888Z ##[group]Run pnpm/action-setup@b906affcce14559ad1aafd4ab0e942779e9f58b1
2026-10-04T00:51:24.8996465Z with:
2026-10-04T00:51:24.8997568Z   version: 11.19.0
2026-10-04T00:51:24.8998496Z   dest: ~/setup-pnpm
2026-10-04T00:51:24.8999428Z   run_install: null
2026-10-04T00:51:24.9000346Z   cache: false
2026-10-04T00:51:24.9001305Z   cache_dependency_path: pnpm-lock.yaml
2026-10-04T00:51:24.9002529Z   package_json_file: package.json
2026-10-04T00:51:24.9003775Z   standalone: false
2026-10-04T00:51:24.9004690Z ##[endgroup]
2026-10-04T00:51:25.0450958Z ##[group]Running self-installer...
2026-10-04T00:51:25.4846889Z (node:2318) [DEP0169] DeprecationWarning: `url.parse()` behavior is not standardized and prone to errors that have security implications. Use the WHATWG URL API instead. CVEs are not issued for `url.parse()` vulnerabilities.
2026-10-04T00:51:25.4848846Z (Use `node --trace-deprecation ...` to show where the warning was created)
2026-10-04T00:51:25.6124348Z Progress: resolved 1, reused 0, downloaded 0, added 0
2026-10-04T00:51:25.6212782Z Packages: +1
2026-10-04T00:51:25.6213429Z +
2026-10-04T00:51:26.0730308Z Progress: resolved 1, reused 0, downloaded 1, added 1, done
2026-10-04T00:51:26.1075647Z 
2026-10-04T00:51:26.1076210Z dependencies:
2026-10-04T00:51:26.1076927Z + pnpm 11.19.0 (12.9.1 is available)
2026-10-04T00:51:26.1077528Z 
2026-10-04T00:51:26.1103226Z Done in 866ms
2026-10-04T00:51:26.2079870Z ##[endgroup]
2026-10-04T00:51:26.2080265Z Installation Completed!
2026-10-04T00:51:26.2265037Z ##[group]Run actions/setup-node@49933ea5288caeca8642d1e84afbd3f7d6820020
2026-10-04T00:51:26.2265440Z with:
2026-10-04T00:51:26.2265643Z   node-version: 24
2026-10-04T00:51:26.2265847Z   cache: pnpm
2026-10-04T00:51:26.2266044Z   always-auth: false
2026-10-04T00:51:26.2266264Z   check-latest: false
2026-10-04T00:51:26.2268680Z   token: ***
2026-10-04T00:51:26.2268883Z env:
2026-10-04T00:51:26.2269137Z   PNPM_HOME: /home/runner/setup-pnpm/node_modules/.bin
2026-10-04T00:51:26.2269459Z ##[endgroup]
2026-10-04T00:51:26.3668378Z Found in cache @ /opt/hostedtoolcache/node/24.21.0/x64
2026-10-04T00:51:26.3672660Z (node:2333) [DEP0040] DeprecationWarning: The `punycode` module is deprecated. Please use a userland alternative instead.
2026-10-04T00:51:26.3673390Z (Use `node --trace-deprecation ...` to show where the warning was created)
2026-10-04T00:51:26.3676357Z ##[group]Environment details
2026-10-04T00:51:26.7579397Z node: v24.21.0
2026-10-04T00:51:26.7580032Z npm: 11.19.0
2026-10-04T00:51:26.7580696Z yarn: 1.22.22
2026-10-04T00:51:26.7582157Z ##[endgroup]
2026-10-04T00:51:26.7625219Z [command]/home/runner/setup-pnpm/node_modules/.bin/pnpm store path --silent
2026-10-04T00:51:27.3761319Z /home/runner/setup-pnpm/node_modules/.bin/store/v11
2026-10-04T00:51:27.6404838Z Cache hit for: node-cache-Linux-x64-pnpm-970ff90c8c5b62d936b78a56179f81cdf02982feb14381f8bba791078d20d9fe
2026-10-04T00:51:27.6500706Z (node:2333) [DEP0169] DeprecationWarning: `url.parse()` behavior is not standardized and prone to errors that have security implications. Use the WHATWG URL API instead. CVEs are not issued for `url.parse()` vulnerabilities.
2026-10-04T00:51:28.9243691Z Received 4194304 of 118816928 (3.5%), 4.0 MBs/sec
2026-10-04T00:51:29.9216022Z Received 118816928 of 118816928 (100.0%), 56.7 MBs/sec
2026-10-04T00:51:29.9216841Z Cache Size: ~113 MB (118816928 B)
2026-10-04T00:51:29.9285017Z [command]/usr/bin/tar -xf /home/runner/work/_temp/0b3f99ef-00fb-431e-adef-845506ca79bf/cache.tzst -P -C /home/runner/work/accounting/accounting --use-compress-program unzstd
2026-10-04T00:51:31.1589684Z Cache restored successfully
2026-10-04T00:51:31.1648244Z Cache restored from key: node-cache-Linux-x64-pnpm-970ff90c8c5b62d936b78a56179f81cdf02982feb14381f8bba791078d20d9fe
2026-10-04T00:51:31.1836560Z ##[group]Run pnpm install --frozen-lockfile
2026-10-04T00:51:31.1836965Z [36;1mpnpm install --frozen-lockfile[0m
2026-10-04T00:51:31.2098510Z shell: /usr/bin/bash -e {0}
2026-10-04T00:51:31.2098820Z env:
2026-10-04T00:51:31.2099121Z   PNPM_HOME: /home/runner/setup-pnpm/node_modules/.bin
2026-10-04T00:51:31.2099509Z ##[endgroup]
2026-10-04T00:51:31.7239482Z ? Verifying lockfile against supply-chain policies (367 entries)...
2026-10-04T00:51:31.7317036Z Lockfile is up to date, resolution step is skipped
2026-10-04T00:51:31.8459867Z Progress: resolved 1, reused 0, downloaded 0, added 0
2026-10-04T00:51:31.8905539Z Packages: +249
2026-10-04T00:51:31.8906343Z ++++++++++++++++++++++++++++++++++++++++++++++++++++++++++++++++++++++++++++++++
2026-10-04T00:51:32.7248608Z Packages are hard linked from the content-addressable store to the virtual store.
2026-10-04T00:51:32.7250417Z   Content-addressable store is at: /home/runner/setup-pnpm/node_modules/.bin/store/v11
2026-10-04T00:51:32.7253223Z   Virtual store is at:             node_modules/.pnpm
2026-10-04T00:51:32.8467015Z Progress: resolved 249, reused 249, downloaded 0, added 9
2026-10-04T00:51:33.4159968Z Progress: resolved 249, reused 249, downloaded 0, added 249, done
2026-10-04T00:51:34.3424906Z ✓ Lockfile passes supply-chain policies (367 entries in 2.6s)
2026-10-04T00:51:34.4022510Z 
2026-10-04T00:51:34.4024033Z dependencies:
2026-10-04T00:51:34.4024552Z + @base-ui/react 1.7.0
2026-10-04T00:51:34.4025006Z + @shadcn/react 0.3.0
2026-10-04T00:51:34.4025499Z + @tesseract.js-data/ara 1.0.0
2026-10-04T00:51:34.4026036Z + @tesseract.js-data/eng 1.0.0
2026-10-04T00:51:34.4026577Z + class-variance-authority 0.7.1
2026-10-04T00:51:34.4027049Z + clsx 2.1.1
2026-10-04T00:51:34.4027384Z + cmdk 1.1.1
2026-10-04T00:51:34.4027714Z + date-fns 4.1.0
2026-10-04T00:51:34.4028126Z + embla-carousel-react 8.5.2
2026-10-04T00:51:34.4028549Z + exceljs 4.4.0
2026-10-04T00:51:34.4028929Z + input-otp 1.4.2
2026-10-04T00:51:34.4029283Z + jszip 3.10.1
2026-10-04T00:51:34.4029677Z + lucide-react 1.31.0
2026-10-04T00:51:34.4030056Z + react 19.2.6
2026-10-04T00:51:34.4030528Z + react-day-picker 9.8.1
2026-10-04T00:51:34.4030954Z + react-dom 19.2.6
2026-10-04T00:51:34.4031411Z + react-resizable-panels 4.5.8
2026-10-04T00:51:34.4031873Z + recharts 3.8.0
2026-10-04T00:51:34.4032220Z + saxes 5.0.1
2026-10-04T00:51:34.4032593Z + tailwind-merge 3.6.0
2026-10-04T00:51:34.4033012Z + tesseract.js 7.0.0
2026-10-04T00:51:34.4033419Z + tw-animate-css 1.4.0
2026-10-04T00:51:34.4042856Z + unpdf 1.8.1
2026-10-04T00:51:34.4043110Z 
2026-10-04T00:51:34.4043282Z devDependencies:
2026-10-04T00:51:34.4044082Z + @tailwindcss/postcss 4.2.1
2026-10-04T00:51:34.4044613Z + @types/node 22.19.19
2026-10-04T00:51:34.4045089Z + @types/react 19.2.14
2026-10-04T00:51:34.4045527Z + @types/react-dom 19.2.3
2026-10-04T00:51:34.4046023Z + @vitejs/plugin-react 6.0.2
2026-10-04T00:51:34.4046466Z + oxfmt 0.61.0
2026-10-04T00:51:34.4046833Z + oxlint 1.76.0
2026-10-04T00:51:34.4047265Z + oxlint-tsgolint 7.0.2001
2026-10-04T00:51:34.4047720Z + playwright 1.62.1
2026-10-04T00:51:34.4048127Z + tailwindcss 4.2.1
2026-10-04T00:51:34.4048532Z + typescript 5.9.3
2026-10-04T00:51:34.4048905Z + vite 8.0.16
2026-10-04T00:51:34.4049118Z 
2026-10-04T00:51:34.4449928Z Done in 3.1s using pnpm v11.19.0
2026-10-04T00:51:34.5035604Z ##[group]Run pnpm test:mutations
2026-10-04T00:51:34.5035941Z [36;1mpnpm test:mutations[0m
2026-10-04T00:51:34.5098360Z shell: /usr/bin/bash -e {0}
2026-10-04T00:51:34.5098615Z env:
2026-10-04T00:51:34.5098873Z   PNPM_HOME: /home/runner/setup-pnpm/node_modules/.bin
2026-10-04T00:51:34.5099199Z   MUTATION_SHARD: 2/6
2026-10-04T00:51:34.5099417Z ##[endgroup]
2026-10-04T00:51:35.5011985Z Already up to date
2026-10-04T00:51:35.5019552Z Done in 424ms using pnpm v11.19.0
2026-10-04T00:51:35.5170414Z $ node scripts/test-mutations.mjs
2026-10-04T00:52:54.8097605Z Detected deliberate fault: p6-source-certify-unproved-exclusion
2026-10-04T00:53:33.8294767Z Detected deliberate fault: p6-source-false-balance-certification
2026-10-04T00:54:13.1532202Z Detected deliberate fault: p6-retain-manual-region-review-after-edit
2026-10-04T00:54:52.6620083Z Detected deliberate fault: p6-retain-reviewed-status-after-value-edit
2026-10-04T00:55:31.4599080Z Detected deliberate fault: partial-drop-reading-issue-details-from-export
2026-10-04T00:56:11.3558369Z Detected deliberate fault: p4-silently-stop-after-twenty-pages
2026-10-04T00:56:51.0225850Z Detected deliberate fault: p2-let-an-exact-payment-consume-a-group-member-first
2026-10-04T00:57:30.3150671Z Detected deliberate fault: p1-accept-formula-or-spreadsheet-error-reference-text
2026-10-04T00:58:10.2104216Z Detected deliberate fault: p1-ignore-unsafe-discriminator-competitors
2026-10-04T00:58:49.8017912Z Detected deliberate fault: 047-reuse-format-choice-across-context
2026-10-04T00:59:29.5186071Z Detected deliberate fault: v11-let-stripes-hide-text
2026-10-04T01:00:09.3160918Z Detected deliberate fault: v11-take-a-document-number-equal-to-the-order-as-proof
2026-10-04T01:00:49.2888601Z Detected deliberate fault: v11-leave-blocked-exact-pairs-as-unrelated-rows
2026-10-04T01:01:28.9919280Z Detected deliberate fault: 045-concatenate-conflicting-xlsx-cell-payloads
2026-10-04T01:02:08.2191407Z Detected deliberate fault: skip-an-earlier-table-for-a-richer-later-header
2026-10-04T01:02:47.7743901Z Detected deliberate fault: reject-supported-multisheet-workpapers
2026-10-04T01:03:27.4742981Z Detected deliberate fault: automatically-match-with-unread-potential-duplicates
2026-10-04T01:04:02.7359910Z Detected deliberate fault: reverse-source-sign
2026-10-04T01:04:42.0734885Z Detected deliberate fault: typed-short-disable-required-positive-proof
2026-10-04T01:05:21.3588167Z Detected deliberate fault: typed-short-use-original-invoice-number-as-credit-note-number
2026-10-04T01:06:00.5759901Z Detected deliberate fault: f03-silent-unmatched-unverified-identity
2026-10-04T01:06:40.0167938Z Detected deliberate fault: p5-disable-utf8-evidence-budget
2026-10-04T01:06:40.0910022Z {
2026-10-04T01:06:40.0910488Z   "baselinePassed": true,
2026-10-04T01:06:40.0910958Z   "detected": 22,
2026-10-04T01:06:40.0911426Z   "total": 22,
2026-10-04T01:06:40.0911795Z   "available": 131,
2026-10-04T01:06:40.0912196Z   "shard": {
2026-10-04T01:06:40.0912411Z     "index": 2,
2026-10-04T01:06:40.0912652Z     "count": 6
2026-10-04T01:06:40.0912851Z   },
2026-10-04T01:06:40.0913079Z   "mutations": [
2026-10-04T01:06:40.0913318Z     {
2026-10-04T01:06:40.0913931Z       "mutation": "p6-source-certify-unproved-exclusion",
2026-10-04T01:06:40.0914315Z       "detected": true
2026-10-04T01:06:40.0914539Z     },
2026-10-04T01:06:40.0914735Z     {
2026-10-04T01:06:40.0915077Z       "mutation": "p6-source-false-balance-certification",
2026-10-04T01:06:40.0915418Z       "detected": true
2026-10-04T01:06:40.0915647Z     },
2026-10-04T01:06:40.0915826Z     {
2026-10-04T01:06:40.0916135Z       "mutation": "p6-retain-manual-region-review-after-edit",
2026-10-04T01:06:40.0916499Z       "detected": true
2026-10-04T01:06:40.0916728Z     },
2026-10-04T01:06:40.0916925Z     {
2026-10-04T01:06:40.0917261Z       "mutation": "p6-retain-reviewed-status-after-value-edit",
2026-10-04T01:06:40.0917637Z       "detected": true
2026-10-04T01:06:40.0917860Z     },
2026-10-04T01:06:40.0918063Z     {
2026-10-04T01:06:40.0918745Z       "mutation": "partial-drop-reading-issue-details-from-export",
2026-10-04T01:06:40.0919177Z       "detected": true
2026-10-04T01:06:40.0919403Z     },
2026-10-04T01:06:40.0919606Z     {
2026-10-04T01:06:40.0919911Z       "mutation": "p4-silently-stop-after-twenty-pages",
2026-10-04T01:06:40.0920318Z       "detected": true
2026-10-04T01:06:40.0920534Z     },
2026-10-04T01:06:40.0920735Z     {
2026-10-04T01:06:40.0921101Z       "mutation": "p2-let-an-exact-payment-consume-a-group-member-first",
2026-10-04T01:06:40.0921531Z       "detected": true
2026-10-04T01:06:40.0921747Z     },
2026-10-04T01:06:40.0921926Z     {
2026-10-04T01:06:40.0922309Z       "mutation": "p1-accept-formula-or-spreadsheet-error-reference-text",
2026-10-04T01:06:40.0922726Z       "detected": true
2026-10-04T01:06:40.0922942Z     },
2026-10-04T01:06:40.0923117Z     {
2026-10-04T01:06:40.0923454Z       "mutation": "p1-ignore-unsafe-discriminator-competitors",
2026-10-04T01:06:40.0924192Z       "detected": true
2026-10-04T01:06:40.0924440Z     },
2026-10-04T01:06:40.0924618Z     {
2026-10-04T01:06:40.0924933Z       "mutation": "047-reuse-format-choice-across-context",
2026-10-04T01:06:40.0925501Z       "detected": true
2026-10-04T01:06:40.0925730Z     },
2026-10-04T01:06:40.0925906Z     {
2026-10-04T01:06:40.0926180Z       "mutation": "v11-let-stripes-hide-text",
2026-10-04T01:06:40.0926472Z       "detected": true
2026-10-04T01:06:40.0926701Z     },
2026-10-04T01:06:40.0926880Z     {
2026-10-04T01:06:40.0927259Z       "mutation": "v11-take-a-document-number-equal-to-the-order-as-proof",
2026-10-04T01:06:40.0927680Z       "detected": true
2026-10-04T01:06:40.0927888Z     },
2026-10-04T01:06:40.0928079Z     {
2026-10-04T01:06:40.0928405Z       "mutation": "v11-leave-blocked-exact-pairs-as-unrelated-rows",
2026-10-04T01:06:40.0928819Z       "detected": true
2026-10-04T01:06:40.0929023Z     },
2026-10-04T01:06:40.0929211Z     {
2026-10-04T01:06:40.0929530Z       "mutation": "045-concatenate-conflicting-xlsx-cell-payloads",
2026-10-04T01:06:40.0929985Z       "detected": true
2026-10-04T01:06:40.0930239Z     },
2026-10-04T01:06:40.0930424Z     {
2026-10-04T01:06:40.0930774Z       "mutation": "skip-an-earlier-table-for-a-richer-later-header",
2026-10-04T01:06:40.0931138Z       "detected": true
2026-10-04T01:06:40.0931369Z     },
2026-10-04T01:06:40.0931542Z     {
2026-10-04T01:06:40.0931860Z       "mutation": "reject-supported-multisheet-workpapers",
2026-10-04T01:06:40.0932230Z       "detected": true
2026-10-04T01:06:40.0932444Z     },
2026-10-04T01:06:40.0932622Z     {
2026-10-04T01:06:40.0932990Z       "mutation": "automatically-match-with-unread-potential-duplicates",
2026-10-04T01:06:40.0933414Z       "detected": true
2026-10-04T01:06:40.0933865Z     },
2026-10-04T01:06:40.0934084Z     {
2026-10-04T01:06:40.0934349Z       "mutation": "reverse-source-sign",
2026-10-04T01:06:40.0934672Z       "detected": true
2026-10-04T01:06:40.0934902Z     },
2026-10-04T01:06:40.0935081Z     {
2026-10-04T01:06:40.0935455Z       "mutation": "typed-short-disable-required-positive-proof",
2026-10-04T01:06:40.0935820Z       "detected": true
2026-10-04T01:06:40.0936050Z     },
2026-10-04T01:06:40.0936235Z     {
2026-10-04T01:06:40.0936649Z       "mutation": "typed-short-use-original-invoice-number-as-credit-note-number",
2026-10-04T01:06:40.0937107Z       "detected": true
2026-10-04T01:06:40.0937331Z     },
2026-10-04T01:06:40.0937507Z     {
2026-10-04T01:06:40.0937819Z       "mutation": "f03-silent-unmatched-unverified-identity",
2026-10-04T01:06:40.0938156Z       "detected": true
2026-10-04T01:06:40.0938392Z     },
2026-10-04T01:06:40.0938572Z     {
2026-10-04T01:06:40.0938860Z       "mutation": "p5-disable-utf8-evidence-budget",
2026-10-04T01:06:40.0939185Z       "detected": true
2026-10-04T01:06:40.0939422Z     }
2026-10-04T01:06:40.0939601Z   ]
2026-10-04T01:06:40.0939785Z }
2026-10-04T01:06:40.1175981Z Post job cleanup.
2026-10-04T01:06:40.2418207Z (node:15049) [DEP0040] DeprecationWarning: The `punycode` module is deprecated. Please use a userland alternative instead.
2026-10-04T01:06:40.2419299Z (Use `node --trace-deprecation ...` to show where the warning was created)
2026-10-04T01:06:40.2422630Z Cache hit occurred on the primary key node-cache-Linux-x64-pnpm-970ff90c8c5b62d936b78a56179f81cdf02982feb14381f8bba791078d20d9fe, not saving cache.
2026-10-04T01:06:40.2533507Z Post job cleanup.
2026-10-04T01:06:40.4008351Z Pruning is unnecessary.
2026-10-04T01:06:40.4239810Z Post job cleanup.
2026-10-04T01:06:40.5654046Z [command]/usr/bin/git version
2026-10-04T01:06:40.5710298Z git version 2.55.0
2026-10-04T01:06:40.5766966Z Temporarily overriding HOME='/home/runner/work/_temp/73c0bb07-3451-488b-aea5-f6a0512c9885' before making global git config changes
2026-10-04T01:06:40.5768766Z Adding repository directory to the temporary git global config as a safe directory
2026-10-04T01:06:40.5773793Z [command]/usr/bin/git config --global --add safe.directory /home/runner/work/accounting/accounting
2026-10-04T01:06:40.5824816Z [command]/usr/bin/git config --local --name-only --get-regexp core\.sshCommand
2026-10-04T01:06:40.5862684Z [command]/usr/bin/git submodule foreach --recursive sh -c "git config --local --name-only --get-regexp 'core\.sshCommand' && git config --local --unset-all 'core.sshCommand' || :"
2026-10-04T01:06:40.6109187Z [command]/usr/bin/git config --local --name-only --get-regexp http\.https\:\/\/github\.com\/\.extraheader
2026-10-04T01:06:40.6139844Z http.https://github.com/.extraheader
2026-10-04T01:06:40.6151055Z [command]/usr/bin/git config --local --unset-all http.https://github.com/.extraheader
2026-10-04T01:06:40.6187343Z [command]/usr/bin/git submodule foreach --recursive sh -c "git config --local --name-only --get-regexp 'http\.https\:\/\/github\.com\/\.extraheader' && git config --local --unset-all 'http.https://github.com/.extraheader' || :"
2026-10-04T01:06:40.6446321Z [command]/usr/bin/git config --local --name-only --get-regexp ^includeIf\.gitdir:
2026-10-04T01:06:40.6517025Z [command]/usr/bin/git submodule foreach --recursive git config --local --show-origin --name-only --get-regexp remote.origin.url
2026-10-04T01:06:40.6983965Z Cleaning up orphan processes
2026-10-04T01:06:40.7296988Z ##[warning]Node.js 20 is deprecated. The following actions target Node.js 20 but are being forced to run on Node.js 24: actions/checkout@11d5960a326750d5838078e36cf38b85af677262, actions/setup-node@49933ea5288caeca8642d1e84afbd3f7d6820020, pnpm/action-setup@b906affcce14559ad1aafd4ab0e942779e9f58b1. For more information see: https://github.blog/changelog/2025-09-19-deprecation-of-node-20-on-github-actions-runners/
