2026-10-04T00:51:18.9004164Z Current runner version: '2.337.0'
2026-10-04T00:51:18.9030204Z ##[group]Runner Image Provisioner
2026-10-04T00:51:18.9031162Z Hosted Compute Agent
2026-10-04T00:51:18.9031835Z Version: 20260901.588
2026-10-04T00:51:18.9032523Z Commit: f88ec8081b781fac6c440065ac7ff9e710ce3d0b
2026-10-04T00:51:18.9033261Z Build Date: 2026-09-01T19:56:44Z
2026-10-04T00:51:18.9033972Z Worker ID: {5192f82a-6445-47e2-a6ec-11d8dc38aea6}
2026-10-04T00:51:18.9035120Z Azure Region: eastus2
2026-10-04T00:51:18.9035803Z ##[endgroup]
2026-10-04T00:51:18.9037455Z ##[group]Operating System
2026-10-04T00:51:18.9038394Z Ubuntu
2026-10-04T00:51:18.9039111Z 24.04.5
2026-10-04T00:51:18.9039757Z LTS
2026-10-04T00:51:18.9040350Z ##[endgroup]
2026-10-04T00:51:18.9040961Z ##[group]Runner Image
2026-10-04T00:51:18.9041632Z Image: ubuntu-24.04
2026-10-04T00:51:18.9042196Z Version: 20260927.320.1
2026-10-04T00:51:18.9043534Z Included Software: https://github.com/actions/runner-images/blob/ubuntu24/20260927.320/images/ubuntu/Ubuntu2404-Readme.md
2026-10-04T00:51:18.9045657Z Image Release: https://github.com/actions/runner-images/releases/tag/ubuntu24%2F20260927.320
2026-10-04T00:51:18.9046634Z ##[endgroup]
2026-10-04T00:51:18.9047871Z ##[group]GITHUB_TOKEN Permissions
2026-10-04T00:51:18.9050480Z Contents: read
2026-10-04T00:51:18.9051224Z Metadata: read
2026-10-04T00:51:18.9051796Z ##[endgroup]
2026-10-04T00:51:18.9054083Z Secret source: Actions
2026-10-04T00:51:18.9055062Z Cache mode: write
2026-10-04T00:51:18.9056300Z Prepare workflow directory
2026-10-04T00:51:18.9397546Z Prepare all required actions
2026-10-04T00:51:18.9446671Z Getting action download info
2026-10-04T00:51:19.1887600Z Download action repository 'actions/checkout@11d5960a326750d5838078e36cf38b85af677262' (SHA:11d5960a326750d5838078e36cf38b85af677262)
2026-10-04T00:51:19.3011750Z Download action repository 'pnpm/action-setup@b906affcce14559ad1aafd4ab0e942779e9f58b1' (SHA:b906affcce14559ad1aafd4ab0e942779e9f58b1)
2026-10-04T00:51:19.5222525Z Download action repository 'actions/setup-node@49933ea5288caeca8642d1e84afbd3f7d6820020' (SHA:49933ea5288caeca8642d1e84afbd3f7d6820020)
2026-10-04T00:51:19.7146236Z Complete job name: Accounting mutation gate (5/6)
2026-10-04T00:51:19.7925381Z ##[group]Run actions/checkout@11d5960a326750d5838078e36cf38b85af677262
2026-10-04T00:51:19.7926462Z with:
2026-10-04T00:51:19.7926940Z   repository: mjodshamrani-ux/accounting
2026-10-04T00:51:19.7930888Z   token: ***
2026-10-04T00:51:19.7931329Z   ssh-strict: true
2026-10-04T00:51:19.7931770Z   ssh-user: git
2026-10-04T00:51:19.7932216Z   persist-credentials: true
2026-10-04T00:51:19.7932713Z   clean: true
2026-10-04T00:51:19.7933153Z   sparse-checkout-cone-mode: true
2026-10-04T00:51:19.7933670Z   fetch-depth: 1
2026-10-04T00:51:19.7934094Z   fetch-tags: false
2026-10-04T00:51:19.7934531Z   show-progress: true
2026-10-04T00:51:19.7934977Z   lfs: false
2026-10-04T00:51:19.7935402Z   submodules: false
2026-10-04T00:51:19.7935857Z   set-safe-directory: true
2026-10-04T00:51:19.7936421Z   allow-unsafe-pr-checkout: false
2026-10-04T00:51:19.7937255Z ##[endgroup]
2026-10-04T00:51:19.9008705Z Syncing repository: mjodshamrani-ux/accounting
2026-10-04T00:51:19.9011734Z ##[group]Getting Git version info
2026-10-04T00:51:19.9012915Z Working directory is '/home/runner/work/accounting/accounting'
2026-10-04T00:51:19.9014608Z [command]/usr/bin/git version
2026-10-04T00:51:19.9098354Z git version 2.55.0
2026-10-04T00:51:19.9149982Z ##[endgroup]
2026-10-04T00:51:19.9200752Z Temporarily overriding HOME='/home/runner/work/_temp/6eaa741d-9553-4119-8221-7bffb9a4a11e' before making global git config changes
2026-10-04T00:51:19.9203609Z Adding repository directory to the temporary git global config as a safe directory
2026-10-04T00:51:19.9205894Z [command]/usr/bin/git config --global --add safe.directory /home/runner/work/accounting/accounting
2026-10-04T00:51:19.9251734Z Deleting the contents of '/home/runner/work/accounting/accounting'
2026-10-04T00:51:19.9257737Z ##[group]Initializing the repository
2026-10-04T00:51:19.9263588Z [command]/usr/bin/git init /home/runner/work/accounting/accounting
2026-10-04T00:51:19.9403708Z hint: Using 'master' as the name for the initial branch. This default branch name
2026-10-04T00:51:19.9405061Z hint: will change to "main" in Git 3.0. To configure the initial branch name
2026-10-04T00:51:19.9411984Z hint: to use in all of your new repositories, which will suppress this warning,
2026-10-04T00:51:19.9413696Z hint: call:
2026-10-04T00:51:19.9414705Z hint:
2026-10-04T00:51:19.9415858Z hint: 	git config --global init.defaultBranch <name>
2026-10-04T00:51:19.9417314Z hint:
2026-10-04T00:51:19.9418581Z hint: Names commonly chosen instead of 'master' are 'main', 'trunk' and
2026-10-04T00:51:19.9420667Z hint: 'development'. The just-created branch can be renamed via this command:
2026-10-04T00:51:19.9422886Z hint:
2026-10-04T00:51:19.9424007Z hint: 	git branch -m <name>
2026-10-04T00:51:19.9425135Z hint:
2026-10-04T00:51:19.9426694Z hint: Disable this message with "git config set advice.defaultBranchName false"
2026-10-04T00:51:19.9429239Z Initialized empty Git repository in /home/runner/work/accounting/accounting/.git/
2026-10-04T00:51:19.9432867Z [command]/usr/bin/git remote add origin https://github.com/mjodshamrani-ux/accounting
2026-10-04T00:51:19.9481706Z ##[endgroup]
2026-10-04T00:51:19.9482919Z ##[group]Disabling automatic garbage collection
2026-10-04T00:51:19.9484794Z [command]/usr/bin/git config --local gc.auto 0
2026-10-04T00:51:19.9520850Z ##[endgroup]
2026-10-04T00:51:19.9522625Z ##[group]Setting up auth
2026-10-04T00:51:19.9531373Z [command]/usr/bin/git config --local --name-only --get-regexp core\.sshCommand
2026-10-04T00:51:19.9579254Z [command]/usr/bin/git submodule foreach --recursive sh -c "git config --local --name-only --get-regexp 'core\.sshCommand' && git config --local --unset-all 'core.sshCommand' || :"
2026-10-04T00:51:19.9980274Z [command]/usr/bin/git config --local --name-only --get-regexp http\.https\:\/\/github\.com\/\.extraheader
2026-10-04T00:51:20.0040974Z [command]/usr/bin/git submodule foreach --recursive sh -c "git config --local --name-only --get-regexp 'http\.https\:\/\/github\.com\/\.extraheader' && git config --local --unset-all 'http.https://github.com/.extraheader' || :"
2026-10-04T00:51:20.0309484Z [command]/usr/bin/git config --local --name-only --get-regexp ^includeIf\.gitdir:
2026-10-04T00:51:20.0353813Z [command]/usr/bin/git submodule foreach --recursive git config --local --show-origin --name-only --get-regexp remote.origin.url
2026-10-04T00:51:20.0608499Z [command]/usr/bin/git config --local http.https://github.com/.extraheader AUTHORIZATION: basic ***
2026-10-04T00:51:20.0650814Z ##[endgroup]
2026-10-04T00:51:20.0651647Z ##[group]Fetching the repository
2026-10-04T00:51:20.0663180Z [command]/usr/bin/git -c protocol.version=2 fetch --no-tags --prune --no-recurse-submodules --depth=1 origin +dafde6dec43ba33f47519b63eb74673fbd63a0c1:refs/remotes/origin/main
2026-10-04T00:51:21.2676072Z From https://github.com/mjodshamrani-ux/accounting
2026-10-04T00:51:21.2678154Z  * [new ref]         dafde6dec43ba33f47519b63eb74673fbd63a0c1 -> origin/main
2026-10-04T00:51:21.2682284Z ##[endgroup]
2026-10-04T00:51:21.2684116Z ##[group]Determining the checkout info
2026-10-04T00:51:21.2686080Z ##[endgroup]
2026-10-04T00:51:21.2710211Z [command]/usr/bin/git sparse-checkout disable
2026-10-04T00:51:21.2760577Z [command]/usr/bin/git config --local --unset-all extensions.worktreeConfig
2026-10-04T00:51:21.2799458Z ##[group]Checking out the ref
2026-10-04T00:51:21.2814665Z [command]/usr/bin/git checkout --progress --force -B main refs/remotes/origin/main
2026-10-04T00:51:21.6694232Z Switched to a new branch 'main'
2026-10-04T00:51:21.6700610Z branch 'main' set up to track 'origin/main'.
2026-10-04T00:51:21.6728725Z ##[endgroup]
2026-10-04T00:51:21.6784459Z [command]/usr/bin/git log -1 --format=%H
2026-10-04T00:51:21.6811981Z dafde6dec43ba33f47519b63eb74673fbd63a0c1
2026-10-04T00:51:21.7069486Z ##[group]Run pnpm/action-setup@b906affcce14559ad1aafd4ab0e942779e9f58b1
2026-10-04T00:51:21.7070038Z with:
2026-10-04T00:51:21.7070554Z   version: 11.19.0
2026-10-04T00:51:21.7070820Z   dest: ~/setup-pnpm
2026-10-04T00:51:21.7071072Z   run_install: null
2026-10-04T00:51:21.7071325Z   cache: false
2026-10-04T00:51:21.7071590Z   cache_dependency_path: pnpm-lock.yaml
2026-10-04T00:51:21.7071925Z   package_json_file: package.json
2026-10-04T00:51:21.7072224Z   standalone: false
2026-10-04T00:51:21.7072473Z ##[endgroup]
2026-10-04T00:51:21.8569857Z ##[group]Running self-installer...
2026-10-04T00:51:22.2707213Z (node:2316) [DEP0169] DeprecationWarning: `url.parse()` behavior is not standardized and prone to errors that have security implications. Use the WHATWG URL API instead. CVEs are not issued for `url.parse()` vulnerabilities.
2026-10-04T00:51:22.2709699Z (Use `node --trace-deprecation ...` to show where the warning was created)
2026-10-04T00:51:22.4369888Z Progress: resolved 1, reused 0, downloaded 0, added 0
2026-10-04T00:51:22.4485040Z Packages: +1
2026-10-04T00:51:22.4485994Z +
2026-10-04T00:51:22.8900132Z Progress: resolved 1, reused 0, downloaded 1, added 1, done
2026-10-04T00:51:22.9181807Z 
2026-10-04T00:51:22.9183043Z dependencies:
2026-10-04T00:51:22.9192784Z + pnpm 11.19.0 (12.9.1 is available)
2026-10-04T00:51:22.9193245Z 
2026-10-04T00:51:22.9210310Z Done in 881ms
2026-10-04T00:51:23.0444820Z ##[endgroup]
2026-10-04T00:51:23.0445477Z Installation Completed!
2026-10-04T00:51:23.0655885Z ##[group]Run actions/setup-node@49933ea5288caeca8642d1e84afbd3f7d6820020
2026-10-04T00:51:23.0656333Z with:
2026-10-04T00:51:23.0656541Z   node-version: 24
2026-10-04T00:51:23.0656759Z   cache: pnpm
2026-10-04T00:51:23.0656990Z   always-auth: false
2026-10-04T00:51:23.0657215Z   check-latest: false
2026-10-04T00:51:23.0659955Z   token: ***
2026-10-04T00:51:23.0660168Z env:
2026-10-04T00:51:23.0660456Z   PNPM_HOME: /home/runner/setup-pnpm/node_modules/.bin
2026-10-04T00:51:23.0660784Z ##[endgroup]
2026-10-04T00:51:23.2127234Z Found in cache @ /opt/hostedtoolcache/node/24.21.0/x64
2026-10-04T00:51:23.2132491Z (node:2331) [DEP0040] DeprecationWarning: The `punycode` module is deprecated. Please use a userland alternative instead.
2026-10-04T00:51:23.2133416Z (Use `node --trace-deprecation ...` to show where the warning was created)
2026-10-04T00:51:23.2136001Z ##[group]Environment details
2026-10-04T00:51:23.6479214Z node: v24.21.0
2026-10-04T00:51:23.6479736Z npm: 11.19.0
2026-10-04T00:51:23.6480218Z yarn: 1.22.22
2026-10-04T00:51:23.6481302Z ##[endgroup]
2026-10-04T00:51:23.6552435Z [command]/home/runner/setup-pnpm/node_modules/.bin/pnpm store path --silent
2026-10-04T00:51:24.2861089Z /home/runner/setup-pnpm/node_modules/.bin/store/v11
2026-10-04T00:51:24.3785828Z Cache hit for: node-cache-Linux-x64-pnpm-970ff90c8c5b62d936b78a56179f81cdf02982feb14381f8bba791078d20d9fe
2026-10-04T00:51:24.3893518Z (node:2331) [DEP0169] DeprecationWarning: `url.parse()` behavior is not standardized and prone to errors that have security implications. Use the WHATWG URL API instead. CVEs are not issued for `url.parse()` vulnerabilities.
2026-10-04T00:51:24.9381106Z Received 118816928 of 118816928 (100.0%), 222.6 MBs/sec
2026-10-04T00:51:24.9382372Z Cache Size: ~113 MB (118816928 B)
2026-10-04T00:51:24.9422098Z [command]/usr/bin/tar -xf /home/runner/work/_temp/6158de97-dfae-4963-8be6-0b3028d17fb0/cache.tzst -P -C /home/runner/work/accounting/accounting --use-compress-program unzstd
2026-10-04T00:51:26.5041273Z Cache restored successfully
2026-10-04T00:51:26.5101782Z Cache restored from key: node-cache-Linux-x64-pnpm-970ff90c8c5b62d936b78a56179f81cdf02982feb14381f8bba791078d20d9fe
2026-10-04T00:51:26.5326590Z ##[group]Run pnpm install --frozen-lockfile
2026-10-04T00:51:26.5327017Z [36;1mpnpm install --frozen-lockfile[0m
2026-10-04T00:51:26.5629863Z shell: /usr/bin/bash -e {0}
2026-10-04T00:51:26.5630234Z env:
2026-10-04T00:51:26.5630603Z   PNPM_HOME: /home/runner/setup-pnpm/node_modules/.bin
2026-10-04T00:51:26.5631058Z ##[endgroup]
2026-10-04T00:51:27.1033620Z ? Verifying lockfile against supply-chain policies (367 entries)...
2026-10-04T00:51:27.1107672Z Lockfile is up to date, resolution step is skipped
2026-10-04T00:51:27.2296894Z Progress: resolved 1, reused 0, downloaded 0, added 0
2026-10-04T00:51:27.2990309Z Packages: +249
2026-10-04T00:51:27.3000493Z ++++++++++++++++++++++++++++++++++++++++++++++++++++++++++++++++++++++++++++++++
2026-10-04T00:51:28.1309630Z Packages are hard linked from the content-addressable store to the virtual store.
2026-10-04T00:51:28.1311367Z   Content-addressable store is at: /home/runner/setup-pnpm/node_modules/.bin/store/v11
2026-10-04T00:51:28.1314494Z   Virtual store is at:             node_modules/.pnpm
2026-10-04T00:51:28.2380506Z Progress: resolved 249, reused 249, downloaded 0, added 10
2026-10-04T00:51:28.8386523Z Progress: resolved 249, reused 249, downloaded 0, added 249, done
2026-10-04T00:51:29.8427746Z ✓ Lockfile passes supply-chain policies (367 entries in 2.7s)
2026-10-04T00:51:29.9028126Z 
2026-10-04T00:51:29.9028730Z dependencies:
2026-10-04T00:51:29.9029510Z + @base-ui/react 1.7.0
2026-10-04T00:51:29.9030074Z + @shadcn/react 0.3.0
2026-10-04T00:51:29.9030747Z + @tesseract.js-data/ara 1.0.0
2026-10-04T00:51:29.9031413Z + @tesseract.js-data/eng 1.0.0
2026-10-04T00:51:29.9032089Z + class-variance-authority 0.7.1
2026-10-04T00:51:29.9032654Z + clsx 2.1.1
2026-10-04T00:51:29.9033052Z + cmdk 1.1.1
2026-10-04T00:51:29.9033510Z + date-fns 4.1.0
2026-10-04T00:51:29.9034097Z + embla-carousel-react 8.5.2
2026-10-04T00:51:29.9035083Z + exceljs 4.4.0
2026-10-04T00:51:29.9035572Z + input-otp 1.4.2
2026-10-04T00:51:29.9036059Z + jszip 3.10.1
2026-10-04T00:51:29.9036566Z + lucide-react 1.31.0
2026-10-04T00:51:29.9036993Z + react 19.2.6
2026-10-04T00:51:29.9037443Z + react-day-picker 9.8.1
2026-10-04T00:51:29.9037936Z + react-dom 19.2.6
2026-10-04T00:51:29.9038439Z + react-resizable-panels 4.5.8
2026-10-04T00:51:29.9039211Z + recharts 3.8.0
2026-10-04T00:51:29.9039658Z + saxes 5.0.1
2026-10-04T00:51:29.9040091Z + tailwind-merge 3.6.0
2026-10-04T00:51:29.9040625Z + tesseract.js 7.0.0
2026-10-04T00:51:29.9041064Z + tw-animate-css 1.4.0
2026-10-04T00:51:29.9041489Z + unpdf 1.8.1
2026-10-04T00:51:29.9041713Z 
2026-10-04T00:51:29.9041852Z devDependencies:
2026-10-04T00:51:29.9042263Z + @tailwindcss/postcss 4.2.1
2026-10-04T00:51:29.9042764Z + @types/node 22.19.19
2026-10-04T00:51:29.9043086Z + @types/react 19.2.14
2026-10-04T00:51:29.9043493Z + @types/react-dom 19.2.3
2026-10-04T00:51:29.9043967Z + @vitejs/plugin-react 6.0.2
2026-10-04T00:51:29.9044256Z + oxfmt 0.61.0
2026-10-04T00:51:29.9044486Z + oxlint 1.76.0
2026-10-04T00:51:29.9044839Z + oxlint-tsgolint 7.0.2001
2026-10-04T00:51:29.9045323Z + playwright 1.62.1
2026-10-04T00:51:29.9045768Z + tailwindcss 4.2.1
2026-10-04T00:51:29.9046237Z + typescript 5.9.3
2026-10-04T00:51:29.9046630Z + vite 8.0.16
2026-10-04T00:51:29.9046763Z 
2026-10-04T00:51:29.9455529Z Done in 3.3s using pnpm v11.19.0
2026-10-04T00:51:29.9999891Z ##[group]Run pnpm test:mutations
2026-10-04T00:51:30.0000286Z [36;1mpnpm test:mutations[0m
2026-10-04T00:51:30.0069369Z shell: /usr/bin/bash -e {0}
2026-10-04T00:51:30.0069705Z env:
2026-10-04T00:51:30.0070012Z   PNPM_HOME: /home/runner/setup-pnpm/node_modules/.bin
2026-10-04T00:51:30.0070381Z   MUTATION_SHARD: 5/6
2026-10-04T00:51:30.0070634Z ##[endgroup]
2026-10-04T00:51:30.9712349Z Already up to date
2026-10-04T00:51:30.9721040Z Done in 471ms using pnpm v11.19.0
2026-10-04T00:51:30.9884920Z $ node scripts/test-mutations.mjs
2026-10-04T00:52:51.3113039Z Detected deliberate fault: p6-source-accept-missing-currency-proof
2026-10-04T00:53:31.0717905Z Detected deliberate fault: p6-table-ignore-known-unassigned-crops
2026-10-04T00:54:10.9777999Z Detected deliberate fault: p6-accept-outside-image-manual-region
2026-10-04T00:54:51.2410623Z Detected deliberate fault: f02-discard-excluded-movement-membership
2026-10-04T00:55:31.3831550Z Detected deliberate fault: partial-ignore-isolated-error-membership
2026-10-04T00:56:11.8457328Z Detected deliberate fault: p2-waive-voucher-conflicts-without-a-certified-document-partition
2026-10-04T00:56:52.3595292Z Detected deliberate fault: p2-ignore-whole-group-date-span
2026-10-04T00:57:32.1282996Z Detected deliberate fault: p1-disable-document-pair-resolution
2026-10-04T00:58:11.9758707Z Detected deliberate fault: p1-restore-a-rejected-document-pair
2026-10-04T00:58:52.2683647Z Detected deliberate fault: hard-t01-read-any-label-ending-in-invoice
2026-10-04T00:59:32.4430678Z Detected deliberate fault: hard-s01-drop-a-source-without-a-role
2026-10-04T01:00:12.3500521Z Detected deliberate fault: v11-let-a-document-number-outvote-the-chosen-references
2026-10-04T01:00:51.9916340Z Detected deliberate fault: 045-ignore-declared-aging-report
2026-10-04T01:01:32.1377270Z Detected deliberate fault: reuse-an-ai-column-proposal-after-settings-change
2026-10-04T01:02:11.8641899Z Detected deliberate fault: ignore-xlsx-overwritten-cell-addresses
2026-10-04T01:02:50.9301833Z Detected deliberate fault: count-total-rows-as-transactions
2026-10-04T01:03:30.4055336Z Detected deliberate fault: prove-direction-from-a-single-movement
2026-10-04T01:04:09.4827214Z Detected deliberate fault: ignore-reference-duplicates
2026-10-04T01:04:48.1573016Z Detected deliberate fault: typed-short-ignore-canonical-type-sign
2026-10-04T01:05:27.5177648Z Detected deliberate fault: f03-promote-related-invoice-discriminator
2026-10-04T01:06:07.0464100Z Detected deliberate fault: p5-bypass-canonical-explanation-check
2026-10-04T01:06:45.0620111Z Detected deliberate fault: corrupt-exported-amount
2026-10-04T01:06:45.1304321Z {
2026-10-04T01:06:45.1304745Z   "baselinePassed": true,
2026-10-04T01:06:45.1305151Z   "detected": 22,
2026-10-04T01:06:45.1305409Z   "total": 22,
2026-10-04T01:06:45.1305696Z   "available": 131,
2026-10-04T01:06:45.1305920Z   "shard": {
2026-10-04T01:06:45.1306136Z     "index": 5,
2026-10-04T01:06:45.1306342Z     "count": 6
2026-10-04T01:06:45.1306537Z   },
2026-10-04T01:06:45.1306751Z   "mutations": [
2026-10-04T01:06:45.1306998Z     {
2026-10-04T01:06:45.1307336Z       "mutation": "p6-source-accept-missing-currency-proof",
2026-10-04T01:06:45.1307694Z       "detected": true
2026-10-04T01:06:45.1307960Z     },
2026-10-04T01:06:45.1308147Z     {
2026-10-04T01:06:45.1308448Z       "mutation": "p6-table-ignore-known-unassigned-crops",
2026-10-04T01:06:45.1308824Z       "detected": true
2026-10-04T01:06:45.1309321Z     },
2026-10-04T01:06:45.1309514Z     {
2026-10-04T01:06:45.1309810Z       "mutation": "p6-accept-outside-image-manual-region",
2026-10-04T01:06:45.1310140Z       "detected": true
2026-10-04T01:06:45.1310374Z     },
2026-10-04T01:06:45.1310558Z     {
2026-10-04T01:06:45.1310865Z       "mutation": "f02-discard-excluded-movement-membership",
2026-10-04T01:06:45.1311249Z       "detected": true
2026-10-04T01:06:45.1311458Z     },
2026-10-04T01:06:45.1311655Z     {
2026-10-04T01:06:45.1311990Z       "mutation": "partial-ignore-isolated-error-membership",
2026-10-04T01:06:45.1312684Z       "detected": true
2026-10-04T01:06:45.1312942Z     },
2026-10-04T01:06:45.1313125Z     {
2026-10-04T01:06:45.1313579Z       "mutation": "p2-waive-voucher-conflicts-without-a-certified-document-partition",
2026-10-04T01:06:45.1314087Z       "detected": true
2026-10-04T01:06:45.1314325Z     },
2026-10-04T01:06:45.1314504Z     {
2026-10-04T01:06:45.1314803Z       "mutation": "p2-ignore-whole-group-date-span",
2026-10-04T01:06:45.1315134Z       "detected": true
2026-10-04T01:06:45.1315342Z     },
2026-10-04T01:06:45.1315521Z     {
2026-10-04T01:06:45.1315820Z       "mutation": "p1-disable-document-pair-resolution",
2026-10-04T01:06:45.1316140Z       "detected": true
2026-10-04T01:06:45.1316371Z     },
2026-10-04T01:06:45.1316546Z     {
2026-10-04T01:06:45.1316819Z       "mutation": "p1-restore-a-rejected-document-pair",
2026-10-04T01:06:45.1317164Z       "detected": true
2026-10-04T01:06:45.1317377Z     },
2026-10-04T01:06:45.1317554Z     {
2026-10-04T01:06:45.1317881Z       "mutation": "hard-t01-read-any-label-ending-in-invoice",
2026-10-04T01:06:45.1318235Z       "detected": true
2026-10-04T01:06:45.1318438Z     },
2026-10-04T01:06:45.1318635Z     {
2026-10-04T01:06:45.1319243Z       "mutation": "hard-s01-drop-a-source-without-a-role",
2026-10-04T01:06:45.1319962Z       "detected": true
2026-10-04T01:06:45.1320235Z     },
2026-10-04T01:06:45.1320426Z     {
2026-10-04T01:06:45.1320833Z       "mutation": "v11-let-a-document-number-outvote-the-chosen-references",
2026-10-04T01:06:45.1321280Z       "detected": true
2026-10-04T01:06:45.1321498Z     },
2026-10-04T01:06:45.1321681Z     {
2026-10-04T01:06:45.1321974Z       "mutation": "045-ignore-declared-aging-report",
2026-10-04T01:06:45.1322351Z       "detected": true
2026-10-04T01:06:45.1322569Z     },
2026-10-04T01:06:45.1322766Z     {
2026-10-04T01:06:45.1323126Z       "mutation": "reuse-an-ai-column-proposal-after-settings-change",
2026-10-04T01:06:45.1323562Z       "detected": true
2026-10-04T01:06:45.1323833Z     },
2026-10-04T01:06:45.1324031Z     {
2026-10-04T01:06:45.1324332Z       "mutation": "ignore-xlsx-overwritten-cell-addresses",
2026-10-04T01:06:45.1324688Z       "detected": true
2026-10-04T01:06:45.1324894Z     },
2026-10-04T01:06:45.1325132Z     {
2026-10-04T01:06:45.1325394Z       "mutation": "count-total-rows-as-transactions",
2026-10-04T01:06:45.1325729Z       "detected": true
2026-10-04T01:06:45.1325934Z     },
2026-10-04T01:06:45.1326136Z     {
2026-10-04T01:06:45.1326439Z       "mutation": "prove-direction-from-a-single-movement",
2026-10-04T01:06:45.1326774Z       "detected": true
2026-10-04T01:06:45.1327004Z     },
2026-10-04T01:06:45.1327178Z     {
2026-10-04T01:06:45.1327459Z       "mutation": "ignore-reference-duplicates",
2026-10-04T01:06:45.1327784Z       "detected": true
2026-10-04T01:06:45.1327990Z     },
2026-10-04T01:06:45.1328185Z     {
2026-10-04T01:06:45.1328476Z       "mutation": "typed-short-ignore-canonical-type-sign",
2026-10-04T01:06:45.1328830Z       "detected": true
2026-10-04T01:06:45.1329640Z     },
2026-10-04T01:06:45.1329869Z     {
2026-10-04T01:06:45.1330190Z       "mutation": "f03-promote-related-invoice-discriminator",
2026-10-04T01:06:45.1330580Z       "detected": true
2026-10-04T01:06:45.1330816Z     },
2026-10-04T01:06:45.1331006Z     {
2026-10-04T01:06:45.1331324Z       "mutation": "p5-bypass-canonical-explanation-check",
2026-10-04T01:06:45.1331662Z       "detected": true
2026-10-04T01:06:45.1331890Z     },
2026-10-04T01:06:45.1332070Z     {
2026-10-04T01:06:45.1332330Z       "mutation": "corrupt-exported-amount",
2026-10-04T01:06:45.1332623Z       "detected": true
2026-10-04T01:06:45.1332850Z     }
2026-10-04T01:06:45.1333025Z   ]
2026-10-04T01:06:45.1333199Z }
2026-10-04T01:06:45.1570595Z Post job cleanup.
2026-10-04T01:06:45.2762106Z (node:15068) [DEP0040] DeprecationWarning: The `punycode` module is deprecated. Please use a userland alternative instead.
2026-10-04T01:06:45.2763194Z (Use `node --trace-deprecation ...` to show where the warning was created)
2026-10-04T01:06:45.2766069Z Cache hit occurred on the primary key node-cache-Linux-x64-pnpm-970ff90c8c5b62d936b78a56179f81cdf02982feb14381f8bba791078d20d9fe, not saving cache.
2026-10-04T01:06:45.2866418Z Post job cleanup.
2026-10-04T01:06:45.4428582Z Pruning is unnecessary.
2026-10-04T01:06:45.4652940Z Post job cleanup.
2026-10-04T01:06:45.5679767Z [command]/usr/bin/git version
2026-10-04T01:06:45.5725200Z git version 2.55.0
2026-10-04T01:06:45.5773253Z Temporarily overriding HOME='/home/runner/work/_temp/67f7c633-3f82-4a92-b8e8-2d2974662f3b' before making global git config changes
2026-10-04T01:06:45.5776362Z Adding repository directory to the temporary git global config as a safe directory
2026-10-04T01:06:45.5781942Z [command]/usr/bin/git config --global --add safe.directory /home/runner/work/accounting/accounting
2026-10-04T01:06:45.5830943Z [command]/usr/bin/git config --local --name-only --get-regexp core\.sshCommand
2026-10-04T01:06:45.5879849Z [command]/usr/bin/git submodule foreach --recursive sh -c "git config --local --name-only --get-regexp 'core\.sshCommand' && git config --local --unset-all 'core.sshCommand' || :"
2026-10-04T01:06:45.6207017Z [command]/usr/bin/git config --local --name-only --get-regexp http\.https\:\/\/github\.com\/\.extraheader
2026-10-04T01:06:45.6239204Z http.https://github.com/.extraheader
2026-10-04T01:06:45.6252028Z [command]/usr/bin/git config --local --unset-all http.https://github.com/.extraheader
2026-10-04T01:06:45.6323703Z [command]/usr/bin/git submodule foreach --recursive sh -c "git config --local --name-only --get-regexp 'http\.https\:\/\/github\.com\/\.extraheader' && git config --local --unset-all 'http.https://github.com/.extraheader' || :"
2026-10-04T01:06:45.6666398Z [command]/usr/bin/git config --local --name-only --get-regexp ^includeIf\.gitdir:
2026-10-04T01:06:45.6713271Z [command]/usr/bin/git submodule foreach --recursive git config --local --show-origin --name-only --get-regexp remote.origin.url
2026-10-04T01:06:45.7146866Z Cleaning up orphan processes
2026-10-04T01:06:45.7480964Z ##[warning]Node.js 20 is deprecated. The following actions target Node.js 20 but are being forced to run on Node.js 24: actions/checkout@11d5960a326750d5838078e36cf38b85af677262, actions/setup-node@49933ea5288caeca8642d1e84afbd3f7d6820020, pnpm/action-setup@b906affcce14559ad1aafd4ab0e942779e9f58b1. For more information see: https://github.blog/changelog/2025-09-19-deprecation-of-node-20-on-github-actions-runners/
