2026-10-04T00:51:18.7869334Z Current runner version: '2.337.0'
2026-10-04T00:51:18.7895645Z ##[group]Runner Image Provisioner
2026-10-04T00:51:18.7896406Z Hosted Compute Agent
2026-10-04T00:51:18.7896897Z Version: 20260901.588
2026-10-04T00:51:18.7897406Z Commit: f88ec8081b781fac6c440065ac7ff9e710ce3d0b
2026-10-04T00:51:18.7898098Z Build Date: 2026-09-01T19:56:44Z
2026-10-04T00:51:18.7898648Z Worker ID: {78d20854-4439-45aa-879d-273d47fed3a2}
2026-10-04T00:51:18.7899239Z Azure Region: eastus
2026-10-04T00:51:18.7899763Z ##[endgroup]
2026-10-04T00:51:18.7900852Z ##[group]Operating System
2026-10-04T00:51:18.7901654Z Ubuntu
2026-10-04T00:51:18.7902088Z 24.04.5
2026-10-04T00:51:18.7902540Z LTS
2026-10-04T00:51:18.7902977Z ##[endgroup]
2026-10-04T00:51:18.7903429Z ##[group]Runner Image
2026-10-04T00:51:18.7903973Z Image: ubuntu-24.04
2026-10-04T00:51:18.7904444Z Version: 20260927.320.1
2026-10-04T00:51:18.7905511Z Included Software: https://github.com/actions/runner-images/blob/ubuntu24/20260927.320/images/ubuntu/Ubuntu2404-Readme.md
2026-10-04T00:51:18.7906748Z Image Release: https://github.com/actions/runner-images/releases/tag/ubuntu24%2F20260927.320
2026-10-04T00:51:18.7908691Z ##[endgroup]
2026-10-04T00:51:18.7910007Z ##[group]GITHUB_TOKEN Permissions
2026-10-04T00:51:18.7912339Z Contents: read
2026-10-04T00:51:18.7912872Z Metadata: read
2026-10-04T00:51:18.7913410Z ##[endgroup]
2026-10-04T00:51:18.7915127Z Secret source: Actions
2026-10-04T00:51:18.7915861Z Cache mode: write
2026-10-04T00:51:18.7916511Z Prepare workflow directory
2026-10-04T00:51:18.8665676Z Prepare all required actions
2026-10-04T00:51:18.8722339Z Getting action download info
2026-10-04T00:51:19.0407942Z Download action repository 'actions/checkout@11d5960a326750d5838078e36cf38b85af677262' (SHA:11d5960a326750d5838078e36cf38b85af677262)
2026-10-04T00:51:19.1688318Z Download action repository 'pnpm/action-setup@b906affcce14559ad1aafd4ab0e942779e9f58b1' (SHA:b906affcce14559ad1aafd4ab0e942779e9f58b1)
2026-10-04T00:51:19.3462484Z Download action repository 'actions/setup-node@49933ea5288caeca8642d1e84afbd3f7d6820020' (SHA:49933ea5288caeca8642d1e84afbd3f7d6820020)
2026-10-04T00:51:19.5467506Z Complete job name: Accounting mutation gate (3/6)
2026-10-04T00:51:19.6052729Z ##[group]Run actions/checkout@11d5960a326750d5838078e36cf38b85af677262
2026-10-04T00:51:19.6053515Z with:
2026-10-04T00:51:19.6053881Z   repository: mjodshamrani-ux/accounting
2026-10-04T00:51:19.6056835Z   token: ***
2026-10-04T00:51:19.6057187Z   ssh-strict: true
2026-10-04T00:51:19.6057593Z   ssh-user: git
2026-10-04T00:51:19.6057949Z   persist-credentials: true
2026-10-04T00:51:19.6058343Z   clean: true
2026-10-04T00:51:19.6058699Z   sparse-checkout-cone-mode: true
2026-10-04T00:51:19.6059119Z   fetch-depth: 1
2026-10-04T00:51:19.6059457Z   fetch-tags: false
2026-10-04T00:51:19.6059809Z   show-progress: true
2026-10-04T00:51:19.6060162Z   lfs: false
2026-10-04T00:51:19.6060488Z   submodules: false
2026-10-04T00:51:19.6060844Z   set-safe-directory: true
2026-10-04T00:51:19.6061232Z   allow-unsafe-pr-checkout: false
2026-10-04T00:51:19.6061930Z ##[endgroup]
2026-10-04T00:51:19.6862969Z Syncing repository: mjodshamrani-ux/accounting
2026-10-04T00:51:19.6864818Z ##[group]Getting Git version info
2026-10-04T00:51:19.6865415Z Working directory is '/home/runner/work/accounting/accounting'
2026-10-04T00:51:19.6866421Z [command]/usr/bin/git version
2026-10-04T00:51:19.6902958Z git version 2.55.0
2026-10-04T00:51:19.6919587Z ##[endgroup]
2026-10-04T00:51:19.6931749Z Temporarily overriding HOME='/home/runner/work/_temp/520d70da-13aa-4eda-a506-86325f7be17a' before making global git config changes
2026-10-04T00:51:19.6933423Z Adding repository directory to the temporary git global config as a safe directory
2026-10-04T00:51:19.6936105Z [command]/usr/bin/git config --global --add safe.directory /home/runner/work/accounting/accounting
2026-10-04T00:51:19.6986515Z Deleting the contents of '/home/runner/work/accounting/accounting'
2026-10-04T00:51:19.6991608Z ##[group]Initializing the repository
2026-10-04T00:51:19.6995401Z [command]/usr/bin/git init /home/runner/work/accounting/accounting
2026-10-04T00:51:19.7075286Z hint: Using 'master' as the name for the initial branch. This default branch name
2026-10-04T00:51:19.7076619Z hint: will change to "main" in Git 3.0. To configure the initial branch name
2026-10-04T00:51:19.7077824Z hint: to use in all of your new repositories, which will suppress this warning,
2026-10-04T00:51:19.7079120Z hint: call:
2026-10-04T00:51:19.7079631Z hint:
2026-10-04T00:51:19.7080281Z hint: 	git config --global init.defaultBranch <name>
2026-10-04T00:51:19.7081054Z hint:
2026-10-04T00:51:19.7081959Z hint: Names commonly chosen instead of 'master' are 'main', 'trunk' and
2026-10-04T00:51:19.7083153Z hint: 'development'. The just-created branch can be renamed via this command:
2026-10-04T00:51:19.7084105Z hint:
2026-10-04T00:51:19.7084619Z hint: 	git branch -m <name>
2026-10-04T00:51:19.7085206Z hint:
2026-10-04T00:51:19.7085998Z hint: Disable this message with "git config set advice.defaultBranchName false"
2026-10-04T00:51:19.7091654Z Initialized empty Git repository in /home/runner/work/accounting/accounting/.git/
2026-10-04T00:51:19.7101508Z [command]/usr/bin/git remote add origin https://github.com/mjodshamrani-ux/accounting
2026-10-04T00:51:19.7141536Z ##[endgroup]
2026-10-04T00:51:19.7142433Z ##[group]Disabling automatic garbage collection
2026-10-04T00:51:19.7145548Z [command]/usr/bin/git config --local gc.auto 0
2026-10-04T00:51:19.7174268Z ##[endgroup]
2026-10-04T00:51:19.7175107Z ##[group]Setting up auth
2026-10-04T00:51:19.7180430Z [command]/usr/bin/git config --local --name-only --get-regexp core\.sshCommand
2026-10-04T00:51:19.7207958Z [command]/usr/bin/git submodule foreach --recursive sh -c "git config --local --name-only --get-regexp 'core\.sshCommand' && git config --local --unset-all 'core.sshCommand' || :"
2026-10-04T00:51:19.7512091Z [command]/usr/bin/git config --local --name-only --get-regexp http\.https\:\/\/github\.com\/\.extraheader
2026-10-04T00:51:19.7540793Z [command]/usr/bin/git submodule foreach --recursive sh -c "git config --local --name-only --get-regexp 'http\.https\:\/\/github\.com\/\.extraheader' && git config --local --unset-all 'http.https://github.com/.extraheader' || :"
2026-10-04T00:51:19.7761198Z [command]/usr/bin/git config --local --name-only --get-regexp ^includeIf\.gitdir:
2026-10-04T00:51:19.7794265Z [command]/usr/bin/git submodule foreach --recursive git config --local --show-origin --name-only --get-regexp remote.origin.url
2026-10-04T00:51:19.7990816Z [command]/usr/bin/git config --local http.https://github.com/.extraheader AUTHORIZATION: basic ***
2026-10-04T00:51:19.8029306Z ##[endgroup]
2026-10-04T00:51:19.8030247Z ##[group]Fetching the repository
2026-10-04T00:51:19.8038598Z [command]/usr/bin/git -c protocol.version=2 fetch --no-tags --prune --no-recurse-submodules --depth=1 origin +dafde6dec43ba33f47519b63eb74673fbd63a0c1:refs/remotes/origin/main
2026-10-04T00:51:21.0668816Z From https://github.com/mjodshamrani-ux/accounting
2026-10-04T00:51:21.0670295Z  * [new ref]         dafde6dec43ba33f47519b63eb74673fbd63a0c1 -> origin/main
2026-10-04T00:51:21.0673837Z ##[endgroup]
2026-10-04T00:51:21.0674914Z ##[group]Determining the checkout info
2026-10-04T00:51:21.0675706Z ##[endgroup]
2026-10-04T00:51:21.0679909Z [command]/usr/bin/git sparse-checkout disable
2026-10-04T00:51:21.0724213Z [command]/usr/bin/git config --local --unset-all extensions.worktreeConfig
2026-10-04T00:51:21.0752175Z ##[group]Checking out the ref
2026-10-04T00:51:21.0755397Z [command]/usr/bin/git checkout --progress --force -B main refs/remotes/origin/main
2026-10-04T00:51:21.3990846Z Switched to a new branch 'main'
2026-10-04T00:51:21.3992793Z branch 'main' set up to track 'origin/main'.
2026-10-04T00:51:21.4018258Z ##[endgroup]
2026-10-04T00:51:21.4058049Z [command]/usr/bin/git log -1 --format=%H
2026-10-04T00:51:21.4081636Z dafde6dec43ba33f47519b63eb74673fbd63a0c1
2026-10-04T00:51:21.4355983Z ##[group]Run pnpm/action-setup@b906affcce14559ad1aafd4ab0e942779e9f58b1
2026-10-04T00:51:21.4357391Z with:
2026-10-04T00:51:21.4358318Z   version: 11.19.0
2026-10-04T00:51:21.4359107Z   dest: ~/setup-pnpm
2026-10-04T00:51:21.4359930Z   run_install: null
2026-10-04T00:51:21.4360715Z   cache: false
2026-10-04T00:51:21.4361737Z   cache_dependency_path: pnpm-lock.yaml
2026-10-04T00:51:21.4362812Z   package_json_file: package.json
2026-10-04T00:51:21.4363779Z   standalone: false
2026-10-04T00:51:21.4364580Z ##[endgroup]
2026-10-04T00:51:21.5514041Z ##[group]Running self-installer...
2026-10-04T00:51:21.8737120Z (node:2092) [DEP0169] DeprecationWarning: `url.parse()` behavior is not standardized and prone to errors that have security implications. Use the WHATWG URL API instead. CVEs are not issued for `url.parse()` vulnerabilities.
2026-10-04T00:51:21.8738557Z (Use `node --trace-deprecation ...` to show where the warning was created)
2026-10-04T00:51:21.9989130Z Progress: resolved 1, reused 0, downloaded 0, added 0
2026-10-04T00:51:22.0055439Z Packages: +1
2026-10-04T00:51:22.0055940Z +
2026-10-04T00:51:22.3630217Z Progress: resolved 1, reused 0, downloaded 1, added 1, done
2026-10-04T00:51:22.3976984Z 
2026-10-04T00:51:22.3977499Z dependencies:
2026-10-04T00:51:22.3977974Z + pnpm 11.19.0 (12.9.1 is available)
2026-10-04T00:51:22.3978280Z 
2026-10-04T00:51:22.3997657Z Done in 696ms
2026-10-04T00:51:22.5889150Z ##[endgroup]
2026-10-04T00:51:22.5889651Z Installation Completed!
2026-10-04T00:51:22.6059224Z ##[group]Run actions/setup-node@49933ea5288caeca8642d1e84afbd3f7d6820020
2026-10-04T00:51:22.6059572Z with:
2026-10-04T00:51:22.6059758Z   node-version: 24
2026-10-04T00:51:22.6059937Z   cache: pnpm
2026-10-04T00:51:22.6060110Z   always-auth: false
2026-10-04T00:51:22.6060302Z   check-latest: false
2026-10-04T00:51:22.6062506Z   token: ***
2026-10-04T00:51:22.6062683Z env:
2026-10-04T00:51:22.6062924Z   PNPM_HOME: /home/runner/setup-pnpm/node_modules/.bin
2026-10-04T00:51:22.6063189Z ##[endgroup]
2026-10-04T00:51:22.7191598Z Found in cache @ /opt/hostedtoolcache/node/24.21.0/x64
2026-10-04T00:51:22.7194282Z (node:2106) [DEP0040] DeprecationWarning: The `punycode` module is deprecated. Please use a userland alternative instead.
2026-10-04T00:51:22.7194876Z (Use `node --trace-deprecation ...` to show where the warning was created)
2026-10-04T00:51:22.7196404Z ##[group]Environment details
2026-10-04T00:51:23.0256231Z node: v24.21.0
2026-10-04T00:51:23.0256800Z npm: 11.19.0
2026-10-04T00:51:23.0257366Z yarn: 1.22.22
2026-10-04T00:51:23.0258112Z ##[endgroup]
2026-10-04T00:51:23.0296482Z [command]/home/runner/setup-pnpm/node_modules/.bin/pnpm store path --silent
2026-10-04T00:51:23.4984290Z /home/runner/setup-pnpm/node_modules/.bin/store/v11
2026-10-04T00:51:23.5689150Z Cache hit for: node-cache-Linux-x64-pnpm-970ff90c8c5b62d936b78a56179f81cdf02982feb14381f8bba791078d20d9fe
2026-10-04T00:51:23.5797239Z (node:2106) [DEP0169] DeprecationWarning: `url.parse()` behavior is not standardized and prone to errors that have security implications. Use the WHATWG URL API instead. CVEs are not issued for `url.parse()` vulnerabilities.
2026-10-04T00:51:24.0176146Z Received 118816928 of 118816928 (100.0%), 275.0 MBs/sec
2026-10-04T00:51:24.0176806Z Cache Size: ~113 MB (118816928 B)
2026-10-04T00:51:24.0203683Z [command]/usr/bin/tar -xf /home/runner/work/_temp/428aa382-c44e-40aa-96aa-ce9a3e151691/cache.tzst -P -C /home/runner/work/accounting/accounting --use-compress-program unzstd
2026-10-04T00:51:25.0443981Z Cache restored successfully
2026-10-04T00:51:25.0498531Z Cache restored from key: node-cache-Linux-x64-pnpm-970ff90c8c5b62d936b78a56179f81cdf02982feb14381f8bba791078d20d9fe
2026-10-04T00:51:25.0686990Z ##[group]Run pnpm install --frozen-lockfile
2026-10-04T00:51:25.0687361Z [36;1mpnpm install --frozen-lockfile[0m
2026-10-04T00:51:25.1003244Z shell: /usr/bin/bash -e {0}
2026-10-04T00:51:25.1003477Z env:
2026-10-04T00:51:25.1003710Z   PNPM_HOME: /home/runner/setup-pnpm/node_modules/.bin
2026-10-04T00:51:25.1003985Z ##[endgroup]
2026-10-04T00:51:25.4924811Z ? Verifying lockfile against supply-chain policies (367 entries)...
2026-10-04T00:51:25.4978865Z Lockfile is up to date, resolution step is skipped
2026-10-04T00:51:25.5804416Z Progress: resolved 1, reused 0, downloaded 0, added 0
2026-10-04T00:51:25.6201849Z Packages: +249
2026-10-04T00:51:25.6202478Z ++++++++++++++++++++++++++++++++++++++++++++++++++++++++++++++++++++++++++++++++
2026-10-04T00:51:26.2984311Z Packages are hard linked from the content-addressable store to the virtual store.
2026-10-04T00:51:26.2985263Z   Content-addressable store is at: /home/runner/setup-pnpm/node_modules/.bin/store/v11
2026-10-04T00:51:26.2986024Z   Virtual store is at:             node_modules/.pnpm
2026-10-04T00:51:26.5863184Z Progress: resolved 249, reused 249, downloaded 0, added 35
2026-10-04T00:51:26.8731946Z Progress: resolved 249, reused 249, downloaded 0, added 249, done
2026-10-04T00:51:27.8020749Z ✓ Lockfile passes supply-chain policies (367 entries in 2.3s)
2026-10-04T00:51:27.8532328Z 
2026-10-04T00:51:27.8532996Z dependencies:
2026-10-04T00:51:27.8533330Z + @base-ui/react 1.7.0
2026-10-04T00:51:27.8533664Z + @shadcn/react 0.3.0
2026-10-04T00:51:27.8534019Z + @tesseract.js-data/ara 1.0.0
2026-10-04T00:51:27.8534370Z + @tesseract.js-data/eng 1.0.0
2026-10-04T00:51:27.8534716Z + class-variance-authority 0.7.1
2026-10-04T00:51:27.8535031Z + clsx 2.1.1
2026-10-04T00:51:27.8535256Z + cmdk 1.1.1
2026-10-04T00:51:27.8535496Z + date-fns 4.1.0
2026-10-04T00:51:27.8535755Z + embla-carousel-react 8.5.2
2026-10-04T00:51:27.8536028Z + exceljs 4.4.0
2026-10-04T00:51:27.8536277Z + input-otp 1.4.2
2026-10-04T00:51:27.8536530Z + jszip 3.10.1
2026-10-04T00:51:27.8536820Z + lucide-react 1.31.0
2026-10-04T00:51:27.8537112Z + react 19.2.6
2026-10-04T00:51:27.8537437Z + react-day-picker 9.8.1
2026-10-04T00:51:27.8537756Z + react-dom 19.2.6
2026-10-04T00:51:27.8538092Z + react-resizable-panels 4.5.8
2026-10-04T00:51:27.8538390Z + recharts 3.8.0
2026-10-04T00:51:27.8538640Z + saxes 5.0.1
2026-10-04T00:51:27.8538950Z + tailwind-merge 3.6.0
2026-10-04T00:51:27.8539245Z + tesseract.js 7.0.0
2026-10-04T00:51:27.8539543Z + tw-animate-css 1.4.0
2026-10-04T00:51:27.8539925Z + unpdf 1.8.1
2026-10-04T00:51:27.8540067Z 
2026-10-04T00:51:27.8540188Z devDependencies:
2026-10-04T00:51:27.8540489Z + @tailwindcss/postcss 4.2.1
2026-10-04T00:51:27.8540809Z + @types/node 22.19.19
2026-10-04T00:51:27.8541098Z + @types/react 19.2.14
2026-10-04T00:51:27.8541589Z + @types/react-dom 19.2.3
2026-10-04T00:51:27.8541926Z + @vitejs/plugin-react 6.0.2
2026-10-04T00:51:27.8542191Z + oxfmt 0.61.0
2026-10-04T00:51:27.8542440Z + oxlint 1.76.0
2026-10-04T00:51:27.8542741Z + oxlint-tsgolint 7.0.2001
2026-10-04T00:51:27.8543052Z + playwright 1.62.1
2026-10-04T00:51:27.8543337Z + tailwindcss 4.2.1
2026-10-04T00:51:27.8543576Z + typescript 5.9.3
2026-10-04T00:51:27.8543822Z + vite 8.0.16
2026-10-04T00:51:27.8543965Z 
2026-10-04T00:51:27.8839087Z Done in 2.7s using pnpm v11.19.0
2026-10-04T00:51:27.9343854Z ##[group]Run pnpm test:mutations
2026-10-04T00:51:27.9344118Z [36;1mpnpm test:mutations[0m
2026-10-04T00:51:27.9404214Z shell: /usr/bin/bash -e {0}
2026-10-04T00:51:27.9404452Z env:
2026-10-04T00:51:27.9404674Z   PNPM_HOME: /home/runner/setup-pnpm/node_modules/.bin
2026-10-04T00:51:27.9404941Z   MUTATION_SHARD: 3/6
2026-10-04T00:51:27.9405125Z ##[endgroup]
2026-10-04T00:51:28.6404897Z Already up to date
2026-10-04T00:51:28.6409765Z Done in 327ms using pnpm v11.19.0
2026-10-04T00:51:28.6536492Z $ node scripts/test-mutations.mjs
2026-10-04T00:52:25.3940935Z Detected deliberate fault: p6-source-ignore-bound-mapping
2026-10-04T00:52:56.0509961Z Detected deliberate fault: p6-table-retain-coverage-after-row-edit
2026-10-04T00:53:26.5412295Z Detected deliberate fault: p6-ignore-manual-region-observations
2026-10-04T00:53:57.2462060Z Detected deliberate fault: p6-skip-cell-fingerprint-on-restore
2026-10-04T00:54:27.8763510Z Detected deliberate fault: partial-treat-untrusted-cells-as-format-proof
2026-10-04T00:54:58.3967311Z Detected deliberate fault: p2-reject-explicit-numeric-payment-identities
2026-10-04T00:55:28.9755263Z Detected deliberate fault: p2-accept-inferred-payment-role-as-explicit-proof
2026-10-04T00:55:59.2061951Z Detected deliberate fault: p1-accept-placeholder-category-or-zero-as-a-discriminator
2026-10-04T00:56:30.2612139Z Detected deliberate fault: p1-use-normalized-document-identity
2026-10-04T00:56:59.1778612Z Detected deliberate fault: 046-disable-all-supported-groups
2026-10-04T00:57:29.4605954Z Detected deliberate fault: v11-approve-a-source-compared-with-itself
2026-10-04T00:57:59.9407772Z Detected deliberate fault: v11-approve-on-a-voucher-with-no-chosen-reference
2026-10-04T00:58:30.6054124Z Detected deliberate fault: hard-g08-accept-payment-parts-beyond-the-date-window
2026-10-04T00:59:01.1975541Z Detected deliberate fault: accept-a-partial-pdf-operator-stream
2026-10-04T00:59:31.7420707Z Detected deliberate fault: ignore-known-document-evidence-conflicts
2026-10-04T01:00:02.0382273Z Detected deliberate fault: reject-unused-helper-formulas
2026-10-04T01:00:32.3481603Z Detected deliberate fault: classify-any-summary-word-as-a-nontransaction
2026-10-04T01:01:02.8635430Z Detected deliberate fault: fuzzy-reference-auto-match
2026-10-04T01:01:33.2322601Z Detected deliberate fault: typed-short-infer-type-without-explicit-label
2026-10-04T01:02:04.0800459Z Detected deliberate fault: f03-ignore-related-credit-invoice-conflict
2026-10-04T01:02:34.0034629Z Detected deliberate fault: unknown-credit-remove-role-review-gate
2026-10-04T01:03:04.7265032Z Detected deliberate fault: p5-invent-model-case-total
2026-10-04T01:03:04.8604051Z {
2026-10-04T01:03:04.8604377Z   "baselinePassed": true,
2026-10-04T01:03:04.8604762Z   "detected": 22,
2026-10-04T01:03:04.8605277Z   "total": 22,
2026-10-04T01:03:04.8605520Z   "available": 131,
2026-10-04T01:03:04.8605754Z   "shard": {
2026-10-04T01:03:04.8605967Z     "index": 3,
2026-10-04T01:03:04.8606244Z     "count": 6
2026-10-04T01:03:04.8606515Z   },
2026-10-04T01:03:04.8606718Z   "mutations": [
2026-10-04T01:03:04.8606937Z     {
2026-10-04T01:03:04.8607307Z       "mutation": "p6-source-ignore-bound-mapping",
2026-10-04T01:03:04.8607737Z       "detected": true
2026-10-04T01:03:04.8607980Z     },
2026-10-04T01:03:04.8608218Z     {
2026-10-04T01:03:04.8608572Z       "mutation": "p6-table-retain-coverage-after-row-edit",
2026-10-04T01:03:04.8609019Z       "detected": true
2026-10-04T01:03:04.8609259Z     },
2026-10-04T01:03:04.8609458Z     {
2026-10-04T01:03:04.8609837Z       "mutation": "p6-ignore-manual-region-observations",
2026-10-04T01:03:04.8610269Z       "detected": true
2026-10-04T01:03:04.8610547Z     },
2026-10-04T01:03:04.8610790Z     {
2026-10-04T01:03:04.8611158Z       "mutation": "p6-skip-cell-fingerprint-on-restore",
2026-10-04T01:03:04.8611810Z       "detected": true
2026-10-04T01:03:04.8612067Z     },
2026-10-04T01:03:04.8612304Z     {
2026-10-04T01:03:04.8612707Z       "mutation": "partial-treat-untrusted-cells-as-format-proof",
2026-10-04T01:03:04.8613581Z       "detected": true
2026-10-04T01:03:04.8613856Z     },
2026-10-04T01:03:04.8614047Z     {
2026-10-04T01:03:04.8614439Z       "mutation": "p2-reject-explicit-numeric-payment-identities",
2026-10-04T01:03:04.8614909Z       "detected": true
2026-10-04T01:03:04.8615183Z     },
2026-10-04T01:03:04.8615377Z     {
2026-10-04T01:03:04.8615811Z       "mutation": "p2-accept-inferred-payment-role-as-explicit-proof",
2026-10-04T01:03:04.8616328Z       "detected": true
2026-10-04T01:03:04.8616597Z     },
2026-10-04T01:03:04.8616821Z     {
2026-10-04T01:03:04.8617306Z       "mutation": "p1-accept-placeholder-category-or-zero-as-a-discriminator",
2026-10-04T01:03:04.8617832Z       "detected": true
2026-10-04T01:03:04.8618097Z     },
2026-10-04T01:03:04.8618294Z     {
2026-10-04T01:03:04.8618647Z       "mutation": "p1-use-normalized-document-identity",
2026-10-04T01:03:04.8619060Z       "detected": true
2026-10-04T01:03:04.8619314Z     },
2026-10-04T01:03:04.8619527Z     {
2026-10-04T01:03:04.8619887Z       "mutation": "046-disable-all-supported-groups",
2026-10-04T01:03:04.8620284Z       "detected": true
2026-10-04T01:03:04.8620523Z     },
2026-10-04T01:03:04.8620761Z     {
2026-10-04T01:03:04.8621339Z       "mutation": "v11-approve-a-source-compared-with-itself",
2026-10-04T01:03:04.8621936Z       "detected": true
2026-10-04T01:03:04.8622213Z     },
2026-10-04T01:03:04.8622406Z     {
2026-10-04T01:03:04.8622833Z       "mutation": "v11-approve-on-a-voucher-with-no-chosen-reference",
2026-10-04T01:03:04.8623323Z       "detected": true
2026-10-04T01:03:04.8623608Z     },
2026-10-04T01:03:04.8623835Z     {
2026-10-04T01:03:04.8624285Z       "mutation": "hard-g08-accept-payment-parts-beyond-the-date-window",
2026-10-04T01:03:04.8624768Z       "detected": true
2026-10-04T01:03:04.8625024Z     },
2026-10-04T01:03:04.8625241Z     {
2026-10-04T01:03:04.8625578Z       "mutation": "accept-a-partial-pdf-operator-stream",
2026-10-04T01:03:04.8625997Z       "detected": true
2026-10-04T01:03:04.8626303Z     },
2026-10-04T01:03:04.8626631Z     {
2026-10-04T01:03:04.8627006Z       "mutation": "ignore-known-document-evidence-conflicts",
2026-10-04T01:03:04.8627427Z       "detected": true
2026-10-04T01:03:04.8627683Z     },
2026-10-04T01:03:04.8627908Z     {
2026-10-04T01:03:04.8628221Z       "mutation": "reject-unused-helper-formulas",
2026-10-04T01:03:04.8628593Z       "detected": true
2026-10-04T01:03:04.8628867Z     },
2026-10-04T01:03:04.8629098Z     {
2026-10-04T01:03:04.8629496Z       "mutation": "classify-any-summary-word-as-a-nontransaction",
2026-10-04T01:03:04.8629940Z       "detected": true
2026-10-04T01:03:04.8630189Z     },
2026-10-04T01:03:04.8630426Z     {
2026-10-04T01:03:04.8630753Z       "mutation": "fuzzy-reference-auto-match",
2026-10-04T01:03:04.8631134Z       "detected": true
2026-10-04T01:03:04.8631581Z     },
2026-10-04T01:03:04.8631820Z     {
2026-10-04T01:03:04.8632212Z       "mutation": "typed-short-infer-type-without-explicit-label",
2026-10-04T01:03:04.8632698Z       "detected": true
2026-10-04T01:03:04.8632977Z     },
2026-10-04T01:03:04.8633168Z     {
2026-10-04T01:03:04.8633523Z       "mutation": "f03-ignore-related-credit-invoice-conflict",
2026-10-04T01:03:04.8633942Z       "detected": true
2026-10-04T01:03:04.8634201Z     },
2026-10-04T01:03:04.8634405Z     {
2026-10-04T01:03:04.8634760Z       "mutation": "unknown-credit-remove-role-review-gate",
2026-10-04T01:03:04.8635148Z       "detected": true
2026-10-04T01:03:04.8635408Z     },
2026-10-04T01:03:04.8635624Z     {
2026-10-04T01:03:04.8635844Z       "mutation": "p5-invent-model-case-total",
2026-10-04T01:03:04.8636171Z       "detected": true
2026-10-04T01:03:04.8636402Z     }
2026-10-04T01:03:04.8636550Z   ]
2026-10-04T01:03:04.8636697Z }
2026-10-04T01:03:04.8836062Z Post job cleanup.
2026-10-04T01:03:04.9925630Z (node:14785) [DEP0040] DeprecationWarning: The `punycode` module is deprecated. Please use a userland alternative instead.
2026-10-04T01:03:04.9926713Z (Use `node --trace-deprecation ...` to show where the warning was created)
2026-10-04T01:03:04.9928321Z Cache hit occurred on the primary key node-cache-Linux-x64-pnpm-970ff90c8c5b62d936b78a56179f81cdf02982feb14381f8bba791078d20d9fe, not saving cache.
2026-10-04T01:03:05.0052854Z Post job cleanup.
2026-10-04T01:03:05.1230169Z Pruning is unnecessary.
2026-10-04T01:03:05.1383383Z Post job cleanup.
2026-10-04T01:03:05.2126107Z [command]/usr/bin/git version
2026-10-04T01:03:05.2164883Z git version 2.55.0
2026-10-04T01:03:05.2194949Z Temporarily overriding HOME='/home/runner/work/_temp/6c3e4e31-d27b-447e-acec-346d819c0b46' before making global git config changes
2026-10-04T01:03:05.2196267Z Adding repository directory to the temporary git global config as a safe directory
2026-10-04T01:03:05.2199889Z [command]/usr/bin/git config --global --add safe.directory /home/runner/work/accounting/accounting
2026-10-04T01:03:05.2244324Z [command]/usr/bin/git config --local --name-only --get-regexp core\.sshCommand
2026-10-04T01:03:05.2277370Z [command]/usr/bin/git submodule foreach --recursive sh -c "git config --local --name-only --get-regexp 'core\.sshCommand' && git config --local --unset-all 'core.sshCommand' || :"
2026-10-04T01:03:05.2536316Z [command]/usr/bin/git config --local --name-only --get-regexp http\.https\:\/\/github\.com\/\.extraheader
2026-10-04T01:03:05.2564936Z http.https://github.com/.extraheader
2026-10-04T01:03:05.2574923Z [command]/usr/bin/git config --local --unset-all http.https://github.com/.extraheader
2026-10-04T01:03:05.2622869Z [command]/usr/bin/git submodule foreach --recursive sh -c "git config --local --name-only --get-regexp 'http\.https\:\/\/github\.com\/\.extraheader' && git config --local --unset-all 'http.https://github.com/.extraheader' || :"
2026-10-04T01:03:05.2855732Z [command]/usr/bin/git config --local --name-only --get-regexp ^includeIf\.gitdir:
2026-10-04T01:03:05.2892618Z [command]/usr/bin/git submodule foreach --recursive git config --local --show-origin --name-only --get-regexp remote.origin.url
2026-10-04T01:03:05.3248581Z Cleaning up orphan processes
2026-10-04T01:03:05.3512701Z ##[warning]Node.js 20 is deprecated. The following actions target Node.js 20 but are being forced to run on Node.js 24: actions/checkout@11d5960a326750d5838078e36cf38b85af677262, actions/setup-node@49933ea5288caeca8642d1e84afbd3f7d6820020, pnpm/action-setup@b906affcce14559ad1aafd4ab0e942779e9f58b1. For more information see: https://github.blog/changelog/2025-09-19-deprecation-of-node-20-on-github-actions-runners/
