2026-10-04T00:51:18.7812994Z Current runner version: '2.337.0'
2026-10-04T00:51:18.7831778Z ##[group]Runner Image Provisioner
2026-10-04T00:51:18.7832382Z Hosted Compute Agent
2026-10-04T00:51:18.7832836Z Version: 20260901.588
2026-10-04T00:51:18.7833259Z Commit: f88ec8081b781fac6c440065ac7ff9e710ce3d0b
2026-10-04T00:51:18.7833756Z Build Date: 2026-09-01T19:56:44Z
2026-10-04T00:51:18.7834181Z Worker ID: {ae703781-f2b1-4ab2-aa5a-0866616b5f47}
2026-10-04T00:51:18.7834610Z Azure Region: centralus
2026-10-04T00:51:18.7835006Z ##[endgroup]
2026-10-04T00:51:18.7835924Z ##[group]Operating System
2026-10-04T00:51:18.7836278Z Ubuntu
2026-10-04T00:51:18.7836655Z 24.04.5
2026-10-04T00:51:18.7836974Z LTS
2026-10-04T00:51:18.7837357Z ##[endgroup]
2026-10-04T00:51:18.7837727Z ##[group]Runner Image
2026-10-04T00:51:18.7838088Z Image: ubuntu-24.04
2026-10-04T00:51:18.7838485Z Version: 20260927.320.1
2026-10-04T00:51:18.7839244Z Included Software: https://github.com/actions/runner-images/blob/ubuntu24/20260927.320/images/ubuntu/Ubuntu2404-Readme.md
2026-10-04T00:51:18.7840207Z Image Release: https://github.com/actions/runner-images/releases/tag/ubuntu24%2F20260927.320
2026-10-04T00:51:18.7841057Z ##[endgroup]
2026-10-04T00:51:18.7841892Z ##[group]GITHUB_TOKEN Permissions
2026-10-04T00:51:18.7843391Z Contents: read
2026-10-04T00:51:18.7843822Z Metadata: read
2026-10-04T00:51:18.7844220Z ##[endgroup]
2026-10-04T00:51:18.7845609Z Secret source: Actions
2026-10-04T00:51:18.7846153Z Cache mode: write
2026-10-04T00:51:18.7846632Z Prepare workflow directory
2026-10-04T00:51:18.8071643Z Prepare all required actions
2026-10-04T00:51:18.8104474Z Getting action download info
2026-10-04T00:51:19.0414797Z Download action repository 'actions/checkout@11d5960a326750d5838078e36cf38b85af677262' (SHA:11d5960a326750d5838078e36cf38b85af677262)
2026-10-04T00:51:19.1412812Z Download action repository 'pnpm/action-setup@b906affcce14559ad1aafd4ab0e942779e9f58b1' (SHA:b906affcce14559ad1aafd4ab0e942779e9f58b1)
2026-10-04T00:51:19.6542902Z Download action repository 'actions/setup-node@49933ea5288caeca8642d1e84afbd3f7d6820020' (SHA:49933ea5288caeca8642d1e84afbd3f7d6820020)
2026-10-04T00:51:19.8419066Z Complete job name: Accounting mutation gate (6/6)
2026-10-04T00:51:19.8940302Z ##[group]Run actions/checkout@11d5960a326750d5838078e36cf38b85af677262
2026-10-04T00:51:19.8941088Z with:
2026-10-04T00:51:19.8941640Z   repository: mjodshamrani-ux/accounting
2026-10-04T00:51:19.8944643Z   token: ***
2026-10-04T00:51:19.8944898Z   ssh-strict: true
2026-10-04T00:51:19.8945163Z   ssh-user: git
2026-10-04T00:51:19.8945429Z   persist-credentials: true
2026-10-04T00:51:19.8945717Z   clean: true
2026-10-04T00:51:19.8945984Z   sparse-checkout-cone-mode: true
2026-10-04T00:51:19.8946292Z   fetch-depth: 1
2026-10-04T00:51:19.8946554Z   fetch-tags: false
2026-10-04T00:51:19.8946857Z   show-progress: true
2026-10-04T00:51:19.8947205Z   lfs: false
2026-10-04T00:51:19.8947551Z   submodules: false
2026-10-04T00:51:19.8947821Z   set-safe-directory: true
2026-10-04T00:51:19.8948120Z   allow-unsafe-pr-checkout: false
2026-10-04T00:51:19.8948552Z ##[endgroup]
2026-10-04T00:51:19.9658289Z Syncing repository: mjodshamrani-ux/accounting
2026-10-04T00:51:19.9659880Z ##[group]Getting Git version info
2026-10-04T00:51:19.9660322Z Working directory is '/home/runner/work/accounting/accounting'
2026-10-04T00:51:19.9660990Z [command]/usr/bin/git version
2026-10-04T00:51:19.9716437Z git version 2.55.0
2026-10-04T00:51:19.9730178Z ##[endgroup]
2026-10-04T00:51:19.9740880Z Temporarily overriding HOME='/home/runner/work/_temp/d14396eb-df37-44cf-acc2-b947ce7c5858' before making global git config changes
2026-10-04T00:51:19.9742639Z Adding repository directory to the temporary git global config as a safe directory
2026-10-04T00:51:19.9744758Z [command]/usr/bin/git config --global --add safe.directory /home/runner/work/accounting/accounting
2026-10-04T00:51:19.9793220Z Deleting the contents of '/home/runner/work/accounting/accounting'
2026-10-04T00:51:19.9796339Z ##[group]Initializing the repository
2026-10-04T00:51:19.9799093Z [command]/usr/bin/git init /home/runner/work/accounting/accounting
2026-10-04T00:51:19.9888378Z hint: Using 'master' as the name for the initial branch. This default branch name
2026-10-04T00:51:19.9889163Z hint: will change to "main" in Git 3.0. To configure the initial branch name
2026-10-04T00:51:19.9889978Z hint: to use in all of your new repositories, which will suppress this warning,
2026-10-04T00:51:19.9890970Z hint: call:
2026-10-04T00:51:19.9891217Z hint:
2026-10-04T00:51:19.9891838Z hint: 	git config --global init.defaultBranch <name>
2026-10-04T00:51:19.9892431Z hint:
2026-10-04T00:51:19.9892976Z hint: Names commonly chosen instead of 'master' are 'main', 'trunk' and
2026-10-04T00:51:19.9893896Z hint: 'development'. The just-created branch can be renamed via this command:
2026-10-04T00:51:19.9894626Z hint:
2026-10-04T00:51:19.9895010Z hint: 	git branch -m <name>
2026-10-04T00:51:19.9895454Z hint:
2026-10-04T00:51:19.9896040Z hint: Disable this message with "git config set advice.defaultBranchName false"
2026-10-04T00:51:19.9897331Z Initialized empty Git repository in /home/runner/work/accounting/accounting/.git/
2026-10-04T00:51:19.9900267Z [command]/usr/bin/git remote add origin https://github.com/mjodshamrani-ux/accounting
2026-10-04T00:51:19.9983074Z ##[endgroup]
2026-10-04T00:51:19.9983621Z ##[group]Disabling automatic garbage collection
2026-10-04T00:51:19.9984083Z [command]/usr/bin/git config --local gc.auto 0
2026-10-04T00:51:19.9993101Z ##[endgroup]
2026-10-04T00:51:19.9993573Z ##[group]Setting up auth
2026-10-04T00:51:20.0000264Z [command]/usr/bin/git config --local --name-only --get-regexp core\.sshCommand
2026-10-04T00:51:20.0032014Z [command]/usr/bin/git submodule foreach --recursive sh -c "git config --local --name-only --get-regexp 'core\.sshCommand' && git config --local --unset-all 'core.sshCommand' || :"
2026-10-04T00:51:20.0348600Z [command]/usr/bin/git config --local --name-only --get-regexp http\.https\:\/\/github\.com\/\.extraheader
2026-10-04T00:51:20.0379236Z [command]/usr/bin/git submodule foreach --recursive sh -c "git config --local --name-only --get-regexp 'http\.https\:\/\/github\.com\/\.extraheader' && git config --local --unset-all 'http.https://github.com/.extraheader' || :"
2026-10-04T00:51:20.0559188Z [command]/usr/bin/git config --local --name-only --get-regexp ^includeIf\.gitdir:
2026-10-04T00:51:20.0589574Z [command]/usr/bin/git submodule foreach --recursive git config --local --show-origin --name-only --get-regexp remote.origin.url
2026-10-04T00:51:20.0771609Z [command]/usr/bin/git config --local http.https://github.com/.extraheader AUTHORIZATION: basic ***
2026-10-04T00:51:20.0809037Z ##[endgroup]
2026-10-04T00:51:20.0809561Z ##[group]Fetching the repository
2026-10-04T00:51:20.0815610Z [command]/usr/bin/git -c protocol.version=2 fetch --no-tags --prune --no-recurse-submodules --depth=1 origin +dafde6dec43ba33f47519b63eb74673fbd63a0c1:refs/remotes/origin/main
2026-10-04T00:51:21.6911489Z From https://github.com/mjodshamrani-ux/accounting
2026-10-04T00:51:21.6912128Z  * [new ref]         dafde6dec43ba33f47519b63eb74673fbd63a0c1 -> origin/main
2026-10-04T00:51:21.6915069Z ##[endgroup]
2026-10-04T00:51:21.6915534Z ##[group]Determining the checkout info
2026-10-04T00:51:21.6917359Z ##[endgroup]
2026-10-04T00:51:21.6922016Z [command]/usr/bin/git sparse-checkout disable
2026-10-04T00:51:21.6967563Z [command]/usr/bin/git config --local --unset-all extensions.worktreeConfig
2026-10-04T00:51:21.6997688Z ##[group]Checking out the ref
2026-10-04T00:51:21.6998073Z [command]/usr/bin/git checkout --progress --force -B main refs/remotes/origin/main
2026-10-04T00:51:21.9882498Z Switched to a new branch 'main'
2026-10-04T00:51:21.9884050Z branch 'main' set up to track 'origin/main'.
2026-10-04T00:51:21.9913764Z ##[endgroup]
2026-10-04T00:51:21.9953527Z [command]/usr/bin/git log -1 --format=%H
2026-10-04T00:51:21.9977548Z dafde6dec43ba33f47519b63eb74673fbd63a0c1
2026-10-04T00:51:22.0155976Z ##[group]Run pnpm/action-setup@b906affcce14559ad1aafd4ab0e942779e9f58b1
2026-10-04T00:51:22.0156241Z with:
2026-10-04T00:51:22.0156521Z   version: 11.19.0
2026-10-04T00:51:22.0156642Z   dest: ~/setup-pnpm
2026-10-04T00:51:22.0156765Z   run_install: null
2026-10-04T00:51:22.0156886Z   cache: false
2026-10-04T00:51:22.0157012Z   cache_dependency_path: pnpm-lock.yaml
2026-10-04T00:51:22.0157186Z   package_json_file: package.json
2026-10-04T00:51:22.0157330Z   standalone: false
2026-10-04T00:51:22.0157451Z ##[endgroup]
2026-10-04T00:51:22.1072193Z ##[group]Running self-installer...
2026-10-04T00:51:22.3354861Z (node:2098) [DEP0169] DeprecationWarning: `url.parse()` behavior is not standardized and prone to errors that have security implications. Use the WHATWG URL API instead. CVEs are not issued for `url.parse()` vulnerabilities.
2026-10-04T00:51:22.3355442Z (Use `node --trace-deprecation ...` to show where the warning was created)
2026-10-04T00:51:22.5263050Z Progress: resolved 1, reused 0, downloaded 0, added 0
2026-10-04T00:51:22.5297399Z Packages: +1
2026-10-04T00:51:22.5297693Z +
2026-10-04T00:51:22.8445785Z Progress: resolved 1, reused 0, downloaded 1, added 1, done
2026-10-04T00:51:22.8646346Z 
2026-10-04T00:51:22.8646757Z dependencies:
2026-10-04T00:51:22.8647000Z + pnpm 11.19.0 (12.9.1 is available)
2026-10-04T00:51:22.8647170Z 
2026-10-04T00:51:22.8662529Z Done in 655ms
2026-10-04T00:51:23.1075280Z ##[endgroup]
2026-10-04T00:51:23.1075568Z Installation Completed!
2026-10-04T00:51:23.1239216Z ##[group]Run actions/setup-node@49933ea5288caeca8642d1e84afbd3f7d6820020
2026-10-04T00:51:23.1239444Z with:
2026-10-04T00:51:23.1239563Z   node-version: 24
2026-10-04T00:51:23.1239685Z   cache: pnpm
2026-10-04T00:51:23.1239802Z   always-auth: false
2026-10-04T00:51:23.1239930Z   check-latest: false
2026-10-04T00:51:23.1241500Z   token: ***
2026-10-04T00:51:23.1241624Z env:
2026-10-04T00:51:23.1241776Z   PNPM_HOME: /home/runner/setup-pnpm/node_modules/.bin
2026-10-04T00:51:23.1241958Z ##[endgroup]
2026-10-04T00:51:23.2222682Z Found in cache @ /opt/hostedtoolcache/node/24.21.0/x64
2026-10-04T00:51:23.2226164Z (node:2112) [DEP0040] DeprecationWarning: The `punycode` module is deprecated. Please use a userland alternative instead.
2026-10-04T00:51:23.2226745Z (Use `node --trace-deprecation ...` to show where the warning was created)
2026-10-04T00:51:23.2227950Z ##[group]Environment details
2026-10-04T00:51:23.5323302Z node: v24.21.0
2026-10-04T00:51:23.5323589Z npm: 11.19.0
2026-10-04T00:51:23.5323983Z yarn: 1.22.22
2026-10-04T00:51:23.5325020Z ##[endgroup]
2026-10-04T00:51:23.5356062Z [command]/home/runner/setup-pnpm/node_modules/.bin/pnpm store path --silent
2026-10-04T00:51:23.9223978Z /home/runner/setup-pnpm/node_modules/.bin/store/v11
2026-10-04T00:51:24.0911011Z Cache hit for: node-cache-Linux-x64-pnpm-970ff90c8c5b62d936b78a56179f81cdf02982feb14381f8bba791078d20d9fe
2026-10-04T00:51:24.1003237Z (node:2112) [DEP0169] DeprecationWarning: `url.parse()` behavior is not standardized and prone to errors that have security implications. Use the WHATWG URL API instead. CVEs are not issued for `url.parse()` vulnerabilities.
2026-10-04T00:51:25.1584036Z Received 118816928 of 118816928 (100.0%), 125.3 MBs/sec
2026-10-04T00:51:25.1584726Z Cache Size: ~113 MB (118816928 B)
2026-10-04T00:51:25.1669114Z [command]/usr/bin/tar -xf /home/runner/work/_temp/91d7a4a5-ac6c-4f75-936c-ebbb08f8a8a1/cache.tzst -P -C /home/runner/work/accounting/accounting --use-compress-program unzstd
2026-10-04T00:51:25.9522251Z Cache restored successfully
2026-10-04T00:51:25.9572424Z Cache restored from key: node-cache-Linux-x64-pnpm-970ff90c8c5b62d936b78a56179f81cdf02982feb14381f8bba791078d20d9fe
2026-10-04T00:51:25.9706991Z ##[group]Run pnpm install --frozen-lockfile
2026-10-04T00:51:25.9707231Z [36;1mpnpm install --frozen-lockfile[0m
2026-10-04T00:51:25.9931224Z shell: /usr/bin/bash -e {0}
2026-10-04T00:51:25.9931564Z env:
2026-10-04T00:51:25.9931726Z   PNPM_HOME: /home/runner/setup-pnpm/node_modules/.bin
2026-10-04T00:51:25.9931902Z ##[endgroup]
2026-10-04T00:51:26.2970433Z ? Verifying lockfile against supply-chain policies (367 entries)...
2026-10-04T00:51:26.3004511Z Lockfile is up to date, resolution step is skipped
2026-10-04T00:51:26.3623816Z Progress: resolved 1, reused 0, downloaded 0, added 0
2026-10-04T00:51:26.3906558Z Packages: +249
2026-10-04T00:51:26.3923024Z ++++++++++++++++++++++++++++++++++++++++++++++++++++++++++++++++++++++++++++++++
2026-10-04T00:51:26.8133182Z Packages are hard linked from the content-addressable store to the virtual store.
2026-10-04T00:51:26.8153188Z   Content-addressable store is at: /home/runner/setup-pnpm/node_modules/.bin/store/v11
2026-10-04T00:51:26.8153848Z   Virtual store is at:             node_modules/.pnpm
2026-10-04T00:51:27.3730704Z Progress: resolved 249, reused 249, downloaded 0, added 197
2026-10-04T00:51:27.4165350Z Progress: resolved 249, reused 249, downloaded 0, added 249, done
2026-10-04T00:51:28.2225431Z ✓ Lockfile passes supply-chain policies (367 entries in 1.9s)
2026-10-04T00:51:28.3143933Z 
2026-10-04T00:51:28.3144598Z dependencies:
2026-10-04T00:51:28.3144960Z + @base-ui/react 1.7.0
2026-10-04T00:51:28.3145230Z + @shadcn/react 0.3.0
2026-10-04T00:51:28.3145513Z + @tesseract.js-data/ara 1.0.0
2026-10-04T00:51:28.3145799Z + @tesseract.js-data/eng 1.0.0
2026-10-04T00:51:28.3146085Z + class-variance-authority 0.7.1
2026-10-04T00:51:28.3146313Z + clsx 2.1.1
2026-10-04T00:51:28.3146507Z + cmdk 1.1.1
2026-10-04T00:51:28.3146689Z + date-fns 4.1.0
2026-10-04T00:51:28.3146909Z + embla-carousel-react 8.5.2
2026-10-04T00:51:28.3147127Z + exceljs 4.4.0
2026-10-04T00:51:28.3147322Z + input-otp 1.4.2
2026-10-04T00:51:28.3147514Z + jszip 3.10.1
2026-10-04T00:51:28.3147738Z + lucide-react 1.31.0
2026-10-04T00:51:28.3147958Z + react 19.2.6
2026-10-04T00:51:28.3148227Z + react-day-picker 9.8.1
2026-10-04T00:51:28.3148430Z + react-dom 19.2.6
2026-10-04T00:51:28.3148669Z + react-resizable-panels 4.5.8
2026-10-04T00:51:28.3148912Z + recharts 3.8.0
2026-10-04T00:51:28.3149098Z + saxes 5.0.1
2026-10-04T00:51:28.3149288Z + tailwind-merge 3.6.0
2026-10-04T00:51:28.3149503Z + tesseract.js 7.0.0
2026-10-04T00:51:28.3149712Z + tw-animate-css 1.4.0
2026-10-04T00:51:28.3149985Z + unpdf 1.8.1
2026-10-04T00:51:28.3150100Z 
2026-10-04T00:51:28.3150164Z devDependencies:
2026-10-04T00:51:28.3150303Z + @tailwindcss/postcss 4.2.1
2026-10-04T00:51:28.3150449Z + @types/node 22.19.19
2026-10-04T00:51:28.3150576Z + @types/react 19.2.14
2026-10-04T00:51:28.3150714Z + @types/react-dom 19.2.3
2026-10-04T00:51:28.3150859Z + @vitejs/plugin-react 6.0.2
2026-10-04T00:51:28.3150990Z + oxfmt 0.61.0
2026-10-04T00:51:28.3151104Z + oxlint 1.76.0
2026-10-04T00:51:28.3151245Z + oxlint-tsgolint 7.0.2001
2026-10-04T00:51:28.3151575Z + playwright 1.62.1
2026-10-04T00:51:28.3151703Z + tailwindcss 4.2.1
2026-10-04T00:51:28.3151831Z + typescript 5.9.3
2026-10-04T00:51:28.3151947Z + vite 8.0.16
2026-10-04T00:51:28.3152014Z 
2026-10-04T00:51:28.3390637Z Done in 2.3s using pnpm v11.19.0
2026-10-04T00:51:28.3840087Z ##[group]Run pnpm test:mutations
2026-10-04T00:51:28.3840278Z [36;1mpnpm test:mutations[0m
2026-10-04T00:51:28.3891618Z shell: /usr/bin/bash -e {0}
2026-10-04T00:51:28.3891783Z env:
2026-10-04T00:51:28.3891928Z   PNPM_HOME: /home/runner/setup-pnpm/node_modules/.bin
2026-10-04T00:51:28.3892102Z   MUTATION_SHARD: 6/6
2026-10-04T00:51:28.3892225Z ##[endgroup]
2026-10-04T00:51:28.9097063Z Already up to date
2026-10-04T00:51:28.9100368Z Done in 236ms using pnpm v11.19.0
2026-10-04T00:51:28.9215062Z $ node scripts/test-mutations.mjs
2026-10-04T00:52:17.0026445Z Detected deliberate fault: p6-source-ignore-replayed-sheet-literals
2026-10-04T00:52:40.2487249Z Detected deliberate fault: p6-table-skip-coverage-fingerprint
2026-10-04T00:53:03.2215117Z Detected deliberate fault: p6-ignore-png-chunk-crc
2026-10-04T00:53:26.5679350Z Detected deliberate fault: f02-ignore-unknown-excluded-identity
2026-10-04T00:53:50.9207318Z Detected deliberate fault: partial-drop-transitive-error-impact
2026-10-04T00:54:15.0505187Z Detected deliberate fault: p2-ignore-overlapping-payment-identity-memberships
2026-10-04T00:54:39.2305274Z Detected deliberate fault: p2-approve-groups-beyond-the-member-limit
2026-10-04T00:55:03.8192313Z Detected deliberate fault: p1-grant-document-role-to-another-selected-column
2026-10-04T00:55:27.0796473Z Detected deliberate fault: 047-accept-unanswered-format-ambiguity
2026-10-04T00:55:50.2770848Z Detected deliberate fault: v11-read-carried-forward-as-a-transaction
2026-10-04T00:56:13.4389555Z Detected deliberate fault: hard-r01-rank-own-voucher-before-chosen-reference
2026-10-04T00:56:36.5045082Z Detected deliberate fault: h03-let-a-document-number-outvote-unselected-references
2026-10-04T00:56:59.4744902Z Detected deliberate fault: 045-skip-generic-account-scope-evidence
2026-10-04T00:57:22.8082321Z Detected deliberate fault: trust-stale-case-member-evidence
2026-10-04T00:57:46.1391705Z Detected deliberate fault: silently-round-original-xlsx-numeric-lexemes
2026-10-04T00:58:09.8123832Z Detected deliberate fault: drop-classified-rows-without-a-reason
2026-10-04T00:58:32.9435778Z Detected deliberate fault: reverse-proven-ap-direction
2026-10-04T00:58:56.8133181Z Detected deliberate fault: allow-unconfirmed-coverage
2026-10-04T00:59:20.2608433Z Detected deliberate fault: typed-short-allow-neighbouring-dates
2026-10-04T00:59:43.2163212Z Detected deliberate fault: f03-ai-ignore-related-invoice-contradiction
2026-10-04T01:00:06.5043652Z Detected deliberate fault: p5-drop-audit-identifier-lookup
2026-10-04T01:00:06.5866821Z {
2026-10-04T01:00:06.5867056Z   "baselinePassed": true,
2026-10-04T01:00:06.5867308Z   "detected": 21,
2026-10-04T01:00:06.5867482Z   "total": 21,
2026-10-04T01:00:06.5867746Z   "available": 131,
2026-10-04T01:00:06.5867898Z   "shard": {
2026-10-04T01:00:06.5868015Z     "index": 6,
2026-10-04T01:00:06.5868132Z     "count": 6
2026-10-04T01:00:06.5868268Z   },
2026-10-04T01:00:06.5868430Z   "mutations": [
2026-10-04T01:00:06.5868593Z     {
2026-10-04T01:00:06.5868898Z       "mutation": "p6-source-ignore-replayed-sheet-literals",
2026-10-04T01:00:06.5869191Z       "detected": true
2026-10-04T01:00:06.5869363Z     },
2026-10-04T01:00:06.5869508Z     {
2026-10-04T01:00:06.5869748Z       "mutation": "p6-table-skip-coverage-fingerprint",
2026-10-04T01:00:06.5870057Z       "detected": true
2026-10-04T01:00:06.5870240Z     },
2026-10-04T01:00:06.5870401Z     {
2026-10-04T01:00:06.5870602Z       "mutation": "p6-ignore-png-chunk-crc",
2026-10-04T01:00:06.5870857Z       "detected": true
2026-10-04T01:00:06.5871029Z     },
2026-10-04T01:00:06.5871173Z     {
2026-10-04T01:00:06.5871550Z       "mutation": "f02-ignore-unknown-excluded-identity",
2026-10-04T01:00:06.5871804Z       "detected": true
2026-10-04T01:00:06.5871969Z     },
2026-10-04T01:00:06.5918830Z     {
2026-10-04T01:00:06.5919337Z       "mutation": "partial-drop-transitive-error-impact",
2026-10-04T01:00:06.5919669Z       "detected": true
2026-10-04T01:00:06.5919869Z     },
2026-10-04T01:00:06.5920025Z     {
2026-10-04T01:00:06.5920791Z       "mutation": "p2-ignore-overlapping-payment-identity-memberships",
2026-10-04T01:00:06.5921191Z       "detected": true
2026-10-04T01:00:06.5921562Z     },
2026-10-04T01:00:06.5921773Z     {
2026-10-04T01:00:06.5922060Z       "mutation": "p2-approve-groups-beyond-the-member-limit",
2026-10-04T01:00:06.5922367Z       "detected": true
2026-10-04T01:00:06.5922543Z     },
2026-10-04T01:00:06.5922691Z     {
2026-10-04T01:00:06.5922994Z       "mutation": "p1-grant-document-role-to-another-selected-column",
2026-10-04T01:00:06.5923370Z       "detected": true
2026-10-04T01:00:06.5923567Z     },
2026-10-04T01:00:06.5923724Z     {
2026-10-04T01:00:06.5923985Z       "mutation": "047-accept-unanswered-format-ambiguity",
2026-10-04T01:00:06.5924272Z       "detected": true
2026-10-04T01:00:06.5924467Z     },
2026-10-04T01:00:06.5924620Z     {
2026-10-04T01:00:06.5924885Z       "mutation": "v11-read-carried-forward-as-a-transaction",
2026-10-04T01:00:06.5925188Z       "detected": true
2026-10-04T01:00:06.5925379Z     },
2026-10-04T01:00:06.5925534Z     {
2026-10-04T01:00:06.5925829Z       "mutation": "hard-r01-rank-own-voucher-before-chosen-reference",
2026-10-04T01:00:06.5926162Z       "detected": true
2026-10-04T01:00:06.5926577Z     },
2026-10-04T01:00:06.5926728Z     {
2026-10-04T01:00:06.5927059Z       "mutation": "h03-let-a-document-number-outvote-unselected-references",
2026-10-04T01:00:06.5927405Z       "detected": true
2026-10-04T01:00:06.5927581Z     },
2026-10-04T01:00:06.5927734Z     {
2026-10-04T01:00:06.5927987Z       "mutation": "045-skip-generic-account-scope-evidence",
2026-10-04T01:00:06.5928262Z       "detected": true
2026-10-04T01:00:06.5928443Z     },
2026-10-04T01:00:06.5928594Z     {
2026-10-04T01:00:06.5928816Z       "mutation": "trust-stale-case-member-evidence",
2026-10-04T01:00:06.5928984Z       "detected": true
2026-10-04T01:00:06.5929169Z     },
2026-10-04T01:00:06.5929287Z     {
2026-10-04T01:00:06.5929459Z       "mutation": "silently-round-original-xlsx-numeric-lexemes",
2026-10-04T01:00:06.5929662Z       "detected": true
2026-10-04T01:00:06.5929778Z     },
2026-10-04T01:00:06.5929875Z     {
2026-10-04T01:00:06.5930031Z       "mutation": "drop-classified-rows-without-a-reason",
2026-10-04T01:00:06.5930215Z       "detected": true
2026-10-04T01:00:06.5930328Z     },
2026-10-04T01:00:06.5930426Z     {
2026-10-04T01:00:06.5930562Z       "mutation": "reverse-proven-ap-direction",
2026-10-04T01:00:06.5930722Z       "detected": true
2026-10-04T01:00:06.5930833Z     },
2026-10-04T01:00:06.5930932Z     {
2026-10-04T01:00:06.5931067Z       "mutation": "allow-unconfirmed-coverage",
2026-10-04T01:00:06.5931237Z       "detected": true
2026-10-04T01:00:06.5931525Z     },
2026-10-04T01:00:06.5931624Z     {
2026-10-04T01:00:06.5931778Z       "mutation": "typed-short-allow-neighbouring-dates",
2026-10-04T01:00:06.5931956Z       "detected": true
2026-10-04T01:00:06.5932070Z     },
2026-10-04T01:00:06.5932165Z     {
2026-10-04T01:00:06.5932332Z       "mutation": "f03-ai-ignore-related-invoice-contradiction",
2026-10-04T01:00:06.5932523Z       "detected": true
2026-10-04T01:00:06.5932635Z     },
2026-10-04T01:00:06.5932729Z     {
2026-10-04T01:00:06.5932874Z       "mutation": "p5-drop-audit-identifier-lookup",
2026-10-04T01:00:06.5933044Z       "detected": true
2026-10-04T01:00:06.5933156Z     }
2026-10-04T01:00:06.5933259Z   ]
2026-10-04T01:00:06.5933365Z }
2026-10-04T01:00:06.6077930Z Post job cleanup.
2026-10-04T01:00:06.6838885Z (node:14901) [DEP0040] DeprecationWarning: The `punycode` module is deprecated. Please use a userland alternative instead.
2026-10-04T01:00:06.6839628Z (Use `node --trace-deprecation ...` to show where the warning was created)
2026-10-04T01:00:06.6840622Z Cache hit occurred on the primary key node-cache-Linux-x64-pnpm-970ff90c8c5b62d936b78a56179f81cdf02982feb14381f8bba791078d20d9fe, not saving cache.
2026-10-04T01:00:06.6926408Z Post job cleanup.
2026-10-04T01:00:06.7787362Z Pruning is unnecessary.
2026-10-04T01:00:06.7931989Z Post job cleanup.
2026-10-04T01:00:06.8528510Z [command]/usr/bin/git version
2026-10-04T01:00:06.8572298Z git version 2.55.0
2026-10-04T01:00:06.8586639Z Temporarily overriding HOME='/home/runner/work/_temp/e97f16a6-a449-4d6e-b076-36fe3c513460' before making global git config changes
2026-10-04T01:00:06.8587603Z Adding repository directory to the temporary git global config as a safe directory
2026-10-04T01:00:06.8590210Z [command]/usr/bin/git config --global --add safe.directory /home/runner/work/accounting/accounting
2026-10-04T01:00:06.8624251Z [command]/usr/bin/git config --local --name-only --get-regexp core\.sshCommand
2026-10-04T01:00:06.8653399Z [command]/usr/bin/git submodule foreach --recursive sh -c "git config --local --name-only --get-regexp 'core\.sshCommand' && git config --local --unset-all 'core.sshCommand' || :"
2026-10-04T01:00:06.8870804Z [command]/usr/bin/git config --local --name-only --get-regexp http\.https\:\/\/github\.com\/\.extraheader
2026-10-04T01:00:06.8894381Z http.https://github.com/.extraheader
2026-10-04T01:00:06.8902911Z [command]/usr/bin/git config --local --unset-all http.https://github.com/.extraheader
2026-10-04T01:00:06.8932683Z [command]/usr/bin/git submodule foreach --recursive sh -c "git config --local --name-only --get-regexp 'http\.https\:\/\/github\.com\/\.extraheader' && git config --local --unset-all 'http.https://github.com/.extraheader' || :"
2026-10-04T01:00:06.9122253Z [command]/usr/bin/git config --local --name-only --get-regexp ^includeIf\.gitdir:
2026-10-04T01:00:06.9150746Z [command]/usr/bin/git submodule foreach --recursive git config --local --show-origin --name-only --get-regexp remote.origin.url
2026-10-04T01:00:06.9459945Z Cleaning up orphan processes
2026-10-04T01:00:06.9749035Z ##[warning]Node.js 20 is deprecated. The following actions target Node.js 20 but are being forced to run on Node.js 24: actions/checkout@11d5960a326750d5838078e36cf38b85af677262, actions/setup-node@49933ea5288caeca8642d1e84afbd3f7d6820020, pnpm/action-setup@b906affcce14559ad1aafd4ab0e942779e9f58b1. For more information see: https://github.blog/changelog/2025-09-19-deprecation-of-node-20-on-github-actions-runners/
