2026-10-04T00:29:06.5420860Z Current runner version: '2.337.0'
2026-10-04T00:29:06.5457603Z ##[group]Runner Image Provisioner
2026-10-04T00:29:06.5458945Z Hosted Compute Agent
2026-10-04T00:29:06.5459991Z Version: 20260901.588
2026-10-04T00:29:06.5461310Z Commit: f88ec8081b781fac6c440065ac7ff9e710ce3d0b
2026-10-04T00:29:06.5462639Z Build Date: 2026-09-01T19:56:44Z
2026-10-04T00:29:06.5463827Z Worker ID: {d369b9f2-72c7-48b5-87c6-d0165e78bffe}
2026-10-04T00:29:06.5465101Z Azure Region: eastus
2026-10-04T00:29:06.5466062Z ##[endgroup]
2026-10-04T00:29:06.5468552Z ##[group]Operating System
2026-10-04T00:29:06.5469584Z Ubuntu
2026-10-04T00:29:06.5470548Z 24.04.5
2026-10-04T00:29:06.5471869Z LTS
2026-10-04T00:29:06.5472769Z ##[endgroup]
2026-10-04T00:29:06.5474330Z ##[group]Runner Image
2026-10-04T00:29:06.5475375Z Image: ubuntu-24.04
2026-10-04T00:29:06.5476356Z Version: 20260927.320.1
2026-10-04T00:29:06.5478467Z Included Software: https://github.com/actions/runner-images/blob/ubuntu24/20260927.320/images/ubuntu/Ubuntu2404-Readme.md
2026-10-04T00:29:06.5481504Z Image Release: https://github.com/actions/runner-images/releases/tag/ubuntu24%2F20260927.320
2026-10-04T00:29:06.5483263Z ##[endgroup]
2026-10-04T00:29:06.5485159Z ##[group]GITHUB_TOKEN Permissions
2026-10-04T00:29:06.5488081Z Contents: read
2026-10-04T00:29:06.5489212Z Metadata: read
2026-10-04T00:29:06.5490212Z ##[endgroup]
2026-10-04T00:29:06.5493596Z Secret source: Actions
2026-10-04T00:29:06.5495267Z Cache mode: write
2026-10-04T00:29:06.5496770Z Prepare workflow directory
2026-10-04T00:29:06.5985943Z Prepare all required actions
2026-10-04T00:29:06.6059323Z Getting action download info
2026-10-04T00:29:06.8276105Z Download action repository 'actions/checkout@11d5960a326750d5838078e36cf38b85af677262' (SHA:11d5960a326750d5838078e36cf38b85af677262)
2026-10-04T00:29:06.9313318Z Download action repository 'pnpm/action-setup@b906affcce14559ad1aafd4ab0e942779e9f58b1' (SHA:b906affcce14559ad1aafd4ab0e942779e9f58b1)
2026-10-04T00:29:07.1558167Z Download action repository 'actions/setup-node@49933ea5288caeca8642d1e84afbd3f7d6820020' (SHA:49933ea5288caeca8642d1e84afbd3f7d6820020)
2026-10-04T00:29:07.4207379Z Complete job name: Accounting mutation gate (1/6)
2026-10-04T00:29:07.5157598Z ##[group]Run actions/checkout@11d5960a326750d5838078e36cf38b85af677262
2026-10-04T00:29:07.5160604Z with:
2026-10-04T00:29:07.5162219Z   repository: mjodshamrani-ux/accounting
2026-10-04T00:29:07.5178612Z   token: ***
2026-10-04T00:29:07.5180084Z   ssh-strict: true
2026-10-04T00:29:07.5181733Z   ssh-user: git
2026-10-04T00:29:07.5183245Z   persist-credentials: true
2026-10-04T00:29:07.5184943Z   clean: true
2026-10-04T00:29:07.5186393Z   sparse-checkout-cone-mode: true
2026-10-04T00:29:07.5188073Z   fetch-depth: 1
2026-10-04T00:29:07.5189469Z   fetch-tags: false
2026-10-04T00:29:07.5191233Z   show-progress: true
2026-10-04T00:29:07.5192692Z   lfs: false
2026-10-04T00:29:07.5194016Z   submodules: false
2026-10-04T00:29:07.5195480Z   set-safe-directory: true
2026-10-04T00:29:07.5197104Z   allow-unsafe-pr-checkout: false
2026-10-04T00:29:07.5199481Z ##[endgroup]
2026-10-04T00:29:07.6409755Z Syncing repository: mjodshamrani-ux/accounting
2026-10-04T00:29:07.6414355Z ##[group]Getting Git version info
2026-10-04T00:29:07.6416616Z Working directory is '/home/runner/work/accounting/accounting'
2026-10-04T00:29:07.6420122Z [command]/usr/bin/git version
2026-10-04T00:29:07.6533184Z git version 2.55.0
2026-10-04T00:29:07.6558296Z ##[endgroup]
2026-10-04T00:29:07.6578121Z Temporarily overriding HOME='/home/runner/work/_temp/4ff1e6fc-c591-4b6c-abbf-50ad99b47994' before making global git config changes
2026-10-04T00:29:07.6583226Z Adding repository directory to the temporary git global config as a safe directory
2026-10-04T00:29:07.6587264Z [command]/usr/bin/git config --global --add safe.directory /home/runner/work/accounting/accounting
2026-10-04T00:29:07.6645893Z Deleting the contents of '/home/runner/work/accounting/accounting'
2026-10-04T00:29:07.6650102Z ##[group]Initializing the repository
2026-10-04T00:29:07.6656234Z [command]/usr/bin/git init /home/runner/work/accounting/accounting
2026-10-04T00:29:07.6794042Z hint: Using 'master' as the name for the initial branch. This default branch name
2026-10-04T00:29:07.6796860Z hint: will change to "main" in Git 3.0. To configure the initial branch name
2026-10-04T00:29:07.6800201Z hint: to use in all of your new repositories, which will suppress this warning,
2026-10-04T00:29:07.6803041Z hint: call:
2026-10-04T00:29:07.6804678Z hint:
2026-10-04T00:29:07.6806286Z hint: 	git config --global init.defaultBranch <name>
2026-10-04T00:29:07.6808220Z hint:
2026-10-04T00:29:07.6810689Z hint: Names commonly chosen instead of 'master' are 'main', 'trunk' and
2026-10-04T00:29:07.6814368Z hint: 'development'. The just-created branch can be renamed via this command:
2026-10-04T00:29:07.6816933Z hint:
2026-10-04T00:29:07.6818271Z hint: 	git branch -m <name>
2026-10-04T00:29:07.6819767Z hint:
2026-10-04T00:29:07.6822080Z hint: Disable this message with "git config set advice.defaultBranchName false"
2026-10-04T00:29:07.6825997Z Initialized empty Git repository in /home/runner/work/accounting/accounting/.git/
2026-10-04T00:29:07.6830599Z [command]/usr/bin/git remote add origin https://github.com/mjodshamrani-ux/accounting
2026-10-04T00:29:07.6933142Z ##[endgroup]
2026-10-04T00:29:07.6934802Z ##[group]Disabling automatic garbage collection
2026-10-04T00:29:07.6936154Z [command]/usr/bin/git config --local gc.auto 0
2026-10-04T00:29:07.6939336Z ##[endgroup]
2026-10-04T00:29:07.6941734Z ##[group]Setting up auth
2026-10-04T00:29:07.6943392Z [command]/usr/bin/git config --local --name-only --get-regexp core\.sshCommand
2026-10-04T00:29:07.6978096Z [command]/usr/bin/git submodule foreach --recursive sh -c "git config --local --name-only --get-regexp 'core\.sshCommand' && git config --local --unset-all 'core.sshCommand' || :"
2026-10-04T00:29:07.7394050Z [command]/usr/bin/git config --local --name-only --get-regexp http\.https\:\/\/github\.com\/\.extraheader
2026-10-04T00:29:07.7434954Z [command]/usr/bin/git submodule foreach --recursive sh -c "git config --local --name-only --get-regexp 'http\.https\:\/\/github\.com\/\.extraheader' && git config --local --unset-all 'http.https://github.com/.extraheader' || :"
2026-10-04T00:29:07.7674065Z [command]/usr/bin/git config --local --name-only --get-regexp ^includeIf\.gitdir:
2026-10-04T00:29:07.7714857Z [command]/usr/bin/git submodule foreach --recursive git config --local --show-origin --name-only --get-regexp remote.origin.url
2026-10-04T00:29:07.7953160Z [command]/usr/bin/git config --local http.https://github.com/.extraheader AUTHORIZATION: basic ***
2026-10-04T00:29:07.7997900Z ##[endgroup]
2026-10-04T00:29:07.8000259Z ##[group]Fetching the repository
2026-10-04T00:29:07.8008721Z [command]/usr/bin/git -c protocol.version=2 fetch --no-tags --prune --no-recurse-submodules --depth=1 origin +c767c1aa79badca8304ea171782209ff69c31f66:refs/remotes/origin/main
2026-10-04T00:29:08.9959574Z From https://github.com/mjodshamrani-ux/accounting
2026-10-04T00:29:08.9961180Z  * [new ref]         c767c1aa79badca8304ea171782209ff69c31f66 -> origin/main
2026-10-04T00:29:08.9965019Z ##[endgroup]
2026-10-04T00:29:08.9965915Z ##[group]Determining the checkout info
2026-10-04T00:29:08.9968338Z ##[endgroup]
2026-10-04T00:29:08.9974526Z [command]/usr/bin/git sparse-checkout disable
2026-10-04T00:29:09.0031920Z [command]/usr/bin/git config --local --unset-all extensions.worktreeConfig
2026-10-04T00:29:09.0070846Z ##[group]Checking out the ref
2026-10-04T00:29:09.0071924Z [command]/usr/bin/git checkout --progress --force -B main refs/remotes/origin/main
2026-10-04T00:29:09.3962469Z Switched to a new branch 'main'
2026-10-04T00:29:09.3991992Z branch 'main' set up to track 'origin/main'.
2026-10-04T00:29:09.4000416Z ##[endgroup]
2026-10-04T00:29:09.4061649Z [command]/usr/bin/git log -1 --format=%H
2026-10-04T00:29:09.4091506Z c767c1aa79badca8304ea171782209ff69c31f66
2026-10-04T00:29:09.4331164Z ##[group]Run pnpm/action-setup@b906affcce14559ad1aafd4ab0e942779e9f58b1
2026-10-04T00:29:09.4331638Z with:
2026-10-04T00:29:09.4332077Z   version: 11.19.0
2026-10-04T00:29:09.4332292Z   dest: ~/setup-pnpm
2026-10-04T00:29:09.4332506Z   run_install: null
2026-10-04T00:29:09.4332710Z   cache: false
2026-10-04T00:29:09.4332932Z   cache_dependency_path: pnpm-lock.yaml
2026-10-04T00:29:09.4333218Z   package_json_file: package.json
2026-10-04T00:29:09.4333472Z   standalone: false
2026-10-04T00:29:09.4333676Z ##[endgroup]
2026-10-04T00:29:09.5815720Z ##[group]Running self-installer...
2026-10-04T00:29:10.0086680Z (node:2287) [DEP0169] DeprecationWarning: `url.parse()` behavior is not standardized and prone to errors that have security implications. Use the WHATWG URL API instead. CVEs are not issued for `url.parse()` vulnerabilities.
2026-10-04T00:29:10.0088939Z (Use `node --trace-deprecation ...` to show where the warning was created)
2026-10-04T00:29:10.1504459Z Progress: resolved 1, reused 0, downloaded 0, added 0
2026-10-04T00:29:10.1622691Z Packages: +1
2026-10-04T00:29:10.1623552Z +
2026-10-04T00:29:10.6015516Z Progress: resolved 1, reused 0, downloaded 1, added 1, done
2026-10-04T00:29:10.6335973Z 
2026-10-04T00:29:10.6336698Z dependencies:
2026-10-04T00:29:10.6337188Z + pnpm 11.19.0 (12.9.1 is available)
2026-10-04T00:29:10.6337533Z 
2026-10-04T00:29:10.6365391Z Done in 867ms
2026-10-04T00:29:10.7574283Z ##[endgroup]
2026-10-04T00:29:10.7574574Z Installation Completed!
2026-10-04T00:29:10.7766419Z ##[group]Run actions/setup-node@49933ea5288caeca8642d1e84afbd3f7d6820020
2026-10-04T00:29:10.7766835Z with:
2026-10-04T00:29:10.7767040Z   node-version: 24
2026-10-04T00:29:10.7767254Z   cache: pnpm
2026-10-04T00:29:10.7767458Z   always-auth: false
2026-10-04T00:29:10.7767673Z   check-latest: false
2026-10-04T00:29:10.7770282Z   token: ***
2026-10-04T00:29:10.7770483Z env:
2026-10-04T00:29:10.7770746Z   PNPM_HOME: /home/runner/setup-pnpm/node_modules/.bin
2026-10-04T00:29:10.7771242Z ##[endgroup]
2026-10-04T00:29:10.9258910Z Found in cache @ /opt/hostedtoolcache/node/24.21.0/x64
2026-10-04T00:29:10.9264124Z (node:2301) [DEP0040] DeprecationWarning: The `punycode` module is deprecated. Please use a userland alternative instead.
2026-10-04T00:29:10.9264980Z (Use `node --trace-deprecation ...` to show where the warning was created)
2026-10-04T00:29:10.9267112Z ##[group]Environment details
2026-10-04T00:29:11.3276351Z node: v24.21.0
2026-10-04T00:29:11.3276804Z npm: 11.19.0
2026-10-04T00:29:11.3277281Z yarn: 1.22.22
2026-10-04T00:29:11.3278830Z ##[endgroup]
2026-10-04T00:29:11.3299144Z [command]/home/runner/setup-pnpm/node_modules/.bin/pnpm store path --silent
2026-10-04T00:29:11.9442214Z /home/runner/setup-pnpm/node_modules/.bin/store/v11
2026-10-04T00:29:12.0321757Z Cache hit for: node-cache-Linux-x64-pnpm-970ff90c8c5b62d936b78a56179f81cdf02982feb14381f8bba791078d20d9fe
2026-10-04T00:29:12.0441277Z (node:2301) [DEP0169] DeprecationWarning: `url.parse()` behavior is not standardized and prone to errors that have security implications. Use the WHATWG URL API instead. CVEs are not issued for `url.parse()` vulnerabilities.
2026-10-04T00:29:12.5292716Z Received 118816928 of 118816928 (100.0%), 245.8 MBs/sec
2026-10-04T00:29:12.5294133Z Cache Size: ~113 MB (118816928 B)
2026-10-04T00:29:12.5330649Z [command]/usr/bin/tar -xf /home/runner/work/_temp/f9b9aeb6-9bdc-47e8-bf01-6c89c612fd54/cache.tzst -P -C /home/runner/work/accounting/accounting --use-compress-program unzstd
2026-10-04T00:29:13.8171779Z Cache restored successfully
2026-10-04T00:29:13.8232448Z Cache restored from key: node-cache-Linux-x64-pnpm-970ff90c8c5b62d936b78a56179f81cdf02982feb14381f8bba791078d20d9fe
2026-10-04T00:29:13.8440453Z ##[group]Run pnpm install --frozen-lockfile
2026-10-04T00:29:13.8440901Z [36;1mpnpm install --frozen-lockfile[0m
2026-10-04T00:29:13.8709617Z shell: /usr/bin/bash -e {0}
2026-10-04T00:29:13.8709943Z env:
2026-10-04T00:29:13.8710234Z   PNPM_HOME: /home/runner/setup-pnpm/node_modules/.bin
2026-10-04T00:29:13.8710581Z ##[endgroup]
2026-10-04T00:29:14.3885078Z ? Verifying lockfile against supply-chain policies (367 entries)...
2026-10-04T00:29:14.3961204Z Lockfile is up to date, resolution step is skipped
2026-10-04T00:29:14.5116541Z Progress: resolved 1, reused 0, downloaded 0, added 0
2026-10-04T00:29:14.5660913Z Packages: +249
2026-10-04T00:29:14.5661759Z ++++++++++++++++++++++++++++++++++++++++++++++++++++++++++++++++++++++++++++++++
2026-10-04T00:29:15.4359415Z Packages are hard linked from the content-addressable store to the virtual store.
2026-10-04T00:29:15.4367889Z   Content-addressable store is at: /home/runner/setup-pnpm/node_modules/.bin/store/v11
2026-10-04T00:29:15.4374023Z   Virtual store is at:             node_modules/.pnpm
2026-10-04T00:29:15.5170328Z Progress: resolved 249, reused 249, downloaded 0, added 8
2026-10-04T00:29:16.2491747Z Progress: resolved 249, reused 249, downloaded 0, added 249, done
2026-10-04T00:29:17.2691771Z ✓ Lockfile passes supply-chain policies (367 entries in 2.8s)
2026-10-04T00:29:17.3230420Z 
2026-10-04T00:29:17.3232086Z dependencies:
2026-10-04T00:29:17.3232659Z + @base-ui/react 1.7.0
2026-10-04T00:29:17.3233146Z + @shadcn/react 0.3.0
2026-10-04T00:29:17.3233693Z + @tesseract.js-data/ara 1.0.0
2026-10-04T00:29:17.3234222Z + @tesseract.js-data/eng 1.0.0
2026-10-04T00:29:17.3234791Z + class-variance-authority 0.7.1
2026-10-04T00:29:17.3235354Z + clsx 2.1.1
2026-10-04T00:29:17.3235679Z + cmdk 1.1.1
2026-10-04T00:29:17.3236041Z + date-fns 4.1.0
2026-10-04T00:29:17.3236483Z + embla-carousel-react 8.5.2
2026-10-04T00:29:17.3236955Z + exceljs 4.4.0
2026-10-04T00:29:17.3237389Z + input-otp 1.4.2
2026-10-04T00:29:17.3237767Z + jszip 3.10.1
2026-10-04T00:29:17.3238223Z + lucide-react 1.31.0
2026-10-04T00:29:17.3238659Z + react 19.2.6
2026-10-04T00:29:17.3239180Z + react-day-picker 9.8.1
2026-10-04T00:29:17.3239678Z + react-dom 19.2.6
2026-10-04T00:29:17.3240189Z + react-resizable-panels 4.5.8
2026-10-04T00:29:17.3240697Z + recharts 3.8.0
2026-10-04T00:29:17.3241393Z + saxes 5.0.1
2026-10-04T00:29:17.3241826Z + tailwind-merge 3.6.0
2026-10-04T00:29:17.3242261Z + tesseract.js 7.0.0
2026-10-04T00:29:17.3242697Z + tw-animate-css 1.4.0
2026-10-04T00:29:17.3243264Z + unpdf 1.8.1
2026-10-04T00:29:17.3243495Z 
2026-10-04T00:29:17.3243721Z devDependencies:
2026-10-04T00:29:17.3244194Z + @tailwindcss/postcss 4.2.1
2026-10-04T00:29:17.3244718Z + @types/node 22.19.19
2026-10-04T00:29:17.3245225Z + @types/react 19.2.14
2026-10-04T00:29:17.3245711Z + @types/react-dom 19.2.3
2026-10-04T00:29:17.3246213Z + @vitejs/plugin-react 6.0.2
2026-10-04T00:29:17.3246681Z + oxfmt 0.61.0
2026-10-04T00:29:17.3247053Z + oxlint 1.76.0
2026-10-04T00:29:17.3247497Z + oxlint-tsgolint 7.0.2001
2026-10-04T00:29:17.3247959Z + playwright 1.62.1
2026-10-04T00:29:17.3248368Z + tailwindcss 4.2.1
2026-10-04T00:29:17.3248772Z + typescript 5.9.3
2026-10-04T00:29:17.3249146Z + vite 8.0.16
2026-10-04T00:29:17.3249359Z 
2026-10-04T00:29:17.3628860Z Done in 3.4s using pnpm v11.19.0
2026-10-04T00:29:17.4178388Z ##[group]Run pnpm test:mutations
2026-10-04T00:29:17.4178725Z [36;1mpnpm test:mutations[0m
2026-10-04T00:29:17.4243508Z shell: /usr/bin/bash -e {0}
2026-10-04T00:29:17.4243793Z env:
2026-10-04T00:29:17.4244057Z   PNPM_HOME: /home/runner/setup-pnpm/node_modules/.bin
2026-10-04T00:29:17.4244381Z   MUTATION_SHARD: 1/6
2026-10-04T00:29:17.4244604Z ##[endgroup]
2026-10-04T00:29:18.3505797Z Already up to date
2026-10-04T00:29:18.3513833Z Done in 438ms using pnpm v11.19.0
2026-10-04T00:29:18.3659627Z $ node scripts/test-mutations.mjs
2026-10-04T00:30:29.4893841Z Detected deliberate fault: p6-source-ignore-bound-mapping
2026-10-04T00:31:07.4017062Z Detected deliberate fault: p6-table-retain-coverage-after-row-edit
2026-10-04T00:31:45.4617375Z Detected deliberate fault: p6-ignore-manual-region-observations
2026-10-04T00:32:23.5770131Z Detected deliberate fault: p6-skip-cell-fingerprint-on-restore
2026-10-04T00:33:01.6476154Z Detected deliberate fault: partial-treat-untrusted-cells-as-format-proof
2026-10-04T00:33:40.1335950Z Detected deliberate fault: p2-reject-explicit-numeric-payment-identities
2026-10-04T00:34:18.3139467Z Detected deliberate fault: p2-accept-inferred-payment-role-as-explicit-proof
2026-10-04T00:34:55.7148268Z Detected deliberate fault: p1-accept-placeholder-category-or-zero-as-a-discriminator
2026-10-04T00:35:33.6293646Z Detected deliberate fault: p1-use-normalized-document-identity
2026-10-04T00:36:09.6126369Z Detected deliberate fault: 046-disable-all-supported-groups
2026-10-04T00:36:47.5131708Z Detected deliberate fault: v11-approve-a-source-compared-with-itself
2026-10-04T00:37:25.2435496Z Detected deliberate fault: v11-approve-on-a-voucher-with-no-chosen-reference
2026-10-04T00:38:02.8384061Z Detected deliberate fault: hard-g08-accept-payment-parts-beyond-the-date-window
2026-10-04T00:38:40.9103998Z Detected deliberate fault: accept-a-partial-pdf-operator-stream
2026-10-04T00:39:18.6942077Z Detected deliberate fault: ignore-known-document-evidence-conflicts
2026-10-04T00:39:56.7771974Z Detected deliberate fault: reject-unused-helper-formulas
2026-10-04T00:40:34.5584686Z Detected deliberate fault: classify-any-summary-word-as-a-nontransaction
2026-10-04T00:41:12.9531250Z Detected deliberate fault: fuzzy-reference-auto-match
2026-10-04T00:41:51.3425724Z Detected deliberate fault: typed-short-infer-type-without-explicit-label
2026-10-04T00:42:29.4355145Z Detected deliberate fault: f03-ignore-related-credit-invoice-conflict
2026-10-04T00:43:07.0459397Z Detected deliberate fault: unknown-credit-remove-role-review-gate
2026-10-04T00:43:45.1291469Z Detected deliberate fault: p5-invent-model-case-total
2026-10-04T00:43:45.1990630Z {
2026-10-04T00:43:45.1991361Z   "baselinePassed": true,
2026-10-04T00:43:45.1991807Z   "detected": 22,
2026-10-04T00:43:45.1992264Z   "total": 22,
2026-10-04T00:43:45.1992592Z   "available": 129,
2026-10-04T00:43:45.1992938Z   "shard": {
2026-10-04T00:43:45.1993265Z     "index": 1,
2026-10-04T00:43:45.1993619Z     "count": 6
2026-10-04T00:43:45.1993961Z   },
2026-10-04T00:43:45.1994328Z   "mutations": [
2026-10-04T00:43:45.1994673Z     {
2026-10-04T00:43:45.1995166Z       "mutation": "p6-source-ignore-bound-mapping",
2026-10-04T00:43:45.1995743Z       "detected": true
2026-10-04T00:43:45.1996088Z     },
2026-10-04T00:43:45.1996369Z     {
2026-10-04T00:43:45.1996932Z       "mutation": "p6-table-retain-coverage-after-row-edit",
2026-10-04T00:43:45.1997537Z       "detected": true
2026-10-04T00:43:45.1997990Z     },
2026-10-04T00:43:45.1998330Z     {
2026-10-04T00:43:45.1998846Z       "mutation": "p6-ignore-manual-region-observations",
2026-10-04T00:43:45.1999442Z       "detected": true
2026-10-04T00:43:45.1999815Z     },
2026-10-04T00:43:45.2000114Z     {
2026-10-04T00:43:45.2000624Z       "mutation": "p6-skip-cell-fingerprint-on-restore",
2026-10-04T00:43:45.2001443Z       "detected": true
2026-10-04T00:43:45.2001849Z     },
2026-10-04T00:43:45.2002141Z     {
2026-10-04T00:43:45.2002730Z       "mutation": "partial-treat-untrusted-cells-as-format-proof",
2026-10-04T00:43:45.2003884Z       "detected": true
2026-10-04T00:43:45.2004308Z     },
2026-10-04T00:43:45.2004643Z     {
2026-10-04T00:43:45.2005169Z       "mutation": "p2-reject-explicit-numeric-payment-identities",
2026-10-04T00:43:45.2005971Z       "detected": true
2026-10-04T00:43:45.2006452Z     },
2026-10-04T00:43:45.2006784Z     {
2026-10-04T00:43:45.2007382Z       "mutation": "p2-accept-inferred-payment-role-as-explicit-proof",
2026-10-04T00:43:45.2008058Z       "detected": true
2026-10-04T00:43:45.2008508Z     },
2026-10-04T00:43:45.2008861Z     {
2026-10-04T00:43:45.2009544Z       "mutation": "p1-accept-placeholder-category-or-zero-as-a-discriminator",
2026-10-04T00:43:45.2010270Z       "detected": true
2026-10-04T00:43:45.2010654Z     },
2026-10-04T00:43:45.2011136Z     {
2026-10-04T00:43:45.2011645Z       "mutation": "p1-use-normalized-document-identity",
2026-10-04T00:43:45.2012256Z       "detected": true
2026-10-04T00:43:45.2012606Z     },
2026-10-04T00:43:45.2012927Z     {
2026-10-04T00:43:45.2013412Z       "mutation": "046-disable-all-supported-groups",
2026-10-04T00:43:45.2013959Z       "detected": true
2026-10-04T00:43:45.2014333Z     },
2026-10-04T00:43:45.2014626Z     {
2026-10-04T00:43:45.2015464Z       "mutation": "v11-approve-a-source-compared-with-itself",
2026-10-04T00:43:45.2016078Z       "detected": true
2026-10-04T00:43:45.2016454Z     },
2026-10-04T00:43:45.2016778Z     {
2026-10-04T00:43:45.2017371Z       "mutation": "v11-approve-on-a-voucher-with-no-chosen-reference",
2026-10-04T00:43:45.2018028Z       "detected": true
2026-10-04T00:43:45.2018410Z     },
2026-10-04T00:43:45.2018713Z     {
2026-10-04T00:43:45.2019327Z       "mutation": "hard-g08-accept-payment-parts-beyond-the-date-window",
2026-10-04T00:43:45.2020040Z       "detected": true
2026-10-04T00:43:45.2020421Z     },
2026-10-04T00:43:45.2020714Z     {
2026-10-04T00:43:45.2021462Z       "mutation": "accept-a-partial-pdf-operator-stream",
2026-10-04T00:43:45.2022148Z       "detected": true
2026-10-04T00:43:45.2022576Z     },
2026-10-04T00:43:45.2022911Z     {
2026-10-04T00:43:45.2023450Z       "mutation": "ignore-known-document-evidence-conflicts",
2026-10-04T00:43:45.2024046Z       "detected": true
2026-10-04T00:43:45.2024435Z     },
2026-10-04T00:43:45.2024779Z     {
2026-10-04T00:43:45.2025212Z       "mutation": "reject-unused-helper-formulas",
2026-10-04T00:43:45.2025776Z       "detected": true
2026-10-04T00:43:45.2026133Z     },
2026-10-04T00:43:45.2026455Z     {
2026-10-04T00:43:45.2027021Z       "mutation": "classify-any-summary-word-as-a-nontransaction",
2026-10-04T00:43:45.2027661Z       "detected": true
2026-10-04T00:43:45.2028042Z     },
2026-10-04T00:43:45.2028358Z     {
2026-10-04T00:43:45.2028808Z       "mutation": "fuzzy-reference-auto-match",
2026-10-04T00:43:45.2029385Z       "detected": true
2026-10-04T00:43:45.2029738Z     },
2026-10-04T00:43:45.2030101Z     {
2026-10-04T00:43:45.2030666Z       "mutation": "typed-short-infer-type-without-explicit-label",
2026-10-04T00:43:45.2031481Z       "detected": true
2026-10-04T00:43:45.2031870Z     },
2026-10-04T00:43:45.2032203Z     {
2026-10-04T00:43:45.2032805Z       "mutation": "f03-ignore-related-credit-invoice-conflict",
2026-10-04T00:43:45.2033438Z       "detected": true
2026-10-04T00:43:45.2033824Z     },
2026-10-04T00:43:45.2034109Z     {
2026-10-04T00:43:45.2034631Z       "mutation": "unknown-credit-remove-role-review-gate",
2026-10-04T00:43:45.2035230Z       "detected": true
2026-10-04T00:43:45.2035582Z     },
2026-10-04T00:43:45.2035912Z     {
2026-10-04T00:43:45.2036423Z       "mutation": "p5-invent-model-case-total",
2026-10-04T00:43:45.2037048Z       "detected": true
2026-10-04T00:43:45.2037691Z     }
2026-10-04T00:43:45.2037986Z   ]
2026-10-04T00:43:45.2038199Z }
2026-10-04T00:43:45.2272193Z Post job cleanup.
2026-10-04T00:43:45.3507125Z (node:15104) [DEP0040] DeprecationWarning: The `punycode` module is deprecated. Please use a userland alternative instead.
2026-10-04T00:43:45.3508192Z (Use `node --trace-deprecation ...` to show where the warning was created)
2026-10-04T00:43:45.3511802Z Cache hit occurred on the primary key node-cache-Linux-x64-pnpm-970ff90c8c5b62d936b78a56179f81cdf02982feb14381f8bba791078d20d9fe, not saving cache.
2026-10-04T00:43:45.3627688Z Post job cleanup.
2026-10-04T00:43:45.5194179Z Pruning is unnecessary.
2026-10-04T00:43:45.5392245Z Post job cleanup.
2026-10-04T00:43:45.6330800Z [command]/usr/bin/git version
2026-10-04T00:43:45.6378483Z git version 2.55.0
2026-10-04T00:43:45.6425360Z Temporarily overriding HOME='/home/runner/work/_temp/b67fc33b-2b18-4ac8-908f-283fcbed0a4d' before making global git config changes
2026-10-04T00:43:45.6426843Z Adding repository directory to the temporary git global config as a safe directory
2026-10-04T00:43:45.6432681Z [command]/usr/bin/git config --global --add safe.directory /home/runner/work/accounting/accounting
2026-10-04T00:43:45.6478567Z [command]/usr/bin/git config --local --name-only --get-regexp core\.sshCommand
2026-10-04T00:43:45.6516041Z [command]/usr/bin/git submodule foreach --recursive sh -c "git config --local --name-only --get-regexp 'core\.sshCommand' && git config --local --unset-all 'core.sshCommand' || :"
2026-10-04T00:43:45.6785407Z [command]/usr/bin/git config --local --name-only --get-regexp http\.https\:\/\/github\.com\/\.extraheader
2026-10-04T00:43:45.6815559Z http.https://github.com/.extraheader
2026-10-04T00:43:45.6827987Z [command]/usr/bin/git config --local --unset-all http.https://github.com/.extraheader
2026-10-04T00:43:45.6865623Z [command]/usr/bin/git submodule foreach --recursive sh -c "git config --local --name-only --get-regexp 'http\.https\:\/\/github\.com\/\.extraheader' && git config --local --unset-all 'http.https://github.com/.extraheader' || :"
2026-10-04T00:43:45.7123705Z [command]/usr/bin/git config --local --name-only --get-regexp ^includeIf\.gitdir:
2026-10-04T00:43:45.7163905Z [command]/usr/bin/git submodule foreach --recursive git config --local --show-origin --name-only --get-regexp remote.origin.url
2026-10-04T00:43:45.7696973Z Cleaning up orphan processes
2026-10-04T00:43:45.8092134Z ##[warning]Node.js 20 is deprecated. The following actions target Node.js 20 but are being forced to run on Node.js 24: actions/checkout@11d5960a326750d5838078e36cf38b85af677262, actions/setup-node@49933ea5288caeca8642d1e84afbd3f7d6820020, pnpm/action-setup@b906affcce14559ad1aafd4ab0e942779e9f58b1. For more information see: https://github.blog/changelog/2025-09-19-deprecation-of-node-20-on-github-actions-runners/
