2026-10-04T00:44:09.2519709Z Current runner version: '2.337.0'
2026-10-04T00:44:09.2546861Z ##[group]Runner Image Provisioner
2026-10-04T00:44:09.2547842Z Hosted Compute Agent
2026-10-04T00:44:09.2548438Z Version: 20260901.588
2026-10-04T00:44:09.2549209Z Commit: f88ec8081b781fac6c440065ac7ff9e710ce3d0b
2026-10-04T00:44:09.2549970Z Build Date: 2026-09-01T19:56:44Z
2026-10-04T00:44:09.2550739Z Worker ID: {84b70684-887f-428a-a167-89c6fb305453}
2026-10-04T00:44:09.2551493Z Azure Region: westus
2026-10-04T00:44:09.2552074Z ##[endgroup]
2026-10-04T00:44:09.2553851Z ##[group]Operating System
2026-10-04T00:44:09.2554529Z Ubuntu
2026-10-04T00:44:09.2555165Z 24.04.5
2026-10-04T00:44:09.2555746Z LTS
2026-10-04T00:44:09.2556494Z ##[endgroup]
2026-10-04T00:44:09.2557157Z ##[group]Runner Image
2026-10-04T00:44:09.2557781Z Image: ubuntu-24.04
2026-10-04T00:44:09.2558343Z Version: 20260927.320.1
2026-10-04T00:44:09.2559698Z Included Software: https://github.com/actions/runner-images/blob/ubuntu24/20260927.320/images/ubuntu/Ubuntu2404-Readme.md
2026-10-04T00:44:09.2561364Z Image Release: https://github.com/actions/runner-images/releases/tag/ubuntu24%2F20260927.320
2026-10-04T00:44:09.2562359Z ##[endgroup]
2026-10-04T00:44:09.2563549Z ##[group]GITHUB_TOKEN Permissions
2026-10-04T00:44:09.2565839Z Metadata: read
2026-10-04T00:44:09.2566650Z Pages: write
2026-10-04T00:44:09.2567369Z ##[endgroup]
2026-10-04T00:44:09.2569631Z Secret source: Actions
2026-10-04T00:44:09.2570717Z Cache mode: write
2026-10-04T00:44:09.2571450Z Prepare workflow directory
2026-10-04T00:44:09.2962647Z Prepare all required actions
2026-10-04T00:44:09.3029537Z Getting action download info
2026-10-04T00:44:09.6761978Z Download action repository 'actions/deploy-pages@d6db90164ac5ed86f2b6aed7e0febac5b3c0c03e' (SHA:d6db90164ac5ed86f2b6aed7e0febac5b3c0c03e)
2026-10-04T00:44:10.2780990Z Complete job name: deploy
2026-10-04T00:44:10.3624235Z ##[group]Run actions/deploy-pages@d6db90164ac5ed86f2b6aed7e0febac5b3c0c03e
2026-10-04T00:44:10.3625433Z with:
2026-10-04T00:44:10.3629802Z   token: ***
2026-10-04T00:44:10.3630281Z   timeout: 600000
2026-10-04T00:44:10.3630748Z   error_count: 10
2026-10-04T00:44:10.3631221Z   reporting_interval: 5000
2026-10-04T00:44:10.3631743Z   artifact_name: github-pages
2026-10-04T00:44:10.3632268Z   preview: false
2026-10-04T00:44:10.3633049Z ##[endgroup]
2026-10-04T00:44:10.5625473Z (node:2188) [DEP0040] DeprecationWarning: The `punycode` module is deprecated. Please use a userland alternative instead.
2026-10-04T00:44:10.5627221Z (Use `node --trace-deprecation ...` to show where the warning was created)
2026-10-04T00:44:10.8111063Z Fetching artifact metadata for "github-pages" in this workflow run
2026-10-04T00:44:11.0813933Z Found 6 artifact(s)
2026-10-04T00:44:11.0828092Z Creating Pages deployment with payload:
2026-10-04T00:44:11.0829564Z {
2026-10-04T00:44:11.0830444Z 	"artifact_id": 11289337260,
2026-10-04T00:44:11.0831640Z 	"pages_build_version": "c767c1aa79badca8304ea171782209ff69c31f66",
2026-10-04T00:44:11.0972804Z 	"oidc_token": "***"
2026-10-04T00:44:11.0974157Z }
2026-10-04T00:44:11.7469242Z Created deployment for c767c1aa79badca8304ea171782209ff69c31f66, ID: c767c1aa79badca8304ea171782209ff69c31f66
2026-10-04T00:44:16.7496852Z Getting Pages deployment status...
2026-10-04T00:44:16.9310800Z Reported success!
2026-10-04T00:44:16.9611965Z Evaluate and set environment url
2026-10-04T00:44:16.9617351Z Evaluated environment url: https://mjodshamrani-ux.github.io/accounting/
2026-10-04T00:44:16.9618428Z Cleaning up orphan processes
2026-10-04T00:44:16.9915076Z ##[warning]Node.js 20 is deprecated. The following actions target Node.js 20 but are being forced to run on Node.js 24: actions/deploy-pages@d6db90164ac5ed86f2b6aed7e0febac5b3c0c03e. For more information see: https://github.blog/changelog/2025-09-19-deprecation-of-node-20-on-github-actions-runners/
