2026-10-04T00:29:06.3383561Z Current runner version: '2.337.0'
2026-10-04T00:29:06.3417265Z ##[group]Runner Image Provisioner
2026-10-04T00:29:06.3418603Z Hosted Compute Agent
2026-10-04T00:29:06.3419675Z Version: 20260901.588
2026-10-04T00:29:06.3420822Z Commit: f88ec8081b781fac6c440065ac7ff9e710ce3d0b
2026-10-04T00:29:06.3422168Z Build Date: 2026-09-01T19:56:44Z
2026-10-04T00:29:06.3423356Z Worker ID: {628c4636-faa0-44f3-9039-e10f6e020aee}
2026-10-04T00:29:06.3424889Z Azure Region: eastus
2026-10-04T00:29:06.3425963Z ##[endgroup]
2026-10-04T00:29:06.3428258Z ##[group]Operating System
2026-10-04T00:29:06.3429527Z Ubuntu
2026-10-04T00:29:06.3430410Z 24.04.5
2026-10-04T00:29:06.3431260Z LTS
2026-10-04T00:29:06.3432259Z ##[endgroup]
2026-10-04T00:29:06.3433187Z ##[group]Runner Image
2026-10-04T00:29:06.3434919Z Image: ubuntu-24.04
2026-10-04T00:29:06.3436034Z Version: 20260927.320.1
2026-10-04T00:29:06.3438223Z Included Software: https://github.com/actions/runner-images/blob/ubuntu24/20260927.320/images/ubuntu/Ubuntu2404-Readme.md
2026-10-04T00:29:06.3440985Z Image Release: https://github.com/actions/runner-images/releases/tag/ubuntu24%2F20260927.320
2026-10-04T00:29:06.3442766Z ##[endgroup]
2026-10-04T00:29:06.3444967Z ##[group]GITHUB_TOKEN Permissions
2026-10-04T00:29:06.3447968Z Contents: read
2026-10-04T00:29:06.3448981Z Metadata: read
2026-10-04T00:29:06.3450023Z ##[endgroup]
2026-10-04T00:29:06.3453021Z Secret source: Actions
2026-10-04T00:29:06.3454910Z Cache mode: write
2026-10-04T00:29:06.3456353Z Prepare workflow directory
2026-10-04T00:29:06.3932233Z Prepare all required actions
2026-10-04T00:29:06.4003270Z Getting action download info
2026-10-04T00:29:06.6184468Z Download action repository 'actions/checkout@11d5960a326750d5838078e36cf38b85af677262' (SHA:11d5960a326750d5838078e36cf38b85af677262)
2026-10-04T00:29:06.7249543Z Download action repository 'pnpm/action-setup@b906affcce14559ad1aafd4ab0e942779e9f58b1' (SHA:b906affcce14559ad1aafd4ab0e942779e9f58b1)
2026-10-04T00:29:06.9085663Z Download action repository 'actions/setup-node@49933ea5288caeca8642d1e84afbd3f7d6820020' (SHA:49933ea5288caeca8642d1e84afbd3f7d6820020)
2026-10-04T00:29:07.0991874Z Complete job name: Accounting mutation gate (4/6)
2026-10-04T00:29:07.1772654Z ##[group]Run actions/checkout@11d5960a326750d5838078e36cf38b85af677262
2026-10-04T00:29:07.1773712Z with:
2026-10-04T00:29:07.1774407Z   repository: mjodshamrani-ux/accounting
2026-10-04T00:29:07.1778373Z   token: ***
2026-10-04T00:29:07.1778819Z   ssh-strict: true
2026-10-04T00:29:07.1779261Z   ssh-user: git
2026-10-04T00:29:07.1779711Z   persist-credentials: true
2026-10-04T00:29:07.1780198Z   clean: true
2026-10-04T00:29:07.1780636Z   sparse-checkout-cone-mode: true
2026-10-04T00:29:07.1781147Z   fetch-depth: 1
2026-10-04T00:29:07.1781572Z   fetch-tags: false
2026-10-04T00:29:07.1782012Z   show-progress: true
2026-10-04T00:29:07.1782459Z   lfs: false
2026-10-04T00:29:07.1782871Z   submodules: false
2026-10-04T00:29:07.1783320Z   set-safe-directory: true
2026-10-04T00:29:07.1783822Z   allow-unsafe-pr-checkout: false
2026-10-04T00:29:07.1784771Z ##[endgroup]
2026-10-04T00:29:07.2779276Z Syncing repository: mjodshamrani-ux/accounting
2026-10-04T00:29:07.2781429Z ##[group]Getting Git version info
2026-10-04T00:29:07.2782217Z Working directory is '/home/runner/work/accounting/accounting'
2026-10-04T00:29:07.2783260Z [command]/usr/bin/git version
2026-10-04T00:29:07.2889020Z git version 2.55.0
2026-10-04T00:29:07.2915489Z ##[endgroup]
2026-10-04T00:29:07.2933047Z Temporarily overriding HOME='/home/runner/work/_temp/50a68c24-8c3f-4dd9-938f-0e8a3e6de930' before making global git config changes
2026-10-04T00:29:07.2936273Z Adding repository directory to the temporary git global config as a safe directory
2026-10-04T00:29:07.2940160Z [command]/usr/bin/git config --global --add safe.directory /home/runner/work/accounting/accounting
2026-10-04T00:29:07.3002623Z Deleting the contents of '/home/runner/work/accounting/accounting'
2026-10-04T00:29:07.3009453Z ##[group]Initializing the repository
2026-10-04T00:29:07.3014879Z [command]/usr/bin/git init /home/runner/work/accounting/accounting
2026-10-04T00:29:07.3156200Z hint: Using 'master' as the name for the initial branch. This default branch name
2026-10-04T00:29:07.3158173Z hint: will change to "main" in Git 3.0. To configure the initial branch name
2026-10-04T00:29:07.3164966Z hint: to use in all of your new repositories, which will suppress this warning,
2026-10-04T00:29:07.3166615Z hint: call:
2026-10-04T00:29:07.3167485Z hint:
2026-10-04T00:29:07.3168614Z hint: 	git config --global init.defaultBranch <name>
2026-10-04T00:29:07.3169887Z hint:
2026-10-04T00:29:07.3171084Z hint: Names commonly chosen instead of 'master' are 'main', 'trunk' and
2026-10-04T00:29:07.3172942Z hint: 'development'. The just-created branch can be renamed via this command:
2026-10-04T00:29:07.3174765Z hint:
2026-10-04T00:29:07.3175704Z hint: 	git branch -m <name>
2026-10-04T00:29:07.3177176Z hint:
2026-10-04T00:29:07.3178721Z hint: Disable this message with "git config set advice.defaultBranchName false"
2026-10-04T00:29:07.3181045Z Initialized empty Git repository in /home/runner/work/accounting/accounting/.git/
2026-10-04T00:29:07.3185746Z [command]/usr/bin/git remote add origin https://github.com/mjodshamrani-ux/accounting
2026-10-04T00:29:07.3247169Z ##[endgroup]
2026-10-04T00:29:07.3248924Z ##[group]Disabling automatic garbage collection
2026-10-04T00:29:07.3252827Z [command]/usr/bin/git config --local gc.auto 0
2026-10-04T00:29:07.3294781Z ##[endgroup]
2026-10-04T00:29:07.3296524Z ##[group]Setting up auth
2026-10-04T00:29:07.3304747Z [command]/usr/bin/git config --local --name-only --get-regexp core\.sshCommand
2026-10-04T00:29:07.3346107Z [command]/usr/bin/git submodule foreach --recursive sh -c "git config --local --name-only --get-regexp 'core\.sshCommand' && git config --local --unset-all 'core.sshCommand' || :"
2026-10-04T00:29:07.3856380Z [command]/usr/bin/git config --local --name-only --get-regexp http\.https\:\/\/github\.com\/\.extraheader
2026-10-04T00:29:07.3902924Z [command]/usr/bin/git submodule foreach --recursive sh -c "git config --local --name-only --get-regexp 'http\.https\:\/\/github\.com\/\.extraheader' && git config --local --unset-all 'http.https://github.com/.extraheader' || :"
2026-10-04T00:29:07.4178214Z [command]/usr/bin/git config --local --name-only --get-regexp ^includeIf\.gitdir:
2026-10-04T00:29:07.4217027Z [command]/usr/bin/git submodule foreach --recursive git config --local --show-origin --name-only --get-regexp remote.origin.url
2026-10-04T00:29:07.4467732Z [command]/usr/bin/git config --local http.https://github.com/.extraheader AUTHORIZATION: basic ***
2026-10-04T00:29:07.4510125Z ##[endgroup]
2026-10-04T00:29:07.4511656Z ##[group]Fetching the repository
2026-10-04T00:29:07.4521729Z [command]/usr/bin/git -c protocol.version=2 fetch --no-tags --prune --no-recurse-submodules --depth=1 origin +c767c1aa79badca8304ea171782209ff69c31f66:refs/remotes/origin/main
2026-10-04T00:29:08.4986598Z From https://github.com/mjodshamrani-ux/accounting
2026-10-04T00:29:08.5004889Z  * [new ref]         c767c1aa79badca8304ea171782209ff69c31f66 -> origin/main
2026-10-04T00:29:08.5017348Z ##[endgroup]
2026-10-04T00:29:08.5018625Z ##[group]Determining the checkout info
2026-10-04T00:29:08.5020196Z ##[endgroup]
2026-10-04T00:29:08.5021111Z [command]/usr/bin/git sparse-checkout disable
2026-10-04T00:29:08.5093258Z [command]/usr/bin/git config --local --unset-all extensions.worktreeConfig
2026-10-04T00:29:08.5131234Z ##[group]Checking out the ref
2026-10-04T00:29:08.5136561Z [command]/usr/bin/git checkout --progress --force -B main refs/remotes/origin/main
2026-10-04T00:29:08.9013150Z Switched to a new branch 'main'
2026-10-04T00:29:08.9018808Z branch 'main' set up to track 'origin/main'.
2026-10-04T00:29:08.9049659Z ##[endgroup]
2026-10-04T00:29:08.9104478Z [command]/usr/bin/git log -1 --format=%H
2026-10-04T00:29:08.9131266Z c767c1aa79badca8304ea171782209ff69c31f66
2026-10-04T00:29:08.9381392Z ##[group]Run pnpm/action-setup@b906affcce14559ad1aafd4ab0e942779e9f58b1
2026-10-04T00:29:08.9381899Z with:
2026-10-04T00:29:08.9382345Z   version: 11.19.0
2026-10-04T00:29:08.9382596Z   dest: ~/setup-pnpm
2026-10-04T00:29:08.9382851Z   run_install: null
2026-10-04T00:29:08.9383100Z   cache: false
2026-10-04T00:29:08.9383361Z   cache_dependency_path: pnpm-lock.yaml
2026-10-04T00:29:08.9383698Z   package_json_file: package.json
2026-10-04T00:29:08.9384327Z   standalone: false
2026-10-04T00:29:08.9384594Z ##[endgroup]
2026-10-04T00:29:09.0828587Z ##[group]Running self-installer...
2026-10-04T00:29:09.5085833Z (node:2323) [DEP0169] DeprecationWarning: `url.parse()` behavior is not standardized and prone to errors that have security implications. Use the WHATWG URL API instead. CVEs are not issued for `url.parse()` vulnerabilities.
2026-10-04T00:29:09.5087885Z (Use `node --trace-deprecation ...` to show where the warning was created)
2026-10-04T00:29:09.6853072Z Progress: resolved 1, reused 0, downloaded 0, added 0
2026-10-04T00:29:09.6897449Z Packages: +1
2026-10-04T00:29:09.6898215Z +
2026-10-04T00:29:10.1305076Z Progress: resolved 1, reused 0, downloaded 1, added 1, done
2026-10-04T00:29:10.1575736Z 
2026-10-04T00:29:10.1576032Z dependencies:
2026-10-04T00:29:10.1576502Z + pnpm 11.19.0 (12.9.1 is available)
2026-10-04T00:29:10.1576865Z 
2026-10-04T00:29:10.1602531Z Done in 884ms
2026-10-04T00:29:10.2881442Z ##[endgroup]
2026-10-04T00:29:10.2958305Z Installation Completed!
2026-10-04T00:29:10.3075623Z ##[group]Run actions/setup-node@49933ea5288caeca8642d1e84afbd3f7d6820020
2026-10-04T00:29:10.3076047Z with:
2026-10-04T00:29:10.3076259Z   node-version: 24
2026-10-04T00:29:10.3076469Z   cache: pnpm
2026-10-04T00:29:10.3076669Z   always-auth: false
2026-10-04T00:29:10.3076896Z   check-latest: false
2026-10-04T00:29:10.3079595Z   token: ***
2026-10-04T00:29:10.3079802Z env:
2026-10-04T00:29:10.3080292Z   PNPM_HOME: /home/runner/setup-pnpm/node_modules/.bin
2026-10-04T00:29:10.3080831Z ##[endgroup]
2026-10-04T00:29:10.4511224Z Found in cache @ /opt/hostedtoolcache/node/24.21.0/x64
2026-10-04T00:29:10.4514796Z (node:2337) [DEP0040] DeprecationWarning: The `punycode` module is deprecated. Please use a userland alternative instead.
2026-10-04T00:29:10.4515556Z (Use `node --trace-deprecation ...` to show where the warning was created)
2026-10-04T00:29:10.4518497Z ##[group]Environment details
2026-10-04T00:29:10.9223589Z node: v24.21.0
2026-10-04T00:29:10.9224592Z npm: 11.19.0
2026-10-04T00:29:10.9225326Z yarn: 1.22.22
2026-10-04T00:29:10.9226392Z ##[endgroup]
2026-10-04T00:29:10.9252106Z [command]/home/runner/setup-pnpm/node_modules/.bin/pnpm store path --silent
2026-10-04T00:29:11.5462380Z /home/runner/setup-pnpm/node_modules/.bin/store/v11
2026-10-04T00:29:11.6220193Z Cache hit for: node-cache-Linux-x64-pnpm-970ff90c8c5b62d936b78a56179f81cdf02982feb14381f8bba791078d20d9fe
2026-10-04T00:29:11.6321861Z (node:2337) [DEP0169] DeprecationWarning: `url.parse()` behavior is not standardized and prone to errors that have security implications. Use the WHATWG URL API instead. CVEs are not issued for `url.parse()` vulnerabilities.
2026-10-04T00:29:12.2155347Z Received 118816928 of 118816928 (100.0%), 200.9 MBs/sec
2026-10-04T00:29:12.2156986Z Cache Size: ~113 MB (118816928 B)
2026-10-04T00:29:12.2192962Z [command]/usr/bin/tar -xf /home/runner/work/_temp/ebf1ae09-6bf6-4c7f-80b3-899b94b62ba9/cache.tzst -P -C /home/runner/work/accounting/accounting --use-compress-program unzstd
2026-10-04T00:29:13.4747260Z Cache restored successfully
2026-10-04T00:29:13.4832578Z Cache restored from key: node-cache-Linux-x64-pnpm-970ff90c8c5b62d936b78a56179f81cdf02982feb14381f8bba791078d20d9fe
2026-10-04T00:29:13.5031209Z ##[group]Run pnpm install --frozen-lockfile
2026-10-04T00:29:13.5031632Z [36;1mpnpm install --frozen-lockfile[0m
2026-10-04T00:29:13.5322170Z shell: /usr/bin/bash -e {0}
2026-10-04T00:29:13.5322490Z env:
2026-10-04T00:29:13.5322802Z   PNPM_HOME: /home/runner/setup-pnpm/node_modules/.bin
2026-10-04T00:29:13.5323186Z ##[endgroup]
2026-10-04T00:29:14.0416166Z ? Verifying lockfile against supply-chain policies (367 entries)...
2026-10-04T00:29:14.0500899Z Lockfile is up to date, resolution step is skipped
2026-10-04T00:29:14.1664339Z Progress: resolved 1, reused 0, downloaded 0, added 0
2026-10-04T00:29:14.2150979Z Packages: +249
2026-10-04T00:29:14.2152299Z ++++++++++++++++++++++++++++++++++++++++++++++++++++++++++++++++++++++++++++++++
2026-10-04T00:29:15.1148013Z Packages are hard linked from the content-addressable store to the virtual store.
2026-10-04T00:29:15.1164783Z   Content-addressable store is at: /home/runner/setup-pnpm/node_modules/.bin/store/v11
2026-10-04T00:29:15.1166001Z   Virtual store is at:             node_modules/.pnpm
2026-10-04T00:29:15.1785180Z Progress: resolved 249, reused 249, downloaded 0, added 7
2026-10-04T00:29:16.0241095Z Progress: resolved 249, reused 249, downloaded 0, added 249, done
2026-10-04T00:29:17.0921403Z ✓ Lockfile passes supply-chain policies (367 entries in 3s)
2026-10-04T00:29:17.1388557Z 
2026-10-04T00:29:17.1388966Z dependencies:
2026-10-04T00:29:17.1389447Z + @base-ui/react 1.7.0
2026-10-04T00:29:17.1389930Z + @shadcn/react 0.3.0
2026-10-04T00:29:17.1390365Z + @tesseract.js-data/ara 1.0.0
2026-10-04T00:29:17.1390704Z + @tesseract.js-data/eng 1.0.0
2026-10-04T00:29:17.1391046Z + class-variance-authority 0.7.1
2026-10-04T00:29:17.1391327Z + clsx 2.1.1
2026-10-04T00:29:17.1391536Z + cmdk 1.1.1
2026-10-04T00:29:17.1391761Z + date-fns 4.1.0
2026-10-04T00:29:17.1392026Z + embla-carousel-react 8.5.2
2026-10-04T00:29:17.1392288Z + exceljs 4.4.0
2026-10-04T00:29:17.1392520Z + input-otp 1.4.2
2026-10-04T00:29:17.1392745Z + jszip 3.10.1
2026-10-04T00:29:17.1393007Z + lucide-react 1.31.0
2026-10-04T00:29:17.1393255Z + react 19.2.6
2026-10-04T00:29:17.1393533Z + react-day-picker 9.8.1
2026-10-04T00:29:17.1393858Z + react-dom 19.2.6
2026-10-04T00:29:17.1394601Z + react-resizable-panels 4.5.8
2026-10-04T00:29:17.1394924Z + recharts 3.8.0
2026-10-04T00:29:17.1395147Z + saxes 5.0.1
2026-10-04T00:29:17.1395381Z + tailwind-merge 3.6.0
2026-10-04T00:29:17.1395645Z + tesseract.js 7.0.0
2026-10-04T00:29:17.1395903Z + tw-animate-css 1.4.0
2026-10-04T00:29:17.1396217Z + unpdf 1.8.1
2026-10-04T00:29:17.1396347Z 
2026-10-04T00:29:17.1396446Z devDependencies:
2026-10-04T00:29:17.1396707Z + @tailwindcss/postcss 4.2.1
2026-10-04T00:29:17.1396980Z + @types/node 22.19.19
2026-10-04T00:29:17.1397222Z + @types/react 19.2.14
2026-10-04T00:29:17.1397471Z + @types/react-dom 19.2.3
2026-10-04T00:29:17.1397755Z + @vitejs/plugin-react 6.0.2
2026-10-04T00:29:17.1398033Z + oxfmt 0.61.0
2026-10-04T00:29:17.1398241Z + oxlint 1.76.0
2026-10-04T00:29:17.1398526Z + oxlint-tsgolint 7.0.2001
2026-10-04T00:29:17.1398854Z + playwright 1.62.1
2026-10-04T00:29:17.1399327Z + tailwindcss 4.2.1
2026-10-04T00:29:17.1399695Z + typescript 5.9.3
2026-10-04T00:29:17.1400088Z + vite 8.0.16
2026-10-04T00:29:17.1400308Z 
2026-10-04T00:29:17.1757169Z Done in 3.6s using pnpm v11.19.0
2026-10-04T00:29:17.2294798Z ##[group]Run pnpm test:mutations
2026-10-04T00:29:17.2295149Z [36;1mpnpm test:mutations[0m
2026-10-04T00:29:17.2360354Z shell: /usr/bin/bash -e {0}
2026-10-04T00:29:17.2360631Z env:
2026-10-04T00:29:17.2360879Z   PNPM_HOME: /home/runner/setup-pnpm/node_modules/.bin
2026-10-04T00:29:17.2361199Z   MUTATION_SHARD: 4/6
2026-10-04T00:29:17.2361410Z ##[endgroup]
2026-10-04T00:29:18.1514982Z Already up to date
2026-10-04T00:29:18.1522997Z Done in 431ms using pnpm v11.19.0
2026-10-04T00:29:18.1662470Z $ node scripts/test-mutations.mjs
2026-10-04T00:30:33.1118434Z Detected deliberate fault: p6-source-ignore-replayed-sheet-literals
2026-10-04T00:31:10.9489044Z Detected deliberate fault: p6-table-skip-coverage-fingerprint
2026-10-04T00:31:47.7246560Z Detected deliberate fault: p6-ignore-png-chunk-crc
2026-10-04T00:32:24.9169938Z Detected deliberate fault: f02-ignore-unknown-excluded-identity
2026-10-04T00:33:02.5538437Z Detected deliberate fault: partial-drop-transitive-error-impact
2026-10-04T00:33:40.3025294Z Detected deliberate fault: p2-ignore-overlapping-payment-identity-memberships
2026-10-04T00:34:18.1263286Z Detected deliberate fault: p2-approve-groups-beyond-the-member-limit
2026-10-04T00:34:56.0233115Z Detected deliberate fault: p1-grant-document-role-to-another-selected-column
2026-10-04T00:35:33.3565271Z Detected deliberate fault: 047-accept-unanswered-format-ambiguity
2026-10-04T00:36:11.1103435Z Detected deliberate fault: v11-read-carried-forward-as-a-transaction
2026-10-04T00:36:48.4694640Z Detected deliberate fault: hard-r01-rank-own-voucher-before-chosen-reference
2026-10-04T00:37:26.0265008Z Detected deliberate fault: h03-let-a-document-number-outvote-unselected-references
2026-10-04T00:38:04.4332943Z Detected deliberate fault: 045-skip-generic-account-scope-evidence
2026-10-04T00:38:42.0378045Z Detected deliberate fault: trust-stale-case-member-evidence
2026-10-04T00:39:20.0687772Z Detected deliberate fault: silently-round-original-xlsx-numeric-lexemes
2026-10-04T00:39:57.9380239Z Detected deliberate fault: drop-classified-rows-without-a-reason
2026-10-04T00:40:35.5253090Z Detected deliberate fault: reverse-proven-ap-direction
2026-10-04T00:41:13.4543658Z Detected deliberate fault: allow-unconfirmed-coverage
2026-10-04T00:41:51.1443758Z Detected deliberate fault: typed-short-allow-neighbouring-dates
2026-10-04T00:42:28.7060207Z Detected deliberate fault: f03-ai-ignore-related-invoice-contradiction
2026-10-04T00:43:06.2728976Z Detected deliberate fault: p5-drop-audit-identifier-lookup
2026-10-04T00:43:06.3461118Z {
2026-10-04T00:43:06.3461543Z   "baselinePassed": true,
2026-10-04T00:43:06.3461845Z   "detected": 21,
2026-10-04T00:43:06.3462065Z   "total": 21,
2026-10-04T00:43:06.3462481Z   "available": 129,
2026-10-04T00:43:06.3463054Z   "shard": {
2026-10-04T00:43:06.3463420Z     "index": 4,
2026-10-04T00:43:06.3464155Z     "count": 6
2026-10-04T00:43:06.3464564Z   },
2026-10-04T00:43:06.3464933Z   "mutations": [
2026-10-04T00:43:06.3465316Z     {
2026-10-04T00:43:06.3465946Z       "mutation": "p6-source-ignore-replayed-sheet-literals",
2026-10-04T00:43:06.3466606Z       "detected": true
2026-10-04T00:43:06.3467028Z     },
2026-10-04T00:43:06.3467397Z     {
2026-10-04T00:43:06.3467927Z       "mutation": "p6-table-skip-coverage-fingerprint",
2026-10-04T00:43:06.3468531Z       "detected": true
2026-10-04T00:43:06.3468929Z     },
2026-10-04T00:43:06.3469228Z     {
2026-10-04T00:43:06.3469486Z       "mutation": "p6-ignore-png-chunk-crc",
2026-10-04T00:43:06.3469800Z       "detected": true
2026-10-04T00:43:06.3470057Z     },
2026-10-04T00:43:06.3470239Z     {
2026-10-04T00:43:06.3470545Z       "mutation": "f02-ignore-unknown-excluded-identity",
2026-10-04T00:43:06.3470907Z       "detected": true
2026-10-04T00:43:06.3471113Z     },
2026-10-04T00:43:06.3471285Z     {
2026-10-04T00:43:06.3471594Z       "mutation": "partial-drop-transitive-error-impact",
2026-10-04T00:43:06.3471938Z       "detected": true
2026-10-04T00:43:06.3472158Z     },
2026-10-04T00:43:06.3472333Z     {
2026-10-04T00:43:06.3473065Z       "mutation": "p2-ignore-overlapping-payment-identity-memberships",
2026-10-04T00:43:06.3473525Z       "detected": true
2026-10-04T00:43:06.3473735Z     },
2026-10-04T00:43:06.3474227Z     {
2026-10-04T00:43:06.3474571Z       "mutation": "p2-approve-groups-beyond-the-member-limit",
2026-10-04T00:43:06.3474951Z       "detected": true
2026-10-04T00:43:06.3475197Z     },
2026-10-04T00:43:06.3475371Z     {
2026-10-04T00:43:06.3475752Z       "mutation": "p1-grant-document-role-to-another-selected-column",
2026-10-04T00:43:06.3476160Z       "detected": true
2026-10-04T00:43:06.3476389Z     },
2026-10-04T00:43:06.3476567Z     {
2026-10-04T00:43:06.3476883Z       "mutation": "047-accept-unanswered-format-ambiguity",
2026-10-04T00:43:06.3477237Z       "detected": true
2026-10-04T00:43:06.3477442Z     },
2026-10-04T00:43:06.3477640Z     {
2026-10-04T00:43:06.3477977Z       "mutation": "v11-read-carried-forward-as-a-transaction",
2026-10-04T00:43:06.3478318Z       "detected": true
2026-10-04T00:43:06.3478558Z     },
2026-10-04T00:43:06.3478731Z     {
2026-10-04T00:43:06.3479083Z       "mutation": "hard-r01-rank-own-voucher-before-chosen-reference",
2026-10-04T00:43:06.3479503Z       "detected": true
2026-10-04T00:43:06.3479967Z     },
2026-10-04T00:43:06.3480148Z     {
2026-10-04T00:43:06.3480545Z       "mutation": "h03-let-a-document-number-outvote-unselected-references",
2026-10-04T00:43:06.3480983Z       "detected": true
2026-10-04T00:43:06.3481216Z     },
2026-10-04T00:43:06.3481405Z     {
2026-10-04T00:43:06.3481711Z       "mutation": "045-skip-generic-account-scope-evidence",
2026-10-04T00:43:06.3482069Z       "detected": true
2026-10-04T00:43:06.3482298Z     },
2026-10-04T00:43:06.3482477Z     {
2026-10-04T00:43:06.3482763Z       "mutation": "trust-stale-case-member-evidence",
2026-10-04T00:43:06.3483105Z       "detected": true
2026-10-04T00:43:06.3483344Z     },
2026-10-04T00:43:06.3483532Z     {
2026-10-04T00:43:06.3483874Z       "mutation": "silently-round-original-xlsx-numeric-lexemes",
2026-10-04T00:43:06.3484654Z       "detected": true
2026-10-04T00:43:06.3484867Z     },
2026-10-04T00:43:06.3485070Z     {
2026-10-04T00:43:06.3485379Z       "mutation": "drop-classified-rows-without-a-reason",
2026-10-04T00:43:06.3485755Z       "detected": true
2026-10-04T00:43:06.3485959Z     },
2026-10-04T00:43:06.3486154Z     {
2026-10-04T00:43:06.3486420Z       "mutation": "reverse-proven-ap-direction",
2026-10-04T00:43:06.3486744Z       "detected": true
2026-10-04T00:43:06.3486948Z     },
2026-10-04T00:43:06.3487144Z     {
2026-10-04T00:43:06.3487398Z       "mutation": "allow-unconfirmed-coverage",
2026-10-04T00:43:06.3487713Z       "detected": true
2026-10-04T00:43:06.3487922Z     },
2026-10-04T00:43:06.3488113Z     {
2026-10-04T00:43:06.3488420Z       "mutation": "typed-short-allow-neighbouring-dates",
2026-10-04T00:43:06.3488753Z       "detected": true
2026-10-04T00:43:06.3488983Z     },
2026-10-04T00:43:06.3489162Z     {
2026-10-04T00:43:06.3489515Z       "mutation": "f03-ai-ignore-related-invoice-contradiction",
2026-10-04T00:43:06.3489916Z       "detected": true
2026-10-04T00:43:06.3490145Z     },
2026-10-04T00:43:06.3490326Z     {
2026-10-04T00:43:06.3490622Z       "mutation": "p5-drop-audit-identifier-lookup",
2026-10-04T00:43:06.3490946Z       "detected": true
2026-10-04T00:43:06.3491169Z     }
2026-10-04T00:43:06.3491347Z   ]
2026-10-04T00:43:06.3491552Z }
2026-10-04T00:43:06.3730383Z Post job cleanup.
2026-10-04T00:43:06.4973008Z (node:15225) [DEP0040] DeprecationWarning: The `punycode` module is deprecated. Please use a userland alternative instead.
2026-10-04T00:43:06.4974323Z (Use `node --trace-deprecation ...` to show where the warning was created)
2026-10-04T00:43:06.4977982Z Cache hit occurred on the primary key node-cache-Linux-x64-pnpm-970ff90c8c5b62d936b78a56179f81cdf02982feb14381f8bba791078d20d9fe, not saving cache.
2026-10-04T00:43:06.5084791Z Post job cleanup.
2026-10-04T00:43:06.6622284Z Pruning is unnecessary.
2026-10-04T00:43:06.6809744Z Post job cleanup.
2026-10-04T00:43:06.7733790Z [command]/usr/bin/git version
2026-10-04T00:43:06.7786929Z git version 2.55.0
2026-10-04T00:43:06.7844093Z Temporarily overriding HOME='/home/runner/work/_temp/ea4e81b0-a059-447a-b13e-691d45ccbed9' before making global git config changes
2026-10-04T00:43:06.7847761Z Adding repository directory to the temporary git global config as a safe directory
2026-10-04T00:43:06.7851385Z [command]/usr/bin/git config --global --add safe.directory /home/runner/work/accounting/accounting
2026-10-04T00:43:06.7899631Z [command]/usr/bin/git config --local --name-only --get-regexp core\.sshCommand
2026-10-04T00:43:06.7951734Z [command]/usr/bin/git submodule foreach --recursive sh -c "git config --local --name-only --get-regexp 'core\.sshCommand' && git config --local --unset-all 'core.sshCommand' || :"
2026-10-04T00:43:06.8285387Z [command]/usr/bin/git config --local --name-only --get-regexp http\.https\:\/\/github\.com\/\.extraheader
2026-10-04T00:43:06.8323686Z http.https://github.com/.extraheader
2026-10-04T00:43:06.8339867Z [command]/usr/bin/git config --local --unset-all http.https://github.com/.extraheader
2026-10-04T00:43:06.8390038Z [command]/usr/bin/git submodule foreach --recursive sh -c "git config --local --name-only --get-regexp 'http\.https\:\/\/github\.com\/\.extraheader' && git config --local --unset-all 'http.https://github.com/.extraheader' || :"
2026-10-04T00:43:06.8735701Z [command]/usr/bin/git config --local --name-only --get-regexp ^includeIf\.gitdir:
2026-10-04T00:43:06.8770864Z [command]/usr/bin/git submodule foreach --recursive git config --local --show-origin --name-only --get-regexp remote.origin.url
2026-10-04T00:43:06.9258771Z Cleaning up orphan processes
2026-10-04T00:43:06.9607946Z ##[warning]Node.js 20 is deprecated. The following actions target Node.js 20 but are being forced to run on Node.js 24: actions/checkout@11d5960a326750d5838078e36cf38b85af677262, actions/setup-node@49933ea5288caeca8642d1e84afbd3f7d6820020, pnpm/action-setup@b906affcce14559ad1aafd4ab0e942779e9f58b1. For more information see: https://github.blog/changelog/2025-09-19-deprecation-of-node-20-on-github-actions-runners/
