Already up to date
Done in 227ms using pnpm v11.19.0
$ node --experimental-strip-types --test tests/*.test.ts
✔ 047 a sound export passes the round (24.565916ms)
✔ 047 swapping two links fails even though the count is unchanged (5.713041ms)
✔ 047 a link the case forbids is caught (24.455667ms)
✔ 047 a dropped row on either side is caught (18.407708ms)
✔ 047 a changed amount is caught, and a blank one cannot slip through (17.949083ms)
✔ 047 an item that must stay for review or unmatched is checked (12.400791ms)
✔ 047 an unchecked export is not an accounting pass (0.750917ms)
✔ 047 a link count that disagrees with the declared links is not a pass (0.107791ms)
✔ 047 reaching the results screen is not the criterion for a stop case (0.106334ms)
✔ canonical source amounts yield facts only, with no state mutation or automatic approval (23.531458ms)
✔ case-only phantom IDs are rejected even if their invented amounts agree (3.702958ms)
✔ stale display copies cannot change amount, sign, reference, date, currency or provenance (10.759708ms)
✔ duplicate or missing canonical rows and foreign case ownership reject the whole proposal result (2.60675ms)
✔ every source trace must name its actual canonical member exactly once (9.673417ms)
✔ stale source totals, case totals, variance and bridge values are never reused (6.588125ms)
✔ unread source rows make uniqueness and proposal verification incomplete (5.36525ms)
✔ explicit currency, type, purchase order and unreadable reference conflicts are rejected (5.950333ms)
✔ invalid calendar dates, dates outside the window, zero and offsetting signs cannot prove a relationship (1.734625ms)
✔ a subset of an ambiguous duplicate-reference group is not a verified hypothesis (6.121791ms)
✔ matched rows stay unavailable even if a stale case is relabeled reviewable (0.770291ms)
✔ malformed current result structures fail closed without throwing (3.293333ms)
✔ untrusted description instructions never become commands, amounts, decisions or model authority (0.491417ms)
✔ 047 only the guard’s own refusal counts as protection (11.866875ms)
✔ 047 the answered ambiguity is accepted and produces the chosen values (17.957125ms)
✔ 047 the worker refuses an unanswered ambiguity on reconcile, compare and export, and completes once answered (175.943708ms)
✔ 047 session restore refuses an unanswered ambiguity with the same code (4.425583ms)
✔ AI cannot pick one row from a reference shared by several documents (58.083125ms)
✔ explicit row ID can disambiguate AI routing, but contradictory references cannot (5.366208ms)
✔ AI routing rejects irrelevant transaction fields and blank or oversized questions (2.888375ms)
✔ out-of-range hypothesis differences fail closed without crashing the assistant (2.287541ms)
✔ hostile model proposals never acquire authority or alter any source evidence (17.298209ms)
✔ Arabic and aborted requests do not even query a model provider (5.228292ms)
✔ Arabic and English variance questions find a proved transaction difference without closing balances (26.561917ms)
✔ thousands separators and Arabic or Persian digits preserve the exact requested minor units (1.092041ms)
✔ all cases sharing a requested variance are cited without selecting one as the cause (1.55125ms)
✔ negative variance uses its signed value and the bridge effect has the opposite sign (1.739208ms)
✔ transaction variance and closing-balance delta remain explicitly separate (1.16825ms)
✔ missing requested amounts do not select a nearby case or repeat the user amount as a fact (1.498667ms)
✔ ambiguous numeric conventions, invalid notation and multiple amounts never select a case (2.48875ms)
✔ an explicit foreign currency or unknown invoice cannot be replaced by a same-number case (3.4215ms)
✔ stale numeric evidence and unreadable source rows cannot acquire a grounded variance explanation (2.675667ms)
✔ amount questions and hostile instructions never alter source values or turn cases into matches (1.048625ms)
✔ A02: native Excel 1.234 never matches native 1234 under comma locale (160.667709ms)
✔ native/text × dot/comma × 0/2/3 decimal matrix preserves expected minor units (413.176125ms)
✔ native percentages and excess precision block rather than reinterpret or round (32.5595ms)
✔ A01: references and row IDs must match whole tokens, never prefixes (10.021ms)
✔ model cannot route a question to an unrelated but existing document (1.68675ms)
✔ Arabic AI path declines before invoking unsupported model API (1.20825ms)
✔ original bytes and fingerprint survive import; reparsing blocks a corrupted numeric interpretation on export (52.508041ms)
✔ title merge and errors on unrelated worksheet do not contaminate selected clean data (24.267791ms)
✔ A04: actual decompressed bytes cannot exceed falsified declared size (16.912833ms)
✔ actual 33 MB expansion stops at 32 MB budget even when index underreports (870.652125ms)
✔ ZIP integrity rejects bad CRC and truncated index (0.938334ms)
✔ session roundtrip reparses originals and never restores reviewer approval (6.394625ms)
✔ session tampered fingerprint, unknown version and invalid decisions are rejected (6.088458ms)
✔ patched UUID dependency remains compatible with Excel conditional-formatting export (11.202167ms)
✔ 046 balance labels after the amount remain structural across column permutations and preserve complete payment groups (73.088792ms)
✔ 046 a dated invoice named Opening or Closing balance cannot disappear when its amount precedes its description (1.641042ms)
✔ 046 nonleading balance labels cannot conceal references, malformed dates or amounts, multiple labels or unrelated helper text (5.936709ms)
✔ 046 unsafe or hidden nonleading balance labels remain source errors and cannot establish complete groups (4.803792ms)
✔ 046 Arabic presentation forms normalize document categories without rewriting source, references or amounts (39.667875ms)
✔ 046 actual Arabic PDF balance labels establish arithmetic with original provenance, not coverage (252.605208ms)
✔ 046 balance category normalization never repairs monetary characters or erases dated documents and unsafe labels (1.583ms)
✔ 046 shaped running balance labels retain exact sign proof and reject conflicting recurrences (0.974542ms)
✔ 046 rectangular PDF clipping cannot ignore nested exclusions, holes or a later opaque cover (22.725958ms)
✔ ambiguous column meanings are left unmapped instead of selecting the first header (3.562875ms)
✔ exact summation does not depend on ordering of large offsetting entries (0.236834ms)
✔ truthy non-boolean confirmations cannot create verified balance evidence (0.1635ms)
✔ unknown and out-of-range exclusions cannot silently masquerade as reviewed rows (0.932875ms)
✔ decimal money: no floating arithmetic, Arabic digits and parentheses (1.317458ms)
✔ reject ambiguous grouping, excessive precision, missing and exponent amounts (0.36375ms)
✔ dates require explicit format and real calendar dates (0.470416ms)
✔ reference normalization preserves year and leading zero distinctions (0.24575ms)
✔ demo retains duplicate ambiguity and produces 2 strict automatic pairs (20.409875ms)
✔ zero bridge residual never deletes opposite exceptions (2.038792ms)
✔ duplicate equality is not resolved by order or date (50.29825ms)
✔ numeric-only weak reference does not auto match (0.48175ms)
✔ direction must be explicit and sign disagreement cannot auto match (0.378417ms)
✔ cutoff exclusions retained and blank/header rows accounted for (0.971167ms)
✔ a formula row blocks, a total row is classified, and no row is skipped silently (0.688333ms)
✔ manual exclusions require reason and preserve source contents (0.288625ms)
✔ currency mismatch blocks source (0.892958ms)
✔ reused column mapping is rejected (0.069ms)
✔ arithmetic bridge stays separate from user coverage and invalid balances block it (2.83575ms)
✔ opening adjustment remains separate and unexplained (0.753458ms)
✔ open items include old unpaid documents; sum must match closing (0.28875ms)
✔ mixed report types rejected (0.529667ms)
✔ manual pair cannot consume a transaction twice or conceal amount discrepancy (0.684125ms)
✔ rejected automatic match stays a rejected case until a new explicit decision (0.764208ms)
✔ inference suggests only column indices, no invented scope or balance (0.734042ms)
✔ 20k rows compare without quadratic candidate search (3515.1835ms)
✔ generic word reference does not auto match (1.476125ms)
✔ extra CSV fields cannot silently shift or truncate amount (0.270041ms)
✔ unused percentage, hidden-sign format, formulas, errors and merged notes do not invalidate mapped transactions (374.499417ms)
✔ formula in mapped amount still blocks cached values and names its exact cell (22.825125ms)
✔ uncached formulas cannot disappear as an empty data row (13.11575ms)
✔ displayed numeric references cannot silently collapse to a different raw identifier (134.127333ms)
✔ text formats hiding a mapped reference require review; unrelated text formats remain usable (35.332292ms)
✔ conditional numeric formats are checked only in their affected ranges and selected columns (199.256166ms)
✔ ordinary conditional accounting formats retain values without evaluating Excel expressions (27.524084ms)
✔ multisheet workbooks are admitted through the declared sheet limit and fail beyond it (232.715625ms)
✔ namespaced original-shaped Excel pair reaches exact comparison, audit workbook and restorable session (637.474417ms)
✔ export and session restore reject stale claimed direction proof even when arithmetic result was otherwise unchanged (814.536667ms)
✔ export and saved sessions replace arbitrary direction explanation text with freshly computed evidence (472.776208ms)
✔ manual exclusions retain a safe literal envelope before bad amount or date parsing on either side (19.444333ms)
✔ literal and normalized manual exclusion collisions block only the affected pair on both sides (12.332625ms)
✔ every excluded secondary identity blocks matching across reference roles without supplying positive authority (54.011834ms)
✔ a displaced identity in the manually excluded date or amount remains negative evidence on either side (4.45725ms)
✔ an excluded unknown or unsafe reference envelope is a wildcard even when the visible document is disjoint (15.617ms)
✔ parsed manual exclusions with a missing or empty isolation envelope cannot recover automatic matches (3.600417ms)
✔ unsafe blank manual exclusions remain wildcard blockers and cannot establish complete balance coverage (1.793917ms)
✔ excluded cross-role normalized taint follows original transitive memberships after manual acceptance or rejection (4.490708ms)
✔ outside-period literal or normalized collisions cannot manufacture uniqueness through date filtering (20.787792ms)
✔ a safely disjoint outside-period movement leaves the in-period pair automatic (0.848708ms)
✔ confirmed headers, blank rows, summaries, repeated headers and independent footers are non-movements (0.957792ms)
✔ legacy exclusions use all nonempty raw cells as negative keys regardless of their reason text (5.964084ms)
✔ legacy exclusions with disjoint raw identities preserve independent automatic pairs (0.888083ms)
✔ a legacy isolation certificate cannot omit a competing identity still present in a raw cell (1.468458ms)
✔ explicit manual acceptance remains manual when an excluded possible competitor blocks automatic authority (1.206583ms)
✔ AI hypotheses reject excluded identity memberships without mutation and leave disjoint proposals for review (4.128125ms)
✔ offsetting manually excluded movements prevent complete balance reconciliation despite exact arithmetic (3.748917ms)
✔ manual excluded competitors block complete invoice and payment group proofs while disjoint groups survive (2.733042ms)
✔ malformed exclusion state rejects an AI proposal without throwing or mutating (0.525084ms)
✔ P5 native evidence lookup and restored explanation: untyped-credit (43.417333ms)
✔ P5 native evidence lookup and restored explanation: unselected-reference (6.638708ms)
✔ P5 native evidence lookup and restored explanation: balanced-variance (6.186833ms)
✔ P5 native evidence lookup and restored explanation: partial-source (16.010042ms)
✔ P5 inconsistent case total cannot become a chat figure or model context (2.985542ms)
✔ P5 inconsistent case variance cannot become a chat figure or model context (1.757166ms)
✔ P5 inconsistent case bridge effect cannot become a chat figure or model context (1.524542ms)
✔ P5 inconsistent display member cannot become a chat figure or model context (1.669375ms)
✔ P5 inconsistent source trace cannot become a chat figure or model context (2.339958ms)
✔ P5 inconsistent counter cannot become a chat figure or model context (1.737166ms)
✔ P5 inconsistent bridge delta cannot become a chat figure or model context (2.914083ms)
✔ P5 inconsistent bridge adjustment cannot become a chat figure or model context (1.118791ms)
✔ P5 inconsistent closing source drift cannot become a chat figure or model context (2.114709ms)
✔ P5 inconsistent bridge arithmetic status cannot become a chat figure or model context (2.364709ms)
✔ P5 inconsistent false full reconciliation cannot become a chat figure or model context (1.874417ms)
✔ P5 inconsistent missing case cannot become a chat figure or model context (31.747541ms)
✔ P5 audit-only lookups keep exact spelling, ambiguity and unknown identifiers (2.004083ms)
✔ P5 source-only views and retained evidence cannot drift from canonical rows (3.540917ms)
✔ P5 complete model windows carry canonical native cues and complete case membership (9.533041ms)
✔ P5 an over-budget UTF-8 window declines without truncating evidence or querying a model (2.486583ms)
✔ P5 exact identifier lookup keeps punctuation and Unicode boundaries during literal screening (0.707958ms)
✔ Excel formats that conceal or alter displayed values block the row (401.32525ms)
✔ ordinary numeric, negative and accounting formats retain native exact amounts (293.410167ms)
✔ conditional numeric formatting cannot silently override the displayed sign (9.524083ms)
✔ 047 an ambiguous amount format needs a recorded choice, not a value in the mapping (22.15ms)
✔ 047 a recorded choice does not travel to another document or another reading (1.34775ms)
✔ 047 a choice made at another currency precision is not reused (1.966292ms)
✔ 047 a column template never carries a document-specific choice (0.331167ms)
✔ 047 formatChoiceColumns follows the mapped amount columns in either mode (0.077083ms)
✔ 047 a saved session is re-checked on restore and cannot assert its own approval (18.372958ms)
✔ 047 changing PDF extraction boundaries does not change the file hash (190.83575ms)
✔ 047 a choice made under one set of extraction boundaries is not reused under another (0.749166ms)
✔ 047 excluding a row, or typing a balance, asks the format question again (0.613ms)
✔ 047 a change that does not touch the values keeps the answer (0.680167ms)
✔ ISO dates, explicit month names and whole numbers need no locale question (3.251583ms)
✔ calendar ambiguity remains visible until a whole-column interpretation is unique (3.357417ms)
✔ impossible dates, short years and mutually incompatible date orders are invalid (0.414375ms)
✔ number format inference obeys grouping, decimal precision and Arabic separators (6.836917ms)
✔ three-decimal currencies never guess between decimal and thousands separators (0.285833ms)
✔ native Excel numeric cells are locale independent, while text cells still constrain format (0.237958ms)
✔ mapped parser defects and percentage cells cannot become format proof (0.222708ms)
✔ inference ignores explicit exclusions, preheaders and clear balance rows without changing them (0.285875ms)
✔ split amounts allow a blank side but not an entirely missing movement value (0.161792ms)
✔ no sample cutoff hides a late incompatible value or an oversized source (51.688125ms)
✔ existing entered balances participate in proof and missing mappings stay unavailable (0.32175ms)
✔ evaluator: the untouched engine passes the cases used below (105.690583ms)
✔ evaluator: losing a required piece of evidence fails the case (3.396791ms)
✔ evaluator: the value in a field of another role does not count as kept (20.151166ms)
✔ evaluator: exact generic reference text and header count as retained under either supported representation (2.991042ms)
✔ evaluator: an unselected reference needs its exact retained role, header and value (6.181375ms)
✔ evaluator: retained reference evidence from another source or row does not count (3.172ms)
✔ evaluator: preserving unselected references never licenses an automatic match (2.036583ms)
✔ evaluator: an unexpected internal error is not a successful refusal (21.35025ms)
✔ evaluator: every invalid case names its own rejection, and another reason fails (74.511708ms)
✔ evaluator: Needs Review passes as Unmatched only where the contract allows both (14.200208ms)
✔ evaluator: a required diagnostic is part of the verdict (6.100709ms)
✔ evaluator: a reference warning does not hide a wrong amount or date (13.717542ms)
✔ evaluator: a row read under its own document number is not a misread, any other value is (22.268041ms)
✔ evaluator: unaided and declared runs record assistance separately (19.790208ms)
✔ T01: documented invoice labels are read as invoices and match (70.910542ms)
✔ T01 reverse: labels that name another role or no role are not guessed (4.703875ms)
✔ T01 reverse: a recognised synonym still conflicts with another role (20.63825ms)
✔ G08: parts of one payment on neighbouring days match through an explicit bank identity (7.255125ms)
✔ G08 reverse: a spread group without full, unique, in-window identity stays for review (16.755125ms)
✔ G08 reverse: invoice groups still need one date (1.205083ms)
✔ R01: each book numbers its own vouchers; the chosen reference still names the invoice (1.734583ms)
✔ R01 reverse: the chosen reference must itself prove the document (13.964ms)
✔ R02: batch, chosen reference and type label are kept with their headers, never as proof (3.972583ms)
✔ R02: retained evidence survives session restore and is exported beside the row (216.788666ms)
✔ S01: sources, readings and roles that do not correspond are refused, never dropped (1.502875ms)
✔ S06: formula-like and long references are exported as the text they are (105.972542ms)
✔ S06: an export whose retained evidence was changed after comparing is refused (2.003791ms)
✔ S08: the same file under another name, or overlapping exports, are not consumed twice (3.3775ms)
✔ compatibility: a session saved by the previous engine is refused, not silently re-decided (2.550292ms)
✔ English has exactly the Arabic keys, lists and message parameters (12.676458ms)
✔ English interface copy contains no Arabic (2.002084ms)
✔ Arabic interface copy has no stray English words (1.625583ms)
✔ the interface source has no Arabic outside the catalogues (247.8745ms)
✔ every engine message has English, and every entry is still used (98.749333ms)
✔ every catalogue entry uses each of its slots, and only those (1.789209ms)
✔ each engine message is recognised and presented with its own values (40.262333ms)
✔ every user-data slot keeps Arabic data verbatim, even engine words (1.003125ms)
✔ user data inside an engine message is never translated (0.070625ms)
✔ Arabic engine text is shown exactly as the engine wrote it (0.122167ms)
✔ the assistant gives the same answer to the Arabic and English presets (80.5155ms)
✔ real engine output reads fully in English apart from user data (12.182709ms)
✔ mapping suggestions contain only source-bound pending roles and reproducible cell evidence (2.899792ms)
✔ strict schema forbids model numbers, approvals, rewriting, exclusions, mode and inherited authority (2.025458ms)
✔ source hash, worksheet, header, every current mapping setting and PDF recuts invalidate pending suggestions (0.721958ms)
✔ equivalent mapping property order produces the same local revision without relaxing source identity (0.132291ms)
✔ already assigned roles and duplicate roles cannot be replaced or repurposed (0.274209ms)
✔ numeric Quantity versus Amount and two valid date meanings never become proven semantics (0.360959ms)
✔ untrusted source instructions are only quoted, bounded cell evidence (0.1545ms)
✔ unsafe header cells reject only affected proposals while hidden or unreliable header rows block the context (0.293917ms)
✔ hidden source transactions need manual mapping; a human exclusion is preserved and bound (0.192958ms)
✔ late unsafe cells are retained beyond the model samples and remain rejected by the engine (12.047458ms)
✔ all reader issues remain counted even when preview is compact; blank formula cells stay visible (1.435084ms)
✔ PDF mapping suggestions never restore image review or advance reconciliation state (0.207041ms)
✔ large hidden/formula metadata is scanned linearly while all source issues remain counted (32.235041ms)
✔ upload chooses the only recognizable table after an instructions sheet and normalization preserves exact totals (191.210958ms)
✔ two plausible source tables require explicit sheet selection instead of defaulting to either (47.969458ms)
✔ unknown multisheet layouts require sheet choice while unknown single-sheet files remain configurable (77.950208ms)
✔ a unique debit-credit table is suggested without inferring the debt direction or confirmed balances (52.888291ms)
✔ a PDF awaiting column boundaries remains accessible without gaining extraction approval (0.239959ms)
✔ a real synthetic export reimports the appropriate source copy and does not restore old approvals or decisions (309.770625ms)
✔ familiar workpaper sheet names without the export signatures do not auto-select a side (40.985958ms)
✔ early review lists only selected cells on included data rows, retaining row-level geometry issues (2.595583ms)
✔ early review exposes uncached formulas even when the row appears empty (24.362208ms)
✔ 046 invalid PDF layout cannot use a default locale to emit a silently scaled KWD row even after confirmation (177.379292ms)
✔ 046 input readiness preserves native Excel value semantics and legitimate empty-period balances (6.152292ms)
✔ 046 an explicit choice for ambiguous valid formats remains valid but impossible dates do not (2.448875ms)
✔ 046 real worker entry rejects invalid formats for reconcile, compare and export before returning financial values (45.249417ms)
✔ CSV quoted comma/newline, escaped quote, semicolon and BOM (2.168042ms)
✔ broken CSV, invalid encoding, wrong extension rejected (16.397084ms)
✔ non-ZIP input is rejected by the preliminary archive check (0.395ms)
✔ XLSX preserves formatted reference zeros and flags formula rows (150.874916ms)
✔ Excel export roundtrip retains controls/source and never turns input into formula (187.771042ms)
✔ July acceptance 1: Excel and PDF have identical accounting cases and bridge (553.110417ms)
✔ July acceptance 2: every one of the 23 original rows occurs in exactly one case (0.428375ms)
✔ July acceptance 3: exactly six original one-to-one matches are automatic (0.136625ms)
✔ July acceptance 4: INV-260729 is one proven 1:M case, never duplicate or unmatched (11.40275ms)
✔ July acceptance 5: INV-260710 is one amount-variance review with minus 180 SAR effect (0.2725ms)
✔ July acceptance 6: the unique 15000 SAR payment remains a zero-net review candidate (21.106375ms)
✔ July acceptance 7: only the three genuinely one-sided documents are unmatched (0.123917ms)
✔ July acceptance 8: source balance arithmetic, period and account metadata stay distinct from coverage approval (0.080042ms)
✔ July acceptance 9: the source-to-ledger bridge explains exactly 6160 SAR (0.090791ms)
✔ July acceptance 10: case counts and source-member counts are both exact (0.989458ms)
✔ July acceptance 11: exported workbooks have six visible case sheets and native numeric/date cells (680.956167ms)
✔ July acceptance 12: diagnostics name the actual group, variance and payment states (0.259458ms)
✔ large native PDF L01: positive (1770.984833ms)
✔ large native PDF L02: positive (10031.564458ms)
✔ large native PDF L03: limit-rejection (17.27425ms)
✔ large native PDF L04: empty-page (262.685833ms)
✔ large native PDF L05: covered-page (205.300042ms)
✔ large native PDF L06: geometry-drift (549.933ms)
✔ large native PDF L07: stream-rejection (268.896292ms)
✔ group rejection preserves late edges and literal row IDs containing separators (40.736875ms)
✔ 20,000 by 20,000 oversized payment group retains every row and the last rejected edge (6474.750458ms)
✔ 20,000 interleaved approved, review and unmatched rows preserve ordered ambiguity and ledger diagnostics (4132.059875ms)
✔ F02-R01/R15: frozen bytes auto-read; preserve every row, signs and conservative matching (98.131333ms)
✔ F02-R02: permute all columns and rename sheets without coordinate/name assumptions (133.265792ms)
✔ F02-R03: explicit bilingual labels and consistent parent currency (41.247542ms)
✔ F02-R09: NFKC currency tags cannot hide a parent/child conflict (40.80025ms)
✔ F02-R03/R14: NFKC parent currency is inherited and checked against scope (67.136625ms)
✔ F02-R14: explicit NFKC child currencies remain visible to scope checks (69.301791ms)
✔ F02-R04 extends into opening/data: keep file and refuse layered inference (68.551083ms)
✔ F02-R04 extends into first movement: keep file and refuse layered inference (29.338959ms)
✔ F02-R05 horizontal Date/Ref: keep file and refuse layered inference (40.03975ms)
✔ F02-R06 missing native vertical geometry: keep file and refuse layered inference (40.35225ms)
✔ F02-R07 hidden first row: keep file and refuse layered inference (69.851791ms)
✔ F02-R07 hidden second row: keep file and refuse layered inference (39.185083ms)
✔ F02-R07 hidden reference column: keep file and refuse layered inference (29.626542ms)
✔ F02-R08 formula anchor: keep file and refuse layered inference (30.594834ms)
✔ F02-R08 error anchor: keep file and refuse layered inference (19.320791ms)
✔ F02-R08 invisible anchor format: keep file and refuse layered inference (34.960958ms)
✔ F02-R09 unrelated parent: keep file and refuse layered inference (19.825541ms)
✔ F02-R09 conflicting currencies: keep file and refuse layered inference (33.651833ms)
✔ F02-R10 duplicate debit children: keep file and refuse layered inference (15.704416ms)
✔ F02-R10 missing credit child: keep file and refuse layered inference (19.10025ms)
✔ F02-R10 competing amount role: keep file and refuse layered inference (16.073792ms)
✔ F02-R11: do not skip an earlier unresolved table or choose between two plausible sheets (37.388542ms)
✔ F02-R12: frozen different identity never approves the equal-sum invoice group (11.9015ms)
✔ F02-R13: erroneous competing payment remains a completeness barrier (96.116625ms)
✔ F02-R14: native header proof never repairs signs or a broken balance (62.093958ms)
✔ F02-R04: header exception never exempts merged transaction cells (49.126917ms)
✔ F02-R13 excluded competitor: excluding a rival must not manufacture uniqueness (259.123625ms)
✔ native layered-header reading preserves 5,004 movements without reparsing per row (2638.427125ms)
✔ F02-R16: cloned/forged provenance is not source authority; replay uses actual bytes (88.810208ms)
✔ F02-R16/export: session replay and original-based export retain source provenance and row fates (423.985917ms)
✔ a richer later header cannot silently erase an earlier transaction table (66.336125ms)
✔ explicit multiline and bilingual labels map consistently without changing source text (1.501125ms)
✔ long cover text does not prevent locating the first explicit table (2.214417ms)
✔ conflicting bilingual money labels and duplicate amount columns stay unresolved (0.246583ms)
✔ explicit bilingual currency tags prefill the actual currency (0.863417ms)
✔ currency inference ignores safe repeated headers and summary rows without hiding mixed currencies (0.844583ms)
✔ 384 independent CSV/XLSX layouts infer columns and retain the same signed economic records (6111.474833ms)
✔ a model cannot append unrelated proposal IDs to a specific document explanation (16.127833ms)
✔ a valid source ID still cannot be invented outside the model evidence window (6.597875ms)
✔ local model receives canonical review cases, including the document asked about (5.020083ms)
✔ in-place changes to current accounting result invalidate an outstanding model reply (2.227709ms)
✔ blank prompts never query a local model (0.805291ms)
✔ large review contexts reserve ten canonical rows per side instead of starving ledger evidence (8.333417ms)
✔ an explicitly requested late ledger row is prioritized with the same balanced budget (9.55ms)
✔ a referenced ambiguous group is admitted whole and remaining capacity stays bounded on both sides (6.716166ms)
✔ an inconsistent ambiguous display group is refused before model routing (4.509458ms)
✔ oversized referenced cases fall back before invoking a model and are never truncated (13.239292ms)
✔ unavailable or downloadable models never create a session or start download (6.268541ms)
✔ ready model uses same languages, structured output and destroys session (3.851291ms)
✔ model cannot supply financial facts, approval, prose or nonexistent IDs (0.636041ms)
✔ model-generated proposal is rechecked without becoming a match (3.059125ms)
✔ abort and model errors fall back without output or retained session (1.386ms)
✔ local import advice can complete unfamiliar mapping only after explicit application and engine checks (22.548458ms)
✔ download states, absent model and unsupported Arabic never start model creation (1.574667ms)
✔ model cannot rewrite values, choose inactive fields, change source or grant approval (2.441625ms)
✔ stale mapping, recut PDF, and even edits beyond the sample invalidate outstanding advice (1.763167ms)
✔ abort before creation or during prompting discards advice and destroys the session (0.72425ms)
✔ unparseable, oversized, thrown and unavailable responses fall back without changing the source (0.565208ms)
✔ numeric plausibility does not promote Quantity-as-Amount into verified semantics (0.376791ms)
✔ real-model experiment binding keeps bilingual proposals advisory and native source evidence unchanged (29.937583ms)
✔ local model cannot supply invented numbers, signs, exclusions, approvals or uncited roles (11.540416ms)
✔ late model proposals are invalidated by unsampled source rows and reading settings (6.339292ms)
✔ a correct citation does not prove that Quantity is Amount or confer financial authority (3.232792ms)
✔ explicit human review of a correct role preserves malformed amounts as native read errors (16.436958ms)
✔ empty model advice abstains and UTF-8 limits do not silently truncate native evidence (3.485708ms)
✔ safe unrelated bad amounts and dates preserve proven pairs and every erroneous source row (15.981916ms)
✔ an unread same-reference or normalized-collision row blocks that bucket without blocking a disjoint pair (3.514375ms)
✔ a displaced reference in a financial cell blocks its original competitor and preserves a disjoint pair (4.224209ms)
✔ a mixed alphanumeric bad amount is isolated by source evidence and blocks only when its literal token is a competing identity (3.651166ms)
✔ unparsed literal cells are negative competitor evidence for alphabetic payment references, never repaired transaction facts (2.872584ms)
✔ every supported secondary reference is blocking evidence even when the bad row has a different primary document (3.987166ms)
✔ unselected stated references and selected helper values both propagate taint without acquiring positive authority (0.896291ms)
✔ taint follows transitive original memberships even after a bridge row is manually used or rejected (9.809625ms)
✔ unknown, structurally damaged, hidden or unsafe reference envelopes remain wildcard blockers (5.969041ms)
✔ a selected generic helper alone cannot isolate a failed row, while a precise amount-cell issue can (2.105ms)
✔ bad-money rows cannot hide a second supplier, entity, currency or generic account (2.348708ms)
✔ invalid entered balances block arithmetic but preserve independent automatic and documented manual pairs (0.54225ms)
✔ disjoint invoice groups and repeated-document pairs remain provable, but a failed bucket member blocks its whole proof (3.337167ms)
✔ whole payment groups remain complete only outside failed-row bank/receipt memberships (3.266833ms)
✔ legacy direct-source errors without a valid envelope remain conservative (0.643209ms)
✔ duplicate direct-source IDs are refused even when their identity components have different taint (0.756834ms)
✔ known contradictory document types never auto-match equal signed amounts and exact references (31.11125ms)
✔ contradictory explicit PO evidence blocks auto-match while ordinary internal voucher differences do not (1.702541ms)
✔ a mapped invoice reference is not replaced by an unrelated common PO (0.786958ms)
✔ PO-only identity remains visible but cannot certify one invoice or a group of invoices (0.898834ms)
✔ identical repeated posting lines cannot be proved distinct by their sum (2.52575ms)
✔ F03 preserves historical group sources: Invoice No proves an invoice group but not a credit-note group (3.09825ms)
✔ one-to-many proof fails with altered amount, date, type, PO, voucher or unreadable identity (2.232208ms)
✔ mixed signs, competing whole groups and subset coincidences never produce a group match (0.949792ms)
✔ currency from another normalized scope cannot be compared, including manual decisions (51.836084ms)
✔ date boundaries, signed zero and reference punctuation do not silently broaden identity (1.386ms)
✔ unique payment amount with different references remains review-only under every row permutation (2.832959ms)
✔ classification and row conservation are invariant under 864 independent source permutations (1112.744541ms)
✔ exact minor units remain conserved for all supported scales and arithmetic limits reject overflow (3.012375ms)
✔ repeated headers with formula, hidden or unreadable cells cannot silently leave the transaction population (1.917666ms)
✔ overlapping rejected edges never choose arbitrary partners under source or decision permutations (30.799209ms)
✔ an ordinary vendor statement imports and compares without manual row surgery (209.958ms)
✔ the dropped time is reported as a note, never as a silent change (20.784625ms)
✔ a formula inside a total row does not resurrect it as an error (112.466084ms)
✔ one unreadable row reports itself instead of rejecting both files (3.811958ms)
✔ the cut-off default is the latest date present, so it excludes nothing (24.541959ms)
✔ a PDF with unfamiliar headers gets its columns from geometry (144.479375ms)
✔ geometry detection is independent of the header wording (20.949916ms)
✔ a reviewed PDF reconciles with no boundary typed by hand (15.054958ms)
✔ geometry refuses to invent columns when the layout proves none (3.849958ms)
✔ a cell overflowing a boundary is flagged, never merged quietly (2.690291ms)
✔ P2 original CSV bank and receipt identities survive normalisation, session restore and N:M export with all source members (405.551875ms)
✔ P2 group explanation cites every member and distinguishes group totals from individual pairings in both languages (10.788625ms)
✔ P2 rejecting any member pair atomically unmatches the whole group and restore preserves that rejection (69.120167ms)
✔ P2 assistant rejects a case-member copy with forged explicit payment identity provenance (3.286625ms)
✔ P2 changed source bytes invalidate the old group and cannot be exported or restored as its old proof (33.066083ms)
✔ partial formats isolate malformed dates and amounts without losing original rows or choosing a default (12.741542ms)
✔ partial formats cannot cherry-pick contradictory but valid conventions (0.438917ms)
✔ unsafe comma evidence never scales the remaining ambiguous KWD amount (0.481917ms)
✔ partial formats do not allow a stale chosen convention to bypass proven evidence (0.315459ms)
✔ native numeric cells remain independent of display format while formula or percentage cells remain errors (1.076792ms)
✔ no readable date or amount evidence remains an explicit unresolved source, not a default (0.185833ms)
✔ malformed companion rows cannot answer genuine date ambiguity or transfer a choice to different evidence (0.495958ms)
✔ partial source rows remain explicit through Excel and original-source session restoration (309.061125ms)
✔ partial assistant answers disclose incompleteness, prioritize row errors and reject model approval (19.824625ms)
✔ balance-only issues have no invented row or page and preserve the entered text (25.29475ms)
✔ clean export and assistant keep their existing status without a partial claim (106.944208ms)
✔ reference-shaped invalid amounts retain negative collision evidence while disjoint pairs continue (3.787958ms)
✔ P2 overlapping bank and receipt alternatives are reviewed before any row is consumed (20.165333ms)
✔ P2 complete N:M payment groups are equivalent groups, never individual pairings (2.540208ms)
✔ P2 invoice certified subgroups coexist with exact sibling pairs without amount-driven subsets (3.185583ms)
✔ P2 unbalanced, unsafe and manually consumed competitors never disappear from identity membership (4.874708ms)
✔ P2 a primary-only unknown member and normalized collisions cannot be dropped from bank groups (2.398875ms)
✔ P2 an exact payment pair cannot consume a member before overlapping receipts are examined (0.791041ms)
✔ P2 identical bank and receipt memberships corroborate one group, while one-sided annotations need no guessing (1.591792ms)
✔ P2 N:M rejects duplicates on either side, sign offsets, wrong dates and incomplete or conflicting evidence (8.947458ms)
✔ P2 N:M group limit retains every row and never approves a truncated group (10.057084ms)
✔ P2 unknown document discriminators block invoice subgroups and do not fabricate uniqueness after manual use (3.021875ms)
✔ P2 an unknown-type original bank member prevents a smaller exact payment pair (0.914042ms)
✔ P2 invalid calendar dates and direct same-source comparisons cannot become approved groups (2.431917ms)
✔ P2 explicit numeric receipt identities retain leading zeros across separate N:M and N:1 groups (4.015166ms)
✔ P2 numeric support never promotes zero, placeholder or formula-like payment identities (13.454ms)
✔ P2 certified document identity and shared PO permit different local voucher numbers without weakening whole-document proof (10.117125ms)
✔ PDF cannot read covered amount text through an opaque vector rectangle (204.485292ms)
✔ PDF black background cannot silently conceal black transaction text (3.832542ms)
✔ ordinary white backgrounds and disjoint table lines preserve actual text (8.923958ms)
✔ bordered supplier tables paint edges, not a solid rectangle over every amount (36.3835ms)
✔ separate underlines do not connect into an imaginary painted area (2.082792ms)
✔ stroke width and actual crossing lines still reject covered transaction text (61.953792ms)
✔ thin filled rectangles used as supplier table borders stay separate (7.654375ms)
✔ implicit close strokes and curved paths cannot conceal an amount (2.854417ms)
✔ 100-page native import retains the last page and reports progress without replacing the final source (327.469292ms)
✔ failure on page 70 does not emit layout or return a usable prefix and the next import is clean (161.47225ms)
✔ only one explicit complete header and consistent gaps produce PDF suggestions (2.328833ms)
✔ overlapping, incompatible multi-page or floating tokens cancel automatic suggestions (1.09025ms)
✔ partial rows tighten a gap without splitting an extended reference (0.164375ms)
✔ carried-forward lines between pages are structure, not dates or transactions (259.158875ms)
✔ a table rule at a page break does not make black text count as hidden (64.345833ms)
✔ PDF diversity: 64 seeded valid layouts preserve independent values under column, font and paint-order changes (852.087125ms)
✔ PDF diversity: 2 to 6 pages retain repeated headers, source pages and every unique transaction (53.892792ms)
✔ PDF diversity requires review: a second-page column reorder cannot silently reuse the first mapping (6.722333ms)
✔ PDF diversity: a reference displaced into an amount cell cannot hide a competing original row (56.381917ms)
✔ PDF diversity requires review: wrapped transaction descriptions remain separate source rows, never invented joins (6.861ms)
✔ PDF diversity requires review: complete rows drawn across one another are not trustworthy transactions (23.003375ms)
✔ PDF diversity: close but visibly disjoint rows and staggered side-by-side cells remain accepted (8.788083ms)
✔ PDF diversity unsupported: partially clipped glyphs at the page edge cannot be accepted as fully visible (3.396959ms)
✔ PDF diversity unsupported: later covers and hidden text remain rejected while styled table backgrounds are safe (7.289792ms)
✔ PDF diversity requires review: partial tokens cannot cross the final shared multipage column boundary (0.600167ms)
✔ PDF diversity: RTL-adjacent Arabic descriptions and Arabic numbers keep exact text without reversing identifiers (0.190417ms)
✔ two dates and a vertically split AP balance header produce all ten columns with exact line evidence (5.005584ms)
✔ geometric header evidence remains stable for independent amounts, pages, and wrapped versus unwrapped labels (6.634292ms)
✔ unknown or misaligned fragments cannot be converted to a known balance heading (0.940958ms)
✔ a different second-page table, duplicate header or transaction crossing a candidate gap cancels the strict proposal (1.183666ms)
✔ the existing vocabulary-free geometry fallback remains available without claiming header identity (0.796917ms)
✔ close split header words have one exact supported interpretation, while wide gaps remain separate (1.08025ms)
✔ PDF diagnosis: blank and vector-only pages report no extractable text without claiming a scan (119.088459ms)
✔ PDF diagnosis: image-only bytes report factual image presence with the legacy no-text message (8.360791ms)
✔ PDF diagnosis: both small and large images mixed with native text retain the original rejection (24.392042ms)
✔ PDF diagnosis: image-paint counts count occurrences without inferring image content (3.181875ms)
✔ PDF diagnosis: first blocking page is explicit and never claims the remaining pages were inspected (7.780709ms)
✔ PDF diagnosis: clean native-text PDFs retain the same exact extracted rows (12.732042ms)
✔ PDF diagnosis: earlier occlusion and hidden-text failures retain precedence over a later image (9.4305ms)
✔ PDF diagnosis schema: exact bounded worker round-trip is accepted (0.190958ms)
✔ PDF diagnosis schema: malformed, contradictory and extended payloads are rejected (0.747458ms)
✔ PDF diagnosis schema: rejects accessors without reading them and tolerates hostile objects (0.140334ms)
✔ PDF diagnosis error: immutable validated copy prevents later diagnostic mutation (0.5565ms)
✔ 046 a repeated page banner no longer blocks the format proof (C01436) (2.821417ms)
✔ 046 inference and the normalizer classify the same banner rows (7.6705ms)
✔ 046 no movement is deleted while the banner and footer are cleaned (1.041ms)
✔ 046 a banner-shaped row carrying a movement stays a movement (0.901709ms)
✔ 046 a banner that is not repeated verbatim is not treated as one (0.108083ms)
✔ 046 without a repeated table header the page prefix is not structural (5.538667ms)
✔ 046 a damaged banner row remains visible and blocks matching despite readable format evidence (2.469708ms)
✔ 046 an amount landing in the neighbouring reference keeps the source in review (1.967583ms)
✔ 046 a thousand-fold separator reading is never proven silently (0.388291ms)
✔ 046 a balance line is recognised before the number format is known (1.612917ms)
✔ 046 a malformed balance amount is not excused by trying other readings (3.362958ms)
✔ 046 a dated, referenced movement is never taken for a balance line (2.225209ms)
✔ exact glyph binding records when text was painted, including split and merged runs (2.154375ms)
✔ white text requires an opaque dark background covering its entire box (0.236291ms)
✔ colored statement headers and pale backgrounds drawn after a title load without hiding data (100.438459ms)
✔ a later opaque rectangle covering transaction text still prevents import (11.586958ms)
✔ a hairline table rule grazing black text is not a background, but covers and stripes still are (0.374459ms)
✔ Helvetica: real PDF bytes with a three-line AP header retain all ten columns and every movement (176.679042ms)
✔ Helvetica: explicit-cut re-read used during export exactly reproduces automatic PDF extraction and accounting provenance (15.177167ms)
✔ Helvetica: multiple PDF pages keep their repeated logical headers, original fragments and exact movement page lineage (11.062875ms)
✔ Courier: real PDF bytes with a three-line AP header retain all ten columns and every movement (3.011333ms)
✔ Courier: explicit-cut re-read used during export exactly reproduces automatic PDF extraction and accounting provenance (9.082458ms)
✔ Courier: multiple PDF pages keep their repeated logical headers, original fragments and exact movement page lineage (14.592375ms)
✔ Helvetica: export and session restoration re-prove wrapped-header cells and page provenance from original PDF bytes (367.148416ms)
✔ Courier: export and session restoration re-prove wrapped-header cells and page provenance from original PDF bytes (364.636875ms)
✔ manual PDF page-title exclusion cannot disguise an unproved page counter (10.021791ms)
✔ PDF stream integrity: a late malformed shading cannot leave a silently accepted financial prefix (194.588125ms)
✔ PDF stream integrity: early parser errors reject single-page and multipage imports (11.58075ms)
✔ PDF stream integrity: actual PDF.js prefix resolution cannot bypass the document-local guard (12.219875ms)
✔ PDF stream integrity: unsupported internals and a changed PDF.js version fail closed (0.122042ms)
✔ PDF stream integrity: successful stream must deliver its final chunk and close (0.1675ms)
✔ PDF stream integrity: an error after the apparent final chunk is still fatal (0.13175ms)
✔ PDF stream integrity: truncated, cancelled and malformed stream contracts fail closed (6.442833ms)
✔ PDF stream integrity: unrelated text streams are untouched and a restored document does not affect another (0.080875ms)
✔ native visible PDF transaction text retains signs and exact cells (124.916584ms)
✔ actual PDF rejects transparent and partially transparent fill/stroke text (53.6345ms)
✔ actual PDF rejects white text in RGB, gray and CMYK color spaces (39.802292ms)
✔ restoring or explicitly resetting color and alpha permits subsequent visible text (13.497084ms)
✔ actual PDF rejects clipped transaction text and text clipping modes (36.232959ms)
✔ clipping restored before transaction text does not reject visible data (2.985917ms)
✔ actual PDF soft masks reject text rather than trusting an invisible text layer (17.324084ms)
✔ a disabled soft mask no longer marks later plain text as masked (14.778542ms)
✔ unsupported blending rejects active text but a restored blend does not leak (14.625208ms)
✔ actual inline raster images reject regardless of area or neighboring native text (27.671917ms)
✔ actual image XObjects and solid image masks cannot bypass the raster guard (4.194833ms)
✔ unsupported Form XObject clipping rejects extracted text with an explicit error (2.041792ms)
Warning: Indexing all PDF objects
✔ oversized PDF cells reject before reaching Excel and malformed PDFs do not poison later reads (176.691291ms)
✔ OCR invisible text and large raster backgrounds cannot pass as native PDF text (0.257416ms)
✔ PDF actual bytes preserve columns, signs, row provenance and original bytes (10.078084ms)
✔ PDF cannot reconcile without explicit extraction review (14.117833ms)
✔ multi-page PDF keeps repeated headers and page lineage instead of silently deleting rows (42.259667ms)
✔ blank/scanned page rejects the entire PDF including text/image mixed documents (32.191416ms)
✔ fake PDF and more than 100 pages fail closed (5.382167ms)
✔ column boundary crossings and duplicate overlay glyphs produce blocking row issues (8.282584ms)
✔ invalid column cuts, coordinates and replacement characters fail closed (0.401958ms)
✔ Arabic glyph text is preserved without reversing references or guessing numbers (0.233334ms)
✔ PDF export re-extracts original bytes and session restoration keeps the same result (247.365208ms)
✔ bounded performance export verifier accepts native dates, negative credits and explicit payment bank identity (168.587042ms)
✔ bounded performance export verifier detects a reversed amount sign (15.275666ms)
✔ bounded performance export verifier detects a forged reference despite unchanged financial totals (39.229542ms)
✔ bounded performance export verifier detects a native Excel date shifted by one day (10.510459ms)
✔ bounded performance export verifier detects a missing exported row (9.500208ms)
✔ bounded performance export verifier rejects a formula even with its original correct cached amount (10.020334ms)
✔ RSS sums every requested process independent of ps ordering (0.917375ms)
✔ an incomplete process snapshot cannot masquerade as lower memory use (0.30575ms)
✔ RSS rejects invalid counters and process identifiers (0.21175ms)
✔ a hung memory sample fails within a deadline so browser cleanup can run (21.577958ms)
✔ transaction comparison needs verified scope but not optional descriptive names (169.286917ms)
✔ known currency precision is explicit and unknown currencies are not assigned two decimals (0.295875ms)
✔ currency precision changes the ambiguity assessment, not the transaction value (1.871958ms)
✔ PDF automatic column suggestions retain required human review and original row provenance (106.433834ms)
✔ transaction column spans do not invalidate intact labeled PDF metadata; other parsing issues do (3.889417ms)
✔ partial date case must preserve its one independently valid pair and both invalid rows (9.378375ms)
✔ every recompute path gives the core result: ordinary match, amount variance, balances (demo) (268.208916ms)
✔ every recompute path gives the core result: manual decision and rejected link (demo) (209.395875ms)
✔ every recompute path gives the core result: proven one-to-many group (196.423084ms)
✔ every recompute path gives the core result: the same ambiguity, answered (69.577042ms)
✔ every recompute path gives the core result: split columns with proven direction (117.077834ms)
✔ every recompute path gives the core result: partial result with an impossible companion date (129.280042ms)
✔ the cases hold what they are named for (6.695041ms)
✔ every path refuses FORMAT_AMBIGUOUS_UNRESOLVED: unresolved number-format ambiguity (3.650917ms)
✔ exportWorkbook itself refuses an unanswered format ambiguity (16.686333ms)
✔ a result changed after comparing is not exported (28.899292ms)
✔ a saved format choice that no longer fits is refused (15.727083ms)
✔ a debit/credit direction claim the source does not prove (22.148958ms)
✔ compare re-proves a claimed debit/credit direction before showing a result (7.975291ms)
✔ a direction claim whose facts hold but whose explanation was edited (56.651042ms)
✔ two faults at once: the format guard, then the direction proof (1.194625ms)
✔ the shared recompute reports its stages in order (2.742125ms)
✔ the recompute paths share one entry point; the verifier does not (0.647542ms)
✔ an explicit document number cannot outvote the references the accountant chose (21.369458ms)
✔ identities equal only after normalisation are never approved where no chosen reference can differ (7.722292ms)
✔ a batch, an account or an order chosen as the reference does not prove a document (2.884583ms)
✔ one value in two fields of different roles does not prove the invoice (1.362542ms)
✔ matching amount and reference with conflicting document types stay for review (7.077958ms)
✔ Type = Invoice with a description opening with another documented role is a conflict (5.823125ms)
✔ an unknown or party-specific code stays unknown, is not guessed, and the pair is shown for review (9.984334ms)
✔ with no reference column chosen, nothing is approved, as the interface says (5.060541ms)
✔ an unchosen voucher cannot prove a document even when the unselected references agree or are blank (2.306042ms)
✔ the accountant can still confirm by hand rows whose chosen references differ (1.481625ms)
✔ invoice lines naming different purchase orders are shown for review with that reason (4.607917ms)
✔ P1 proves repeated-document pairs with explicit selected reference provenance and honest evidence (47.918ms)
✔ P1 preserves leading zeros, punctuation and case instead of matching normalized lookalikes (15.447875ms)
✔ P1 requires literal document identity even when normalization collides (9.844417ms)
✔ P1 does not use unselected references or selected local voucher/order columns as positive identity (30.396375ms)
✔ P1 counts all discriminator occurrences before amount, date or consumption filtering (10.227458ms)
✔ P1 missing, placeholder and unsafe discriminators leave the entire document bucket unresolved (43.536667ms)
✔ P1 contextual discriminator accepts literal numeric and alphabetic references in either language (16.333959ms)
✔ P1 contextual references are unique within a document, not across unrelated documents (2.906542ms)
✔ P1 formula-like and error references remain literal, visible and unapproved in every automatic path (31.130042ms)
✔ P1 direct-source comparisons cannot omit issue flags to bypass unsafe-reference checks (68.417041ms)
✔ P1 assistant proposal verification rejects a case copy with altered discriminator evidence (10.602292ms)
✔ P1 keeps amount, sign, date, type, PO conflict and source-reading guards (11.080791ms)
✔ P1 excluded same-document evidence blocks uniqueness while an unrelated total does not (1.642458ms)
✔ P1 rejects an invalid source date even when compare is called directly (3.295167ms)
✔ P1 honors rejection, manual decisions and self-comparison without losing rows (3.260666ms)
✔ P1 case identity follows the discriminator when identical-amount/date rows are reordered (3.610708ms)
✔ P1 preserves genuine whole-document groups instead of splitting duplicate discriminators (1.903084ms)
✔ P1 missing Type is allowed but numeric document roles must be explicit on both sources (4.720792ms)
✔ P1 restore and verified Excel export preserve pairs and reject altered provenance (153.995458ms)
✔ F03 native own/related roles: different-credit-notes (382.794167ms)
✔ F03 native own/related roles: own-credit-note (115.208167ms)
✔ F03 native own/related roles: generic-own-and-invoice (158.887083ms)
✔ F03 native own/related roles: short-own-credit-note (191.937334ms)
✔ F03 native own/related roles: conflicting-related-invoice (86.632042ms)
✔ F03 native own/related roles: credit-note-invoice-only (55.02875ms)
✔ F03 native own/related roles: payment-invoice-only (124.095667ms)
✔ F03 native own/related roles: journal-invoice-only (92.474917ms)
✔ F03 native own/related roles: ordinary-invoice (83.767292ms)
✔ F03 native own/related roles: payment-bank-identity (132.269917ms)
✔ F03 native own/related roles: whole-credit-note-group (154.83175ms)
✔ F03 selected related-invoice column supplies neither own identity nor discriminator authority (11.244667ms)
✔ F03 different selected roles permit the same proven short credit note (1.147458ms)
✔ F03 column permutation and explicit Arabic headers preserve roles (1.824542ms)
✔ F03 keeps ambiguous evidence for review: duplicate own headers (0.98925ms)
✔ F03 keeps ambiguous evidence for review: duplicate related headers (0.909791ms)
✔ F03 keeps ambiguous evidence for review: hidden own cell (0.667708ms)
✔ F03 keeps ambiguous evidence for review: unsafe related cell (0.692ms)
✔ F03 keeps ambiguous evidence for review: different chosen generic reference (0.854833ms)
✔ F03 an own-number competitor remains after excluded (3.176375ms)
✔ F03 an own-number competitor remains after outside-period (5.928ms)
✔ F03 an own-number competitor remains after failed amount (2.1565ms)
✔ F03 chat cites the original invoice without substituting it for a credit-note identity (7.513917ms)
✔ F03 AI cannot resolve a related-invoice contradiction or forge its provenance (2.645542ms)
✔ F03 native PDF uses own credit-note number: own-credit-note (115.663416ms)
✔ F03 native PDF uses own credit-note number: short-own-credit-note (10.270292ms)
✔ F03 native PDF uses own credit-note number: different-credit-notes (4.32525ms)
✔ F03 original invoice cannot partition repeated credit-note numbers (1.106583ms)
✔ F03 local model context keeps own/related roles and their canonical source columns (2.415166ms)
✔ F03 an exact candidate with unverified type stays one review case with both source rows (0.840417ms)
✔ F03 a shared native Document No cannot erase contradictory document types (3.425042ms)
✔ F03 bank/receipt roles cannot authorize a voucher-only credit note or journal (4.684083ms)
✔ 046 Arabic text PDF reportlab-arabic-balances: actual fields, provenance, matches and independent Excel values (303.967708ms)
✔ 046 Arabic text PDF reportlab-rtl: actual fields, provenance, matches and independent Excel values (146.210125ms)
✔ 046 Arabic text PDF reportlab-permuted: actual fields, provenance, matches and independent Excel values (85.081459ms)
✔ 046 Arabic text PDF reportlab-wrapped-header: actual fields, provenance, matches and independent Excel values (71.609708ms)
✔ 046 Arabic text PDF reportlab-multipage: actual fields, provenance, matches and independent Excel values (102.152667ms)
✔ 046 Arabic text PDF libreoffice-arabic: actual fields, provenance, matches and independent Excel values (77.63625ms)
✔ 046 Arabic text PDF libreoffice-mixed: actual fields, provenance, matches and independent Excel values (106.7325ms)
✔ 046 Arabic continuation and second account table remain visible and cannot claim complete reading (25.06075ms)
✔ 046 glyph provenance uses pinned bidi ordering without mutating Latin references or numeric signs (1.09475ms)
✔ 046 source geometry may attach adjacent sign fragments but never guesses separated digits (0.200458ms)
✔ 046 Arabic word fragments follow RTL geometry while financial fragments retain their source sequence (0.869333ms)
✔ 046 full-page rectangular clips accept visible statements but partial and unknown clips reject (8.932583ms)
✔ 046 native Arabic source followed by an unreadable page cannot return partial accounting data (19.485459ms)
✔ 045 original document value cannot be compared as open-item outstanding even when numbers coincide (11.081167ms)
✔ 045 running balance, paid amount and aging buckets cannot masquerade as movement values (5.498917ms)
✔ 045 explicit remaining values require an open-items report and never become period movements (1.437958ms)
✔ 045 supported original transaction values and remaining open items continue to auto-match (1.177ms)
✔ 045 supplier and legal entity conflicts in explicit same-role metadata block automatic and manual comparison (2.018958ms)
✔ 045 different account roles are not falsely equated across supplier and AP systems (0.315417ms)
✔ 045 mixed supplier, entity or account columns stop the affected comparison without dropping either row (2.763ms)
✔ 045 explicit single-role row identity must agree between the two sources (0.306541ms)
✔ 045 explicit currency column cannot be ignored by leaving it unmapped (0.270291ms)
✔ 045 open-item snapshots dated after the requested cutoff cannot reconstruct historical outstanding (0.796917ms)
✔ 045 a malformed or contradictory declared period cannot certify the arithmetic bridge (3.32525ms)
✔ 045 a clean declared snapshot at cutoff remains supported (0.73575ms)
✔ 045 a systemic parsing/semantic failure cannot be bypassed by a manual match (0.496875ms)
✔ 045 declared transaction period constrains inclusion before the balance equation is checked (3.347375ms)
✔ 045 an opening balance from a different declared period cannot be certified by coincidental equality (0.520709ms)
✔ F03 preserves old numeric Invoice No inputs: an invoice can match, its credit note cannot borrow that identity (1.934333ms)
✔ 045 numeric general references, unknown types, payments, shortened IDs and numeric groups stay unapproved (1.169042ms)
✔ 045 an explicit as-of snapshot is checked against cutoff without treating a preparation date as snapshot evidence (2.960166ms)
✔ 045 manually entering a closing balance cannot hide a conflicting balance currency (1.361791ms)
✔ 045 bounded whole-reference groups retain all source rows for review beyond the automatic limit (16.388958ms)
✔ 045 explicit conflicting document labels in descriptions veto a match but never certify one (1.292125ms)
✔ R045 independent exported workbook oracle accepts signed amounts, empty references, Arabic and an opening difference (161.071ms)
✔ R045 independent verifier rejects amount, sign, visible reference, row count and cached formula mutations (835.619417ms)
✔ R045 independent decimal oracle rejects lost minor precision rather than rounding (0.363291ms)
✔ R045 independent verifier covers transaction-only, zero-effect rejected cases, manual decisions and currency precision (215.910792ms)
✔ R045 versioned partial output contract preserves every reading issue and rejects corrupted disclosure (1428.947625ms)
✔ independent corpus manifest has 5000 cases in declared categories and disjoint layout holdout (21.372709ms)
✔ all forty hand-calculated anchors independently agree with generated balances and explicit pairs (13.743333ms)
✔ truth and observable approval are separate for an unreferenced payment allocation (1.322834ms)
✔ equal balances do not hide countervailing invoice errors (3.035292ms)
✔ cutoff exclusions are explicit and do not disappear from source observations (4.314125ms)
✔ integer minor formatting preserves zero and three decimals without production money helpers (0.376292ms)
✔ development scenarios are reproducible and contain economic diversity beyond labels and layout (994.011375ms)
✔ forty foundation source pairs are real files and never embed hidden lineage or oracle keys (523.671417ms)
✔ generator, manifest and renderers cannot import production reconciliation code (2.380667ms)
✔ a wrong closing balance blocks balance verification without banning independently proved movement matches (4.539417ms)
✔ invalid source values affect their rows while scope conflicts stop the affected comparison (3.903459ms)
✔ numeric invoice identity is explicit while an equally long generic reference needs review (10.233209ms)
✔ file-specific scenarios really contain their named structures (19.370708ms)
✔ revision 1.0.1 keeps allocation lineage shared while physical row identities remain distinct (4.736208ms)
✔ ambiguous decimal case exposes two defensible interpretations and requires format confirmation before normalization (2.580416ms)
✔ PDF monetary banners use the same decimal convention as transaction cells (4.798792ms)
✔ 046 explicit shared bank identity proves a whole payment in either 1:N direction (18.131625ms)
✔ 046 explicit receipt identity supports payment groups without a bank column value (3.55925ms)
✔ 046 generic shared payment references and unique amount subsets remain review, not proof (5.641542ms)
✔ 046 payment identity cannot allocate invoices or override document, amount, sign, date or receipt conflicts (10.191334ms)
✔ 046 bank-reference groups never search a matching subset or ignore a competing same-identity row (5.998083ms)
✔ 046 a duplicate component cannot be disguised by changing its description (3.297541ms)
✔ 046 explicit original invoice lines retain the existing 6750 = 2500 + 2250 + 2000 capability (7.134917ms)
✔ 046 explicit source errors, hidden evidence and excluded same-payment rows prevent complete-group approval (30.793708ms)
✔ 046 currency and amount-basis conflicts are not group evidence even after user confirmation (19.909125ms)
✔ 046 row-level amount basis cannot mix original and remaining values under a generic amount header (17.430958ms)
✔ 046 payment group rejection is preserved and source ordering never selects a subset (0.843ms)
✔ 046 a search limit is exposed with all group rows retained (29.71875ms)
✔ 046 a manual decision cannot override explicit document identity or PO conflicts (0.920375ms)
✔ 046 payment proof is re-read from original bytes for export and sessions, never trusted from an annotated result (97.583833ms)
✔ a completed-balance flag cannot replace a missing verified bridge (73.035417ms)
✔ independent evaluator accepts healthy exact matches and a controlled invalid-source rejection (309.40175ms)
✔ evaluator independently checks source totals against source transactions (23.132041ms)
✔ evaluator rejects disagreement between accepted cases and the public match list (6.627458ms)
✔ evaluator does not reward abstaining from every provable automatic match (83.261458ms)
✔ runtime errors and cancellation on corrupt input are failures rather than valid rejections (17.773458ms)
✔ equal-valued invoices with swapped counterparties are false matches even when counts and arithmetic agree (106.474834ms)
✔ P2 capability requires nine proved groups across the 20 existing focused files with independent workbook verification (3190.679917ms)
✔ P2 oracle migration keeps the default 046 N:M rejection and the same visible source facts (92.954625ms)
✔ P2 N:M permission requires visible complete identity and does not reward abstention or equal totals alone (61.849916ms)
✔ disabling every group fails required completion and cannot be counted as success (46.012208ms)
✔ forcing a group on equal sums without bank or receipt proof is a false match (55.505167ms)
✔ hidden metadata changes after rendering cannot change any engine input (44.589666ms)
✔ ambiguous decimal convention stays unresolved without outside information and is labelled external when provided (6.841375ms)
✔ the workbook verifier rejects accepted groups outside an independently supplied permission set (71.167125ms)
✔ a diagnostic result with source errors is never labelled a completed comparison (48.414041ms)
✔ invalid format inference records an unproven implicit default even when downstream parsing returns values (23.543708ms)
✔ R045 XML second sheetData cannot replace earlier financial rows (144.451625ms)
✔ R045 mixed cell payloads cannot concatenate into a different amount (74.844667ms)
✔ R045 invalid row coordinates cannot silently discard a movement (116.379542ms)
✔ R045 valid reordered columns, inline text and long references remain exact (45.783125ms)
✔ R045 closing balance currency is evidence, not disposable footer text (62.664958ms)
✔ R045 native formula cache validation does not reinterpret decimal point as grouping (60.201875ms)
✔ R045 duplicate workbook containers and worksheet IDs cannot discard a complete sheet (55.987084ms)
✔ R045 explicit as-of metadata is retained independently of prepared date (117.273292ms)
✔ R045 duplicate date systems or style definitions cannot change dates or erase reference zeros (73.904333ms)
✔ R045 missing or aliased worksheet parts cannot silently remove or relabel source data (58.04175ms)
✔ R045 balance metadata rejects a wrong formula cache and retains a matching currency (46.694958ms)
✔ R045 conflicting or ambiguous snapshot metadata cannot produce a verified date (52.096ms)
✔ R045 an uncached transaction formula remains an explicit issue rather than zero or a deleted row (14.595292ms)
✔ R045 standard 1904 dates, sparse rows and deterministic omitted subsequent cell coordinates remain supported (17.308958ms)
✔ R045 running balance column currency cannot be borrowed from a different currency scope (86.259541ms)
✔ 045 PDF foundation 3: real files preserve metadata, balances, footer and all movements (291.795709ms)
✔ 045 PDF foundation 4: real files preserve metadata, balances, footer and all movements (19.519208ms)
✔ 045 PDF foundation 19: real files preserve metadata, balances, footer and all movements (105.105167ms)
✔ 045 PDF reordered multi-page source C01436 retains every movement and excludes only repeated page metadata (37.079209ms)
✔ 045 PDF reordered multi-page source C03754 retains every movement and excludes only repeated page metadata (55.260916ms)
✔ 045 a later-page changed identity or a transaction before the repeated header is never excluded as metadata (1.095125ms)
✔ 045 only an isolated exact page-number footer is excluded (32.29325ms)
✔ 045 inline closing balances retain amount and source evidence without erasing a dated invoice (23.3425ms)
✔ 045 PDF metadata outside table columns can span cuts without concatenating financial values (7.167708ms)
✔ 045 all 24 supported four-column PDF orders preserve the same financial fields (91.71ms)
✔ metamorphic real CSV files preserve decisions after reordering columns and plain transaction rows (34.467541ms)
✔ Arabic money digits, decimal comma and alternate explicit date formats preserve economic meaning (12.053125ms)
✔ determinism includes complete decisions, evidence, bridge and source row identities (7.239417ms)
✔ a currency conflict cannot cross into automatic matches or a proven balance bridge (8.786917ms)
✔ reference normalization collisions do not become identities merely because amounts agree (3.397042ms)
✔ independent invariant probes detect deliberate source reuse, numeric alteration and sign inversion (9.02075ms)
✔ published file-size and parsed-row limits reject at import rather than returning partial success (116.434792ms)
✔ 046 stopping every clear case cannot be reported as accurate work (1.542084ms)
✔ 046 a false match is never absorbed into the correct-match total (0.76625ms)
✔ 046 amounts of different currencies are never summed together (0.194042ms)
✔ 046 confirmations are counted per kind so an oracle-fed format is visible (0.153708ms)
✔ declared aging cannot be accepted by choosing the transactions default (33.925041ms)
✔ generic accounts cannot be merged merely because reference and amount agree (6.712208ms)
✔ source-level currency conflicts never relabel a foreign transaction as the scope currency (3.182208ms)
✔ an explicitly balanced empty period can be compared but an unproven empty file cannot (3.380791ms)
✔ same input yields byte-identical engine evidence across 20 runs (57.421459ms)
✔ punctuation normalization is suggestion-only; never proves reference equality (2.12175ms)
✔ reference reused with different amounts prevents both automatic matches (1.332625ms)
✔ sign conflict is explicit and does not change balances or signed values (5.422375ms)
✔ invalid mappings and multipliers fail at engine boundary (0.459583ms)
✔ safe sums reject invalid operands even if they cancel (0.203292ms)
✔ ambiguous CSV delimiter is rejected instead of guessed (5.118084ms)
✔ Excel merged data rows block normalization without rejecting unrelated sheets (188.724208ms)
✔ Excel cell errors and overprecision numeric references block selected data rows (69.330166ms)
✔ an Excel timestamp reads as its day and the dropped time is reported (18.793875ms)
✔ all matched transactions have exact amounts, original reference equality, uniqueness and evidence (2.069334ms)
✔ 500 seeded exact money roundtrips and signed sums (2.435625ms)
✔ assistant reports actual delta and never adopts number or instructions in question (7.281792ms)
✔ assistant declines unknown question, missing transaction and unsupported balance (4.750125ms)
✔ transaction explanations cite existing rows and expose reference variant (4.448583ms)
✔ assistant and hypotheses cannot mutate engine state (2.54275ms)
✔ hypothesis rejects invented amounts, unknown IDs, duplicates, used rows and rejected pairs (4.303708ms)
✔ equal totals and different totals both stay unconfirmed hypotheses (0.990875ms)
✔ export includes structured match evidence and diagnostics (162.913875ms)
✔ export rechecks sources and refuses altered balance, match and source (28.159667ms)
✔ the same file on both sides is a labelled diagnostic, never approved (62.269333ms)
✔ a copy under another name is still the same source (6.315208ms)
✔ the same file read with its columns listed or chosen differently is still the same source (3.235917ms)
✔ similar names on two different sources are two sources (3.547834ms)
✔ two different sheets of one workbook are two sources (112.976708ms)
✔ restoring, comparing again and exporting keep the self-comparison unapproved (132.619375ms)
✔ explicit metadata from a nine-column supplier layout retains source evidence and uses period end (3.955125ms)
✔ Arabic labels and explicit inline metadata work before a PDF table without column cuts (1.786666ms)
✔ PDF inline labels separated only by spaces remain anchored and preserve role across both sides (0.911459ms)
✔ different explicit dates, entities, accounts and currencies remain conflicts without a chosen value (0.635708ms)
✔ nothing comes from filename, company title, generic account, statement date, transaction extrema or other sheets (0.375042ms)
✔ a complete mapped currency column provides one currency with auditable rows; unmapped helpers do not (1.392709ms)
✔ incomplete currency columns block prefill and mixed currencies are exposed even when a row is blank (0.651417ms)
✔ only selected amount headers are currency evidence and their contradictions prevent prefill (0.165125ms)
✔ invalid explicit metadata cannot be overridden by another valid label or a header (0.501291ms)
✔ ambiguous numeric metadata is not filled even when transaction date order is configured (0.322334ms)
✔ hidden, formula, and parser-flagged metadata cannot become suggestions (0.211458ms)
✔ suggestions are deterministic, do not mutate source/mappings and never supply approvals or balance evidence (0.27075ms)
✔ a valid transaction stays a transaction when its entire description is a summary word (13.954542ms)
✔ a summary word in an unused helper cannot remove a real transaction (2.711833ms)
✔ a duplicate with description Total remains visible and prevents an automatic match (9.498583ms)
✔ unreadable potential duplicates leave readable data available but cannot prove any automatic match (12.472834ms)
✔ summary wording cannot bypass a mapped parsing or formula defect in a transaction (0.5805ms)
✔ a decimal quantity is not inferred as a monetary amount (1.714833ms)
✔ a due date is not inferred as the transaction date merely because it parses (0.287708ms)
✔ an unknown identifier column does not become an invoice reference through uniqueness (0.876791ms)
✔ two explicit reference headers cannot be resolved by preferring the column without duplicates (0.894833ms)
✔ structural opening and total lines remain accounted for without manual exclusions (1.305042ms)
✔ reordered columns cannot turn a dated transaction with a numeric reference into a total (0.553208ms)
✔ missing or malformed dates with numeric document references remain reviewable rows (2.008292ms)
✔ dated opening and closing records need dedicated balance identities, never invoice numbers (0.78925ms)
✔ one source: a guarded reading becomes a normalised source (19.190791ms)
✔ two sources: the same boundary the supplier recompute uses (8.048625ms)
✔ an edited explanation of a proven direction comes back canonical (0.76325ms)
✔ first refusal on every path: ok | ok → ok (187.010667ms)
✔ first refusal on every path: ok | format → FORMAT_AMBIGUOUS_UNRESOLVED (5.326292ms)
✔ first refusal on every path: ok | direction → direction (5.987666ms)
✔ first refusal on every path: ok | format+direction → FORMAT_AMBIGUOUS_UNRESOLVED (8.119708ms)
✔ first refusal on every path: format | ok → FORMAT_AMBIGUOUS_UNRESOLVED (5.083333ms)
✔ first refusal on every path: format | format → FORMAT_AMBIGUOUS_UNRESOLVED (5.322542ms)
✔ first refusal on every path: format | direction → FORMAT_AMBIGUOUS_UNRESOLVED (5.6825ms)
✔ first refusal on every path: format | format+direction → FORMAT_AMBIGUOUS_UNRESOLVED (3.684792ms)
✔ first refusal on every path: direction | ok → direction (3.936375ms)
✔ first refusal on every path: direction | format → FORMAT_AMBIGUOUS_UNRESOLVED (4.826875ms)
✔ first refusal on every path: direction | direction → direction (5.523375ms)
✔ first refusal on every path: direction | format+direction → FORMAT_AMBIGUOUS_UNRESOLVED (7.042042ms)
✔ first refusal on every path: format+direction | ok → FORMAT_AMBIGUOUS_UNRESOLVED (5.348583ms)
✔ first refusal on every path: format+direction | format → FORMAT_AMBIGUOUS_UNRESOLVED (5.296208ms)
✔ first refusal on every path: format+direction | direction → FORMAT_AMBIGUOUS_UNRESOLVED (4.331917ms)
✔ first refusal on every path: format+direction | format+direction → FORMAT_AMBIGUOUS_UNRESOLVED (19.46525ms)
✔ a reading that is not an object is named as such first (0.79075ms)
✔ after the gates, scope, currency and cutoff stay with normalisation (5.920875ms)
✔ an export of a proven direction with an edited explanation still succeeds (54.95275ms)
✔ the gates are assembled in one place (3.50875ms)
✔ both supplier and AP directions require exact running-balance recurrences (4.3795ms)
✔ an explicit leading label can supply the baseline without invented zero opening (0.368125ms)
✔ no single recurrence or zero-only activity can establish direction (0.34ms)
✔ any later inconsistency cancels earlier proof, including zero movements with balance changes (0.708458ms)
✔ malformed or omitted movements cannot be skipped to recover a sign suggestion (0.648834ms)
✔ descending dates, negative split values and simultaneous debit/credit prevent proof (0.343958ms)
✔ only a unique explicit running-balance column qualifies (0.126959ms)
✔ native Excel numeric values are read independently of displayed locale (0.291709ms)
✔ currency precision and Arabic numeric notation use exact engine parsing (0.697ms)
✔ selected-cell issues, unsafe opening identities and formula-only metadata cancel proof (0.725041ms)
✔ repeated headers and structural footers preserve the full recurrence chain (0.904208ms)
✔ a late opening record or transaction named Total cannot reset or evade the chain (0.349042ms)
✔ an independently aligned closing footer must have exactly one matching amount beside its currency (8.136125ms)
✔ explicit English month names are calendar-checked independently of numeric date order (0.929875ms)
✔ currency-tagged debit/credit headers select transaction values and preserve signs (22.601084ms)
✔ a header currency mismatch or duplicate debit column is never guessed away (0.365334ms)
✔ styled PDF flows through strict normalization with exact source rows and amounts (159.079458ms)
✔ 3000 seeded bilingual generated reconciliations agree with independent brute-force oracle (3588.988166ms)
✔ 10000 decimal format/sign/Arabic digit cases preserve exact integer units (45.408875ms)
✔ 1000 quoted multilingual CSV roundtrips preserve commas, newlines and quotes (9.219125ms)
✔ 20000 repeated references remain unpaired and bounded in time (1230.208375ms)
✔ bilingual workbook export preserves source text, numbers and formula-looking content across all transaction sheets (87.095959ms)
✔ XML-incompatible control characters cannot silently change during CSV to Excel export (1.6765ms)
✔ 2000 prefix reference questions and model routing attacks never select existing shorter document (120.439417ms)
✔ 200 input permutations preserve economic matches and totals without relying on row position (419.66775ms)
✔ 5000-row XLSX import, reconciliation and export preserve every original numeric amount (7808.574959ms)
✔ invalid XML controls and unpaired surrogates are rejected while legitimate multilingual text survives (0.4265ms)
✔ malformed UTF-8 bytes cannot become replacement characters in imported references (0.816584ms)
✔ date-window boundaries hold across leap days, year changes and either source order (108.931584ms)
✔ supplier layout end-to-end oracle: csv/0/signed/dot/English (141.954416ms)
✔ supplier layout end-to-end oracle: csv/0/signed/dot/Arabic-reversed (75.535917ms)
✔ supplier layout end-to-end oracle: csv/0/signed/comma/English (86.365917ms)
✔ supplier layout end-to-end oracle: csv/0/signed/comma/Arabic-reversed (41.433708ms)
✔ supplier layout end-to-end oracle: csv/0/split/dot/English (77.324ms)
✔ supplier layout end-to-end oracle: csv/0/split/dot/Arabic-reversed (37.423083ms)
✔ supplier layout end-to-end oracle: csv/0/split/comma/English (137.881917ms)
✔ supplier layout end-to-end oracle: csv/0/split/comma/Arabic-reversed (84.967375ms)
✔ supplier layout end-to-end oracle: csv/2/signed/dot/English (82.436833ms)
✔ supplier layout end-to-end oracle: csv/2/signed/dot/Arabic-reversed (41.009792ms)
✔ supplier layout end-to-end oracle: csv/2/signed/comma/English (227.997042ms)
✔ supplier layout end-to-end oracle: csv/2/signed/comma/Arabic-reversed (37.081209ms)
✔ supplier layout end-to-end oracle: csv/2/split/dot/English (73.201125ms)
✔ supplier layout end-to-end oracle: csv/2/split/dot/Arabic-reversed (70.301833ms)
✔ supplier layout end-to-end oracle: csv/2/split/comma/English (62.265ms)
✔ supplier layout end-to-end oracle: csv/2/split/comma/Arabic-reversed (84.544208ms)
✔ supplier layout end-to-end oracle: csv/3/signed/dot/English (53.567709ms)
✔ supplier layout end-to-end oracle: csv/3/signed/dot/Arabic-reversed (38.778917ms)
✔ supplier layout end-to-end oracle: csv/3/signed/comma/English (49.0935ms)
✔ supplier layout end-to-end oracle: csv/3/signed/comma/Arabic-reversed (49.288084ms)
✔ supplier layout end-to-end oracle: csv/3/split/dot/English (47.739042ms)
✔ supplier layout end-to-end oracle: csv/3/split/dot/Arabic-reversed (42.26575ms)
✔ supplier layout end-to-end oracle: csv/3/split/comma/English (33.790458ms)
✔ supplier layout end-to-end oracle: csv/3/split/comma/Arabic-reversed (39.443375ms)
✔ supplier layout end-to-end oracle: xlsx/0/signed/dot/English (144.079209ms)
✔ supplier layout end-to-end oracle: xlsx/0/signed/dot/Arabic-reversed (129.340584ms)
✔ supplier layout end-to-end oracle: xlsx/0/signed/comma/English (95.532542ms)
✔ supplier layout end-to-end oracle: xlsx/0/signed/comma/Arabic-reversed (108.748459ms)
✔ supplier layout end-to-end oracle: xlsx/0/split/dot/English (93.740167ms)
✔ supplier layout end-to-end oracle: xlsx/0/split/dot/Arabic-reversed (87.033792ms)
✔ supplier layout end-to-end oracle: xlsx/0/split/comma/English (107.793ms)
✔ supplier layout end-to-end oracle: xlsx/0/split/comma/Arabic-reversed (85.293208ms)
✔ supplier layout end-to-end oracle: xlsx/2/signed/dot/English (103.388791ms)
✔ supplier layout end-to-end oracle: xlsx/2/signed/dot/Arabic-reversed (76.824792ms)
✔ supplier layout end-to-end oracle: xlsx/2/signed/comma/English (80.351917ms)
✔ supplier layout end-to-end oracle: xlsx/2/signed/comma/Arabic-reversed (83.779583ms)
✔ supplier layout end-to-end oracle: xlsx/2/split/dot/English (86.2465ms)
✔ supplier layout end-to-end oracle: xlsx/2/split/dot/Arabic-reversed (85.720125ms)
✔ supplier layout end-to-end oracle: xlsx/2/split/comma/English (90.536375ms)
✔ supplier layout end-to-end oracle: xlsx/2/split/comma/Arabic-reversed (73.344666ms)
✔ supplier layout end-to-end oracle: xlsx/3/signed/dot/English (82.038375ms)
✔ supplier layout end-to-end oracle: xlsx/3/signed/dot/Arabic-reversed (71.270875ms)
✔ supplier layout end-to-end oracle: xlsx/3/signed/comma/English (82.984084ms)
✔ supplier layout end-to-end oracle: xlsx/3/signed/comma/Arabic-reversed (86.305709ms)
✔ supplier layout end-to-end oracle: xlsx/3/split/dot/English (85.334875ms)
✔ supplier layout end-to-end oracle: xlsx/3/split/dot/Arabic-reversed (99.625875ms)
✔ supplier layout end-to-end oracle: xlsx/3/split/comma/English (82.229833ms)
✔ supplier layout end-to-end oracle: xlsx/3/split/comma/Arabic-reversed (74.927917ms)
✔ legacy templates lose source facts, sign conventions and format assumptions when migrated (27.251875ms)
✔ templates never recover financial values or proof even through forged v2 fields (8.589625ms)
✔ old-engine sessions cannot bypass reprocessing by carrying old approvals (7.827042ms)
✔ current sessions re-read originals and recompute; forged source and stale export cannot survive (82.7505ms)
✔ typed short literal CN-3: native rows require a successful exact 1:1 proof (47.906958ms)
✔ typed short literal C3: native rows require a successful exact 1:1 proof (6.361417ms)
✔ typed short literal I1: native rows require a successful exact 1:1 proof (2.063292ms)
✔ typed short literal ف١: native rows require a successful exact 1:1 proof (4.488625ms)
✔ typed short safety: missing type in supplier (2.563458ms)
✔ typed short safety: missing type in ledger (1.344833ms)
✔ typed short safety: issuer-specific type code is not a type (1.2545ms)
✔ typed short safety: description cannot supply type (1.390583ms)
✔ typed short safety: different explicit types (2.412541ms)
✔ typed short safety: payment is not a short document (1.914875ms)
✔ typed short safety: journal is not a short document (1.313667ms)
✔ typed short safety: credit note with positive sign (1.01625ms)
✔ typed short safety: invoice with negative sign (1.258167ms)
✔ typed short safety: zero cannot be approved (1.216833ms)
✔ typed short safety: numeric-only short identifier stays outside this rule (2.662209ms)
✔ typed short safety: letter-only identifier stays outside this rule (1.160042ms)
✔ typed short safety: date gap of one day is too much for a short identifier (1.071042ms)
✔ typed short safety: different amount (1.81425ms)
✔ typed short safety: normalization cannot grant literal equality (1.04125ms)
✔ typed short safety: case normalization cannot grant literal equality (1.048958ms)
✔ typed short safety: Unicode normalization cannot grant literal equality (0.954ms)
✔ typed short safety: conflicting order (1.876208ms)
✔ typed short safety: conflicting description (0.5545ms)
✔ typed short safety: generic chosen Reference is not an explicit document number (0.625792ms)
✔ typed short safety: voucher number is not an explicit document number (0.480292ms)
✔ typed short safety: repeated original short reference with a different amount (1.782541ms)
✔ typed short safety: invoice number on a credit note may identify the original invoice (1.362959ms)
✔ typed short safety: generic supplier reference is not a document number (1.185542ms)
✔ typed short safety: repeated normalized reference with different spelling (1.135334ms)
✔ typed short safety: manually excluded competitor (2.235875ms)
✔ typed short safety: unread competitor (1.756625ms)
✔ typed short safety: outside-period competitor still occupies the identity (2.638834ms)
✔ typed short safety: two short credit parts are not a certified group (1.253042ms)
✔ typed short safety: formula-like source text is never identity authority (8.407208ms)
✔ typed short safety: a conflicting selected reference is retained (1.601417ms)
✔ typed short safety: an unread row with no identity cannot be isolated (2.4785ms)
✔ typed short: an isolated unrelated bad amount does not disable a proven match (2.585ms)
✔ typed short: Arabic and English type/header labels name the same explicit source role (7.263542ms)
✔ typed short: Invoice No supplies number authority for an invoice only (1.376333ms)
✔ typed short: row order and a disjoint decoy do not change approved membership (9.370833ms)
✔ typed short: original membership survives a manual decision consuming the rival (4.804209ms)
✔ typed short: a rejected pair cannot be recreated by the new rule (1.398708ms)
✔ typed short: chat resolves complete C3, refuses C30 and never manufactures approval (12.752083ms)
✔ F02-E: actual OOXML files give all required matches and keep the equal-sum conflict unapproved (128.012792ms)
✔ Unknown credit role native xlsx: different-untyped-credit (310.61425ms)
✔ Unknown credit role native xlsx: same-untyped-credit (240.389709ms)
✔ Unknown credit role native xlsx: arabic-untyped-credit (129.352917ms)
✔ Unknown credit role native xlsx: chosen-generic-untyped-credit (204.45675ms)
✔ Unknown credit role native xlsx: blank-credit-ordinary-invoice (139.851583ms)
✔ Unknown credit role native csv: different-untyped-credit (60.332542ms)
✔ Unknown credit role native csv: same-untyped-credit (63.919959ms)
✔ Unknown credit role native csv: arabic-untyped-credit (89.1535ms)
✔ Unknown credit role native csv: chosen-generic-untyped-credit (40.945333ms)
✔ Unknown credit role native csv: blank-credit-ordinary-invoice (48.931292ms)
✔ Unknown credit cue cannot bypass review: hidden cell (1.0405ms)
✔ Unknown credit cue cannot bypass review: unsafe value (0.320459ms)
✔ Unknown credit cue cannot bypass review: duplicate header (0.276875ms)
✔ Unknown credit cue remains negative even if the chosen reference is its credit number (0.260708ms)
✔ Explicit native credit type verifies roles while removing the type never does (0.780625ms)
✔ A mixed file keeps proved invoice work alongside untyped credit warnings (0.365542ms)
✔ AI cannot erase retained native credit cues from canonical case members (0.455292ms)
✔ unmapped reference conflicts veto a document match while agreeing and absent references still match (70.793875ms)
✔ choosing Document No does not discard a conflicting explicit Reference column (1.773708ms)
✔ a secondary reference is retained with its source header and never supplies positive matching evidence (1.54925ms)
✔ ambiguous or unsafe unselected reference evidence cannot be silently ignored (6.505292ms)
✔ reference conflicts in one invoice-group member veto the whole group (3.223333ms)
✔ payment and journal identities remain independent of per-book reference columns (3.648958ms)
✔ reference evidence survives restore and verified export, and permits an explicit accountant decision (189.95675ms)
✔ visual drafts cannot normalize even with plausible fabricated accounting sheets and approval flags (5.917042ms)
✔ workpaper export rejects a visual draft before original reread or no-original fallback on either side (148.028042ms)
✔ session save rejects visual drafts instead of laundering their sheets through demoBytes (10.740583ms)
✔ session restore does not discard a visual-draft marker and treat accompanying CSV bytes as native (5.366ms)
✔ visual factory preserves literal bilingual observations and never creates financial interpretation or approval (2.863125ms)
✔ zero, perfect and unknown confidence remain unverified and are never converted to authority (2.439708ms)
✔ source hash is required and bound independently; document values never enter validation errors (0.337458ms)
✔ fixed OCR engine identity and bounded asset hash inventory reject unsafe or invented configuration (0.377208ms)
✔ every declared page is required in order and empty OCR pages remain visible unverified pages (0.40125ms)
✔ word hierarchy must be present: omitted blocks output cannot masquerade as a successfully read blank page (0.508ms)
✔ non-text words, invalid coordinates and accessors reject instead of being coerced (1.54275ms)
✔ only local bounded PNG previews with matching dimensions are accepted (0.535875ms)
✔ word and character limits apply across all pages, with a valid exact-limit draft retained (238.118375ms)
✔ stable IDs derive from page, word order and geometry; outputs share no mutable OCR objects (1.195459ms)
✔ PNG dimensions are bounded before any image decoder is called (0.982959ms)
✔ JPEG dimensions are read from SOF; oversized, truncated and disguised images reject (0.137667ms)
✔ PNG chunk lengths and all image byte counts are bounded (0.09725ms)
✔ fixed same-origin bootstrap and exact vendor protocol load both languages without fetching (21.932417ms)
✔ only blocks leave recognition; caller PNG bytes are neither detached nor overwritten (1.371125ms)
✔ foreign, credentialed, query/hash and non-HTTP asset bases never construct a worker (4.038333ms)
✔ abort before and during every startup stage terminates immediately without an initialization handle (1.616917ms)
✔ abort during worker construction still revokes and terminates the owned handle (0.34975ms)
✔ one startup deadline covers all stages even if the worker keeps emitting progress (15.403958ms)
✔ page deadline hard-terminates a hung recognition and future pages cannot reuse the worker (16.32375ms)
✔ abort or destroy during recognition settles the page and releases every listener and Blob (0.773833ms)
✔ concurrent recognition is rejected without changing the active page or its input (0.387834ms)
✔ unknown, stale and cross-action replies never resolve the active page (0.707ms)
✔ initialize failures are sanitized and late vendor resolve messages cannot resurrect the worker (0.327375ms)
✔ malformed recognition data, worker errors and decode errors are sanitized and release resources (0.551375ms)
✔ progress uses fixed status labels, rejects malformed status, and never exposes raw worker text (0.297375ms)
✔ invalid image input never reaches the worker and factory exceptions revoke the Blob (0.286416ms)
✔ visual PDF renderer: sequential complete pages provide exact geometry and await consumers before releasing canvases (8.845042ms)
✔ visual PDF renderer: source bytes are copied and resource/network fallbacks are disabled (0.780084ms)
✔ visual PDF renderer: missing fonts, missing resources and null decoded images never reach OCR (2.221792ms)
✔ visual PDF renderer: a swallowed render stream failure cannot deliver a plausible PNG (0.631667ms)
✔ visual PDF renderer: page, byte, pixel, edge and geometry limits reject before drawing (1.071666ms)
✔ visual PDF renderer: protected, layered and interactive sources require a flattened supported source (0.229916ms)
✔ visual PDF renderer: cancellation and PNG failure release resources without any handoff (0.554125ms)
✔ visual PDF renderer: later-page failure invalidates the document and consumer errors stop subsequent processing (0.6255ms)
✔ visual PDF renderer: rotated pages retain their actual viewport transform instead of rewriting coordinates (0.365375ms)
✔ typed PDF failure survives the worker without producing a partial source (2.800708ms)
✔ unvalidated or misplaced diagnosis remains a plain failure, never trusted metadata (0.327791ms)
✔ worker wire protocol ignores library messages and stale ids instead of resolving undefined (0.220625ms)
✔ empty error messages always reject, and the next import gets a clean worker (0.184542ms)
✔ missing value, malformed sheets, wrong source and wrong action cannot reach the UI (0.432166ms)
✔ abort, worker errors, message errors and timeout recover without poisoning subsequent requests (12.638917ms)
✔ readiness checks engine version and concurrent calls cannot steal another response (0.79275ms)
✔ worker dispatcher only accepts explicitly namespaced accounting requests (0.101709ms)
✔ verified PDF progress is bounded metadata and never resolves the source request (0.366667ms)
✔ progress cannot bypass final source validation or typed late-page failure (0.497375ms)
✔ malformed or misplaced current-request progress fails closed (0.585833ms)
✔ PDF progress rejects regressions, changed totals and premature or reversed stages (0.173709ms)
✔ library and stale progress are ignored; abort clears the sequence for the next worker (0.139166ms)
✔ PDF deadlines cover the request; progress never extends the fixed deadline (2.843958ms)
✔ longer deadlines apply only to PDF import or original-source session/export checks (0.161167ms)
✔ numeric XML must be a whole valid number, never a parseFloat prefix (178.12525ms)
✔ equivalent valid numeric spellings are retained exactly without locale guesses (173.201167ms)
✔ duplicate cells, duplicate rows and coordinate conflicts cannot overwrite source transactions (37.222416ms)
✔ precision lost by Number conversion becomes a cell issue, never an apparently exact financial amount (56.326417ms)
✔ precision observations use workbook relationships and only block selected cells (25.319875ms)
✔ rich text and hyperlink display text obey the same mapped-cell visibility rules as plain strings (198.971083ms)
✔ ordinary rich text, hyperlinks, currency and accounting formats retain exact source values (137.806083ms)
✔ seeded independent minor-unit oracle survives both Excel date epochs and all supported precisions (182.914792ms)
✔ repeated safe page headers do not make proven Excel formats ambiguous or invalid (19.164917ms)
✔ untrusted or hidden repeated headers cannot be used to prove input formats (54.355666ms)
✔ shared-string indices cannot be truncated into another source value (25.234292ms)
✔ implicit next-column addresses remain supported but cannot conceal a duplicate cell (21.558292ms)
✔ native ISO date cells retain their lexical dates and can never become year-sized amounts (45.611417ms)
✔ prefixed SpreadsheetML workbook, styles, shared strings, worksheets and relationship parts are accepted without changing values (142.223417ms)
✔ ordinary canonical workbook is passed through without repacking (20.25075ms)
✔ namespace conversion retains formulas and dangerous sign formats as review blockers (105.108459ms)
✔ foreign namespace lookalikes are rejected instead of stripped into accounting fields (48.63225ms)
✔ undeclared XML prefixes and DTDs fail explicitly without accepting incomplete worksheets (41.748083ms)
✔ namespaced and canonical Excel reads are independent in either order and after an invalid file (110.657375ms)
✔ 046 valid openpyxl ar: merged preamble, native dates, long/zero-prefixed references and hidden row retained once (81.709958ms)
✔ 046 valid openpyxl en: merged preamble, native dates, long/zero-prefixed references and hidden row retained once (34.140083ms)
✔ 046 valid xlsxwriter ar: merged preamble, native dates, long/zero-prefixed references and hidden row retained once (35.820209ms)
✔ 046 valid xlsxwriter en: merged preamble, native dates, long/zero-prefixed references and hidden row retained once (53.061833ms)
ℹ tests 1022
ℹ suites 0
ℹ pass 1022
ℹ fail 0
ℹ cancelled 0
ℹ skipped 0
ℹ todo 0
ℹ duration_ms 23366.98925
